▲ Next.js 16.1.6 (Turbopack)
- Local:         http://localhost:3001
- Network:       http://192.168.86.37:3001
- Environments: .env.local
- Experiments (use with caution):
  ⨯ turbopackFileSystemCacheForDev

✓ Starting...
✓ Ready in 1018ms
 GET / 200 in 2.2s (compile: 1910ms, proxy.ts: 134ms, render: 156ms)
 GET /api/verify-box3-optimization?year=2025 200 in 610ms (compile: 370ms, proxy.ts: 6ms, render: 233ms)
 GET /api/verify-box3-optimization?year=2026 404 in 504ms (compile: 440ms, proxy.ts: 9ms, render: 56ms)
 GET /api/verify-box3-optimization 404 in 38ms (compile: 7ms, proxy.ts: 7ms, render: 24ms)
 GET /api/health 200 in 377ms (compile: 201ms, proxy.ts: 4ms, render: 172ms)
 GET /api/verify-goal-progress-bar 200 in 1102ms (compile: 128ms, proxy.ts: 5ms, render: 969ms)
 GET /api/verify-box3-optimization 200 in 142ms (compile: 2ms, proxy.ts: 5ms, render: 135ms)
 GET /test-goal-progress-bar 200 in 379ms (compile: 332ms, proxy.ts: 6ms, render: 42ms)
 GET /test-goal-progress-bar 200 in 80ms (compile: 3ms, proxy.ts: 10ms, render: 67ms)
 GET /api/verify-goal-progress-bar 200 in 217ms (compile: 3ms, proxy.ts: 7ms, render: 207ms)
 GET /api/verify-box3 200 in 327ms (compile: 198ms, proxy.ts: 6ms, render: 123ms)
Terminated
