
> fin@0.2.0 dev
> next dev --port 3000

▲ Next.js 16.1.6 (Turbopack)
- Local:         http://localhost:3000
- Network:       http://192.168.86.37:3000
- Environments: .env.local
- Experiments (use with caution):
  ⨯ turbopackFileSystemCacheForDev

✓ Starting...
✓ Ready in 970ms
 GET /api/health 200 in 831ms (compile: 444ms, proxy.ts: 120ms, render: 267ms)
 GET /api/verify-concurrent-edit 200 in 238ms (compile: 221ms, proxy.ts: 6ms, render: 11ms)
 GET /test-freedom-card 200 in 1533ms (compile: 1320ms, proxy.ts: 6ms, render: 208ms)
 GET /login?expired=1 200 in 2.4s (compile: 2.2s, proxy.ts: 115ms, render: 110ms)
 GET /api/health 200 in 193ms (compile: 4ms, proxy.ts: 7ms, render: 182ms)
 GET /api/dev-login 200 in 149ms (compile: 141ms, proxy.ts: 5ms, render: 4ms)
 GET /test-freedom-card 200 in 41ms (compile: 4ms, proxy.ts: 6ms, render: 32ms)
 GET /test-onboarding-validation 200 in 443ms (compile: 393ms, proxy.ts: 4ms, render: 46ms)
 GET / 200 in 507ms (compile: 425ms, proxy.ts: 4ms, render: 78ms)
 GET /test-negative-validation 200 in 341ms (compile: 305ms, proxy.ts: 6ms, render: 31ms)
 GET /test-onboarding-validation 200 in 46ms (compile: 4ms, proxy.ts: 6ms, render: 36ms)
 GET /login?redirectTo=%2Fdashboard 200 in 64ms (compile: 6ms, proxy.ts: 5ms, render: 54ms)
 GET /test-negative-validation 200 in 66ms (compile: 5ms, proxy.ts: 5ms, render: 56ms)
 GET /test-concurrent-edit 200 in 429ms (compile: 366ms, proxy.ts: 5ms, render: 59ms)
 GET /api/verify-concurrent-edit 200 in 15ms (compile: 3ms, proxy.ts: 6ms, render: 5ms)
 GET /test-session-expiry 200 in 355ms (compile: 308ms, proxy.ts: 6ms, render: 41ms)
 GET /api/verify-session-expiry?test=component-exists 200 in 181ms (compile: 170ms, proxy.ts: 7ms, render: 4ms)
 GET /login?expired=1&redirectTo=%2Fdashboard 200 in 47ms (compile: 4ms, proxy.ts: 7ms, render: 35ms)
 GET /api/verify-session-expiry?test=api-401 200 in 13ms (compile: 3ms, proxy.ts: 6ms, render: 3ms)
 GET /api/verify-session-expiry?test=modal-elements 200 in 10ms (compile: 3ms, proxy.ts: 4ms, render: 3ms)
 GET /api/verify-session-expiry?test=layout-integration 200 in 12ms (compile: 4ms, proxy.ts: 3ms, render: 5ms)
 GET /api/verify-session-expiry?test=no-raw-errors 200 in 11ms (compile: 2ms, proxy.ts: 3ms, render: 6ms)
 GET /api/verify-session-expiry?test=redirect-preserved 200 in 8ms (compile: 1772µs, proxy.ts: 4ms, render: 3ms)
 GET /login?redirectTo=%2Fcore%2Fassets%2Fholdings 200 in 83ms (compile: 4ms, proxy.ts: 6ms, render: 72ms)
 GET /api/health 200 in 204ms (compile: 6ms, proxy.ts: 5ms, render: 193ms)
 GET /api/verify-schema 200 in 2.5s (compile: 87ms, proxy.ts: 5ms, render: 2.4s)
 GET /api/schema-check 200 in 6.3s (compile: 118ms, proxy.ts: 4ms, render: 6.2s)
 GET /api/test-schema-validation 200 in 107ms (compile: 100ms, proxy.ts: 4ms, render: 4ms)
 GET /api/health?persistence_test=RESTART_TEST_12345 200 in 392ms (compile: 2ms, proxy.ts: 3ms, render: 386ms)
 GET /api/health?persistence_test=RESTART_TEST_12345 200 in 482ms (compile: 4ms, proxy.ts: 4ms, render: 473ms)
 GET / 200 in 67ms (compile: 5ms, proxy.ts: 7ms, render: 54ms)
 GET /api/schema-check 200 in 7.9s (compile: 3ms, proxy.ts: 4ms, render: 7.9s)
 GET /login 200 in 41ms (compile: 3ms, proxy.ts: 7ms, render: 31ms)
 GET / 200 in 40ms (compile: 2ms, proxy.ts: 3ms, render: 35ms)
 GET / 200 in 46ms (compile: 3ms, proxy.ts: 3ms, render: 40ms)
 GET /api/schema-check 200 in 6.3s (compile: 3ms, proxy.ts: 4ms, render: 6.3s)
✓ Compiled in 146ms
 GET /api/health 200 in 343ms (compile: 49ms, proxy.ts: 58ms, render: 237ms)
 GET / 200 in 173ms (compile: 61ms, proxy.ts: 6ms, render: 106ms)
 GET /test-file-size-limit 200 in 349ms (compile: 298ms, proxy.ts: 5ms, render: 46ms)
 GET /api/health 200 in 180ms (compile: 2ms, proxy.ts: 5ms, render: 173ms)
 GET /test-file-size-limit 200 in 55ms (compile: 6ms, proxy.ts: 8ms, render: 41ms)
⚠ Cross origin request detected from 127.0.0.1 to /_next/* resource. In a future major version of Next.js, you will need to explicitly configure "allowedDevOrigins" in next.config to allow this.
Read more: https://nextjs.org/docs/app/api-reference/config/next-config-js/allowedDevOrigins
 GET / 200 in 61ms (compile: 5ms, proxy.ts: 6ms, render: 50ms)
 GET /test-file-size-limit 200 in 307ms (compile: 86ms, proxy.ts: 77ms, render: 143ms)
 GET / 200 in 353ms (compile: 52ms, proxy.ts: 76ms, render: 225ms)
 GET /test-file-size-limit 200 in 167ms (compile: 35ms, proxy.ts: 30ms, render: 102ms)
 GET / 200 in 182ms (compile: 14ms, proxy.ts: 25ms, render: 143ms)
 GET /test-file-size-limit 200 in 136ms (compile: 29ms, proxy.ts: 14ms, render: 93ms)
 GET / 200 in 147ms (compile: 11ms, proxy.ts: 13ms, render: 123ms)
 GET /test-file-size-limit 200 in 131ms (compile: 28ms, proxy.ts: 11ms, render: 91ms)
 GET / 200 in 139ms (compile: 10ms, proxy.ts: 10ms, render: 119ms)
 GET /test-file-size-limit 200 in 73ms (compile: 25ms, proxy.ts: 9ms, render: 39ms)
 GET / 200 in 75ms (compile: 10ms, proxy.ts: 8ms, render: 57ms)
 GET /test-file-size-limit 200 in 244ms (compile: 160ms, proxy.ts: 11ms, render: 74ms)
 GET / 200 in 254ms (compile: 144ms, proxy.ts: 12ms, render: 98ms)
 GET /test-file-size-limit 200 in 106ms (compile: 22ms, proxy.ts: 7ms, render: 77ms)
 GET / 200 in 118ms (compile: 7ms, proxy.ts: 7ms, render: 104ms)
 GET /test-file-size-limit 200 in 116ms (compile: 25ms, proxy.ts: 8ms, render: 82ms)
 GET / 200 in 123ms (compile: 10ms, proxy.ts: 8ms, render: 106ms)
 GET /test-file-size-limit 200 in 111ms (compile: 24ms, proxy.ts: 10ms, render: 77ms)
 GET / 200 in 117ms (compile: 10ms, proxy.ts: 9ms, render: 97ms)
 GET /test-file-size-limit 200 in 107ms (compile: 20ms, proxy.ts: 9ms, render: 78ms)
 GET / 200 in 114ms (compile: 6ms, proxy.ts: 10ms, render: 98ms)
 GET /test-file-size-limit 200 in 102ms (compile: 20ms, proxy.ts: 7ms, render: 74ms)
 GET / 200 in 108ms (compile: 6ms, proxy.ts: 7ms, render: 96ms)
 GET /test-file-size-limit 200 in 102ms (compile: 21ms, proxy.ts: 9ms, render: 72ms)
 GET / 200 in 111ms (compile: 9ms, proxy.ts: 9ms, render: 93ms)
 GET /test-file-size-limit 200 in 109ms (compile: 21ms, proxy.ts: 10ms, render: 78ms)
 GET / 200 in 132ms (compile: 7ms, proxy.ts: 10ms, render: 115ms)
 GET /test-file-size-limit 200 in 115ms (compile: 22ms, proxy.ts: 10ms, render: 82ms)
 GET / 200 in 143ms (compile: 7ms, proxy.ts: 10ms, render: 126ms)
 GET /test-file-size-limit 200 in 110ms (compile: 21ms, proxy.ts: 9ms, render: 80ms)
 GET / 200 in 127ms (compile: 6ms, proxy.ts: 14ms, render: 107ms)
 GET /test-file-size-limit 200 in 112ms (compile: 27ms, proxy.ts: 11ms, render: 74ms)
 GET / 200 in 122ms (compile: 12ms, proxy.ts: 8ms, render: 102ms)
 GET /test-file-size-limit 200 in 116ms (compile: 22ms, proxy.ts: 11ms, render: 83ms)
 GET / 200 in 122ms (compile: 10ms, proxy.ts: 7ms, render: 105ms)
 GET /test-file-size-limit 200 in 112ms (compile: 27ms, proxy.ts: 12ms, render: 73ms)
 GET / 200 in 120ms (compile: 12ms, proxy.ts: 11ms, render: 98ms)
 GET /test-file-size-limit 200 in 99ms (compile: 20ms, proxy.ts: 6ms, render: 72ms)
 GET / 200 in 106ms (compile: 7ms, proxy.ts: 7ms, render: 92ms)
 GET /test-file-size-limit 200 in 103ms (compile: 24ms, proxy.ts: 11ms, render: 68ms)
 GET / 200 in 124ms (compile: 11ms, proxy.ts: 10ms, render: 103ms)
 GET /test-file-size-limit 200 in 98ms (compile: 21ms, proxy.ts: 8ms, render: 69ms)
 GET / 200 in 107ms (compile: 7ms, proxy.ts: 9ms, render: 91ms)
 GET /test-file-size-limit 200 in 98ms (compile: 18ms, proxy.ts: 9ms, render: 71ms)
 GET / 200 in 107ms (compile: 5ms, proxy.ts: 9ms, render: 94ms)
 GET /test-file-size-limit 200 in 99ms (compile: 20ms, proxy.ts: 9ms, render: 70ms)
 GET / 200 in 105ms (compile: 6ms, proxy.ts: 8ms, render: 92ms)
 GET /test-file-size-limit 200 in 98ms (compile: 22ms, proxy.ts: 10ms, render: 67ms)
 GET / 200 in 103ms (compile: 8ms, proxy.ts: 8ms, render: 86ms)
 GET /test-file-size-limit 200 in 107ms (compile: 24ms, proxy.ts: 9ms, render: 75ms)
 GET / 200 in 113ms (compile: 10ms, proxy.ts: 6ms, render: 97ms)
 GET /test-file-size-limit 200 in 108ms (compile: 30ms, proxy.ts: 8ms, render: 69ms)
 GET / 200 in 111ms (compile: 6ms, proxy.ts: 7ms, render: 98ms)
 GET /test-file-size-limit 200 in 99ms (compile: 20ms, proxy.ts: 10ms, render: 69ms)
 GET / 200 in 121ms (compile: 9ms, proxy.ts: 23ms, render: 88ms)
 GET /test-file-size-limit 200 in 100ms (compile: 24ms, proxy.ts: 9ms, render: 67ms)
 GET / 200 in 120ms (compile: 9ms, proxy.ts: 21ms, render: 90ms)
 GET / 200 in 120ms (compile: 6ms, proxy.ts: 20ms, render: 94ms)
 GET /test-file-size-limit 200 in 103ms (compile: 6ms, proxy.ts: 28ms, render: 69ms)
 GET / 200 in 123ms (compile: 5ms, proxy.ts: 20ms, render: 98ms)
 GET /test-file-size-limit 200 in 104ms (compile: 10ms, proxy.ts: 22ms, render: 73ms)
 GET / 200 in 127ms (compile: 6ms, proxy.ts: 26ms, render: 95ms)
 GET /test-file-size-limit 200 in 103ms (compile: 5ms, proxy.ts: 28ms, render: 69ms)
 GET / 200 in 118ms (compile: 6ms, proxy.ts: 20ms, render: 92ms)
 GET /test-file-size-limit 200 in 99ms (compile: 7ms, proxy.ts: 23ms, render: 69ms)
 GET / 200 in 126ms (compile: 7ms, proxy.ts: 22ms, render: 98ms)
 GET /test-file-size-limit 200 in 106ms (compile: 8ms, proxy.ts: 22ms, render: 77ms)
 GET / 200 in 126ms (compile: 6ms, proxy.ts: 23ms, render: 96ms)
 GET /test-file-size-limit 200 in 103ms (compile: 6ms, proxy.ts: 22ms, render: 74ms)
 GET / 200 in 126ms (compile: 8ms, proxy.ts: 31ms, render: 88ms)
 GET /test-file-size-limit 200 in 96ms (compile: 7ms, proxy.ts: 21ms, render: 68ms)
 GET / 200 in 114ms (compile: 6ms, proxy.ts: 21ms, render: 87ms)
 GET /test-file-size-limit 200 in 114ms (compile: 8ms, proxy.ts: 23ms, render: 84ms)
 GET / 200 in 119ms (compile: 8ms, proxy.ts: 22ms, render: 89ms)
 GET /test-file-size-limit 200 in 97ms (compile: 5ms, proxy.ts: 22ms, render: 71ms)
 GET / 200 in 122ms (compile: 7ms, proxy.ts: 21ms, render: 94ms)
 GET /test-file-size-limit 200 in 122ms (compile: 5ms, proxy.ts: 25ms, render: 93ms)
 GET / 200 in 129ms (compile: 11ms, proxy.ts: 21ms, render: 97ms)
 GET /test-file-size-limit 200 in 108ms (compile: 5ms, proxy.ts: 29ms, render: 75ms)
 GET /test-file-size-limit 200 in 106ms (compile: 5ms, proxy.ts: 24ms, render: 77ms)
 GET / 200 in 131ms (compile: 9ms, proxy.ts: 21ms, render: 101ms)
 GET / 200 in 141ms (compile: 10ms, proxy.ts: 23ms, render: 108ms)
 GET /test-file-size-limit 200 in 122ms (compile: 6ms, proxy.ts: 28ms, render: 88ms)
 GET / 200 in 145ms (compile: 8ms, proxy.ts: 23ms, render: 114ms)
 GET /test-file-size-limit 200 in 122ms (compile: 17ms, proxy.ts: 24ms, render: 82ms)
 GET /test-file-size-limit 200 in 116ms (compile: 24ms, proxy.ts: 10ms, render: 82ms)
 GET / 200 in 168ms (compile: 12ms, proxy.ts: 28ms, render: 128ms)
 GET / 200 in 145ms (compile: 10ms, proxy.ts: 25ms, render: 111ms)
 GET /test-file-size-limit 200 in 126ms (compile: 27ms, proxy.ts: 12ms, render: 86ms)
 GET / 200 in 144ms (compile: 10ms, proxy.ts: 26ms, render: 109ms)
 GET /test-file-size-limit 200 in 121ms (compile: 7ms, proxy.ts: 30ms, render: 84ms)
 GET / 200 in 140ms (compile: 9ms, proxy.ts: 27ms, render: 105ms)
 GET /test-file-size-limit 200 in 118ms (compile: 9ms, proxy.ts: 26ms, render: 83ms)
 GET / 200 in 140ms (compile: 9ms, proxy.ts: 28ms, render: 102ms)
 GET /test-file-size-limit 200 in 113ms (compile: 7ms, proxy.ts: 27ms, render: 79ms)
 GET / 200 in 146ms (compile: 12ms, proxy.ts: 25ms, render: 109ms)
 GET /test-file-size-limit 200 in 149ms (compile: 7ms, proxy.ts: 29ms, render: 114ms)
 GET / 200 in 233ms (compile: 6ms, proxy.ts: 24ms, render: 202ms)
 GET /test-file-size-limit 200 in 229ms (compile: 6ms, proxy.ts: 24ms, render: 200ms)
 GET / 200 in 244ms (compile: 20ms, proxy.ts: 27ms, render: 197ms)
 GET /test-file-size-limit 200 in 230ms (compile: 11ms, proxy.ts: 36ms, render: 183ms)
 GET / 200 in 222ms (compile: 83ms, proxy.ts: 29ms, render: 109ms)
 GET /test-file-size-limit 200 in 130ms (compile: 8ms, proxy.ts: 45ms, render: 76ms)
 GET / 200 in 133ms (compile: 9ms, proxy.ts: 24ms, render: 100ms)
 GET /api/health 200 in 286ms (compile: 82ms, proxy.ts: 13ms, render: 191ms)
 GET /test-file-size-limit 200 in 137ms (compile: 7ms, proxy.ts: 28ms, render: 103ms)
 GET / 200 in 145ms (compile: 8ms, proxy.ts: 22ms, render: 116ms)
 GET /test-file-size-limit 200 in 145ms (compile: 7ms, proxy.ts: 25ms, render: 112ms)
 GET / 200 in 153ms (compile: 14ms, proxy.ts: 24ms, render: 115ms)
 GET /test-file-size-limit 200 in 130ms (compile: 9ms, proxy.ts: 37ms, render: 84ms)
 GET / 200 in 147ms (compile: 9ms, proxy.ts: 29ms, render: 109ms)
 GET /test-file-size-limit 200 in 119ms (compile: 7ms, proxy.ts: 29ms, render: 83ms)
 GET / 200 in 135ms (compile: 9ms, proxy.ts: 23ms, render: 103ms)
 GET /test-file-size-limit 200 in 113ms (compile: 17ms, proxy.ts: 25ms, render: 72ms)
 GET / 200 in 124ms (compile: 7ms, proxy.ts: 24ms, render: 93ms)
 GET /test-file-size-limit 200 in 103ms (compile: 7ms, proxy.ts: 24ms, render: 71ms)
 GET / 200 in 125ms (compile: 7ms, proxy.ts: 23ms, render: 95ms)
 GET /test-file-size-limit 200 in 102ms (compile: 7ms, proxy.ts: 23ms, render: 72ms)
 GET / 200 in 145ms (compile: 10ms, proxy.ts: 23ms, render: 112ms)
 GET /test-file-size-limit 200 in 120ms (compile: 10ms, proxy.ts: 23ms, render: 88ms)
 GET / 200 in 140ms (compile: 6ms, proxy.ts: 21ms, render: 114ms)
 GET /test-file-size-limit 200 in 122ms (compile: 9ms, proxy.ts: 24ms, render: 88ms)
 GET / 200 in 144ms (compile: 25ms, proxy.ts: 25ms, render: 94ms)
 GET /test-file-size-limit 200 in 104ms (compile: 8ms, proxy.ts: 22ms, render: 75ms)
 GET /test-file-size-limit 200 in 111ms (compile: 25ms, proxy.ts: 7ms, render: 80ms)
 GET / 200 in 138ms (compile: 10ms, proxy.ts: 26ms, render: 102ms)
 GET / 200 in 125ms (compile: 5ms, proxy.ts: 25ms, render: 96ms)
 GET /test-file-size-limit 200 in 104ms (compile: 8ms, proxy.ts: 25ms, render: 71ms)
 GET / 200 in 119ms (compile: 7ms, proxy.ts: 30ms, render: 82ms)
 GET /test-file-size-limit 200 in 93ms (compile: 5ms, proxy.ts: 22ms, render: 66ms)
 GET /test-file-size-limit 200 in 99ms (compile: 21ms, proxy.ts: 6ms, render: 71ms)
 GET / 200 in 120ms (compile: 9ms, proxy.ts: 19ms, render: 91ms)
 GET /test-file-size-limit 200 in 102ms (compile: 22ms, proxy.ts: 8ms, render: 72ms)
 GET / 200 in 123ms (compile: 6ms, proxy.ts: 23ms, render: 94ms)
 GET /test-file-size-limit 200 in 99ms (compile: 23ms, proxy.ts: 9ms, render: 68ms)
 GET / 200 in 125ms (compile: 8ms, proxy.ts: 26ms, render: 92ms)
 GET /test-file-size-limit 200 in 99ms (compile: 21ms, proxy.ts: 9ms, render: 69ms)
 GET / 200 in 124ms (compile: 7ms, proxy.ts: 24ms, render: 94ms)
 GET / 200 in 118ms (compile: 7ms, proxy.ts: 24ms, render: 86ms)
 GET /test-file-size-limit 200 in 101ms (compile: 6ms, proxy.ts: 27ms, render: 68ms)
 GET / 200 in 126ms (compile: 9ms, proxy.ts: 21ms, render: 96ms)
 GET /test-file-size-limit 200 in 104ms (compile: 5ms, proxy.ts: 22ms, render: 77ms)
 GET / 200 in 144ms (compile: 10ms, proxy.ts: 20ms, render: 115ms)
 GET /test-file-size-limit 200 in 127ms (compile: 13ms, proxy.ts: 25ms, render: 89ms)
 GET / 200 in 127ms (compile: 9ms, proxy.ts: 26ms, render: 92ms)
 GET /test-file-size-limit 200 in 121ms (compile: 6ms, proxy.ts: 27ms, render: 88ms)
 GET / 200 in 120ms (compile: 6ms, proxy.ts: 20ms, render: 94ms)
 GET /test-file-size-limit 200 in 100ms (compile: 4ms, proxy.ts: 25ms, render: 71ms)
 GET / 200 in 119ms (compile: 9ms, proxy.ts: 22ms, render: 88ms)
 GET /test-file-size-limit 200 in 98ms (compile: 4ms, proxy.ts: 27ms, render: 67ms)
 GET / 200 in 115ms (compile: 7ms, proxy.ts: 22ms, render: 86ms)
 GET /test-file-size-limit 200 in 97ms (compile: 5ms, proxy.ts: 25ms, render: 67ms)
 GET / 200 in 118ms (compile: 7ms, proxy.ts: 19ms, render: 92ms)
 GET /test-file-size-limit 200 in 98ms (compile: 7ms, proxy.ts: 22ms, render: 69ms)
 GET / 200 in 126ms (compile: 8ms, proxy.ts: 22ms, render: 96ms)
 GET /test-file-size-limit 200 in 120ms (compile: 6ms, proxy.ts: 23ms, render: 91ms)
 GET / 200 in 129ms (compile: 7ms, proxy.ts: 21ms, render: 101ms)
 GET /test-file-size-limit 200 in 109ms (compile: 6ms, proxy.ts: 26ms, render: 77ms)
 GET / 200 in 126ms (compile: 8ms, proxy.ts: 25ms, render: 93ms)
 GET /test-file-size-limit 200 in 102ms (compile: 5ms, proxy.ts: 31ms, render: 66ms)
 GET / 200 in 118ms (compile: 7ms, proxy.ts: 19ms, render: 92ms)
 GET /test-file-size-limit 200 in 99ms (compile: 6ms, proxy.ts: 22ms, render: 71ms)
 GET / 200 in 128ms (compile: 9ms, proxy.ts: 21ms, render: 97ms)
 GET /test-file-size-limit 200 in 105ms (compile: 8ms, proxy.ts: 24ms, render: 73ms)
 GET / 200 in 127ms (compile: 7ms, proxy.ts: 23ms, render: 98ms)
 GET /test-file-size-limit 200 in 106ms (compile: 8ms, proxy.ts: 23ms, render: 74ms)
 GET / 200 in 127ms (compile: 8ms, proxy.ts: 27ms, render: 93ms)
 GET /test-file-size-limit 200 in 102ms (compile: 8ms, proxy.ts: 24ms, render: 70ms)
 GET / 200 in 120ms (compile: 6ms, proxy.ts: 22ms, render: 92ms)
 GET /test-file-size-limit 200 in 115ms (compile: 7ms, proxy.ts: 23ms, render: 85ms)
 GET / 200 in 115ms (compile: 8ms, proxy.ts: 23ms, render: 85ms)
 GET /test-file-size-limit 200 in 121ms (compile: 7ms, proxy.ts: 24ms, render: 90ms)
 GET / 200 in 128ms (compile: 8ms, proxy.ts: 22ms, render: 98ms)
 GET /test-file-size-limit 200 in 124ms (compile: 8ms, proxy.ts: 20ms, render: 96ms)
 GET / 200 in 137ms (compile: 31ms, proxy.ts: 4ms, render: 101ms)
 GET /test-file-size-limit 200 in 129ms (compile: 8ms, proxy.ts: 24ms, render: 97ms)
 GET / 200 in 132ms (compile: 21ms, proxy.ts: 9ms, render: 102ms)
 GET /test-file-size-limit 200 in 110ms (compile: 6ms, proxy.ts: 14ms, render: 90ms)
 GET / 200 in 126ms (compile: 24ms, proxy.ts: 12ms, render: 89ms)
 GET /test-file-size-limit 200 in 95ms (compile: 7ms, proxy.ts: 8ms, render: 80ms)
 GET / 200 in 123ms (compile: 23ms, proxy.ts: 7ms, render: 93ms)
 GET /test-file-size-limit 200 in 104ms (compile: 4ms, proxy.ts: 10ms, render: 90ms)
 GET / 200 in 107ms (compile: 19ms, proxy.ts: 7ms, render: 80ms)
 GET /test-file-size-limit 200 in 102ms (compile: 8ms, proxy.ts: 10ms, render: 84ms)
 GET / 200 in 126ms (compile: 25ms, proxy.ts: 11ms, render: 91ms)
 GET /test-file-size-limit 200 in 97ms (compile: 6ms, proxy.ts: 9ms, render: 82ms)
 GET / 200 in 141ms (compile: 21ms, proxy.ts: 6ms, render: 115ms)
 GET /test-file-size-limit 200 in 104ms (compile: 5ms, proxy.ts: 10ms, render: 89ms)
 GET / 200 in 126ms (compile: 20ms, proxy.ts: 9ms, render: 97ms)
 GET /test-file-size-limit 200 in 129ms (compile: 16ms, proxy.ts: 22ms, render: 91ms)
 GET / 200 in 122ms (compile: 27ms, proxy.ts: 9ms, render: 86ms)
 GET /test-file-size-limit 200 in 114ms (compile: 5ms, proxy.ts: 10ms, render: 99ms)
 GET / 200 in 118ms (compile: 20ms, proxy.ts: 8ms, render: 90ms)
 GET /test-file-size-limit 200 in 109ms (compile: 10ms, proxy.ts: 9ms, render: 91ms)
 GET / 200 in 112ms (compile: 26ms, proxy.ts: 8ms, render: 78ms)
 GET /test-file-size-limit 200 in 104ms (compile: 8ms, proxy.ts: 7ms, render: 89ms)
 GET / 200 in 122ms (compile: 22ms, proxy.ts: 8ms, render: 92ms)
 GET /test-file-size-limit 200 in 103ms (compile: 7ms, proxy.ts: 8ms, render: 88ms)
 GET / 200 in 137ms (compile: 20ms, proxy.ts: 8ms, render: 109ms)
 GET /test-file-size-limit 200 in 100ms (compile: 6ms, proxy.ts: 8ms, render: 85ms)
 GET / 200 in 139ms (compile: 19ms, proxy.ts: 9ms, render: 110ms)
 GET /test-file-size-limit 200 in 111ms (compile: 7ms, proxy.ts: 8ms, render: 96ms)
 GET / 200 in 120ms (compile: 19ms, proxy.ts: 10ms, render: 92ms)
 GET /test-file-size-limit 200 in 119ms (compile: 5ms, proxy.ts: 11ms, render: 103ms)
 GET / 200 in 136ms (compile: 19ms, proxy.ts: 11ms, render: 106ms)
 GET /test-file-size-limit 200 in 101ms (compile: 12ms, proxy.ts: 8ms, render: 81ms)
 GET / 200 in 102ms (compile: 25ms, proxy.ts: 9ms, render: 68ms)
○ Compiling /_not-found/page ...
 GET /api/verify-dashboard-kpis 200 in 670ms (compile: 159ms, proxy.ts: 48ms, render: 463ms)
⨯ Error: ENOENT: no such file or directory, open 'C:\Users\janpa\cd\development\fin\.next\dev\server\app\api\schema-check\[__metadata_id__]\route\app-paths-manifest.json'
    at ignore-listed frames {
  errno: -4058,
  code: 'ENOENT',
  syscall: 'open',
  path: 'C:\\Users\\janpa\\cd\\development\\fin\\.next\\dev\\server\\app\\api\\schema-check\\[__metadata_id__]\\route\\app-paths-manifest.json'
}
⨯ Error: ENOENT: no such file or directory, open 'C:\Users\janpa\cd\development\fin\.next\dev\static\development\_buildManifest.js.tmp.ielmfhb61jq'
    at ignore-listed frames {
  errno: -4058,
  code: 'ENOENT',
  syscall: 'open',
  path: 'C:\\Users\\janpa\\cd\\development\\fin\\.next\\dev\\static\\development\\_buildManifest.js.tmp.ielmfhb61jq'
}
Error: ENOENT: no such file or directory, open 'C:\Users\janpa\cd\development\fin\.next\dev\server\app\api\schema-check\[__metadata_id__]\route\app-paths-manifest.json'
    at ignore-listed frames {
  errno: -4058,
  code: 'ENOENT',
  syscall: 'open',
  path: 'C:\\Users\\janpa\\cd\\development\\fin\\.next\\dev\\server\\app\\api\\schema-check\\[__metadata_id__]\\route\\app-paths-manifest.json'
}
⨯ Error: Cannot find module '../chunks/ssr/[turbopack]_runtime.js'
Require stack:
- C:\Users\janpa\cd\development\fin\.next\dev\server\pages\_document.js
- C:\Users\janpa\cd\development\fin\node_modules\next\dist\server\require.js
- C:\Users\janpa\cd\development\fin\node_modules\next\dist\server\load-components.js
- C:\Users\janpa\cd\development\fin\node_modules\next\dist\build\utils.js
- C:\Users\janpa\cd\development\fin\node_modules\next\dist\build\swc\options.js
- C:\Users\janpa\cd\development\fin\node_modules\next\dist\build\swc\index.js
- C:\Users\janpa\cd\development\fin\node_modules\next\dist\build\next-config-ts\transpile-config.js
- C:\Users\janpa\cd\development\fin\node_modules\next\dist\server\config.js
- C:\Users\janpa\cd\development\fin\node_modules\next\dist\server\next.js
- C:\Users\janpa\cd\development\fin\node_modules\next\dist\server\lib\start-server.js
    at Object.<anonymous> (C:\Users\janpa\cd\development\fin\.next\dev\server\pages\_document.js:1:7) {
  code: 'MODULE_NOT_FOUND',
  requireStack: [Array]
}
Error: ENOENT: no such file or directory, open 'C:\Users\janpa\cd\development\fin\.next\dev\routes-manifest.json'
    at ignore-listed frames {
  errno: -4058,
  code: 'ENOENT',
  syscall: 'open',
  path: 'C:\\Users\\janpa\\cd\\development\\fin\\.next\\dev\\routes-manifest.json'
}
 GET /api/schema-check 500 in 926ms (compile: 904ms, proxy.ts: 6ms, render: 16ms)
 GET /api/schema-check 500 in 926ms (compile: 904ms, proxy.ts: 6ms, render: 16ms)
⨯ Error: ENOENT: no such file or directory, open 'C:\Users\janpa\cd\development\fin\.next\dev\server\app\api\schema-check\[__metadata_id__]\route\app-paths-manifest.json'
    at ignore-listed frames {
  errno: -4058,
  code: 'ENOENT',
  syscall: 'open',
  path: 'C:\\Users\\janpa\\cd\\development\\fin\\.next\\dev\\server\\app\\api\\schema-check\\[__metadata_id__]\\route\\app-paths-manifest.json'
}
⨯ Error: Cannot find module '../chunks/ssr/[turbopack]_runtime.js'
Require stack:
- C:\Users\janpa\cd\development\fin\.next\dev\server\pages\_document.js
- C:\Users\janpa\cd\development\fin\node_modules\next\dist\server\require.js
- C:\Users\janpa\cd\development\fin\node_modules\next\dist\server\load-components.js
- C:\Users\janpa\cd\development\fin\node_modules\next\dist\build\utils.js
- C:\Users\janpa\cd\development\fin\node_modules\next\dist\build\swc\options.js
- C:\Users\janpa\cd\development\fin\node_modules\next\dist\build\swc\index.js
- C:\Users\janpa\cd\development\fin\node_modules\next\dist\build\next-config-ts\transpile-config.js
- C:\Users\janpa\cd\development\fin\node_modules\next\dist\server\config.js
- C:\Users\janpa\cd\development\fin\node_modules\next\dist\server\next.js
- C:\Users\janpa\cd\development\fin\node_modules\next\dist\server\lib\start-server.js
    at Object.<anonymous> (C:\Users\janpa\cd\development\fin\.next\dev\server\pages\_document.js:1:7) {
  code: 'MODULE_NOT_FOUND',
  requireStack: [Array]
}
Error: ENOENT: no such file or directory, open 'C:\Users\janpa\cd\development\fin\.next\dev\server\app\api\schema-check\[__metadata_id__]\route\app-paths-manifest.json'
    at ignore-listed frames {
  errno: -4058,
  code: 'ENOENT',
  syscall: 'open',
  path: 'C:\\Users\\janpa\\cd\\development\\fin\\.next\\dev\\server\\app\\api\\schema-check\\[__metadata_id__]\\route\\app-paths-manifest.json'
}
⨯ Error: Cannot find module '../chunks/ssr/[turbopack]_runtime.js'
Require stack:
- C:\Users\janpa\cd\development\fin\.next\dev\server\pages\_document.js
- C:\Users\janpa\cd\development\fin\node_modules\next\dist\server\require.js
- C:\Users\janpa\cd\development\fin\node_modules\next\dist\server\load-components.js
- C:\Users\janpa\cd\development\fin\node_modules\next\dist\build\utils.js
- C:\Users\janpa\cd\development\fin\node_modules\next\dist\build\swc\options.js
- C:\Users\janpa\cd\development\fin\node_modules\next\dist\build\swc\index.js
- C:\Users\janpa\cd\development\fin\node_modules\next\dist\build\next-config-ts\transpile-config.js
- C:\Users\janpa\cd\development\fin\node_modules\next\dist\server\config.js
- C:\Users\janpa\cd\development\fin\node_modules\next\dist\server\next.js
- C:\Users\janpa\cd\development\fin\node_modules\next\dist\server\lib\start-server.js
    at Object.<anonymous> (C:\Users\janpa\cd\development\fin\.next\dev\server\pages\_document.js:1:7) {
  code: 'MODULE_NOT_FOUND',
  requireStack: [Array]
}
Error: ENOENT: no such file or directory, open 'C:\Users\janpa\cd\development\fin\.next\dev\routes-manifest.json'
    at ignore-listed frames {
  errno: -4058,
  code: 'ENOENT',
  syscall: 'open',
  path: 'C:\\Users\\janpa\\cd\\development\\fin\\.next\\dev\\routes-manifest.json'
}
 GET /api/schema-check 500 in 130ms (compile: 112ms, proxy.ts: 5ms, render: 13ms)
 GET /api/schema-check 500 in 130ms (compile: 112ms, proxy.ts: 5ms, render: 13ms)
⨯ Error: ENOENT: no such file or directory, open 'C:\Users\janpa\cd\development\fin\.next\dev\server\app\api\verify-schema\[__metadata_id__]\route\app-paths-manifest.json'
    at ignore-listed frames {
  errno: -4058,
  code: 'ENOENT',
  syscall: 'open',
  path: 'C:\\Users\\janpa\\cd\\development\\fin\\.next\\dev\\server\\app\\api\\verify-schema\\[__metadata_id__]\\route\\app-paths-manifest.json'
}
⨯ Error: Cannot find module '../chunks/ssr/[turbopack]_runtime.js'
Require stack:
- C:\Users\janpa\cd\development\fin\.next\dev\server\pages\_document.js
- C:\Users\janpa\cd\development\fin\node_modules\next\dist\server\require.js
- C:\Users\janpa\cd\development\fin\node_modules\next\dist\server\load-components.js
- C:\Users\janpa\cd\development\fin\node_modules\next\dist\build\utils.js
- C:\Users\janpa\cd\development\fin\node_modules\next\dist\build\swc\options.js
- C:\Users\janpa\cd\development\fin\node_modules\next\dist\build\swc\index.js
- C:\Users\janpa\cd\development\fin\node_modules\next\dist\build\next-config-ts\transpile-config.js
- C:\Users\janpa\cd\development\fin\node_modules\next\dist\server\config.js
- C:\Users\janpa\cd\development\fin\node_modules\next\dist\server\next.js
- C:\Users\janpa\cd\development\fin\node_modules\next\dist\server\lib\start-server.js
    at Object.<anonymous> (C:\Users\janpa\cd\development\fin\.next\dev\server\pages\_document.js:1:7) {
  code: 'MODULE_NOT_FOUND',
  requireStack: [Array]
}
Error: ENOENT: no such file or directory, open 'C:\Users\janpa\cd\development\fin\.next\dev\server\app\api\verify-schema\[__metadata_id__]\route\app-paths-manifest.json'
    at ignore-listed frames {
  errno: -4058,
  code: 'ENOENT',
  syscall: 'open',
  path: 'C:\\Users\\janpa\\cd\\development\\fin\\.next\\dev\\server\\app\\api\\verify-schema\\[__metadata_id__]\\route\\app-paths-manifest.json'
}
⨯ Error: Cannot find module '../chunks/ssr/[turbopack]_runtime.js'
Require stack:
- C:\Users\janpa\cd\development\fin\.next\dev\server\pages\_document.js
- C:\Users\janpa\cd\development\fin\node_modules\next\dist\server\require.js
- C:\Users\janpa\cd\development\fin\node_modules\next\dist\server\load-components.js
- C:\Users\janpa\cd\development\fin\node_modules\next\dist\build\utils.js
- C:\Users\janpa\cd\development\fin\node_modules\next\dist\build\swc\options.js
- C:\Users\janpa\cd\development\fin\node_modules\next\dist\build\swc\index.js
- C:\Users\janpa\cd\development\fin\node_modules\next\dist\build\next-config-ts\transpile-config.js
- C:\Users\janpa\cd\development\fin\node_modules\next\dist\server\config.js
- C:\Users\janpa\cd\development\fin\node_modules\next\dist\server\next.js
- C:\Users\janpa\cd\development\fin\node_modules\next\dist\server\lib\start-server.js
    at Object.<anonymous> (C:\Users\janpa\cd\development\fin\.next\dev\server\pages\_document.js:1:7) {
  code: 'MODULE_NOT_FOUND',
  requireStack: [Array]
}
Error: ENOENT: no such file or directory, open 'C:\Users\janpa\cd\development\fin\.next\dev\routes-manifest.json'
    at ignore-listed frames {
  errno: -4058,
  code: 'ENOENT',
  syscall: 'open',
  path: 'C:\\Users\\janpa\\cd\\development\\fin\\.next\\dev\\routes-manifest.json'
}
 POST /api/verify-schema 500 in 118ms (compile: 99ms, proxy.ts: 4ms, render: 15ms)
 POST /api/verify-schema 500 in 118ms (compile: 99ms, proxy.ts: 4ms, render: 15ms)
⨯ Error: ENOENT: no such file or directory, open 'C:\Users\janpa\cd\development\fin\.next\dev\server\app\api\verify-dashboard-kpis\[__metadata_id__]\route\app-paths-manifest.json'
    at ignore-listed frames {
  errno: -4058,
  code: 'ENOENT',
  syscall: 'open',
  path: 'C:\\Users\\janpa\\cd\\development\\fin\\.next\\dev\\server\\app\\api\\verify-dashboard-kpis\\[__metadata_id__]\\route\\app-paths-manifest.json'
}
⨯ Error: Cannot find module '../chunks/ssr/[turbopack]_runtime.js'
Require stack:
- C:\Users\janpa\cd\development\fin\.next\dev\server\pages\_document.js
- C:\Users\janpa\cd\development\fin\node_modules\next\dist\server\require.js
- C:\Users\janpa\cd\development\fin\node_modules\next\dist\server\load-components.js
- C:\Users\janpa\cd\development\fin\node_modules\next\dist\build\utils.js
- C:\Users\janpa\cd\development\fin\node_modules\next\dist\build\swc\options.js
- C:\Users\janpa\cd\development\fin\node_modules\next\dist\build\swc\index.js
- C:\Users\janpa\cd\development\fin\node_modules\next\dist\build\next-config-ts\transpile-config.js
- C:\Users\janpa\cd\development\fin\node_modules\next\dist\server\config.js
- C:\Users\janpa\cd\development\fin\node_modules\next\dist\server\next.js
- C:\Users\janpa\cd\development\fin\node_modules\next\dist\server\lib\start-server.js
    at Object.<anonymous> (C:\Users\janpa\cd\development\fin\.next\dev\server\pages\_document.js:1:7) {
  code: 'MODULE_NOT_FOUND',
  requireStack: [Array]
}
Error: ENOENT: no such file or directory, open 'C:\Users\janpa\cd\development\fin\.next\dev\server\app\api\verify-dashboard-kpis\[__metadata_id__]\route\app-paths-manifest.json'
    at ignore-listed frames {
  errno: -4058,
  code: 'ENOENT',
  syscall: 'open',
  path: 'C:\\Users\\janpa\\cd\\development\\fin\\.next\\dev\\server\\app\\api\\verify-dashboard-kpis\\[__metadata_id__]\\route\\app-paths-manifest.json'
}
⨯ Error: Cannot find module '../chunks/ssr/[turbopack]_runtime.js'
Require stack:
- C:\Users\janpa\cd\development\fin\.next\dev\server\pages\_document.js
- C:\Users\janpa\cd\development\fin\node_modules\next\dist\server\require.js
- C:\Users\janpa\cd\development\fin\node_modules\next\dist\server\load-components.js
- C:\Users\janpa\cd\development\fin\node_modules\next\dist\build\utils.js
- C:\Users\janpa\cd\development\fin\node_modules\next\dist\build\swc\options.js
- C:\Users\janpa\cd\development\fin\node_modules\next\dist\build\swc\index.js
- C:\Users\janpa\cd\development\fin\node_modules\next\dist\build\next-config-ts\transpile-config.js
- C:\Users\janpa\cd\development\fin\node_modules\next\dist\server\config.js
- C:\Users\janpa\cd\development\fin\node_modules\next\dist\server\next.js
- C:\Users\janpa\cd\development\fin\node_modules\next\dist\server\lib\start-server.js
    at Object.<anonymous> (C:\Users\janpa\cd\development\fin\.next\dev\server\pages\_document.js:1:7) {
  code: 'MODULE_NOT_FOUND',
  requireStack: [Array]
}
Error: ENOENT: no such file or directory, open 'C:\Users\janpa\cd\development\fin\.next\dev\routes-manifest.json'
    at ignore-listed frames {
  errno: -4058,
  code: 'ENOENT',
  syscall: 'open',
  path: 'C:\\Users\\janpa\\cd\\development\\fin\\.next\\dev\\routes-manifest.json'
}
 GET /api/verify-dashboard-kpis 500 in 142ms (compile: 127ms, proxy.ts: 4ms, render: 11ms)
 GET /api/verify-dashboard-kpis 500 in 142ms (compile: 127ms, proxy.ts: 4ms, render: 11ms)
⨯ Error: ENOENT: no such file or directory, open 'C:\Users\janpa\cd\development\fin\.next\dev\server\app\api\verify-dashboard-kpis\[__metadata_id__]\route\app-paths-manifest.json'
    at ignore-listed frames {
  errno: -4058,
  code: 'ENOENT',
  syscall: 'open',
  path: 'C:\\Users\\janpa\\cd\\development\\fin\\.next\\dev\\server\\app\\api\\verify-dashboard-kpis\\[__metadata_id__]\\route\\app-paths-manifest.json'
}
⨯ Error: Cannot find module '../chunks/ssr/[turbopack]_runtime.js'
Require stack:
- C:\Users\janpa\cd\development\fin\.next\dev\server\pages\_document.js
- C:\Users\janpa\cd\development\fin\node_modules\next\dist\server\require.js
- C:\Users\janpa\cd\development\fin\node_modules\next\dist\server\load-components.js
- C:\Users\janpa\cd\development\fin\node_modules\next\dist\build\utils.js
- C:\Users\janpa\cd\development\fin\node_modules\next\dist\build\swc\options.js
- C:\Users\janpa\cd\development\fin\node_modules\next\dist\build\swc\index.js
- C:\Users\janpa\cd\development\fin\node_modules\next\dist\build\next-config-ts\transpile-config.js
- C:\Users\janpa\cd\development\fin\node_modules\next\dist\server\config.js
- C:\Users\janpa\cd\development\fin\node_modules\next\dist\server\next.js
- C:\Users\janpa\cd\development\fin\node_modules\next\dist\server\lib\start-server.js
    at Object.<anonymous> (C:\Users\janpa\cd\development\fin\.next\dev\server\pages\_document.js:1:7) {
  code: 'MODULE_NOT_FOUND',
  requireStack: [Array]
}
Error: ENOENT: no such file or directory, open 'C:\Users\janpa\cd\development\fin\.next\dev\server\app\api\verify-dashboard-kpis\[__metadata_id__]\route\app-paths-manifest.json'
    at ignore-listed frames {
  errno: -4058,
  code: 'ENOENT',
  syscall: 'open',
  path: 'C:\\Users\\janpa\\cd\\development\\fin\\.next\\dev\\server\\app\\api\\verify-dashboard-kpis\\[__metadata_id__]\\route\\app-paths-manifest.json'
}
⨯ Error: Cannot find module '../chunks/ssr/[turbopack]_runtime.js'
Require stack:
- C:\Users\janpa\cd\development\fin\.next\dev\server\pages\_document.js
- C:\Users\janpa\cd\development\fin\node_modules\next\dist\server\require.js
- C:\Users\janpa\cd\development\fin\node_modules\next\dist\server\load-components.js
- C:\Users\janpa\cd\development\fin\node_modules\next\dist\build\utils.js
- C:\Users\janpa\cd\development\fin\node_modules\next\dist\build\swc\options.js
- C:\Users\janpa\cd\development\fin\node_modules\next\dist\build\swc\index.js
- C:\Users\janpa\cd\development\fin\node_modules\next\dist\build\next-config-ts\transpile-config.js
- C:\Users\janpa\cd\development\fin\node_modules\next\dist\server\config.js
- C:\Users\janpa\cd\development\fin\node_modules\next\dist\server\next.js
- C:\Users\janpa\cd\development\fin\node_modules\next\dist\server\lib\start-server.js
    at Object.<anonymous> (C:\Users\janpa\cd\development\fin\.next\dev\server\pages\_document.js:1:7) {
  code: 'MODULE_NOT_FOUND',
  requireStack: [Array]
}
Error: ENOENT: no such file or directory, open 'C:\Users\janpa\cd\development\fin\.next\dev\routes-manifest.json'
    at ignore-listed frames {
  errno: -4058,
  code: 'ENOENT',
  syscall: 'open',
  path: 'C:\\Users\\janpa\\cd\\development\\fin\\.next\\dev\\routes-manifest.json'
}
 GET /api/verify-dashboard-kpis 500 in 137ms (compile: 107ms, proxy.ts: 4ms, render: 26ms)
 GET /api/verify-dashboard-kpis 500 in 137ms (compile: 107ms, proxy.ts: 4ms, render: 26ms)
⨯ Error: ENOENT: no such file or directory, open 'C:\Users\janpa\cd\development\fin\.next\dev\server\app\api\verify-schema\[__metadata_id__]\route\app-paths-manifest.json'
    at ignore-listed frames {
  errno: -4058,
  code: 'ENOENT',
  syscall: 'open',
  path: 'C:\\Users\\janpa\\cd\\development\\fin\\.next\\dev\\server\\app\\api\\verify-schema\\[__metadata_id__]\\route\\app-paths-manifest.json'
}
⨯ Error: Cannot find module '../chunks/ssr/[turbopack]_runtime.js'
Require stack:
- C:\Users\janpa\cd\development\fin\.next\dev\server\pages\_document.js
- C:\Users\janpa\cd\development\fin\node_modules\next\dist\server\require.js
- C:\Users\janpa\cd\development\fin\node_modules\next\dist\server\load-components.js
- C:\Users\janpa\cd\development\fin\node_modules\next\dist\build\utils.js
- C:\Users\janpa\cd\development\fin\node_modules\next\dist\build\swc\options.js
- C:\Users\janpa\cd\development\fin\node_modules\next\dist\build\swc\index.js
- C:\Users\janpa\cd\development\fin\node_modules\next\dist\build\next-config-ts\transpile-config.js
- C:\Users\janpa\cd\development\fin\node_modules\next\dist\server\config.js
- C:\Users\janpa\cd\development\fin\node_modules\next\dist\server\next.js
- C:\Users\janpa\cd\development\fin\node_modules\next\dist\server\lib\start-server.js
    at Object.<anonymous> (C:\Users\janpa\cd\development\fin\.next\dev\server\pages\_document.js:1:7) {
  code: 'MODULE_NOT_FOUND',
  requireStack: [Array]
}
Error: ENOENT: no such file or directory, open 'C:\Users\janpa\cd\development\fin\.next\dev\server\app\api\verify-schema\[__metadata_id__]\route\app-paths-manifest.json'
    at ignore-listed frames {
  errno: -4058,
  code: 'ENOENT',
  syscall: 'open',
  path: 'C:\\Users\\janpa\\cd\\development\\fin\\.next\\dev\\server\\app\\api\\verify-schema\\[__metadata_id__]\\route\\app-paths-manifest.json'
}
⨯ Error: Cannot find module '../chunks/ssr/[turbopack]_runtime.js'
Require stack:
- C:\Users\janpa\cd\development\fin\.next\dev\server\pages\_document.js
- C:\Users\janpa\cd\development\fin\node_modules\next\dist\server\require.js
- C:\Users\janpa\cd\development\fin\node_modules\next\dist\server\load-components.js
- C:\Users\janpa\cd\development\fin\node_modules\next\dist\build\utils.js
- C:\Users\janpa\cd\development\fin\node_modules\next\dist\build\swc\options.js
- C:\Users\janpa\cd\development\fin\node_modules\next\dist\build\swc\index.js
- C:\Users\janpa\cd\development\fin\node_modules\next\dist\build\next-config-ts\transpile-config.js
- C:\Users\janpa\cd\development\fin\node_modules\next\dist\server\config.js
- C:\Users\janpa\cd\development\fin\node_modules\next\dist\server\next.js
- C:\Users\janpa\cd\development\fin\node_modules\next\dist\server\lib\start-server.js
    at Object.<anonymous> (C:\Users\janpa\cd\development\fin\.next\dev\server\pages\_document.js:1:7) {
  code: 'MODULE_NOT_FOUND',
  requireStack: [Array]
}
Error: ENOENT: no such file or directory, open 'C:\Users\janpa\cd\development\fin\.next\dev\routes-manifest.json'
    at ignore-listed frames {
  errno: -4058,
  code: 'ENOENT',
  syscall: 'open',
  path: 'C:\\Users\\janpa\\cd\\development\\fin\\.next\\dev\\routes-manifest.json'
}
 GET /api/verify-schema 500 in 88ms (compile: 74ms, proxy.ts: 3ms, render: 10ms)
 GET /api/verify-schema 500 in 88ms (compile: 74ms, proxy.ts: 3ms, render: 10ms)
⨯ Error: Cannot find module '../chunks/ssr/[turbopack]_runtime.js'
Require stack:
- C:\Users\janpa\cd\development\fin\.next\dev\server\pages\_document.js
- C:\Users\janpa\cd\development\fin\node_modules\next\dist\server\require.js
- C:\Users\janpa\cd\development\fin\node_modules\next\dist\server\load-components.js
- C:\Users\janpa\cd\development\fin\node_modules\next\dist\build\utils.js
- C:\Users\janpa\cd\development\fin\node_modules\next\dist\build\swc\options.js
- C:\Users\janpa\cd\development\fin\node_modules\next\dist\build\swc\index.js
- C:\Users\janpa\cd\development\fin\node_modules\next\dist\build\next-config-ts\transpile-config.js
- C:\Users\janpa\cd\development\fin\node_modules\next\dist\server\config.js
- C:\Users\janpa\cd\development\fin\node_modules\next\dist\server\next.js
- C:\Users\janpa\cd\development\fin\node_modules\next\dist\server\lib\start-server.js
    at Object.<anonymous> (C:\Users\janpa\cd\development\fin\.next\dev\server\pages\_document.js:1:7) {
  code: 'MODULE_NOT_FOUND',
  requireStack: [Array]
}
⨯ Error: ENOENT: no such file or directory, open 'C:\Users\janpa\cd\development\fin\.next\dev\server\pages\_app\build-manifest.json'
    at ignore-listed frames {
  errno: -4058,
  code: 'ENOENT',
  syscall: 'open',
  path: 'C:\\Users\\janpa\\cd\\development\\fin\\.next\\dev\\server\\pages\\_app\\build-manifest.json'
}
⨯ Error: ENOENT: no such file or directory, open 'C:\Users\janpa\cd\development\fin\.next\dev\server\pages\_app\build-manifest.json'
    at ignore-listed frames {
  errno: -4058,
  code: 'ENOENT',
  syscall: 'open',
  path: 'C:\\Users\\janpa\\cd\\development\\fin\\.next\\dev\\server\\pages\\_app\\build-manifest.json'
}
⨯ Error: ENOENT: no such file or directory, open 'C:\Users\janpa\cd\development\fin\.next\dev\server\pages\_app\build-manifest.json'
    at ignore-listed frames {
  errno: -4058,
  code: 'ENOENT',
  syscall: 'open',
  path: 'C:\\Users\\janpa\\cd\\development\\fin\\.next\\dev\\server\\pages\\_app\\build-manifest.json'
}
⨯ Error: ENOENT: no such file or directory, open 'C:\Users\janpa\cd\development\fin\.next\dev\server\app\api\health\[__metadata_id__]\route\app-paths-manifest.json'
    at ignore-listed frames {
  errno: -4058,
  code: 'ENOENT',
  syscall: 'open',
  path: 'C:\\Users\\janpa\\cd\\development\\fin\\.next\\dev\\server\\app\\api\\health\\[__metadata_id__]\\route\\app-paths-manifest.json'
}
⨯ Error: ENOENT: no such file or directory, open 'C:\Users\janpa\cd\development\fin\.next\dev\server\pages\_app\build-manifest.json'
    at ignore-listed frames {
  errno: -4058,
  code: 'ENOENT',
  syscall: 'open',
  path: 'C:\\Users\\janpa\\cd\\development\\fin\\.next\\dev\\server\\pages\\_app\\build-manifest.json'
}
Error: ENOENT: no such file or directory, open 'C:\Users\janpa\cd\development\fin\.next\dev\server\app\api\health\[__metadata_id__]\route\app-paths-manifest.json'
    at ignore-listed frames {
  errno: -4058,
  code: 'ENOENT',
  syscall: 'open',
  path: 'C:\\Users\\janpa\\cd\\development\\fin\\.next\\dev\\server\\app\\api\\health\\[__metadata_id__]\\route\\app-paths-manifest.json'
}
⨯ Error: ENOENT: no such file or directory, open 'C:\Users\janpa\cd\development\fin\.next\dev\server\pages\_app\build-manifest.json'
    at ignore-listed frames {
  errno: -4058,
  code: 'ENOENT',
  syscall: 'open',
  path: 'C:\\Users\\janpa\\cd\\development\\fin\\.next\\dev\\server\\pages\\_app\\build-manifest.json'
}
Error: ENOENT: no such file or directory, open 'C:\Users\janpa\cd\development\fin\.next\dev\server\pages\_app\build-manifest.json'
    at ignore-listed frames {
  errno: -4058,
  code: 'ENOENT',
  syscall: 'open',
  path: 'C:\\Users\\janpa\\cd\\development\\fin\\.next\\dev\\server\\pages\\_app\\build-manifest.json'
}
⨯ Error: ENOENT: no such file or directory, open 'C:\Users\janpa\cd\development\fin\.next\dev\server\app\api\health\[__metadata_id__]\route\app-paths-manifest.json'
    at ignore-listed frames {
  errno: -4058,
  code: 'ENOENT',
  syscall: 'open',
  path: 'C:\\Users\\janpa\\cd\\development\\fin\\.next\\dev\\server\\app\\api\\health\\[__metadata_id__]\\route\\app-paths-manifest.json'
}
⨯ Error: ENOENT: no such file or directory, open 'C:\Users\janpa\cd\development\fin\.next\dev\server\pages\_app\build-manifest.json'
    at ignore-listed frames {
  errno: -4058,
  code: 'ENOENT',
  syscall: 'open',
  path: 'C:\\Users\\janpa\\cd\\development\\fin\\.next\\dev\\server\\pages\\_app\\build-manifest.json'
}
Error: ENOENT: no such file or directory, open 'C:\Users\janpa\cd\development\fin\.next\dev\server\app\api\health\[__metadata_id__]\route\app-paths-manifest.json'
    at ignore-listed frames {
  errno: -4058,
  code: 'ENOENT',
  syscall: 'open',
  path: 'C:\\Users\\janpa\\cd\\development\\fin\\.next\\dev\\server\\app\\api\\health\\[__metadata_id__]\\route\\app-paths-manifest.json'
}
⨯ Error: ENOENT: no such file or directory, open 'C:\Users\janpa\cd\development\fin\.next\dev\server\pages\_app\build-manifest.json'
    at ignore-listed frames {
  errno: -4058,
  code: 'ENOENT',
  syscall: 'open',
  path: 'C:\\Users\\janpa\\cd\\development\\fin\\.next\\dev\\server\\pages\\_app\\build-manifest.json'
}
Error: ENOENT: no such file or directory, open 'C:\Users\janpa\cd\development\fin\.next\dev\server\pages\_app\build-manifest.json'
    at ignore-listed frames {
  errno: -4058,
  code: 'ENOENT',
  syscall: 'open',
  path: 'C:\\Users\\janpa\\cd\\development\\fin\\.next\\dev\\server\\pages\\_app\\build-manifest.json'
}
⨯ Error: ENOENT: no such file or directory, open 'C:\Users\janpa\cd\development\fin\.next\dev\server\app\api\dev-login\[__metadata_id__]\route\app-paths-manifest.json'
    at ignore-listed frames {
  errno: -4058,
  code: 'ENOENT',
  syscall: 'open',
  path: 'C:\\Users\\janpa\\cd\\development\\fin\\.next\\dev\\server\\app\\api\\dev-login\\[__metadata_id__]\\route\\app-paths-manifest.json'
}
⨯ Error: ENOENT: no such file or directory, open 'C:\Users\janpa\cd\development\fin\.next\dev\server\app\api\schema-check\[__metadata_id__]\route\app-paths-manifest.json'
    at ignore-listed frames {
  errno: -4058,
  code: 'ENOENT',
  syscall: 'open',
  path: 'C:\\Users\\janpa\\cd\\development\\fin\\.next\\dev\\server\\app\\api\\schema-check\\[__metadata_id__]\\route\\app-paths-manifest.json'
}
⨯ Error: ENOENT: no such file or directory, open 'C:\Users\janpa\cd\development\fin\.next\dev\server\app\api\schema-check\[__metadata_id__]\route\app-paths-manifest.json'
    at ignore-listed frames {
  errno: -4058,
  code: 'ENOENT',
  syscall: 'open',
  path: 'C:\\Users\\janpa\\cd\\development\\fin\\.next\\dev\\server\\app\\api\\schema-check\\[__metadata_id__]\\route\\app-paths-manifest.json'
}
⨯ Error: ENOENT: no such file or directory, open 'C:\Users\janpa\cd\development\fin\.next\dev\server\app\api\schema-check\[__metadata_id__]\route\app-paths-manifest.json'
    at ignore-listed frames {
  errno: -4058,
  code: 'ENOENT',
  syscall: 'open',
  path: 'C:\\Users\\janpa\\cd\\development\\fin\\.next\\dev\\server\\app\\api\\schema-check\\[__metadata_id__]\\route\\app-paths-manifest.json'
}
⨯ Error: ENOENT: no such file or directory, open 'C:\Users\janpa\cd\development\fin\.next\dev\server\app\api\schema-check\[__metadata_id__]\route\app-paths-manifest.json'
    at ignore-listed frames {
  errno: -4058,
  code: 'ENOENT',
  syscall: 'open',
  path: 'C:\\Users\\janpa\\cd\\development\\fin\\.next\\dev\\server\\app\\api\\schema-check\\[__metadata_id__]\\route\\app-paths-manifest.json'
}
⨯ Error: ENOENT: no such file or directory, open 'C:\Users\janpa\cd\development\fin\.next\dev\server\app\api\schema-check\[__metadata_id__]\route\app-paths-manifest.json'
    at ignore-listed frames {
  errno: -4058,
  code: 'ENOENT',
  syscall: 'open',
  path: 'C:\\Users\\janpa\\cd\\development\\fin\\.next\\dev\\server\\app\\api\\schema-check\\[__metadata_id__]\\route\\app-paths-manifest.json'
}
⨯ Error: ENOENT: no such file or directory, open 'C:\Users\janpa\cd\development\fin\.next\dev\server\app\api\schema-check\[__metadata_id__]\route\app-paths-manifest.json'
    at ignore-listed frames {
  errno: -4058,
  code: 'ENOENT',
  syscall: 'open',
  path: 'C:\\Users\\janpa\\cd\\development\\fin\\.next\\dev\\server\\app\\api\\schema-check\\[__metadata_id__]\\route\\app-paths-manifest.json'
}
⨯ Error: ENOENT: no such file or directory, open 'C:\Users\janpa\cd\development\fin\.next\dev\server\app\api\schema-check\[__metadata_id__]\route\app-paths-manifest.json'
    at ignore-listed frames {
  errno: -4058,
  code: 'ENOENT',
  syscall: 'open',
  path: 'C:\\Users\\janpa\\cd\\development\\fin\\.next\\dev\\server\\app\\api\\schema-check\\[__metadata_id__]\\route\\app-paths-manifest.json'
}
⨯ Error: ENOENT: no such file or directory, open 'C:\Users\janpa\cd\development\fin\.next\dev\server\app\api\schema-check\[__metadata_id__]\route\app-paths-manifest.json'
    at ignore-listed frames {
  errno: -4058,
  code: 'ENOENT',
  syscall: 'open',
  path: 'C:\\Users\\janpa\\cd\\development\\fin\\.next\\dev\\server\\app\\api\\schema-check\\[__metadata_id__]\\route\\app-paths-manifest.json'
}
⨯ Error: ENOENT: no such file or directory, open 'C:\Users\janpa\cd\development\fin\.next\dev\server\app\api\schema-check\[__metadata_id__]\route\app-paths-manifest.json'
    at ignore-listed frames {
  errno: -4058,
  code: 'ENOENT',
  syscall: 'open',
  path: 'C:\\Users\\janpa\\cd\\development\\fin\\.next\\dev\\server\\app\\api\\schema-check\\[__metadata_id__]\\route\\app-paths-manifest.json'
}
⨯ Error: ENOENT: no such file or directory, open 'C:\Users\janpa\cd\development\fin\.next\dev\server\app\api\schema-check\[__metadata_id__]\route\app-paths-manifest.json'
    at ignore-listed frames {
  errno: -4058,
  code: 'ENOENT',
  syscall: 'open',
  path: 'C:\\Users\\janpa\\cd\\development\\fin\\.next\\dev\\server\\app\\api\\schema-check\\[__metadata_id__]\\route\\app-paths-manifest.json'
}
⨯ Error: ENOENT: no such file or directory, open 'C:\Users\janpa\cd\development\fin\.next\dev\server\app\api\schema-check\[__metadata_id__]\route\app-paths-manifest.json'
    at ignore-listed frames {
  errno: -4058,
  code: 'ENOENT',
  syscall: 'open',
  path: 'C:\\Users\\janpa\\cd\\development\\fin\\.next\\dev\\server\\app\\api\\schema-check\\[__metadata_id__]\\route\\app-paths-manifest.json'
}
⨯ Error: ENOENT: no such file or directory, open 'C:\Users\janpa\cd\development\fin\.next\dev\server\app\api\schema-check\[__metadata_id__]\route\app-paths-manifest.json'
    at ignore-listed frames {
  errno: -4058,
  code: 'ENOENT',
  syscall: 'open',
  path: 'C:\\Users\\janpa\\cd\\development\\fin\\.next\\dev\\server\\app\\api\\schema-check\\[__metadata_id__]\\route\\app-paths-manifest.json'
}
⨯ Error: ENOENT: no such file or directory, open 'C:\Users\janpa\cd\development\fin\.next\dev\server\app\api\schema-check\[__metadata_id__]\route\app-paths-manifest.json'
    at ignore-listed frames {
  errno: -4058,
  code: 'ENOENT',
  syscall: 'open',
  path: 'C:\\Users\\janpa\\cd\\development\\fin\\.next\\dev\\server\\app\\api\\schema-check\\[__metadata_id__]\\route\\app-paths-manifest.json'
}
[?25h
