▲ Next.js 16.1.6 (Turbopack)
- Local:         http://localhost:3220
- Network:       http://0.0.0.0:3220
- Environments: .env.local
- Experiments (use with caution):
  ⨯ turbopackFileSystemCacheForDev

✓ Starting...
✓ Ready in 1105ms
 GET /test-bank-import 200 in 2.3s (compile: 2.0s, proxy.ts: 146ms, render: 165ms)
 GET /test-bank-import 200 in 65ms (compile: 7ms, proxy.ts: 8ms, render: 51ms)
✓ Compiled in 424ms
⨯ Error: ENOENT: no such file or directory, open 'C:\Users\janpa\cd\development\fin\.next\dev\server\app\test-bank-import\page\build-manifest.json'
    at ignore-listed frames {
  errno: -4058,
  code: 'ENOENT',
  syscall: 'open',
  path: 'C:\\Users\\janpa\\cd\\development\\fin\\.next\\dev\\server\\app\\test-bank-import\\page\\build-manifest.json'
}
⨯ Error: Cannot find module '../chunks/ssr/[turbopack]_runtime.js'
Require stack:
- C:\Users\janpa\cd\development\fin\.next\dev\server\pages\_document.js
- C:\Users\janpa\cd\development\fin\node_modules\next\dist\server\require.js
- C:\Users\janpa\cd\development\fin\node_modules\next\dist\server\load-components.js
- C:\Users\janpa\cd\development\fin\node_modules\next\dist\build\utils.js
- C:\Users\janpa\cd\development\fin\node_modules\next\dist\build\swc\options.js
- C:\Users\janpa\cd\development\fin\node_modules\next\dist\build\swc\index.js
- C:\Users\janpa\cd\development\fin\node_modules\next\dist\build\next-config-ts\transpile-config.js
- C:\Users\janpa\cd\development\fin\node_modules\next\dist\server\config.js
- C:\Users\janpa\cd\development\fin\node_modules\next\dist\server\next.js
- C:\Users\janpa\cd\development\fin\node_modules\next\dist\server\lib\start-server.js
    at Object.<anonymous> (C:\Users\janpa\cd\development\fin\.next\dev\server\pages\_document.js:1:7) {
  code: 'MODULE_NOT_FOUND',
  requireStack: [Array]
}
 GET /test-bank-import 500 in 1161ms (compile: 1011ms, proxy.ts: 10ms, render: 139ms)
✓ Compiled in 369ms
✓ Compiled in 521ms
✓ Compiled in 566ms
✓ Compiled in 703ms
✓ Compiled in 750ms
✓ Compiled in 633ms
/c/Program Files/nodejs/npx: line 65: 28191 Killed                  "$NODE_EXE" "$NPX_CLI_JS" "$@"
✓ Compiled in 1004ms
✓ Compiled in 685ms
✓ Compiled in 698ms
