▲ Next.js 16.1.6 (Turbopack)
- Local:         http://localhost:3120
- Network:       http://192.168.86.37:3120
- Environments: .env.local
- Experiments (use with caution):
  ⨯ turbopackFileSystemCacheForDev

✓ Starting...
✓ Ready in 965ms
 GET /api/health 200 in 773ms (compile: 384ms, proxy.ts: 143ms, render: 247ms)
 GET /api/verify-next-step-engine 200 in 406ms (compile: 163ms, proxy.ts: 5ms, render: 237ms)
 GET /api/verify-next-step-engine 404 in 1845ms (compile: 1724ms, proxy.ts: 6ms, render: 115ms)
⨯ Error: ENOENT: no such file or directory, open 'C:\Users\janpa\cd\development\fin\.next\dev\server\app\api\verify-next-step-engine\[__metadata_id__]\route\app-paths-manifest.json'
    at ignore-listed frames {
  errno: -4058,
  code: 'ENOENT',
  syscall: 'open',
  path: 'C:\\Users\\janpa\\cd\\development\\fin\\.next\\dev\\server\\app\\api\\verify-next-step-engine\\[__metadata_id__]\\route\\app-paths-manifest.json'
}
 GET /api/verify-next-step-engine 500 in 875ms (compile: 769ms, proxy.ts: 6ms, render: 99ms)
[?25h
