▲ Next.js 16.1.6 (Turbopack)
- Local:         http://localhost:3001
- Network:       http://192.168.86.37:3001
- Environments: .env.local
- Experiments (use with caution):
  ⨯ turbopackFileSystemCacheForDev

✓ Starting...
✓ Ready in 1104ms
 GET /login 200 in 2.1s (compile: 1834ms, proxy.ts: 124ms, render: 178ms)
 GET /login 404 in 591ms (compile: 510ms, proxy.ts: 9ms, render: 73ms)
 GET /test-phase-transition 200 in 643ms (compile: 529ms, proxy.ts: 19ms, render: 95ms)
 GET /api/verify-phase-transition 200 in 319ms (compile: 295ms, proxy.ts: 7ms, render: 17ms)
 GET /test-phase-transition 200 in 72ms (compile: 5ms, proxy.ts: 7ms, render: 60ms)
 GET /test-phase-transition 200 in 338ms (compile: 242ms, proxy.ts: 30ms, render: 65ms)
 GET /api/verify-phase-transition 200 in 20ms (compile: 6ms, proxy.ts: 8ms, render: 6ms)
 GET /login 200 in 57ms (compile: 4ms, proxy.ts: 4ms, render: 49ms)
 GET /test-phase-transition 200 in 786ms (compile: 125ms, proxy.ts: 435ms, render: 226ms)
 GET /login 404 in 973ms (compile: 239ms, proxy.ts: 438ms, render: 296ms)
 GET /test-phase-transition 200 in 375ms (compile: 27ms, proxy.ts: 102ms, render: 246ms)
 GET /login 404 in 287ms (compile: 82ms, proxy.ts: 19ms, render: 186ms)
 GET /test-phase-transition 200 in 341ms (compile: 65ms, proxy.ts: 27ms, render: 248ms)
 GET /test-phase-transition 200 in 213ms (compile: 48ms, proxy.ts: 27ms, render: 139ms)
 GET /login 404 in 465ms (compile: 69ms, proxy.ts: 53ms, render: 343ms)
 GET /test-phase-transition 200 in 140ms (compile: 10ms, proxy.ts: 39ms, render: 90ms)
 GET /test-phase-transition 200 in 109ms (compile: 16ms, proxy.ts: 10ms, render: 83ms)
 GET /test-phase-transition 200 in 108ms (compile: 10ms, proxy.ts: 15ms, render: 84ms)
 GET /test-phase-transition 200 in 109ms (compile: 14ms, proxy.ts: 18ms, render: 77ms)
 GET /test-phase-transition 200 in 101ms (compile: 7ms, proxy.ts: 10ms, render: 84ms)
 GET /test-phase-transition 200 in 83ms (compile: 16ms, proxy.ts: 9ms, render: 58ms)
 GET /test-phase-transition 200 in 72ms (compile: 3ms, proxy.ts: 8ms, render: 61ms)
 GET /test-phase-transition 200 in 73ms (compile: 7ms, proxy.ts: 7ms, render: 58ms)
 GET /test-phase-transition 200 in 72ms (compile: 7ms, proxy.ts: 10ms, render: 55ms)
 GET /test-phase-transition 200 in 69ms (compile: 4ms, proxy.ts: 9ms, render: 55ms)
 GET /test-phase-transition 200 in 66ms (compile: 5ms, proxy.ts: 9ms, render: 52ms)
 GET /test-phase-transition 200 in 81ms (compile: 5ms, proxy.ts: 8ms, render: 67ms)
 GET /test-phase-transition 200 in 80ms (compile: 6ms, proxy.ts: 9ms, render: 65ms)
 GET /test-phase-transition 200 in 77ms (compile: 5ms, proxy.ts: 9ms, render: 63ms)
 GET /test-phase-transition 200 in 75ms (compile: 5ms, proxy.ts: 10ms, render: 60ms)
 GET /test-phase-transition 200 in 76ms (compile: 8ms, proxy.ts: 12ms, render: 56ms)
 GET /test-phase-transition 200 in 66ms (compile: 5ms, proxy.ts: 7ms, render: 54ms)
 GET /test-phase-transition 200 in 67ms (compile: 6ms, proxy.ts: 9ms, render: 51ms)
 GET /test-phase-transition 200 in 74ms (compile: 5ms, proxy.ts: 7ms, render: 62ms)
 GET /test-phase-transition 200 in 81ms (compile: 6ms, proxy.ts: 7ms, render: 69ms)
 GET /test-phase-transition 200 in 80ms (compile: 6ms, proxy.ts: 8ms, render: 66ms)
 GET /test-phase-transition 200 in 70ms (compile: 7ms, proxy.ts: 9ms, render: 54ms)
 GET /test-phase-transition 200 in 82ms (compile: 5ms, proxy.ts: 9ms, render: 68ms)
 GET /test-phase-transition 200 in 58ms (compile: 5ms, proxy.ts: 7ms, render: 46ms)
 GET /test-phase-transition 200 in 110ms (compile: 6ms, proxy.ts: 9ms, render: 96ms)
 GET /test-phase-transition 200 in 107ms (compile: 10ms, proxy.ts: 16ms, render: 81ms)
 GET /test-phase-transition 200 in 80ms (compile: 5ms, proxy.ts: 8ms, render: 68ms)
 GET /test-phase-transition 200 in 74ms (compile: 11ms, proxy.ts: 13ms, render: 50ms)
 GET /test-phase-transition 200 in 37ms (compile: 5ms, proxy.ts: 6ms, render: 27ms)
 GET /test-phase-transition 200 in 61ms (compile: 4ms, proxy.ts: 5ms, render: 51ms)
 GET /test-phase-transition 200 in 43ms (compile: 6ms, proxy.ts: 8ms, render: 30ms)
 GET /test-phase-transition 200 in 44ms (compile: 6ms, proxy.ts: 10ms, render: 28ms)
 GET /test-phase-transition 200 in 65ms (compile: 5ms, proxy.ts: 7ms, render: 53ms)
 GET /test-phase-transition 200 in 42ms (compile: 4ms, proxy.ts: 8ms, render: 30ms)
 GET /test-phase-transition 200 in 40ms (compile: 7ms, proxy.ts: 6ms, render: 27ms)
 GET /test-phase-transition 200 in 62ms (compile: 5ms, proxy.ts: 7ms, render: 50ms)
 GET /test-phase-transition 200 in 55ms (compile: 5ms, proxy.ts: 7ms, render: 43ms)
 GET /test-phase-transition 200 in 55ms (compile: 3ms, proxy.ts: 5ms, render: 47ms)
 GET /test-phase-transition 200 in 54ms (compile: 3ms, proxy.ts: 5ms, render: 46ms)
 GET /test-phase-transition 200 in 42ms (compile: 5ms, proxy.ts: 8ms, render: 29ms)
 GET /test-phase-transition 200 in 43ms (compile: 6ms, proxy.ts: 7ms, render: 29ms)
 GET /test-phase-transition 200 in 67ms (compile: 6ms, proxy.ts: 6ms, render: 55ms)
 GET /test-phase-transition 200 in 68ms (compile: 5ms, proxy.ts: 8ms, render: 55ms)
 GET /test-phase-transition 200 in 43ms (compile: 5ms, proxy.ts: 7ms, render: 31ms)
 GET /test-phase-transition 200 in 57ms (compile: 5ms, proxy.ts: 7ms, render: 45ms)
 GET /test-phase-transition 200 in 74ms (compile: 5ms, proxy.ts: 5ms, render: 64ms)
 GET /test-phase-transition 200 in 84ms (compile: 6ms, proxy.ts: 15ms, render: 63ms)
 GET /test-phase-transition 200 in 76ms (compile: 6ms, proxy.ts: 9ms, render: 61ms)
 GET /test-phase-transition 200 in 51ms (compile: 15ms, proxy.ts: 7ms, render: 29ms)
 GET /test-phase-transition 200 in 64ms (compile: 6ms, proxy.ts: 9ms, render: 49ms)
 GET /test-phase-transition 200 in 65ms (compile: 5ms, proxy.ts: 4ms, render: 56ms)
 GET /test-phase-transition 200 in 62ms (compile: 5ms, proxy.ts: 8ms, render: 49ms)
 GET /test-phase-transition 200 in 36ms (compile: 5ms, proxy.ts: 6ms, render: 25ms)
 GET /test-phase-transition 200 in 58ms (compile: 6ms, proxy.ts: 6ms, render: 46ms)
 GET /test-phase-transition 200 in 55ms (compile: 5ms, proxy.ts: 4ms, render: 46ms)
 GET /test-phase-transition 200 in 66ms (compile: 4ms, proxy.ts: 6ms, render: 56ms)
 GET /test-phase-transition 200 in 37ms (compile: 5ms, proxy.ts: 5ms, render: 27ms)
 GET /test-phase-transition 200 in 34ms (compile: 5ms, proxy.ts: 5ms, render: 23ms)
 GET /test-phase-transition 200 in 32ms (compile: 4ms, proxy.ts: 6ms, render: 22ms)
 GET /test-phase-transition 200 in 32ms (compile: 4ms, proxy.ts: 4ms, render: 23ms)
 GET /test-phase-transition 200 in 32ms (compile: 4ms, proxy.ts: 6ms, render: 22ms)
 GET /test-phase-transition 200 in 46ms (compile: 5ms, proxy.ts: 4ms, render: 38ms)
 GET /test-phase-transition 200 in 47ms (compile: 4ms, proxy.ts: 6ms, render: 38ms)
 GET /test-phase-transition 200 in 32ms (compile: 3ms, proxy.ts: 5ms, render: 24ms)
 GET /test-phase-transition 200 in 32ms (compile: 4ms, proxy.ts: 7ms, render: 21ms)
 GET /test-phase-transition 200 in 34ms (compile: 5ms, proxy.ts: 4ms, render: 25ms)
 GET /test-phase-transition 200 in 32ms (compile: 4ms, proxy.ts: 6ms, render: 23ms)
 GET /test-phase-transition 200 in 49ms (compile: 5ms, proxy.ts: 5ms, render: 39ms)
 GET /test-phase-transition 200 in 32ms (compile: 4ms, proxy.ts: 5ms, render: 23ms)
 GET /test-phase-transition 200 in 34ms (compile: 6ms, proxy.ts: 5ms, render: 23ms)
 GET /test-phase-transition 200 in 32ms (compile: 5ms, proxy.ts: 5ms, render: 23ms)
 GET /test-phase-transition 200 in 48ms (compile: 5ms, proxy.ts: 5ms, render: 38ms)
 GET /test-phase-transition 200 in 39ms (compile: 3ms, proxy.ts: 5ms, render: 31ms)
 GET /test-phase-transition 200 in 42ms (compile: 12ms, proxy.ts: 6ms, render: 24ms)
 GET /test-phase-transition 200 in 35ms (compile: 5ms, proxy.ts: 6ms, render: 23ms)
 GET /test-phase-transition 200 in 35ms (compile: 5ms, proxy.ts: 5ms, render: 25ms)
 GET /test-phase-transition 200 in 59ms (compile: 4ms, proxy.ts: 6ms, render: 49ms)
 GET /test-phase-transition 200 in 65ms (compile: 5ms, proxy.ts: 7ms, render: 53ms)
 GET /test-phase-transition 200 in 72ms (compile: 5ms, proxy.ts: 8ms, render: 59ms)
 GET /test-phase-transition 200 in 59ms (compile: 3ms, proxy.ts: 7ms, render: 48ms)
 GET /test-phase-transition 200 in 37ms (compile: 4ms, proxy.ts: 8ms, render: 25ms)
 GET /test-phase-transition 200 in 59ms (compile: 5ms, proxy.ts: 6ms, render: 48ms)
 GET /test-phase-transition 200 in 59ms (compile: 5ms, proxy.ts: 6ms, render: 49ms)
 GET /test-phase-transition 200 in 63ms (compile: 4ms, proxy.ts: 6ms, render: 53ms)
 GET /test-phase-transition 200 in 60ms (compile: 3ms, proxy.ts: 7ms, render: 49ms)
 GET /test-phase-transition 200 in 61ms (compile: 4ms, proxy.ts: 8ms, render: 49ms)
 GET /test-phase-transition 200 in 61ms (compile: 5ms, proxy.ts: 9ms, render: 48ms)
 GET /test-phase-transition 200 in 62ms (compile: 5ms, proxy.ts: 6ms, render: 50ms)
 GET /test-phase-transition 200 in 71ms (compile: 5ms, proxy.ts: 5ms, render: 62ms)
 GET /test-phase-transition 200 in 76ms (compile: 14ms, proxy.ts: 8ms, render: 53ms)
 GET /test-phase-transition 200 in 68ms (compile: 5ms, proxy.ts: 8ms, render: 55ms)
 GET /test-phase-transition 200 in 59ms (compile: 4ms, proxy.ts: 12ms, render: 43ms)
 GET /test-phase-transition 200 in 54ms (compile: 3ms, proxy.ts: 5ms, render: 45ms)
 GET /test-phase-transition 200 in 34ms (compile: 4ms, proxy.ts: 8ms, render: 23ms)
 GET /test-phase-transition 200 in 53ms (compile: 6ms, proxy.ts: 4ms, render: 43ms)
 GET /test-phase-transition 200 in 54ms (compile: 4ms, proxy.ts: 4ms, render: 46ms)
 GET /test-phase-transition 200 in 54ms (compile: 4ms, proxy.ts: 7ms, render: 43ms)
 GET /test-phase-transition 200 in 32ms (compile: 4ms, proxy.ts: 5ms, render: 23ms)
 GET /test-phase-transition 200 in 51ms (compile: 4ms, proxy.ts: 4ms, render: 42ms)
 GET /test-phase-transition 200 in 53ms (compile: 5ms, proxy.ts: 5ms, render: 43ms)
 GET /test-phase-transition 200 in 68ms (compile: 3ms, proxy.ts: 4ms, render: 60ms)
 GET /test-phase-transition 200 in 45ms (compile: 4ms, proxy.ts: 7ms, render: 34ms)
 GET /test-phase-transition 200 in 59ms (compile: 5ms, proxy.ts: 7ms, render: 48ms)
 GET /test-phase-transition 200 in 60ms (compile: 5ms, proxy.ts: 5ms, render: 50ms)
 GET /test-phase-transition 200 in 78ms (compile: 4ms, proxy.ts: 5ms, render: 70ms)
 GET /test-phase-transition 200 in 85ms (compile: 4ms, proxy.ts: 9ms, render: 72ms)
 GET /test-phase-transition 200 in 61ms (compile: 5ms, proxy.ts: 7ms, render: 49ms)
 GET /test-phase-transition 200 in 80ms (compile: 4ms, proxy.ts: 8ms, render: 68ms)
 GET /test-phase-transition 200 in 60ms (compile: 22ms, proxy.ts: 8ms, render: 31ms)
 GET /test-phase-transition 200 in 36ms (compile: 5ms, proxy.ts: 8ms, render: 23ms)
 GET /test-phase-transition 200 in 59ms (compile: 7ms, proxy.ts: 4ms, render: 48ms)
 GET /test-phase-transition 200 in 38ms (compile: 5ms, proxy.ts: 5ms, render: 28ms)
 GET /test-phase-transition 200 in 40ms (compile: 6ms, proxy.ts: 8ms, render: 26ms)
 GET /test-phase-transition 200 in 56ms (compile: 4ms, proxy.ts: 5ms, render: 47ms)
 GET /test-phase-transition 200 in 36ms (compile: 6ms, proxy.ts: 5ms, render: 26ms)
 GET /test-phase-transition 200 in 59ms (compile: 5ms, proxy.ts: 6ms, render: 48ms)
 GET /test-phase-transition 200 in 61ms (compile: 5ms, proxy.ts: 5ms, render: 51ms)
 GET /test-phase-transition 200 in 61ms (compile: 4ms, proxy.ts: 6ms, render: 50ms)
 GET /test-phase-transition 200 in 62ms (compile: 4ms, proxy.ts: 7ms, render: 51ms)
 GET /test-phase-transition 200 in 60ms (compile: 6ms, proxy.ts: 7ms, render: 47ms)
 GET /test-phase-transition 200 in 60ms (compile: 4ms, proxy.ts: 6ms, render: 50ms)
 GET /test-phase-transition 200 in 72ms (compile: 5ms, proxy.ts: 7ms, render: 60ms)
 GET /test-phase-transition 200 in 60ms (compile: 4ms, proxy.ts: 6ms, render: 50ms)
 GET /test-phase-transition 200 in 59ms (compile: 3ms, proxy.ts: 6ms, render: 49ms)
 GET /test-phase-transition 200 in 36ms (compile: 4ms, proxy.ts: 6ms, render: 26ms)
 GET /test-phase-transition 200 in 32ms (compile: 7ms, proxy.ts: 5ms, render: 21ms)
 GET /test-phase-transition 200 in 26ms (compile: 3ms, proxy.ts: 4ms, render: 18ms)
 GET /test-phase-transition 200 in 28ms (compile: 5ms, proxy.ts: 4ms, render: 19ms)
 GET /test-phase-transition 200 in 33ms (compile: 4ms, proxy.ts: 7ms, render: 23ms)
 GET /test-phase-transition 200 in 30ms (compile: 5ms, proxy.ts: 3ms, render: 22ms)
 GET /test-phase-transition 200 in 47ms (compile: 4ms, proxy.ts: 6ms, render: 37ms)
 GET /test-phase-transition 200 in 41ms (compile: 3ms, proxy.ts: 3ms, render: 35ms)
 GET /test-phase-transition 200 in 40ms (compile: 3ms, proxy.ts: 5ms, render: 32ms)
 GET /test-phase-transition 200 in 25ms (compile: 2ms, proxy.ts: 4ms, render: 19ms)
 GET /test-phase-transition 200 in 30ms (compile: 3ms, proxy.ts: 4ms, render: 23ms)
 GET /test-phase-transition 200 in 40ms (compile: 4ms, proxy.ts: 4ms, render: 32ms)
 GET /test-phase-transition 200 in 26ms (compile: 2ms, proxy.ts: 5ms, render: 18ms)
 GET /test-phase-transition 200 in 26ms (compile: 2ms, proxy.ts: 5ms, render: 18ms)
 GET /test-phase-transition 200 in 39ms (compile: 10ms, proxy.ts: 5ms, render: 23ms)
 GET /test-phase-transition 200 in 31ms (compile: 6ms, proxy.ts: 4ms, render: 21ms)
 GET /test-phase-transition 200 in 25ms (compile: 3ms, proxy.ts: 4ms, render: 17ms)
 GET /test-phase-transition 200 in 30ms (compile: 4ms, proxy.ts: 5ms, render: 21ms)
 GET /test-phase-transition 200 in 27ms (compile: 4ms, proxy.ts: 5ms, render: 19ms)
 GET /test-phase-transition 200 in 27ms (compile: 4ms, proxy.ts: 4ms, render: 19ms)
 GET /test-phase-transition 200 in 36ms (compile: 5ms, proxy.ts: 4ms, render: 28ms)
 GET /test-phase-transition 200 in 55ms (compile: 4ms, proxy.ts: 8ms, render: 43ms)
 GET /test-phase-transition 200 in 39ms (compile: 3ms, proxy.ts: 8ms, render: 28ms)
 GET /test-phase-transition 200 in 40ms (compile: 6ms, proxy.ts: 7ms, render: 27ms)
 GET /test-phase-transition 200 in 60ms (compile: 7ms, proxy.ts: 5ms, render: 48ms)
 GET /test-phase-transition 200 in 38ms (compile: 6ms, proxy.ts: 5ms, render: 27ms)
 GET /test-phase-transition 200 in 59ms (compile: 6ms, proxy.ts: 6ms, render: 47ms)
 GET /test-phase-transition 200 in 59ms (compile: 4ms, proxy.ts: 6ms, render: 48ms)
 GET /test-phase-transition 200 in 55ms (compile: 4ms, proxy.ts: 6ms, render: 45ms)
 GET /test-phase-transition 200 in 69ms (compile: 3ms, proxy.ts: 7ms, render: 59ms)
 GET /test-phase-transition 200 in 73ms (compile: 4ms, proxy.ts: 5ms, render: 64ms)
 GET /test-phase-transition 200 in 76ms (compile: 4ms, proxy.ts: 7ms, render: 65ms)
 GET /test-phase-transition 200 in 74ms (compile: 6ms, proxy.ts: 8ms, render: 60ms)
 GET /test-phase-transition 200 in 63ms (compile: 6ms, proxy.ts: 10ms, render: 47ms)
 GET /test-phase-transition 200 in 60ms (compile: 3ms, proxy.ts: 5ms, render: 51ms)
 GET /test-phase-transition 200 in 38ms (compile: 5ms, proxy.ts: 6ms, render: 27ms)
 GET /test-phase-transition 200 in 60ms (compile: 5ms, proxy.ts: 5ms, render: 50ms)
 GET /test-phase-transition 200 in 64ms (compile: 4ms, proxy.ts: 5ms, render: 54ms)
 GET /test-phase-transition 200 in 64ms (compile: 4ms, proxy.ts: 5ms, render: 54ms)
 GET /test-phase-transition 200 in 62ms (compile: 4ms, proxy.ts: 5ms, render: 54ms)
 GET /test-phase-transition 200 in 38ms (compile: 4ms, proxy.ts: 7ms, render: 26ms)
 GET /test-phase-transition 200 in 59ms (compile: 4ms, proxy.ts: 7ms, render: 48ms)
 GET /test-phase-transition 200 in 67ms (compile: 5ms, proxy.ts: 6ms, render: 57ms)
 GET /test-phase-transition 200 in 63ms (compile: 4ms, proxy.ts: 9ms, render: 50ms)
 GET /test-phase-transition 200 in 59ms (compile: 4ms, proxy.ts: 7ms, render: 48ms)
 GET /test-phase-transition 200 in 63ms (compile: 6ms, proxy.ts: 5ms, render: 52ms)
 GET /test-phase-transition 200 in 74ms (compile: 5ms, proxy.ts: 7ms, render: 63ms)
 GET /test-phase-transition 200 in 51ms (compile: 5ms, proxy.ts: 14ms, render: 32ms)
 GET /test-phase-transition 200 in 60ms (compile: 6ms, proxy.ts: 9ms, render: 45ms)
 GET /test-phase-transition 200 in 59ms (compile: 4ms, proxy.ts: 7ms, render: 48ms)
 GET /test-phase-transition 200 in 38ms (compile: 5ms, proxy.ts: 5ms, render: 29ms)
 GET /test-phase-transition 200 in 79ms (compile: 9ms, proxy.ts: 6ms, render: 65ms)
 GET /test-phase-transition 200 in 71ms (compile: 6ms, proxy.ts: 7ms, render: 58ms)
 GET /test-phase-transition 200 in 60ms (compile: 4ms, proxy.ts: 6ms, render: 50ms)
 GET /test-phase-transition 200 in 41ms (compile: 5ms, proxy.ts: 7ms, render: 29ms)
 GET /test-phase-transition 200 in 41ms (compile: 6ms, proxy.ts: 7ms, render: 28ms)
 GET /test-phase-transition 200 in 31ms (compile: 4ms, proxy.ts: 6ms, render: 20ms)
 GET /test-phase-transition 200 in 57ms (compile: 3ms, proxy.ts: 7ms, render: 47ms)
 GET /test-phase-transition 200 in 66ms (compile: 5ms, proxy.ts: 5ms, render: 56ms)
 GET /test-phase-transition 200 in 65ms (compile: 6ms, proxy.ts: 10ms, render: 49ms)
 GET /test-phase-transition 200 in 38ms (compile: 5ms, proxy.ts: 5ms, render: 28ms)
 GET /test-phase-transition 200 in 41ms (compile: 5ms, proxy.ts: 5ms, render: 31ms)
 GET /test-phase-transition 200 in 72ms (compile: 7ms, proxy.ts: 7ms, render: 59ms)
 GET /test-phase-transition 200 in 52ms (compile: 5ms, proxy.ts: 6ms, render: 42ms)
 GET /test-phase-transition 200 in 73ms (compile: 6ms, proxy.ts: 8ms, render: 59ms)
 GET /test-phase-transition 200 in 64ms (compile: 5ms, proxy.ts: 7ms, render: 52ms)
 GET /test-phase-transition 200 in 63ms (compile: 4ms, proxy.ts: 7ms, render: 52ms)
 GET /test-phase-transition 200 in 66ms (compile: 4ms, proxy.ts: 8ms, render: 54ms)
 GET /test-phase-transition 200 in 66ms (compile: 6ms, proxy.ts: 8ms, render: 53ms)
 GET /test-phase-transition 200 in 69ms (compile: 5ms, proxy.ts: 9ms, render: 54ms)
 GET /test-phase-transition 200 in 64ms (compile: 4ms, proxy.ts: 7ms, render: 53ms)
 GET /test-phase-transition 200 in 60ms (compile: 4ms, proxy.ts: 7ms, render: 48ms)
 GET /test-phase-transition 200 in 68ms (compile: 4ms, proxy.ts: 5ms, render: 59ms)
 GET /test-phase-transition 200 in 53ms (compile: 5ms, proxy.ts: 13ms, render: 35ms)
 GET /test-phase-transition 200 in 68ms (compile: 5ms, proxy.ts: 8ms, render: 55ms)
 GET /test-phase-transition 200 in 80ms (compile: 6ms, proxy.ts: 7ms, render: 68ms)
 GET /test-phase-transition 200 in 75ms (compile: 10ms, proxy.ts: 8ms, render: 57ms)
 GET /test-phase-transition 200 in 64ms (compile: 4ms, proxy.ts: 9ms, render: 52ms)
 GET /test-phase-transition 200 in 71ms (compile: 3ms, proxy.ts: 7ms, render: 61ms)
 GET /test-phase-transition 200 in 76ms (compile: 4ms, proxy.ts: 7ms, render: 66ms)
 GET /test-phase-transition 200 in 71ms (compile: 6ms, proxy.ts: 8ms, render: 57ms)
 GET /test-phase-transition 200 in 67ms (compile: 6ms, proxy.ts: 5ms, render: 56ms)
 GET /test-phase-transition 200 in 62ms (compile: 6ms, proxy.ts: 7ms, render: 49ms)
 GET /test-phase-transition 200 in 59ms (compile: 5ms, proxy.ts: 6ms, render: 48ms)
 GET /test-phase-transition 200 in 62ms (compile: 4ms, proxy.ts: 5ms, render: 53ms)
 GET /test-phase-transition 200 in 38ms (compile: 4ms, proxy.ts: 5ms, render: 29ms)
 GET /test-phase-transition 200 in 60ms (compile: 6ms, proxy.ts: 7ms, render: 47ms)
 GET /test-phase-transition 200 in 39ms (compile: 4ms, proxy.ts: 6ms, render: 30ms)
 GET /test-phase-transition 200 in 35ms (compile: 6ms, proxy.ts: 7ms, render: 22ms)
 GET /test-phase-transition 200 in 39ms (compile: 5ms, proxy.ts: 7ms, render: 28ms)
 GET /test-phase-transition 200 in 60ms (compile: 7ms, proxy.ts: 5ms, render: 48ms)
 GET /test-phase-transition 200 in 71ms (compile: 5ms, proxy.ts: 6ms, render: 60ms)
 GET /test-phase-transition 200 in 49ms (compile: 9ms, proxy.ts: 4ms, render: 36ms)
 GET /test-phase-transition 200 in 38ms (compile: 6ms, proxy.ts: 7ms, render: 26ms)
 GET /test-phase-transition 200 in 39ms (compile: 7ms, proxy.ts: 6ms, render: 27ms)
 GET /test-phase-transition 200 in 48ms (compile: 6ms, proxy.ts: 5ms, render: 37ms)
⨯ Error: ENOENT: no such file or directory, open 'C:\Users\janpa\cd\development\fin\.next\dev\routes-manifest.json'
    at ignore-listed frames {
  errno: -4058,
  code: 'ENOENT',
  syscall: 'open',
  path: 'C:\\Users\\janpa\\cd\\development\\fin\\.next\\dev\\routes-manifest.json',
  page: '/test-phase-transition'
}
 GET /test-phase-transition 200 in 353ms (compile: 13ms, proxy.ts: 6ms, render: 333ms)
⨯ Error: ENOENT: no such file or directory, open 'C:\Users\janpa\cd\development\fin\.next\dev\static\development\_buildManifest.js.tmp.yx6cauhxtxm'
    at ignore-listed frames {
  errno: -4058,
  code: 'ENOENT',
  syscall: 'open',
  path: 'C:\\Users\\janpa\\cd\\development\\fin\\.next\\dev\\static\\development\\_buildManifest.js.tmp.yx6cauhxtxm'
}
Error: ENOENT: no such file or directory, open 'C:\Users\janpa\cd\development\fin\.next\dev\routes-manifest.json'
    at ignore-listed frames {
  errno: -4058,
  code: 'ENOENT',
  syscall: 'open',
  path: 'C:\\Users\\janpa\\cd\\development\\fin\\.next\\dev\\routes-manifest.json',
  page: '/test-phase-transition'
}
⨯ Error: Cannot find module '../chunks/ssr/[turbopack]_runtime.js'
Require stack:
- C:\Users\janpa\cd\development\fin\.next\dev\server\pages\_document.js
- C:\Users\janpa\cd\development\fin\node_modules\next\dist\server\require.js
- C:\Users\janpa\cd\development\fin\node_modules\next\dist\server\load-components.js
- C:\Users\janpa\cd\development\fin\node_modules\next\dist\build\utils.js
- C:\Users\janpa\cd\development\fin\node_modules\next\dist\build\swc\options.js
- C:\Users\janpa\cd\development\fin\node_modules\next\dist\build\swc\index.js
- C:\Users\janpa\cd\development\fin\node_modules\next\dist\build\next-config-ts\transpile-config.js
- C:\Users\janpa\cd\development\fin\node_modules\next\dist\server\config.js
- C:\Users\janpa\cd\development\fin\node_modules\next\dist\server\next.js
- C:\Users\janpa\cd\development\fin\node_modules\next\dist\server\lib\start-server.js
    at Object.<anonymous> (C:\Users\janpa\cd\development\fin\.next\dev\server\pages\_document.js:1:7) {
  code: 'MODULE_NOT_FOUND',
  requireStack: [Array]
}
Error: ENOENT: no such file or directory, open 'C:\Users\janpa\cd\development\fin\.next\dev\routes-manifest.json'
    at ignore-listed frames {
  errno: -4058,
  code: 'ENOENT',
  syscall: 'open',
  path: 'C:\\Users\\janpa\\cd\\development\\fin\\.next\\dev\\routes-manifest.json'
}
 GET /test-phase-transition 500 in 1577ms (compile: 1553ms, proxy.ts: 9ms, render: 14ms)
 GET /test-phase-transition 500 in 1577ms (compile: 1553ms, proxy.ts: 9ms, render: 14ms)
⨯ Error: ENOENT: no such file or directory, open 'C:\Users\janpa\cd\development\fin\.next\dev\server\app\test-phase-transition\page\build-manifest.json'
    at ignore-listed frames {
  errno: -4058,
  code: 'ENOENT',
  syscall: 'open',
  path: 'C:\\Users\\janpa\\cd\\development\\fin\\.next\\dev\\server\\app\\test-phase-transition\\page\\build-manifest.json'
}
⨯ Error: Cannot find module '../chunks/ssr/[turbopack]_runtime.js'
Require stack:
- C:\Users\janpa\cd\development\fin\.next\dev\server\pages\_document.js
- C:\Users\janpa\cd\development\fin\node_modules\next\dist\server\require.js
- C:\Users\janpa\cd\development\fin\node_modules\next\dist\server\load-components.js
- C:\Users\janpa\cd\development\fin\node_modules\next\dist\build\utils.js
- C:\Users\janpa\cd\development\fin\node_modules\next\dist\build\swc\options.js
- C:\Users\janpa\cd\development\fin\node_modules\next\dist\build\swc\index.js
- C:\Users\janpa\cd\development\fin\node_modules\next\dist\build\next-config-ts\transpile-config.js
- C:\Users\janpa\cd\development\fin\node_modules\next\dist\server\config.js
- C:\Users\janpa\cd\development\fin\node_modules\next\dist\server\next.js
- C:\Users\janpa\cd\development\fin\node_modules\next\dist\server\lib\start-server.js
    at Object.<anonymous> (C:\Users\janpa\cd\development\fin\.next\dev\server\pages\_document.js:1:7) {
  code: 'MODULE_NOT_FOUND',
  requireStack: [Array]
}
⨯ Error: ENOENT: no such file or directory, open 'C:\Users\janpa\cd\development\fin\.next\dev\server\app\test-phase-transition\page\build-manifest.json'
    at ignore-listed frames {
  errno: -4058,
  code: 'ENOENT',
  syscall: 'open',
  path: 'C:\\Users\\janpa\\cd\\development\\fin\\.next\\dev\\server\\app\\test-phase-transition\\page\\build-manifest.json'
}
Error: ENOENT: no such file or directory, open 'C:\Users\janpa\cd\development\fin\.next\dev\server\app\test-phase-transition\page\build-manifest.json'
    at ignore-listed frames {
  errno: -4058,
  code: 'ENOENT',
  syscall: 'open',
  path: 'C:\\Users\\janpa\\cd\\development\\fin\\.next\\dev\\server\\app\\test-phase-transition\\page\\build-manifest.json'
}
⨯ Error: Cannot find module '../chunks/ssr/[turbopack]_runtime.js'
Require stack:
- C:\Users\janpa\cd\development\fin\.next\dev\server\pages\_document.js
- C:\Users\janpa\cd\development\fin\node_modules\next\dist\server\require.js
- C:\Users\janpa\cd\development\fin\node_modules\next\dist\server\load-components.js
- C:\Users\janpa\cd\development\fin\node_modules\next\dist\build\utils.js
- C:\Users\janpa\cd\development\fin\node_modules\next\dist\build\swc\options.js
- C:\Users\janpa\cd\development\fin\node_modules\next\dist\build\swc\index.js
- C:\Users\janpa\cd\development\fin\node_modules\next\dist\build\next-config-ts\transpile-config.js
- C:\Users\janpa\cd\development\fin\node_modules\next\dist\server\config.js
- C:\Users\janpa\cd\development\fin\node_modules\next\dist\server\next.js
- C:\Users\janpa\cd\development\fin\node_modules\next\dist\server\lib\start-server.js
    at Object.<anonymous> (C:\Users\janpa\cd\development\fin\.next\dev\server\pages\_document.js:1:7) {
  code: 'MODULE_NOT_FOUND',
  requireStack: [Array]
}
⨯ Error: Cannot find module '../chunks/ssr/[turbopack]_runtime.js'
Require stack:
- C:\Users\janpa\cd\development\fin\.next\dev\server\pages\_document.js
- C:\Users\janpa\cd\development\fin\node_modules\next\dist\server\require.js
- C:\Users\janpa\cd\development\fin\node_modules\next\dist\server\load-components.js
- C:\Users\janpa\cd\development\fin\node_modules\next\dist\build\utils.js
- C:\Users\janpa\cd\development\fin\node_modules\next\dist\build\swc\options.js
- C:\Users\janpa\cd\development\fin\node_modules\next\dist\build\swc\index.js
- C:\Users\janpa\cd\development\fin\node_modules\next\dist\build\next-config-ts\transpile-config.js
- C:\Users\janpa\cd\development\fin\node_modules\next\dist\server\config.js
- C:\Users\janpa\cd\development\fin\node_modules\next\dist\server\next.js
- C:\Users\janpa\cd\development\fin\node_modules\next\dist\server\lib\start-server.js
    at Object.<anonymous> (C:\Users\janpa\cd\development\fin\.next\dev\server\pages\_document.js:1:7) {
  code: 'MODULE_NOT_FOUND',
  requireStack: [Array]
}
Error: ENOENT: no such file or directory, open 'C:\Users\janpa\cd\development\fin\.next\dev\server\app\test-phase-transition\page\build-manifest.json'
    at ignore-listed frames {
  errno: -4058,
  code: 'ENOENT',
  syscall: 'open',
  path: 'C:\\Users\\janpa\\cd\\development\\fin\\.next\\dev\\server\\app\\test-phase-transition\\page\\build-manifest.json'
}
Error: ENOENT: no such file or directory, open 'C:\Users\janpa\cd\development\fin\.next\dev\routes-manifest.json'
    at ignore-listed frames {
  errno: -4058,
  code: 'ENOENT',
  syscall: 'open',
  path: 'C:\\Users\\janpa\\cd\\development\\fin\\.next\\dev\\routes-manifest.json'
}
 GET /test-phase-transition 500 in 202ms (compile: 158ms, proxy.ts: 31ms, render: 13ms)
 GET /test-phase-transition 500 in 202ms (compile: 158ms, proxy.ts: 31ms, render: 13ms)
⨯ Error: Cannot find module '../chunks/ssr/[turbopack]_runtime.js'
Require stack:
- C:\Users\janpa\cd\development\fin\.next\dev\server\pages\_document.js
- C:\Users\janpa\cd\development\fin\node_modules\next\dist\server\require.js
- C:\Users\janpa\cd\development\fin\node_modules\next\dist\server\load-components.js
- C:\Users\janpa\cd\development\fin\node_modules\next\dist\build\utils.js
- C:\Users\janpa\cd\development\fin\node_modules\next\dist\build\swc\options.js
- C:\Users\janpa\cd\development\fin\node_modules\next\dist\build\swc\index.js
- C:\Users\janpa\cd\development\fin\node_modules\next\dist\build\next-config-ts\transpile-config.js
- C:\Users\janpa\cd\development\fin\node_modules\next\dist\server\config.js
- C:\Users\janpa\cd\development\fin\node_modules\next\dist\server\next.js
- C:\Users\janpa\cd\development\fin\node_modules\next\dist\server\lib\start-server.js
    at Object.<anonymous> (C:\Users\janpa\cd\development\fin\.next\dev\server\pages\_document.js:1:7) {
  code: 'MODULE_NOT_FOUND',
  requireStack: [Array]
}
Error: ENOENT: no such file or directory, open 'C:\Users\janpa\cd\development\fin\.next\dev\routes-manifest.json'
    at ignore-listed frames {
  errno: -4058,
  code: 'ENOENT',
  syscall: 'open',
  path: 'C:\\Users\\janpa\\cd\\development\\fin\\.next\\dev\\routes-manifest.json'
}
 GET /test-phase-transition 500 in 216ms (compile: 179ms, proxy.ts: 24ms, render: 13ms)
 GET /test-phase-transition 500 in 216ms (compile: 179ms, proxy.ts: 24ms, render: 13ms)
⨯ Error: ENOENT: no such file or directory, open 'C:\Users\janpa\cd\development\fin\.next\dev\server\app\login\page\build-manifest.json'
    at ignore-listed frames {
  errno: -4058,
  code: 'ENOENT',
  syscall: 'open',
  path: 'C:\\Users\\janpa\\cd\\development\\fin\\.next\\dev\\server\\app\\login\\page\\build-manifest.json'
}
⨯ Error: ENOENT: no such file or directory, open 'C:\Users\janpa\cd\development\fin\.next\dev\server\pages\_app\build-manifest.json'
    at ignore-listed frames {
  errno: -4058,
  code: 'ENOENT',
  syscall: 'open',
  path: 'C:\\Users\\janpa\\cd\\development\\fin\\.next\\dev\\server\\pages\\_app\\build-manifest.json'
}
Error: ENOENT: no such file or directory, open 'C:\Users\janpa\cd\development\fin\.next\dev\server\app\login\page\build-manifest.json'
    at ignore-listed frames {
  errno: -4058,
  code: 'ENOENT',
  syscall: 'open',
  path: 'C:\\Users\\janpa\\cd\\development\\fin\\.next\\dev\\server\\app\\login\\page\\build-manifest.json'
}
⨯ Error: ENOENT: no such file or directory, open 'C:\Users\janpa\cd\development\fin\.next\dev\server\pages\_app\build-manifest.json'
    at ignore-listed frames {
  errno: -4058,
  code: 'ENOENT',
  syscall: 'open',
  path: 'C:\\Users\\janpa\\cd\\development\\fin\\.next\\dev\\server\\pages\\_app\\build-manifest.json'
}
Error: ENOENT: no such file or directory, open 'C:\Users\janpa\cd\development\fin\.next\dev\server\pages\_app\build-manifest.json'
    at ignore-listed frames {
  errno: -4058,
  code: 'ENOENT',
  syscall: 'open',
  path: 'C:\\Users\\janpa\\cd\\development\\fin\\.next\\dev\\server\\pages\\_app\\build-manifest.json'
}
⨯ Error: ENOENT: no such file or directory, open 'C:\Users\janpa\cd\development\fin\.next\dev\server\app\login\page\build-manifest.json'
    at ignore-listed frames {
  errno: -4058,
  code: 'ENOENT',
  syscall: 'open',
  path: 'C:\\Users\\janpa\\cd\\development\\fin\\.next\\dev\\server\\app\\login\\page\\build-manifest.json'
}
⨯ Error: ENOENT: no such file or directory, open 'C:\Users\janpa\cd\development\fin\.next\dev\server\pages\_app\build-manifest.json'
    at ignore-listed frames {
  errno: -4058,
  code: 'ENOENT',
  syscall: 'open',
  path: 'C:\\Users\\janpa\\cd\\development\\fin\\.next\\dev\\server\\pages\\_app\\build-manifest.json'
}
Error: ENOENT: no such file or directory, open 'C:\Users\janpa\cd\development\fin\.next\dev\server\app\login\page\build-manifest.json'
    at ignore-listed frames {
  errno: -4058,
  code: 'ENOENT',
  syscall: 'open',
  path: 'C:\\Users\\janpa\\cd\\development\\fin\\.next\\dev\\server\\app\\login\\page\\build-manifest.json'
}
⨯ Error: ENOENT: no such file or directory, open 'C:\Users\janpa\cd\development\fin\.next\dev\server\app\login\page\build-manifest.json'
    at ignore-listed frames {
  errno: -4058,
  code: 'ENOENT',
  syscall: 'open',
  path: 'C:\\Users\\janpa\\cd\\development\\fin\\.next\\dev\\server\\app\\login\\page\\build-manifest.json'
}
⨯ Error: ENOENT: no such file or directory, open 'C:\Users\janpa\cd\development\fin\.next\dev\server\pages\_app\build-manifest.json'
    at ignore-listed frames {
  errno: -4058,
  code: 'ENOENT',
  syscall: 'open',
  path: 'C:\\Users\\janpa\\cd\\development\\fin\\.next\\dev\\server\\pages\\_app\\build-manifest.json'
}
⨯ Error: ENOENT: no such file or directory, open 'C:\Users\janpa\cd\development\fin\.next\dev\server\pages\_app\build-manifest.json'
    at ignore-listed frames {
  errno: -4058,
  code: 'ENOENT',
  syscall: 'open',
  path: 'C:\\Users\\janpa\\cd\\development\\fin\\.next\\dev\\server\\pages\\_app\\build-manifest.json'
}
Error: ENOENT: no such file or directory, open 'C:\Users\janpa\cd\development\fin\.next\dev\server\pages\_app\build-manifest.json'
    at ignore-listed frames {
  errno: -4058,
  code: 'ENOENT',
  syscall: 'open',
  path: 'C:\\Users\\janpa\\cd\\development\\fin\\.next\\dev\\server\\pages\\_app\\build-manifest.json'
}
Error: ENOENT: no such file or directory, open 'C:\Users\janpa\cd\development\fin\.next\dev\server\app\login\page\build-manifest.json'
    at ignore-listed frames {
  errno: -4058,
  code: 'ENOENT',
  syscall: 'open',
  path: 'C:\\Users\\janpa\\cd\\development\\fin\\.next\\dev\\server\\app\\login\\page\\build-manifest.json'
}
⨯ Error: ENOENT: no such file or directory, open 'C:\Users\janpa\cd\development\fin\.next\dev\server\pages\_app\build-manifest.json'
    at ignore-listed frames {
  errno: -4058,
  code: 'ENOENT',
  syscall: 'open',
  path: 'C:\\Users\\janpa\\cd\\development\\fin\\.next\\dev\\server\\pages\\_app\\build-manifest.json'
}
Error: ENOENT: no such file or directory, open 'C:\Users\janpa\cd\development\fin\.next\dev\server\pages\_app\build-manifest.json'
    at ignore-listed frames {
  errno: -4058,
  code: 'ENOENT',
  syscall: 'open',
  path: 'C:\\Users\\janpa\\cd\\development\\fin\\.next\\dev\\server\\pages\\_app\\build-manifest.json'
}
⨯ Error: ENOENT: no such file or directory, open 'C:\Users\janpa\cd\development\fin\.next\dev\server\app\login\page\build-manifest.json'
    at ignore-listed frames {
  errno: -4058,
  code: 'ENOENT',
  syscall: 'open',
  path: 'C:\\Users\\janpa\\cd\\development\\fin\\.next\\dev\\server\\app\\login\\page\\build-manifest.json'
}
⨯ Error: ENOENT: no such file or directory, open 'C:\Users\janpa\cd\development\fin\.next\dev\server\pages\_app\build-manifest.json'
    at ignore-listed frames {
  errno: -4058,
  code: 'ENOENT',
  syscall: 'open',
  path: 'C:\\Users\\janpa\\cd\\development\\fin\\.next\\dev\\server\\pages\\_app\\build-manifest.json'
}
Error: ENOENT: no such file or directory, open 'C:\Users\janpa\cd\development\fin\.next\dev\server\app\login\page\build-manifest.json'
    at ignore-listed frames {
  errno: -4058,
  code: 'ENOENT',
  syscall: 'open',
  path: 'C:\\Users\\janpa\\cd\\development\\fin\\.next\\dev\\server\\app\\login\\page\\build-manifest.json'
}
⨯ Error: ENOENT: no such file or directory, open 'C:\Users\janpa\cd\development\fin\.next\dev\server\pages\_app\build-manifest.json'
    at ignore-listed frames {
  errno: -4058,
  code: 'ENOENT',
  syscall: 'open',
  path: 'C:\\Users\\janpa\\cd\\development\\fin\\.next\\dev\\server\\pages\\_app\\build-manifest.json'
}
Error: ENOENT: no such file or directory, open 'C:\Users\janpa\cd\development\fin\.next\dev\server\pages\_app\build-manifest.json'
    at ignore-listed frames {
  errno: -4058,
  code: 'ENOENT',
  syscall: 'open',
  path: 'C:\\Users\\janpa\\cd\\development\\fin\\.next\\dev\\server\\pages\\_app\\build-manifest.json'
}
✓ Compiled in 990ms
 GET /api/verify-onboarding-reset 200 in 1489ms (compile: 313ms, proxy.ts: 54ms, render: 1122ms)
✓ Compiled in 645ms
 GET /test-onboarding-reset 200 in 864ms (compile: 551ms, proxy.ts: 231ms, render: 83ms)
 GET /api/verify-onboarding-reset 200 in 795ms (compile: 12ms, proxy.ts: 9ms, render: 774ms)
✓ Compiled in 781ms
✓ Compiled in 714ms
 GET /dashboard 200 in 3.2s (compile: 1414ms, proxy.ts: 166ms, render: 1631ms)
 POST /api/badges/evaluate 200 in 760ms (compile: 237ms, proxy.ts: 8ms, render: 515ms)
 GET /identity 200 in 826ms (compile: 798ms, proxy.ts: 7ms, render: 20ms)
 GET /api/badges 200 in 519ms (compile: 187ms, proxy.ts: 7ms, render: 325ms)
 GET /api/badges 200 in 231ms (compile: 4ms, proxy.ts: 12ms, render: 215ms)
 GET /dashboard 200 in 430ms (compile: 5ms, proxy.ts: 11ms, render: 414ms)
