▲ Next.js 16.1.6 (Turbopack)
- Local:         http://localhost:3155
- Network:       http://192.168.86.37:3155
- Environments: .env.local
- Experiments (use with caution):
  ⨯ turbopackFileSystemCacheForDev

✓ Starting...
✓ Ready in 1929ms
 GET /api/health 200 in 787ms (compile: 352ms, proxy.ts: 127ms, render: 308ms)
 GET /login 200 in 2.6s (compile: 2.3s, proxy.ts: 5ms, render: 239ms)
 GET /test-debt-crud 200 in 848ms (compile: 775ms, proxy.ts: 8ms, render: 65ms)
 GET /test-debt-crud 404 in 484ms (compile: 425ms, proxy.ts: 7ms, render: 52ms)
⨯ Error: ENOENT: no such file or directory, open 'C:\Users\janpa\cd\development\fin\.next\dev\server\app\test-debt-crud\page\build-manifest.json'
    at ignore-listed frames {
  errno: -4058,
  code: 'ENOENT',
  syscall: 'open',
  path: 'C:\\Users\\janpa\\cd\\development\\fin\\.next\\dev\\server\\app\\test-debt-crud\\page\\build-manifest.json'
}
 GET /test-debt-crud 500 in 1080ms (compile: 941ms, proxy.ts: 9ms, render: 131ms)
Terminated
