▲ Next.js 16.1.6 (Turbopack)
- Local:         http://localhost:3000
- Network:       http://192.168.86.37:3000
- Environments: .env.local
- Experiments (use with caution):
  ⨯ turbopackFileSystemCacheForDev

✓ Starting...
✓ Ready in 1079ms
 GET /api/health 200 in 718ms (compile: 359ms, proxy.ts: 133ms, render: 226ms)
 GET /api/schema-check 200 in 1098ms (compile: 151ms, proxy.ts: 5ms, render: 942ms)
 GET / 200 in 2.6s (compile: 2.4s, proxy.ts: 16ms, render: 219ms)
 GET /login 200 in 734ms (compile: 600ms, proxy.ts: 7ms, render: 126ms)
 GET /test-rec-workflow 200 in 488ms (compile: 440ms, proxy.ts: 5ms, render: 42ms)
 GET /login 200 in 577ms (compile: 117ms, proxy.ts: 361ms, render: 99ms)
 GET /login 200 in 62ms (compile: 7ms, proxy.ts: 12ms, render: 44ms)
 GET /login 200 in 81ms (compile: 11ms, proxy.ts: 10ms, render: 60ms)
 GET /login 200 in 48ms (compile: 7ms, proxy.ts: 8ms, render: 33ms)
 GET /login 200 in 69ms (compile: 6ms, proxy.ts: 8ms, render: 55ms)
 GET /login 200 in 77ms (compile: 5ms, proxy.ts: 8ms, render: 64ms)
 GET /login 200 in 89ms (compile: 5ms, proxy.ts: 6ms, render: 78ms)
 GET /login 200 in 79ms (compile: 6ms, proxy.ts: 19ms, render: 53ms)
 GET /login 200 in 87ms (compile: 6ms, proxy.ts: 7ms, render: 74ms)
 GET /login 200 in 151ms (compile: 7ms, proxy.ts: 7ms, render: 137ms)
 GET /login 200 in 225ms (compile: 15ms, proxy.ts: 24ms, render: 186ms)
 GET /login 200 in 223ms (compile: 12ms, proxy.ts: 37ms, render: 173ms)
 GET /login 200 in 175ms (compile: 18ms, proxy.ts: 34ms, render: 124ms)
 GET /login 200 in 144ms (compile: 7ms, proxy.ts: 14ms, render: 123ms)
 GET /login 200 in 135ms (compile: 15ms, proxy.ts: 20ms, render: 100ms)
 GET /login 200 in 115ms (compile: 9ms, proxy.ts: 15ms, render: 90ms)
 GET /login 200 in 113ms (compile: 9ms, proxy.ts: 11ms, render: 93ms)
 GET /login 200 in 115ms (compile: 11ms, proxy.ts: 13ms, render: 90ms)
 GET /login 200 in 79ms (compile: 7ms, proxy.ts: 11ms, render: 61ms)
 GET /login 200 in 144ms (compile: 12ms, proxy.ts: 9ms, render: 123ms)
 GET /login 200 in 106ms (compile: 6ms, proxy.ts: 11ms, render: 90ms)
 GET /login 200 in 77ms (compile: 8ms, proxy.ts: 10ms, render: 59ms)
 GET /login 200 in 66ms (compile: 5ms, proxy.ts: 8ms, render: 53ms)
 GET /login 200 in 75ms (compile: 5ms, proxy.ts: 8ms, render: 63ms)
 GET /login 200 in 50ms (compile: 9ms, proxy.ts: 9ms, render: 33ms)
 GET /login 200 in 71ms (compile: 6ms, proxy.ts: 6ms, render: 58ms)
 GET /login 200 in 68ms (compile: 5ms, proxy.ts: 7ms, render: 56ms)
 GET /login 200 in 70ms (compile: 5ms, proxy.ts: 7ms, render: 58ms)
 GET /login 200 in 100ms (compile: 5ms, proxy.ts: 7ms, render: 88ms)
 GET /login 200 in 100ms (compile: 17ms, proxy.ts: 14ms, render: 70ms)
 GET /login 200 in 77ms (compile: 4ms, proxy.ts: 8ms, render: 65ms)
 GET /login 200 in 46ms (compile: 9ms, proxy.ts: 7ms, render: 30ms)
 GET /login 200 in 54ms (compile: 6ms, proxy.ts: 6ms, render: 41ms)
 GET /login 200 in 62ms (compile: 15ms, proxy.ts: 13ms, render: 34ms)
 GET /login 200 in 64ms (compile: 6ms, proxy.ts: 6ms, render: 52ms)
 GET /login 200 in 86ms (compile: 5ms, proxy.ts: 7ms, render: 74ms)
 GET /login 200 in 108ms (compile: 6ms, proxy.ts: 9ms, render: 93ms)
 GET /login 200 in 77ms (compile: 12ms, proxy.ts: 12ms, render: 52ms)
 GET /login 200 in 35ms (compile: 4ms, proxy.ts: 5ms, render: 25ms)
 GET /login 200 in 32ms (compile: 4ms, proxy.ts: 7ms, render: 21ms)
 GET /login 200 in 43ms (compile: 6ms, proxy.ts: 4ms, render: 33ms)
 GET /login 200 in 42ms (compile: 6ms, proxy.ts: 7ms, render: 29ms)
 GET /login 200 in 64ms (compile: 7ms, proxy.ts: 8ms, render: 49ms)
 GET /login 200 in 58ms (compile: 6ms, proxy.ts: 6ms, render: 46ms)
 GET /login 200 in 33ms (compile: 4ms, proxy.ts: 5ms, render: 23ms)
 GET /login 200 in 39ms (compile: 4ms, proxy.ts: 5ms, render: 29ms)
 GET /login 200 in 53ms (compile: 4ms, proxy.ts: 5ms, render: 43ms)
 GET /login 200 in 58ms (compile: 4ms, proxy.ts: 4ms, render: 49ms)
 GET /login 200 in 39ms (compile: 7ms, proxy.ts: 6ms, render: 27ms)
 GET /login 200 in 33ms (compile: 4ms, proxy.ts: 6ms, render: 22ms)
 GET /login 200 in 33ms (compile: 6ms, proxy.ts: 4ms, render: 23ms)
 GET /login 200 in 32ms (compile: 5ms, proxy.ts: 5ms, render: 22ms)
 GET /login 200 in 56ms (compile: 6ms, proxy.ts: 5ms, render: 46ms)
 GET /login 200 in 38ms (compile: 3ms, proxy.ts: 4ms, render: 32ms)
 GET /login 200 in 58ms (compile: 4ms, proxy.ts: 6ms, render: 48ms)
 GET /login 200 in 42ms (compile: 4ms, proxy.ts: 6ms, render: 32ms)
 GET /login 200 in 38ms (compile: 6ms, proxy.ts: 9ms, render: 23ms)
 GET /login 200 in 33ms (compile: 5ms, proxy.ts: 4ms, render: 24ms)
 GET /login 200 in 28ms (compile: 3ms, proxy.ts: 5ms, render: 20ms)
 GET /login 200 in 29ms (compile: 4ms, proxy.ts: 4ms, render: 21ms)
 GET /login 200 in 31ms (compile: 4ms, proxy.ts: 5ms, render: 22ms)
 GET /login 200 in 31ms (compile: 4ms, proxy.ts: 5ms, render: 23ms)
 GET /login 200 in 32ms (compile: 5ms, proxy.ts: 6ms, render: 22ms)
 GET /login 200 in 32ms (compile: 4ms, proxy.ts: 4ms, render: 24ms)
 GET /login 200 in 34ms (compile: 5ms, proxy.ts: 6ms, render: 23ms)
 GET /login 200 in 47ms (compile: 5ms, proxy.ts: 5ms, render: 37ms)
 GET /login 200 in 30ms (compile: 4ms, proxy.ts: 5ms, render: 21ms)
 GET /login 200 in 59ms (compile: 5ms, proxy.ts: 5ms, render: 50ms)
 GET /login 200 in 40ms (compile: 6ms, proxy.ts: 6ms, render: 28ms)
 GET /login 200 in 34ms (compile: 5ms, proxy.ts: 4ms, render: 24ms)
 GET /login 200 in 33ms (compile: 3ms, proxy.ts: 5ms, render: 24ms)
 GET /login 200 in 65ms (compile: 5ms, proxy.ts: 5ms, render: 55ms)
 GET /login 200 in 37ms (compile: 5ms, proxy.ts: 5ms, render: 27ms)
 GET /login 200 in 33ms (compile: 4ms, proxy.ts: 5ms, render: 24ms)
 GET /login 200 in 36ms (compile: 5ms, proxy.ts: 5ms, render: 27ms)
 GET /login 200 in 34ms (compile: 5ms, proxy.ts: 5ms, render: 24ms)
 GET /login 200 in 34ms (compile: 4ms, proxy.ts: 5ms, render: 25ms)
 GET /login 200 in 40ms (compile: 4ms, proxy.ts: 8ms, render: 29ms)
 GET /login 200 in 38ms (compile: 11ms, proxy.ts: 5ms, render: 22ms)
 GET /login 200 in 54ms (compile: 7ms, proxy.ts: 5ms, render: 41ms)
 GET /login 200 in 33ms (compile: 3ms, proxy.ts: 5ms, render: 25ms)
 GET /login 200 in 52ms (compile: 5ms, proxy.ts: 5ms, render: 42ms)
 GET /login 200 in 56ms (compile: 4ms, proxy.ts: 4ms, render: 49ms)
 GET /login 200 in 62ms (compile: 4ms, proxy.ts: 7ms, render: 51ms)
 GET /login 200 in 35ms (compile: 4ms, proxy.ts: 6ms, render: 24ms)
 GET /login 200 in 31ms (compile: 4ms, proxy.ts: 6ms, render: 22ms)
 GET /login 200 in 36ms (compile: 4ms, proxy.ts: 5ms, render: 27ms)
 GET /login 200 in 56ms (compile: 4ms, proxy.ts: 6ms, render: 47ms)
 GET /login 200 in 32ms (compile: 4ms, proxy.ts: 5ms, render: 23ms)
 GET /login 200 in 33ms (compile: 6ms, proxy.ts: 4ms, render: 22ms)
 GET /login 200 in 33ms (compile: 4ms, proxy.ts: 5ms, render: 24ms)
 GET /login 200 in 32ms (compile: 5ms, proxy.ts: 6ms, render: 21ms)
 GET /login 200 in 28ms (compile: 4ms, proxy.ts: 4ms, render: 19ms)
 GET /login 200 in 50ms (compile: 5ms, proxy.ts: 4ms, render: 42ms)
 GET /login 200 in 56ms (compile: 3ms, proxy.ts: 4ms, render: 49ms)
 GET /login 200 in 55ms (compile: 6ms, proxy.ts: 12ms, render: 37ms)
 GET /login 200 in 30ms (compile: 4ms, proxy.ts: 5ms, render: 21ms)
 GET /login 200 in 28ms (compile: 4ms, proxy.ts: 5ms, render: 19ms)
 GET /login 200 in 50ms (compile: 4ms, proxy.ts: 4ms, render: 42ms)
 GET /login 200 in 33ms (compile: 3ms, proxy.ts: 6ms, render: 25ms)
 GET /login 200 in 50ms (compile: 6ms, proxy.ts: 4ms, render: 40ms)
 GET /login 200 in 33ms (compile: 3ms, proxy.ts: 5ms, render: 25ms)
 GET /login 200 in 50ms (compile: 5ms, proxy.ts: 5ms, render: 39ms)
 GET /login 200 in 65ms (compile: 3ms, proxy.ts: 5ms, render: 57ms)
 GET /login 200 in 55ms (compile: 5ms, proxy.ts: 6ms, render: 44ms)
 GET /login 200 in 45ms (compile: 3ms, proxy.ts: 4ms, render: 37ms)
 GET /login 200 in 44ms (compile: 4ms, proxy.ts: 5ms, render: 35ms)
 GET /login 200 in 27ms (compile: 3ms, proxy.ts: 4ms, render: 20ms)
 GET /login 200 in 32ms (compile: 4ms, proxy.ts: 4ms, render: 25ms)
 GET /login 200 in 47ms (compile: 4ms, proxy.ts: 8ms, render: 36ms)
 GET /login 200 in 29ms (compile: 4ms, proxy.ts: 4ms, render: 21ms)
 GET /login 200 in 27ms (compile: 5ms, proxy.ts: 5ms, render: 17ms)
 GET /login 200 in 51ms (compile: 3ms, proxy.ts: 4ms, render: 44ms)
 GET /login 200 in 58ms (compile: 4ms, proxy.ts: 7ms, render: 48ms)
 GET /login 200 in 62ms (compile: 6ms, proxy.ts: 5ms, render: 50ms)
 GET /login 200 in 60ms (compile: 4ms, proxy.ts: 6ms, render: 50ms)
 GET /login 200 in 61ms (compile: 4ms, proxy.ts: 5ms, render: 52ms)
 GET /login 200 in 39ms (compile: 5ms, proxy.ts: 7ms, render: 28ms)
 GET /login 200 in 53ms (compile: 4ms, proxy.ts: 5ms, render: 44ms)
 GET /login 200 in 71ms (compile: 5ms, proxy.ts: 5ms, render: 60ms)
 GET /login 200 in 40ms (compile: 4ms, proxy.ts: 8ms, render: 28ms)
 GET /login 200 in 33ms (compile: 4ms, proxy.ts: 7ms, render: 22ms)
 GET /login 200 in 50ms (compile: 4ms, proxy.ts: 4ms, render: 41ms)
 GET /login 200 in 48ms (compile: 4ms, proxy.ts: 5ms, render: 39ms)
 GET /login 200 in 33ms (compile: 4ms, proxy.ts: 5ms, render: 23ms)
 GET /login 200 in 31ms (compile: 4ms, proxy.ts: 6ms, render: 21ms)
 GET /login 200 in 53ms (compile: 6ms, proxy.ts: 4ms, render: 43ms)
 GET /login 200 in 55ms (compile: 3ms, proxy.ts: 5ms, render: 47ms)
 GET /login 200 in 37ms (compile: 4ms, proxy.ts: 7ms, render: 27ms)
 GET /login 200 in 36ms (compile: 6ms, proxy.ts: 5ms, render: 24ms)
 GET /login 200 in 38ms (compile: 4ms, proxy.ts: 5ms, render: 28ms)
 GET /login 200 in 30ms (compile: 5ms, proxy.ts: 6ms, render: 19ms)
 GET /login 200 in 30ms (compile: 4ms, proxy.ts: 4ms, render: 21ms)
 GET /login 200 in 31ms (compile: 4ms, proxy.ts: 5ms, render: 22ms)
 GET /login 200 in 32ms (compile: 5ms, proxy.ts: 5ms, render: 23ms)
 GET /login 200 in 63ms (compile: 5ms, proxy.ts: 6ms, render: 52ms)
 GET /login 200 in 43ms (compile: 12ms, proxy.ts: 5ms, render: 25ms)
 GET /login 200 in 61ms (compile: 5ms, proxy.ts: 6ms, render: 51ms)
 GET /login 200 in 42ms (compile: 13ms, proxy.ts: 6ms, render: 22ms)
 GET /login 200 in 31ms (compile: 5ms, proxy.ts: 4ms, render: 22ms)
 GET /login 200 in 30ms (compile: 4ms, proxy.ts: 5ms, render: 21ms)
 GET /login 200 in 31ms (compile: 5ms, proxy.ts: 4ms, render: 21ms)
 GET /login 200 in 29ms (compile: 3ms, proxy.ts: 5ms, render: 21ms)
 GET /login 200 in 29ms (compile: 5ms, proxy.ts: 4ms, render: 20ms)
 GET /login 200 in 33ms (compile: 4ms, proxy.ts: 5ms, render: 24ms)
 GET /login 200 in 35ms (compile: 5ms, proxy.ts: 7ms, render: 23ms)
 GET /login 200 in 48ms (compile: 5ms, proxy.ts: 6ms, render: 37ms)
 GET /login 200 in 29ms (compile: 4ms, proxy.ts: 5ms, render: 21ms)
 GET /login 200 in 29ms (compile: 4ms, proxy.ts: 5ms, render: 21ms)
 GET /login 200 in 32ms (compile: 5ms, proxy.ts: 5ms, render: 22ms)
 GET /login 200 in 27ms (compile: 4ms, proxy.ts: 4ms, render: 19ms)
 GET /login 200 in 48ms (compile: 4ms, proxy.ts: 4ms, render: 40ms)
 GET /login 200 in 46ms (compile: 4ms, proxy.ts: 7ms, render: 35ms)
 GET /login 200 in 38ms (compile: 5ms, proxy.ts: 7ms, render: 27ms)
 GET /login 200 in 30ms (compile: 4ms, proxy.ts: 6ms, render: 21ms)
 GET /login 200 in 35ms (compile: 4ms, proxy.ts: 4ms, render: 27ms)
 GET /login 200 in 31ms (compile: 5ms, proxy.ts: 7ms, render: 19ms)
 GET /login 200 in 56ms (compile: 4ms, proxy.ts: 7ms, render: 46ms)
 GET /login 200 in 37ms (compile: 5ms, proxy.ts: 6ms, render: 25ms)
 GET /login 200 in 24ms (compile: 3ms, proxy.ts: 4ms, render: 16ms)
 GET /login 200 in 30ms (compile: 4ms, proxy.ts: 5ms, render: 21ms)
 GET /login 200 in 30ms (compile: 4ms, proxy.ts: 5ms, render: 21ms)
 GET /login 200 in 49ms (compile: 4ms, proxy.ts: 4ms, render: 41ms)
 GET /login 200 in 33ms (compile: 4ms, proxy.ts: 7ms, render: 22ms)
 GET /login 200 in 31ms (compile: 4ms, proxy.ts: 4ms, render: 23ms)
 GET /login 200 in 31ms (compile: 4ms, proxy.ts: 6ms, render: 21ms)
 GET /login 200 in 31ms (compile: 5ms, proxy.ts: 5ms, render: 21ms)
 GET /login 200 in 31ms (compile: 4ms, proxy.ts: 5ms, render: 22ms)
 GET /login 200 in 42ms (compile: 5ms, proxy.ts: 5ms, render: 32ms)
 GET /login 200 in 45ms (compile: 4ms, proxy.ts: 15ms, render: 26ms)
 GET /login 200 in 36ms (compile: 5ms, proxy.ts: 7ms, render: 24ms)
 GET /login 200 in 27ms (compile: 4ms, proxy.ts: 5ms, render: 19ms)
 GET /login 200 in 29ms (compile: 3ms, proxy.ts: 4ms, render: 21ms)
 GET /login 200 in 43ms (compile: 4ms, proxy.ts: 5ms, render: 35ms)
 GET /login 200 in 28ms (compile: 3ms, proxy.ts: 5ms, render: 20ms)
 GET /login 200 in 25ms (compile: 3ms, proxy.ts: 4ms, render: 18ms)
 GET /login 200 in 33ms (compile: 3ms, proxy.ts: 7ms, render: 22ms)
 GET /login 200 in 32ms (compile: 3ms, proxy.ts: 6ms, render: 23ms)
 GET /login 200 in 30ms (compile: 3ms, proxy.ts: 5ms, render: 21ms)
 GET /login 200 in 27ms (compile: 5ms, proxy.ts: 4ms, render: 18ms)
 GET /login 200 in 28ms (compile: 4ms, proxy.ts: 4ms, render: 20ms)
 GET /login 200 in 34ms (compile: 5ms, proxy.ts: 5ms, render: 23ms)
 GET /login 200 in 29ms (compile: 5ms, proxy.ts: 5ms, render: 19ms)
 GET /login 200 in 27ms (compile: 3ms, proxy.ts: 4ms, render: 20ms)
 GET /login 200 in 36ms (compile: 4ms, proxy.ts: 4ms, render: 28ms)
 GET /login 200 in 39ms (compile: 13ms, proxy.ts: 5ms, render: 20ms)
 GET /login 200 in 30ms (compile: 4ms, proxy.ts: 5ms, render: 21ms)
 GET /login 200 in 60ms (compile: 4ms, proxy.ts: 5ms, render: 52ms)
 GET /login 200 in 32ms (compile: 4ms, proxy.ts: 5ms, render: 24ms)
 GET /login 200 in 29ms (compile: 4ms, proxy.ts: 5ms, render: 21ms)
 GET /login 200 in 30ms (compile: 5ms, proxy.ts: 4ms, render: 22ms)
 GET /login 200 in 30ms (compile: 4ms, proxy.ts: 5ms, render: 21ms)
 GET /login 200 in 31ms (compile: 4ms, proxy.ts: 5ms, render: 22ms)
 GET /login 200 in 30ms (compile: 4ms, proxy.ts: 5ms, render: 20ms)
 GET /login 200 in 43ms (compile: 3ms, proxy.ts: 4ms, render: 35ms)
 GET /login 200 in 30ms (compile: 3ms, proxy.ts: 6ms, render: 21ms)
 GET /login 200 in 25ms (compile: 4ms, proxy.ts: 4ms, render: 17ms)
 GET /login 200 in 25ms (compile: 3ms, proxy.ts: 4ms, render: 18ms)
 GET /login 200 in 46ms (compile: 5ms, proxy.ts: 4ms, render: 37ms)
 GET /login 200 in 53ms (compile: 4ms, proxy.ts: 4ms, render: 45ms)
 GET /login 200 in 36ms (compile: 4ms, proxy.ts: 10ms, render: 22ms)
 GET /login 200 in 35ms (compile: 3ms, proxy.ts: 4ms, render: 28ms)
 GET /login 200 in 33ms (compile: 4ms, proxy.ts: 4ms, render: 25ms)
 GET /login 200 in 61ms (compile: 10ms, proxy.ts: 5ms, render: 46ms)
 GET /login 200 in 70ms (compile: 7ms, proxy.ts: 10ms, render: 53ms)
 GET /login 200 in 65ms (compile: 6ms, proxy.ts: 5ms, render: 54ms)
 GET /login 200 in 49ms (compile: 3ms, proxy.ts: 7ms, render: 39ms)
 GET /login 200 in 47ms (compile: 4ms, proxy.ts: 5ms, render: 37ms)
 GET /login 200 in 29ms (compile: 3ms, proxy.ts: 4ms, render: 22ms)
 GET /login 200 in 45ms (compile: 4ms, proxy.ts: 4ms, render: 37ms)
 GET /login 200 in 45ms (compile: 3ms, proxy.ts: 6ms, render: 36ms)
 GET /login 200 in 29ms (compile: 3ms, proxy.ts: 4ms, render: 23ms)
 GET /login 200 in 30ms (compile: 5ms, proxy.ts: 4ms, render: 21ms)
 GET /login 200 in 30ms (compile: 4ms, proxy.ts: 5ms, render: 22ms)
 GET /login 200 in 35ms (compile: 5ms, proxy.ts: 5ms, render: 25ms)
 GET /login 200 in 31ms (compile: 4ms, proxy.ts: 5ms, render: 22ms)
 GET /login 200 in 35ms (compile: 4ms, proxy.ts: 6ms, render: 25ms)
 GET /login 200 in 63ms (compile: 5ms, proxy.ts: 6ms, render: 52ms)
 GET /login 200 in 34ms (compile: 5ms, proxy.ts: 6ms, render: 24ms)
 GET /login 200 in 53ms (compile: 4ms, proxy.ts: 5ms, render: 44ms)
 GET /login 200 in 51ms (compile: 4ms, proxy.ts: 5ms, render: 42ms)
 GET /login 200 in 31ms (compile: 4ms, proxy.ts: 4ms, render: 23ms)
 GET /login 200 in 31ms (compile: 4ms, proxy.ts: 5ms, render: 23ms)
 GET /login 200 in 34ms (compile: 5ms, proxy.ts: 5ms, render: 24ms)
 GET /login 200 in 31ms (compile: 4ms, proxy.ts: 4ms, render: 23ms)
 GET /login 200 in 31ms (compile: 4ms, proxy.ts: 5ms, render: 22ms)
 GET /login 200 in 49ms (compile: 4ms, proxy.ts: 5ms, render: 40ms)
 GET /login 200 in 33ms (compile: 4ms, proxy.ts: 6ms, render: 23ms)
 GET /login 200 in 33ms (compile: 4ms, proxy.ts: 5ms, render: 24ms)
 GET /login 200 in 31ms (compile: 4ms, proxy.ts: 5ms, render: 21ms)
 GET /login 200 in 31ms (compile: 6ms, proxy.ts: 5ms, render: 21ms)
 GET /login 200 in 30ms (compile: 4ms, proxy.ts: 4ms, render: 22ms)
 GET /login 200 in 33ms (compile: 5ms, proxy.ts: 5ms, render: 23ms)
 GET /login 200 in 34ms (compile: 4ms, proxy.ts: 5ms, render: 25ms)
 GET /login 200 in 41ms (compile: 11ms, proxy.ts: 5ms, render: 25ms)
 GET /login 200 in 30ms (compile: 4ms, proxy.ts: 6ms, render: 20ms)
 GET /login 200 in 36ms (compile: 4ms, proxy.ts: 5ms, render: 27ms)
 GET /login 200 in 53ms (compile: 5ms, proxy.ts: 6ms, render: 41ms)
 GET /login 200 in 32ms (compile: 3ms, proxy.ts: 5ms, render: 24ms)
 GET /login 200 in 24ms (compile: 5ms, proxy.ts: 5ms, render: 15ms)
✓ Compiled in 736ms
 GET /test-fire-scenarios 200 in 1095ms (compile: 845ms, proxy.ts: 81ms, render: 168ms)
 GET /test-rec-workflow 200 in 85ms (compile: 17ms, proxy.ts: 9ms, render: 60ms)
✓ Compiled in 908ms
 GET /test-fire-scenarios 404 in 569ms (compile: 442ms, proxy.ts: 7ms, render: 120ms)
 GET /test-fire-scenarios 200 in 120ms (compile: 30ms, proxy.ts: 7ms, render: 83ms)
✓ Compiled in 1043ms
 GET /test-fire-scenarios 200 in 1108ms (compile: 368ms, proxy.ts: 633ms, render: 106ms)
 GET /test-fire-scenarios 200 in 192ms (compile: 27ms, proxy.ts: 28ms, render: 136ms)
 GET /test-fire-scenarios 200 in 250ms (compile: 22ms, proxy.ts: 24ms, render: 204ms)
 GET /test-fire-scenarios 200 in 218ms (compile: 22ms, proxy.ts: 31ms, render: 166ms)
 GET /test-fire-scenarios 200 in 163ms (compile: 10ms, proxy.ts: 39ms, render: 113ms)
 GET /test-fire-scenarios 200 in 134ms (compile: 11ms, proxy.ts: 17ms, render: 106ms)
 GET /test-fire-scenarios 200 in 128ms (compile: 11ms, proxy.ts: 21ms, render: 96ms)
 GET /test-fire-scenarios 200 in 76ms (compile: 8ms, proxy.ts: 13ms, render: 55ms)
 GET /test-fire-scenarios 200 in 105ms (compile: 13ms, proxy.ts: 16ms, render: 75ms)
 GET /test-fire-scenarios 404 in 227ms (compile: 51ms, proxy.ts: 12ms, render: 164ms)
 GET /test-fire-scenarios 404 in 256ms (compile: 34ms, proxy.ts: 17ms, render: 204ms)
 GET /test-fire-scenarios 404 in 129ms (proxy.ts: 77ms)
 GET /test-fire-scenarios 404 in 387ms (compile: 106ms, proxy.ts: 18ms, render: 263ms)
 GET /api/test-rec-workflow 200 in 825ms (compile: 260ms, proxy.ts: 7ms, render: 558ms)
 GET /test-fire-scenarios 404 in 109ms (compile: 35ms, proxy.ts: 13ms, render: 62ms)
 GET /test-fire-scenarios 404 in 49ms (compile: 11ms, proxy.ts: 4ms, render: 34ms)
[?25h
