▲ Next.js 16.1.6 (Turbopack)
- Local:         http://localhost:3000
- Network:       http://192.168.86.37:3000
- Environments: .env.local
- Experiments (use with caution):
  ⨯ turbopackFileSystemCacheForDev

✓ Starting...
✓ Ready in 989ms
 GET /api/health 200 in 713ms (compile: 412ms, proxy.ts: 130ms, render: 171ms)
 GET /test-import-validation 200 in 1801ms (compile: 1529ms, proxy.ts: 133ms, render: 140ms)
 GET /api/test-500?type=json 500 in 148ms (compile: 138ms, proxy.ts: 5ms, render: 5ms)
 GET /api/test-500?type=details 500 in 11ms (compile: 3ms, proxy.ts: 5ms, render: 3ms)
 GET /api/dev-login 200 in 159ms (compile: 147ms, proxy.ts: 8ms, render: 5ms)
⨯ Error: Simulated unhandled server exception for testing
    at GET (app\api\test-500\route.ts:18:13)
  16 |     case 'throw':
  17 |       // Simulate unhandled server exception
> 18 |       throw new Error('Simulated unhandled server exception for testing')
     |             ^
  19 |
  20 |     case 'details':
  21 |       // Return error with stack-trace-like details (should be filtered by client)
 GET /api/test-500?type=throw 500 in 98ms (compile: 3ms, proxy.ts: 6ms, render: 90ms)
 GET /test-500-error 200 in 499ms (compile: 458ms, proxy.ts: 6ms, render: 35ms)
[?25h
