▲ Next.js 16.1.6 (Turbopack)
- Local:         http://localhost:4000
- Network:       http://192.168.86.37:4000
- Environments: .env.local
- Experiments (use with caution):
  ⨯ turbopackFileSystemCacheForDev

✓ Starting...
✓ Ready in 1090ms
 GET / 200 in 2.1s (compile: 1831ms, proxy.ts: 142ms, render: 159ms)
 GET /api/verify-streak-indicator 200 in 308ms (compile: 246ms, proxy.ts: 6ms, render: 57ms)
 GET /test-streak-indicator 200 in 582ms (compile: 538ms, proxy.ts: 5ms, render: 39ms)
 GET /api/verify-streak-indicator 200 in 48ms (compile: 2ms, proxy.ts: 5ms, render: 41ms)
 GET /test-streak-indicator 404 in 546ms (compile: 457ms, proxy.ts: 7ms, render: 83ms)
⨯ Error: ENOENT: no such file or directory, open 'C:\Users\janpa\cd\development\fin\.next\dev\server\app\test-streak-indicator\page\build-manifest.json'
    at ignore-listed frames {
  errno: -4058,
  code: 'ENOENT',
  syscall: 'open',
  path: 'C:\\Users\\janpa\\cd\\development\\fin\\.next\\dev\\server\\app\\test-streak-indicator\\page\\build-manifest.json'
}
⨯ Error: Cannot find module '../chunks/ssr/[turbopack]_runtime.js'
Require stack:
- C:\Users\janpa\cd\development\fin\.next\dev\server\pages\_document.js
- C:\Users\janpa\cd\development\fin\node_modules\next\dist\server\require.js
- C:\Users\janpa\cd\development\fin\node_modules\next\dist\server\load-components.js
- C:\Users\janpa\cd\development\fin\node_modules\next\dist\build\utils.js
- C:\Users\janpa\cd\development\fin\node_modules\next\dist\build\swc\options.js
- C:\Users\janpa\cd\development\fin\node_modules\next\dist\build\swc\index.js
- C:\Users\janpa\cd\development\fin\node_modules\next\dist\build\next-config-ts\transpile-config.js
- C:\Users\janpa\cd\development\fin\node_modules\next\dist\server\config.js
- C:\Users\janpa\cd\development\fin\node_modules\next\dist\server\next.js
- C:\Users\janpa\cd\development\fin\node_modules\next\dist\server\lib\start-server.js
    at Object.<anonymous> (C:\Users\janpa\cd\development\fin\.next\dev\server\pages\_document.js:1:7) {
  code: 'MODULE_NOT_FOUND',
  requireStack: [Array]
}
 GET /test-streak-indicator 500 in 901ms (compile: 810ms, proxy.ts: 7ms, render: 85ms)
[?25h
