▲ Next.js 16.1.6 (Turbopack)
- Local:         http://localhost:4444
- Network:       http://192.168.86.37:4444
- Environments: .env.local
- Experiments (use with caution):
  ⨯ turbopackFileSystemCacheForDev

✓ Starting...
✓ Ready in 1058ms
 GET /api/health 200 in 746ms (compile: 377ms, proxy.ts: 128ms, render: 241ms)
 GET /test-sovereignty-gating 200 in 1899ms (compile: 1744ms, proxy.ts: 6ms, render: 149ms)
 GET /test-sovereignty-gating 200 in 255ms (compile: 184ms, proxy.ts: 14ms, render: 58ms)
 GET /test-sovereignty-gating 200 in 472ms (compile: 219ms, proxy.ts: 109ms, render: 145ms)
 GET /test-sovereignty-gating 200 in 116ms (compile: 30ms, proxy.ts: 26ms, render: 60ms)
 GET /test-sovereignty-gating 200 in 41ms (compile: 5ms, proxy.ts: 7ms, render: 29ms)
 GET /test-sovereignty-gating 200 in 41ms (compile: 7ms, proxy.ts: 6ms, render: 28ms)
 GET /test-sovereignty-gating 200 in 35ms (compile: 7ms, proxy.ts: 5ms, render: 22ms)
 GET /test-sovereignty-gating 200 in 31ms (compile: 5ms, proxy.ts: 6ms, render: 20ms)
 GET /test-sovereignty-gating 200 in 31ms (compile: 5ms, proxy.ts: 4ms, render: 22ms)
 GET /test-sovereignty-gating 200 in 32ms (compile: 3ms, proxy.ts: 4ms, render: 24ms)
 GET /test-sovereignty-gating 200 in 68ms (compile: 6ms, proxy.ts: 5ms, render: 56ms)
 GET /test-sovereignty-gating 200 in 32ms (compile: 5ms, proxy.ts: 5ms, render: 22ms)
 GET /test-sovereignty-gating 200 in 28ms (compile: 4ms, proxy.ts: 5ms, render: 19ms)
 GET /test-sovereignty-gating 200 in 31ms (compile: 3ms, proxy.ts: 4ms, render: 23ms)
 GET /test-sovereignty-gating 200 in 34ms (compile: 7ms, proxy.ts: 4ms, render: 23ms)
 GET /test-sovereignty-gating 200 in 61ms (compile: 4ms, proxy.ts: 4ms, render: 52ms)
 GET /test-sovereignty-gating 200 in 71ms (compile: 3ms, proxy.ts: 5ms, render: 63ms)
 GET /test-sovereignty-gating 200 in 51ms (compile: 9ms, proxy.ts: 11ms, render: 31ms)
 GET /test-sovereignty-gating 200 in 32ms (compile: 5ms, proxy.ts: 5ms, render: 22ms)
 GET /test-sovereignty-gating 200 in 24ms (compile: 3ms, proxy.ts: 5ms, render: 16ms)
 GET /test-sovereignty-gating 200 in 52ms (compile: 4ms, proxy.ts: 5ms, render: 42ms)
 GET /test-sovereignty-gating 200 in 35ms (compile: 3ms, proxy.ts: 4ms, render: 27ms)
 GET /test-sovereignty-gating 200 in 40ms (compile: 4ms, proxy.ts: 5ms, render: 30ms)
 GET /test-sovereignty-gating 200 in 42ms (compile: 10ms, proxy.ts: 9ms, render: 23ms)
 GET /test-sovereignty-gating 200 in 38ms (compile: 4ms, proxy.ts: 4ms, render: 31ms)
 GET /test-sovereignty-gating 200 in 43ms (compile: 9ms, proxy.ts: 12ms, render: 22ms)
 GET /test-sovereignty-gating 200 in 59ms (compile: 7ms, proxy.ts: 7ms, render: 46ms)
 GET /test-sovereignty-gating 200 in 54ms (compile: 8ms, proxy.ts: 5ms, render: 41ms)
 GET /test-sovereignty-gating 200 in 30ms (compile: 6ms, proxy.ts: 4ms, render: 20ms)
 GET /test-sovereignty-gating 200 in 27ms (compile: 4ms, proxy.ts: 4ms, render: 19ms)
 GET /test-sovereignty-gating 200 in 29ms (compile: 5ms, proxy.ts: 4ms, render: 19ms)
 GET /test-sovereignty-gating 200 in 27ms (compile: 3ms, proxy.ts: 5ms, render: 19ms)
 GET /test-sovereignty-gating 200 in 27ms (compile: 3ms, proxy.ts: 4ms, render: 20ms)
 GET /test-sovereignty-gating 200 in 30ms (compile: 4ms, proxy.ts: 4ms, render: 22ms)
 GET /test-sovereignty-gating 200 in 28ms (compile: 4ms, proxy.ts: 5ms, render: 19ms)
 GET /test-sovereignty-gating 200 in 51ms (compile: 3ms, proxy.ts: 4ms, render: 43ms)
 GET /test-sovereignty-gating 200 in 33ms (compile: 4ms, proxy.ts: 8ms, render: 22ms)
 GET /test-sovereignty-gating 200 in 33ms (compile: 3ms, proxy.ts: 4ms, render: 26ms)
 GET /test-sovereignty-gating 200 in 32ms (compile: 5ms, proxy.ts: 6ms, render: 22ms)
 GET /test-sovereignty-gating 200 in 30ms (compile: 4ms, proxy.ts: 4ms, render: 22ms)
 GET /test-sovereignty-gating 200 in 63ms (compile: 5ms, proxy.ts: 5ms, render: 52ms)
 GET /test-sovereignty-gating 200 in 61ms (compile: 5ms, proxy.ts: 9ms, render: 48ms)
 GET /test-sovereignty-gating 200 in 36ms (compile: 3ms, proxy.ts: 7ms, render: 25ms)
 GET /test-sovereignty-gating 200 in 78ms (compile: 9ms, proxy.ts: 5ms, render: 64ms)
 GET /test-sovereignty-gating 200 in 74ms (compile: 3ms, proxy.ts: 10ms, render: 60ms)
 GET /test-sovereignty-gating 200 in 43ms (compile: 8ms, proxy.ts: 10ms, render: 25ms)
 GET /test-sovereignty-gating 200 in 29ms (compile: 4ms, proxy.ts: 5ms, render: 21ms)
 GET /test-sovereignty-gating 200 in 27ms (compile: 4ms, proxy.ts: 6ms, render: 17ms)
 GET /test-sovereignty-gating 200 in 35ms (compile: 2ms, proxy.ts: 4ms, render: 29ms)
 GET /test-sovereignty-gating 200 in 33ms (compile: 4ms, proxy.ts: 8ms, render: 22ms)
 GET /test-sovereignty-gating 200 in 36ms (compile: 4ms, proxy.ts: 4ms, render: 27ms)
 GET /test-sovereignty-gating 200 in 46ms (compile: 12ms, proxy.ts: 7ms, render: 28ms)
 GET /test-sovereignty-gating 200 in 33ms (compile: 7ms, proxy.ts: 7ms, render: 20ms)
 GET /test-sovereignty-gating 200 in 56ms (compile: 3ms, proxy.ts: 4ms, render: 49ms)
 GET /test-sovereignty-gating 200 in 50ms (compile: 3ms, proxy.ts: 6ms, render: 41ms)
 GET /test-sovereignty-gating 200 in 47ms (compile: 4ms, proxy.ts: 4ms, render: 39ms)
 GET /test-sovereignty-gating 200 in 50ms (compile: 2ms, proxy.ts: 6ms, render: 41ms)
 GET /test-sovereignty-gating 200 in 31ms (compile: 6ms, proxy.ts: 5ms, render: 21ms)
 GET /test-sovereignty-gating 200 in 62ms (compile: 3ms, proxy.ts: 4ms, render: 55ms)
 GET /test-sovereignty-gating 200 in 44ms (compile: 4ms, proxy.ts: 7ms, render: 33ms)
 GET /test-sovereignty-gating 200 in 24ms (compile: 3ms, proxy.ts: 6ms, render: 16ms)
 GET /test-sovereignty-gating 200 in 31ms (compile: 2ms, proxy.ts: 3ms, render: 26ms)
 GET /test-sovereignty-gating 200 in 25ms (compile: 3ms, proxy.ts: 6ms, render: 16ms)
 GET /test-sovereignty-gating 200 in 22ms (compile: 3ms, proxy.ts: 4ms, render: 16ms)
 GET /test-sovereignty-gating 200 in 27ms (compile: 3ms, proxy.ts: 3ms, render: 22ms)
 GET /test-sovereignty-gating 200 in 22ms (compile: 2ms, proxy.ts: 3ms, render: 16ms)
 GET /test-sovereignty-gating 200 in 23ms (compile: 5ms, proxy.ts: 3ms, render: 16ms)
 GET /test-sovereignty-gating 200 in 26ms (compile: 5ms, proxy.ts: 3ms, render: 17ms)
 GET /test-sovereignty-gating 200 in 25ms (compile: 3ms, proxy.ts: 6ms, render: 17ms)
 GET /test-sovereignty-gating 200 in 24ms (compile: 3ms, proxy.ts: 3ms, render: 18ms)
 GET /test-sovereignty-gating 200 in 27ms (compile: 3ms, proxy.ts: 4ms, render: 20ms)
 GET /test-sovereignty-gating 200 in 35ms (compile: 7ms, proxy.ts: 5ms, render: 22ms)
 GET /test-sovereignty-gating 200 in 31ms (compile: 3ms, proxy.ts: 6ms, render: 21ms)
 GET /test-sovereignty-gating 200 in 30ms (compile: 5ms, proxy.ts: 5ms, render: 20ms)
 GET /test-sovereignty-gating 200 in 36ms (compile: 3ms, proxy.ts: 6ms, render: 27ms)
 GET /test-sovereignty-gating 200 in 27ms (compile: 4ms, proxy.ts: 4ms, render: 19ms)
 GET /test-sovereignty-gating 200 in 25ms (compile: 4ms, proxy.ts: 4ms, render: 17ms)
 GET /test-sovereignty-gating 200 in 28ms (compile: 3ms, proxy.ts: 4ms, render: 21ms)
 GET /test-sovereignty-gating 200 in 31ms (compile: 5ms, proxy.ts: 5ms, render: 21ms)
 GET /test-sovereignty-gating 200 in 30ms (compile: 4ms, proxy.ts: 4ms, render: 22ms)
 GET /test-sovereignty-gating 200 in 32ms (compile: 5ms, proxy.ts: 5ms, render: 21ms)
 GET /test-sovereignty-gating 200 in 23ms (compile: 3ms, proxy.ts: 4ms, render: 16ms)
 GET /test-sovereignty-gating 200 in 48ms (compile: 3ms, proxy.ts: 5ms, render: 39ms)
 GET /test-sovereignty-gating 200 in 30ms (compile: 3ms, proxy.ts: 7ms, render: 20ms)
 GET /test-sovereignty-gating 200 in 50ms (compile: 3ms, proxy.ts: 4ms, render: 43ms)
 GET /test-sovereignty-gating 200 in 57ms (compile: 3ms, proxy.ts: 5ms, render: 49ms)
 GET /test-sovereignty-gating 200 in 37ms (compile: 3ms, proxy.ts: 13ms, render: 20ms)
 GET /test-sovereignty-gating 200 in 28ms (compile: 4ms, proxy.ts: 4ms, render: 20ms)
 GET /test-sovereignty-gating 200 in 29ms (compile: 5ms, proxy.ts: 4ms, render: 19ms)
 GET /test-sovereignty-gating 200 in 29ms (compile: 3ms, proxy.ts: 4ms, render: 21ms)
 GET /test-sovereignty-gating 200 in 28ms (compile: 4ms, proxy.ts: 5ms, render: 19ms)
 GET /test-sovereignty-gating 200 in 42ms (compile: 4ms, proxy.ts: 9ms, render: 29ms)
 GET /test-sovereignty-gating 200 in 19ms (compile: 2ms, proxy.ts: 3ms, render: 14ms)
 GET /test-sovereignty-gating 200 in 27ms (compile: 3ms, proxy.ts: 3ms, render: 21ms)
 GET /test-sovereignty-gating 200 in 21ms (compile: 2ms, proxy.ts: 3ms, render: 15ms)
 GET /test-sovereignty-gating 200 in 23ms (compile: 3ms, proxy.ts: 3ms, render: 17ms)
 GET /test-sovereignty-gating 200 in 23ms (compile: 5ms, proxy.ts: 3ms, render: 14ms)
 GET /test-sovereignty-gating 200 in 27ms (compile: 4ms, proxy.ts: 3ms, render: 19ms)
 GET /test-sovereignty-gating 200 in 45ms (compile: 5ms, proxy.ts: 8ms, render: 33ms)
 GET /test-sovereignty-gating 200 in 24ms (compile: 3ms, proxy.ts: 4ms, render: 17ms)
 GET /test-sovereignty-gating 200 in 44ms (compile: 5ms, proxy.ts: 4ms, render: 35ms)
 GET /test-sovereignty-gating 200 in 33ms (compile: 4ms, proxy.ts: 5ms, render: 23ms)
 GET /test-sovereignty-gating 200 in 25ms (compile: 3ms, proxy.ts: 4ms, render: 18ms)
 GET /test-sovereignty-gating 200 in 28ms (compile: 4ms, proxy.ts: 3ms, render: 21ms)
 GET /test-sovereignty-gating 200 in 24ms (compile: 3ms, proxy.ts: 5ms, render: 16ms)
 GET /test-sovereignty-gating 200 in 23ms (compile: 2ms, proxy.ts: 3ms, render: 18ms)
 GET /test-sovereignty-gating 200 in 26ms (compile: 3ms, proxy.ts: 4ms, render: 20ms)
 GET /test-sovereignty-gating 200 in 36ms (compile: 5ms, proxy.ts: 4ms, render: 27ms)
 GET /test-sovereignty-gating 200 in 20ms (compile: 3ms, proxy.ts: 3ms, render: 14ms)
 GET /test-sovereignty-gating 200 in 27ms (compile: 3ms, proxy.ts: 4ms, render: 20ms)
 GET /test-sovereignty-gating 200 in 30ms (compile: 4ms, proxy.ts: 5ms, render: 21ms)
 GET /test-sovereignty-gating 200 in 31ms (compile: 4ms, proxy.ts: 5ms, render: 23ms)
 GET /test-sovereignty-gating 200 in 32ms (compile: 4ms, proxy.ts: 7ms, render: 21ms)
 GET /test-sovereignty-gating 200 in 30ms (compile: 3ms, proxy.ts: 4ms, render: 23ms)
 GET /test-sovereignty-gating 200 in 35ms (compile: 6ms, proxy.ts: 5ms, render: 25ms)
 GET /test-sovereignty-gating 200 in 51ms (compile: 5ms, proxy.ts: 4ms, render: 41ms)
 GET /test-sovereignty-gating 200 in 32ms (compile: 3ms, proxy.ts: 6ms, render: 23ms)
 GET /test-sovereignty-gating 200 in 30ms (compile: 5ms, proxy.ts: 5ms, render: 21ms)
 GET /test-sovereignty-gating 200 in 29ms (compile: 5ms, proxy.ts: 5ms, render: 20ms)
 GET /test-sovereignty-gating 200 in 30ms (compile: 5ms, proxy.ts: 4ms, render: 21ms)
 GET /test-sovereignty-gating 200 in 28ms (compile: 4ms, proxy.ts: 6ms, render: 17ms)
 GET /test-sovereignty-gating 200 in 27ms (compile: 3ms, proxy.ts: 4ms, render: 21ms)
 GET /test-sovereignty-gating 200 in 26ms (compile: 5ms, proxy.ts: 5ms, render: 17ms)
 GET /test-sovereignty-gating 200 in 36ms (compile: 3ms, proxy.ts: 5ms, render: 28ms)
 GET /test-sovereignty-gating 200 in 30ms (compile: 3ms, proxy.ts: 5ms, render: 22ms)
 GET /test-sovereignty-gating 200 in 32ms (compile: 5ms, proxy.ts: 5ms, render: 22ms)
 GET /test-sovereignty-gating 200 in 28ms (compile: 5ms, proxy.ts: 5ms, render: 19ms)
 GET /test-sovereignty-gating 200 in 28ms (compile: 3ms, proxy.ts: 6ms, render: 19ms)
 GET /test-sovereignty-gating 200 in 24ms (compile: 3ms, proxy.ts: 4ms, render: 17ms)
 GET /test-sovereignty-gating 200 in 30ms (compile: 3ms, proxy.ts: 5ms, render: 21ms)
 GET /test-sovereignty-gating 200 in 27ms (compile: 3ms, proxy.ts: 4ms, render: 21ms)
 GET /test-sovereignty-gating 200 in 29ms (compile: 6ms, proxy.ts: 5ms, render: 19ms)
 GET /test-sovereignty-gating 200 in 25ms (compile: 3ms, proxy.ts: 4ms, render: 17ms)
 GET /test-sovereignty-gating 200 in 28ms (compile: 2ms, proxy.ts: 5ms, render: 21ms)
 GET /test-sovereignty-gating 200 in 50ms (compile: 4ms, proxy.ts: 5ms, render: 41ms)
 GET /test-sovereignty-gating 200 in 35ms (compile: 5ms, proxy.ts: 5ms, render: 25ms)
 GET /test-sovereignty-gating 200 in 46ms (compile: 4ms, proxy.ts: 5ms, render: 37ms)
 GET /test-sovereignty-gating 200 in 31ms (compile: 3ms, proxy.ts: 4ms, render: 23ms)
 GET /test-sovereignty-gating 200 in 24ms (compile: 4ms, proxy.ts: 5ms, render: 15ms)
 GET /test-sovereignty-gating 200 in 29ms (compile: 3ms, proxy.ts: 4ms, render: 22ms)
 GET /test-sovereignty-gating 200 in 23ms (compile: 3ms, proxy.ts: 3ms, render: 17ms)
 GET /test-sovereignty-gating 200 in 28ms (compile: 3ms, proxy.ts: 3ms, render: 22ms)
 GET /test-sovereignty-gating 200 in 27ms (compile: 3ms, proxy.ts: 5ms, render: 20ms)
 GET /test-sovereignty-gating 200 in 36ms (compile: 3ms, proxy.ts: 4ms, render: 29ms)
 GET /test-sovereignty-gating 200 in 22ms (compile: 2ms, proxy.ts: 3ms, render: 17ms)
 GET /test-sovereignty-gating 200 in 39ms (compile: 3ms, proxy.ts: 4ms, render: 32ms)
 GET /test-sovereignty-gating 200 in 26ms (compile: 3ms, proxy.ts: 4ms, render: 19ms)
 GET /test-sovereignty-gating 200 in 29ms (compile: 6ms, proxy.ts: 3ms, render: 20ms)
 GET /test-sovereignty-gating 200 in 20ms (compile: 3ms, proxy.ts: 3ms, render: 14ms)
 GET /test-sovereignty-gating 200 in 22ms (compile: 1996µs, proxy.ts: 3ms, render: 16ms)
 GET /test-sovereignty-gating 200 in 23ms (compile: 3ms, proxy.ts: 3ms, render: 17ms)
 GET /test-sovereignty-gating 200 in 37ms (compile: 5ms, proxy.ts: 3ms, render: 29ms)
 GET /test-sovereignty-gating 200 in 24ms (compile: 4ms, proxy.ts: 4ms, render: 16ms)
 GET /test-sovereignty-gating 200 in 26ms (compile: 2ms, proxy.ts: 6ms, render: 17ms)
 GET /test-sovereignty-gating 200 in 26ms (compile: 3ms, proxy.ts: 4ms, render: 18ms)
 GET /test-sovereignty-gating 200 in 32ms (compile: 2ms, proxy.ts: 3ms, render: 26ms)
 GET /test-sovereignty-gating 200 in 39ms (compile: 3ms, proxy.ts: 5ms, render: 32ms)
 GET /test-sovereignty-gating 200 in 22ms (compile: 2ms, proxy.ts: 3ms, render: 16ms)
 GET /test-sovereignty-gating 200 in 54ms (compile: 3ms, proxy.ts: 3ms, render: 48ms)
 GET /test-sovereignty-gating 200 in 34ms (compile: 5ms, proxy.ts: 5ms, render: 24ms)
 GET /test-sovereignty-gating 200 in 29ms (compile: 5ms, proxy.ts: 6ms, render: 18ms)
 GET /test-sovereignty-gating 200 in 27ms (compile: 4ms, proxy.ts: 4ms, render: 19ms)
 GET /test-sovereignty-gating 200 in 44ms (compile: 4ms, proxy.ts: 4ms, render: 35ms)
 GET /test-sovereignty-gating 200 in 45ms (compile: 3ms, proxy.ts: 7ms, render: 35ms)
 GET /test-sovereignty-gating 200 in 27ms (compile: 2ms, proxy.ts: 3ms, render: 21ms)
 GET /test-sovereignty-gating 200 in 30ms (compile: 5ms, proxy.ts: 4ms, render: 20ms)
 GET /test-sovereignty-gating 200 in 27ms (compile: 4ms, proxy.ts: 5ms, render: 18ms)
 GET /test-sovereignty-gating 200 in 28ms (compile: 4ms, proxy.ts: 4ms, render: 20ms)
 GET /test-sovereignty-gating 200 in 29ms (compile: 4ms, proxy.ts: 5ms, render: 20ms)
 GET /test-sovereignty-gating 200 in 30ms (compile: 3ms, proxy.ts: 5ms, render: 22ms)
 GET /test-sovereignty-gating 200 in 30ms (compile: 5ms, proxy.ts: 5ms, render: 21ms)
 GET /test-sovereignty-gating 200 in 40ms (compile: 3ms, proxy.ts: 6ms, render: 31ms)
 GET /test-sovereignty-gating 200 in 27ms (compile: 3ms, proxy.ts: 4ms, render: 19ms)
 GET /test-sovereignty-gating 200 in 23ms (compile: 3ms, proxy.ts: 4ms, render: 16ms)
 GET /test-sovereignty-gating 200 in 28ms (compile: 3ms, proxy.ts: 6ms, render: 19ms)
 GET /test-sovereignty-gating 200 in 24ms (compile: 3ms, proxy.ts: 4ms, render: 17ms)
 GET /test-sovereignty-gating 200 in 30ms (compile: 3ms, proxy.ts: 4ms, render: 22ms)
 GET /test-sovereignty-gating 200 in 27ms (compile: 3ms, proxy.ts: 5ms, render: 19ms)
 GET /test-sovereignty-gating 200 in 24ms (compile: 3ms, proxy.ts: 3ms, render: 17ms)
 GET /test-sovereignty-gating 200 in 50ms (compile: 4ms, proxy.ts: 5ms, render: 41ms)
 GET /test-sovereignty-gating 200 in 27ms (compile: 3ms, proxy.ts: 5ms, render: 18ms)
 GET /test-sovereignty-gating 200 in 30ms (compile: 5ms, proxy.ts: 5ms, render: 21ms)
 GET /test-sovereignty-gating 200 in 27ms (compile: 4ms, proxy.ts: 4ms, render: 19ms)
 GET /test-sovereignty-gating 200 in 28ms (compile: 4ms, proxy.ts: 3ms, render: 21ms)
 GET /test-sovereignty-gating 200 in 36ms (compile: 2ms, proxy.ts: 6ms, render: 28ms)
 GET /test-sovereignty-gating 200 in 22ms (compile: 2ms, proxy.ts: 4ms, render: 15ms)
 GET /test-sovereignty-gating 200 in 24ms (compile: 2ms, proxy.ts: 4ms, render: 18ms)
 GET /test-sovereignty-gating 200 in 31ms (compile: 3ms, proxy.ts: 4ms, render: 24ms)
 GET /test-sovereignty-gating 200 in 24ms (compile: 2ms, proxy.ts: 4ms, render: 18ms)
 GET /test-sovereignty-gating 200 in 30ms (compile: 6ms, proxy.ts: 4ms, render: 21ms)
 GET /test-sovereignty-gating 200 in 26ms (compile: 3ms, proxy.ts: 5ms, render: 18ms)
 GET /test-sovereignty-gating 200 in 24ms (compile: 2ms, proxy.ts: 4ms, render: 18ms)
 GET /test-sovereignty-gating 200 in 49ms (compile: 3ms, proxy.ts: 3ms, render: 43ms)
 GET /test-sovereignty-gating 200 in 48ms (compile: 4ms, proxy.ts: 5ms, render: 39ms)
 GET /test-sovereignty-gating 200 in 24ms (compile: 2ms, proxy.ts: 4ms, render: 18ms)
 GET /test-sovereignty-gating 200 in 29ms (compile: 5ms, proxy.ts: 4ms, render: 20ms)
 GET /test-sovereignty-gating 200 in 28ms (compile: 3ms, proxy.ts: 4ms, render: 21ms)
 GET /test-sovereignty-gating 200 in 44ms (compile: 4ms, proxy.ts: 4ms, render: 37ms)
 GET /test-sovereignty-gating 200 in 30ms (compile: 4ms, proxy.ts: 4ms, render: 22ms)
 GET /test-sovereignty-gating 200 in 28ms (compile: 3ms, proxy.ts: 5ms, render: 20ms)
 GET /test-sovereignty-gating 200 in 49ms (compile: 4ms, proxy.ts: 4ms, render: 42ms)
 GET /test-sovereignty-gating 200 in 34ms (compile: 3ms, proxy.ts: 5ms, render: 26ms)
 GET /test-sovereignty-gating 200 in 26ms (compile: 4ms, proxy.ts: 4ms, render: 18ms)
 GET /test-sovereignty-gating 200 in 41ms (compile: 3ms, proxy.ts: 7ms, render: 31ms)
 GET /test-sovereignty-gating 200 in 27ms (compile: 3ms, proxy.ts: 5ms, render: 19ms)
 GET /test-sovereignty-gating 200 in 29ms (compile: 4ms, proxy.ts: 4ms, render: 22ms)
 GET /test-sovereignty-gating 200 in 34ms (compile: 4ms, proxy.ts: 6ms, render: 23ms)
 GET /test-sovereignty-gating 200 in 34ms (compile: 4ms, proxy.ts: 5ms, render: 25ms)
 GET /test-sovereignty-gating 200 in 28ms (compile: 3ms, proxy.ts: 6ms, render: 19ms)
 GET /test-sovereignty-gating 200 in 34ms (compile: 4ms, proxy.ts: 6ms, render: 24ms)
 GET /test-sovereignty-gating 200 in 31ms (compile: 4ms, proxy.ts: 4ms, render: 23ms)
 GET /test-sovereignty-gating 200 in 28ms (compile: 4ms, proxy.ts: 5ms, render: 19ms)
 GET /test-sovereignty-gating 200 in 27ms (compile: 3ms, proxy.ts: 4ms, render: 20ms)
 GET /test-sovereignty-gating 200 in 28ms (compile: 4ms, proxy.ts: 4ms, render: 20ms)
 GET /test-sovereignty-gating 200 in 26ms (compile: 4ms, proxy.ts: 5ms, render: 18ms)
 GET /test-sovereignty-gating 200 in 27ms (compile: 2ms, proxy.ts: 4ms, render: 21ms)
 GET /test-sovereignty-gating 200 in 33ms (compile: 6ms, proxy.ts: 4ms, render: 23ms)
 GET /test-sovereignty-gating 200 in 33ms (compile: 4ms, proxy.ts: 4ms, render: 25ms)
 GET /test-sovereignty-gating 200 in 34ms (compile: 5ms, proxy.ts: 6ms, render: 24ms)
 GET /test-sovereignty-gating 200 in 42ms (compile: 4ms, proxy.ts: 5ms, render: 33ms)
 GET /test-sovereignty-gating 200 in 33ms (compile: 5ms, proxy.ts: 5ms, render: 23ms)
 GET /test-sovereignty-gating 200 in 29ms (compile: 4ms, proxy.ts: 4ms, render: 21ms)
 GET /test-sovereignty-gating 200 in 33ms (compile: 4ms, proxy.ts: 5ms, render: 23ms)
 GET /test-sovereignty-gating 200 in 35ms (compile: 4ms, proxy.ts: 4ms, render: 26ms)
 GET /test-sovereignty-gating 200 in 34ms (compile: 6ms, proxy.ts: 6ms, render: 23ms)
 GET /test-sovereignty-gating 200 in 30ms (compile: 4ms, proxy.ts: 4ms, render: 22ms)
 GET /test-sovereignty-gating 200 in 31ms (compile: 3ms, proxy.ts: 5ms, render: 23ms)
 GET /test-sovereignty-gating 200 in 32ms (compile: 5ms, proxy.ts: 5ms, render: 23ms)
 GET /test-sovereignty-gating 200 in 27ms (compile: 4ms, proxy.ts: 4ms, render: 19ms)
 GET /test-sovereignty-gating 200 in 31ms (compile: 3ms, proxy.ts: 7ms, render: 21ms)
 GET /test-sovereignty-gating 200 in 31ms (compile: 4ms, proxy.ts: 4ms, render: 23ms)
 GET /test-sovereignty-gating 200 in 52ms (compile: 4ms, proxy.ts: 5ms, render: 43ms)
 GET /test-sovereignty-gating 200 in 62ms (compile: 3ms, proxy.ts: 5ms, render: 54ms)
 GET /test-sovereignty-gating 200 in 62ms (compile: 3ms, proxy.ts: 8ms, render: 50ms)
 GET /test-sovereignty-gating 200 in 36ms (compile: 3ms, proxy.ts: 7ms, render: 26ms)
 GET /test-sovereignty-gating 200 in 43ms (compile: 4ms, proxy.ts: 6ms, render: 33ms)
 GET /test-sovereignty-gating 200 in 28ms (compile: 4ms, proxy.ts: 5ms, render: 19ms)
 GET /test-sovereignty-gating 200 in 34ms (compile: 3ms, proxy.ts: 4ms, render: 26ms)
 GET /test-sovereignty-gating 200 in 39ms (compile: 5ms, proxy.ts: 7ms, render: 27ms)
 GET /test-sovereignty-gating 200 in 36ms (compile: 5ms, proxy.ts: 7ms, render: 23ms)
 GET /test-sovereignty-gating 200 in 37ms (compile: 6ms, proxy.ts: 5ms, render: 26ms)
 GET /test-sovereignty-gating 200 in 33ms (compile: 4ms, proxy.ts: 5ms, render: 24ms)
 GET /test-sovereignty-gating 200 in 28ms (compile: 3ms, proxy.ts: 6ms, render: 19ms)
 GET /test-sovereignty-gating 200 in 29ms (compile: 3ms, proxy.ts: 5ms, render: 21ms)
 GET /test-sovereignty-gating 200 in 30ms (compile: 3ms, proxy.ts: 7ms, render: 20ms)
 GET /test-sovereignty-gating 200 in 56ms (compile: 5ms, proxy.ts: 6ms, render: 46ms)
 GET /test-sovereignty-gating 200 in 37ms (compile: 4ms, proxy.ts: 5ms, render: 28ms)
 GET /test-sovereignty-gating 200 in 35ms (compile: 4ms, proxy.ts: 6ms, render: 26ms)
 GET /test-sovereignty-gating 200 in 35ms (compile: 4ms, proxy.ts: 7ms, render: 23ms)
 GET /test-sovereignty-gating 200 in 36ms (compile: 5ms, proxy.ts: 5ms, render: 25ms)
 GET /test-sovereignty-gating 200 in 34ms (compile: 4ms, proxy.ts: 5ms, render: 24ms)
 GET /test-sovereignty-gating 200 in 74ms (compile: 4ms, proxy.ts: 6ms, render: 64ms)
 GET /test-sovereignty-gating 200 in 43ms (compile: 6ms, proxy.ts: 9ms, render: 29ms)
 GET /test-sovereignty-gating 200 in 41ms (compile: 5ms, proxy.ts: 7ms, render: 29ms)
 GET /test-sovereignty-gating 200 in 39ms (compile: 6ms, proxy.ts: 7ms, render: 26ms)
 GET /test-sovereignty-gating 200 in 43ms (compile: 6ms, proxy.ts: 6ms, render: 31ms)
 GET /test-sovereignty-gating 200 in 42ms (compile: 4ms, proxy.ts: 5ms, render: 33ms)
 GET /test-sovereignty-gating 200 in 37ms (compile: 5ms, proxy.ts: 7ms, render: 26ms)
 GET /test-sovereignty-gating 200 in 33ms (compile: 4ms, proxy.ts: 5ms, render: 25ms)
 GET /test-sovereignty-gating 200 in 38ms (compile: 9ms, proxy.ts: 6ms, render: 24ms)
 GET /test-sovereignty-gating 200 in 34ms (compile: 5ms, proxy.ts: 6ms, render: 23ms)
 GET /test-sovereignty-gating 200 in 56ms (compile: 4ms, proxy.ts: 5ms, render: 47ms)
 GET /test-sovereignty-gating 200 in 37ms (compile: 4ms, proxy.ts: 6ms, render: 27ms)
 GET /test-sovereignty-gating 200 in 32ms (compile: 4ms, proxy.ts: 7ms, render: 21ms)
 GET /test-sovereignty-gating 200 in 63ms (compile: 4ms, proxy.ts: 5ms, render: 54ms)
 GET /test-sovereignty-gating 200 in 62ms (compile: 4ms, proxy.ts: 35ms, render: 23ms)
 GET /test-sovereignty-gating 200 in 35ms (compile: 5ms, proxy.ts: 5ms, render: 24ms)
 GET /test-sovereignty-gating 200 in 39ms (compile: 4ms, proxy.ts: 4ms, render: 32ms)
 GET /test-sovereignty-gating 200 in 51ms (compile: 3ms, proxy.ts: 4ms, render: 43ms)
 GET /test-sovereignty-gating 200 in 33ms (compile: 4ms, proxy.ts: 7ms, render: 22ms)
 GET /test-sovereignty-gating 200 in 29ms (compile: 5ms, proxy.ts: 4ms, render: 20ms)
 GET /test-sovereignty-gating 200 in 28ms (compile: 3ms, proxy.ts: 6ms, render: 19ms)
 GET /test-sovereignty-gating 200 in 50ms (compile: 3ms, proxy.ts: 5ms, render: 42ms)
 GET /test-sovereignty-gating 200 in 48ms (compile: 3ms, proxy.ts: 6ms, render: 39ms)
 GET /test-sovereignty-gating 200 in 30ms (compile: 3ms, proxy.ts: 4ms, render: 22ms)
 GET /test-sovereignty-gating 200 in 30ms (compile: 3ms, proxy.ts: 4ms, render: 23ms)
 GET /test-sovereignty-gating 200 in 28ms (compile: 4ms, proxy.ts: 5ms, render: 19ms)
 GET /test-sovereignty-gating 200 in 28ms (compile: 3ms, proxy.ts: 5ms, render: 21ms)
 GET /test-sovereignty-gating 200 in 31ms (compile: 4ms, proxy.ts: 4ms, render: 22ms)
 GET /test-sovereignty-gating 200 in 29ms (compile: 4ms, proxy.ts: 6ms, render: 19ms)
 GET /test-sovereignty-gating 200 in 30ms (compile: 3ms, proxy.ts: 5ms, render: 22ms)
 GET /test-sovereignty-gating 200 in 28ms (compile: 4ms, proxy.ts: 5ms, render: 19ms)
 GET /test-sovereignty-gating 200 in 31ms (compile: 4ms, proxy.ts: 5ms, render: 22ms)
 GET /test-sovereignty-gating 200 in 40ms (compile: 3ms, proxy.ts: 5ms, render: 31ms)
 GET /test-sovereignty-gating 200 in 29ms (compile: 4ms, proxy.ts: 5ms, render: 20ms)
 GET /test-sovereignty-gating 200 in 28ms (compile: 3ms, proxy.ts: 5ms, render: 21ms)
 GET /test-sovereignty-gating 200 in 33ms (compile: 3ms, proxy.ts: 6ms, render: 24ms)
 GET /test-sovereignty-gating 200 in 35ms (compile: 6ms, proxy.ts: 5ms, render: 23ms)
 GET /test-sovereignty-gating 200 in 32ms (compile: 3ms, proxy.ts: 4ms, render: 24ms)
 GET /test-sovereignty-gating 200 in 34ms (compile: 4ms, proxy.ts: 5ms, render: 24ms)
 GET /test-sovereignty-gating 200 in 37ms (compile: 7ms, proxy.ts: 6ms, render: 24ms)
 GET /test-sovereignty-gating 200 in 34ms (compile: 4ms, proxy.ts: 5ms, render: 26ms)
 GET /test-sovereignty-gating 200 in 33ms (compile: 4ms, proxy.ts: 8ms, render: 22ms)
 GET /test-sovereignty-gating 200 in 31ms (compile: 5ms, proxy.ts: 4ms, render: 21ms)
 GET /test-sovereignty-gating 200 in 49ms (compile: 3ms, proxy.ts: 5ms, render: 41ms)
 GET /test-sovereignty-gating 200 in 32ms (compile: 3ms, proxy.ts: 5ms, render: 23ms)
 GET /test-sovereignty-gating 200 in 33ms (compile: 3ms, proxy.ts: 7ms, render: 23ms)
 GET /test-sovereignty-gating 200 in 31ms (compile: 5ms, proxy.ts: 5ms, render: 21ms)
 GET /test-sovereignty-gating 200 in 74ms (compile: 4ms, proxy.ts: 4ms, render: 66ms)
✓ Compiled in 263ms
 GET /test-sovereignty-gating 200 in 356ms (compile: 238ms, proxy.ts: 29ms, render: 90ms)
 GET /test-sovereignty-gating 200 in 104ms (compile: 13ms, proxy.ts: 34ms, render: 57ms)
 GET /test-sovereignty-gating 200 in 50ms (compile: 5ms, proxy.ts: 7ms, render: 38ms)
 GET /test-sovereignty-gating 200 in 36ms (compile: 5ms, proxy.ts: 6ms, render: 26ms)
 GET /test-sovereignty-gating 200 in 37ms (compile: 5ms, proxy.ts: 8ms, render: 24ms)
 GET /test-sovereignty-gating 200 in 31ms (compile: 4ms, proxy.ts: 5ms, render: 22ms)
 GET /test-sovereignty-gating 200 in 24ms (compile: 3ms, proxy.ts: 5ms, render: 17ms)
 GET /test-sovereignty-gating 200 in 31ms (compile: 6ms, proxy.ts: 5ms, render: 20ms)
 GET /test-sovereignty-gating 200 in 29ms (compile: 3ms, proxy.ts: 5ms, render: 21ms)
 GET /test-sovereignty-gating 200 in 30ms (compile: 6ms, proxy.ts: 5ms, render: 19ms)
 GET /test-sovereignty-gating 200 in 25ms (compile: 3ms, proxy.ts: 5ms, render: 16ms)
 GET /test-sovereignty-gating 200 in 27ms (compile: 3ms, proxy.ts: 5ms, render: 20ms)
 GET /test-sovereignty-gating 200 in 28ms (compile: 4ms, proxy.ts: 4ms, render: 19ms)
 GET /test-sovereignty-gating 200 in 26ms (compile: 4ms, proxy.ts: 5ms, render: 17ms)
 GET /test-sovereignty-gating 200 in 28ms (compile: 3ms, proxy.ts: 5ms, render: 20ms)
 GET /test-sovereignty-gating 200 in 39ms (compile: 4ms, proxy.ts: 5ms, render: 31ms)
 GET /test-sovereignty-gating 200 in 33ms (compile: 5ms, proxy.ts: 7ms, render: 22ms)
 GET /test-sovereignty-gating 200 in 30ms (compile: 4ms, proxy.ts: 5ms, render: 22ms)
 GET /test-sovereignty-gating 200 in 29ms (compile: 4ms, proxy.ts: 5ms, render: 19ms)
 GET /test-sovereignty-gating 200 in 29ms (compile: 4ms, proxy.ts: 5ms, render: 20ms)
 GET /test-sovereignty-gating 200 in 30ms (compile: 4ms, proxy.ts: 5ms, render: 22ms)
 GET /test-sovereignty-gating 200 in 28ms (compile: 4ms, proxy.ts: 6ms, render: 18ms)
 GET /test-sovereignty-gating 200 in 25ms (compile: 3ms, proxy.ts: 4ms, render: 18ms)
 GET /test-sovereignty-gating 200 in 28ms (compile: 4ms, proxy.ts: 3ms, render: 20ms)
 GET /test-sovereignty-gating 200 in 42ms (compile: 4ms, proxy.ts: 4ms, render: 34ms)
 GET /test-sovereignty-gating 200 in 43ms (compile: 3ms, proxy.ts: 4ms, render: 36ms)
 GET /test-sovereignty-gating 200 in 24ms (compile: 3ms, proxy.ts: 3ms, render: 18ms)
 GET /test-feature-gating 200 in 604ms (compile: 481ms, proxy.ts: 5ms, render: 118ms)
 GET /login?redirectTo=%2Fcore 200 in 625ms (compile: 543ms, proxy.ts: 6ms, render: 76ms)
✓ Compiled in 345ms
✓ Compiled in 388ms
✓ Compiled in 343ms
[?25h
