▲ Next.js 16.1.6 (Turbopack)
- Local:         http://localhost:3000
- Network:       http://192.168.86.37:3000
- Environments: .env.local
- Experiments (use with caution):
  ⨯ turbopackFileSystemCacheForDev

✓ Starting...
✓ Ready in 1124ms
⨯ Error: ENOENT: no such file or directory, open 'C:\Users\janpa\cd\development\fin\.next\dev\server\next-font-manifest.json'
    at ignore-listed frames {
  errno: -4058,
  code: 'ENOENT',
  syscall: 'open',
  path: 'C:\\Users\\janpa\\cd\\development\\fin\\.next\\dev\\server\\next-font-manifest.json',
  page: '/api/schema-check'
}
⨯ Error: ENOENT: no such file or directory, open 'C:\Users\janpa\cd\development\fin\.next\dev\static\development\_buildManifest.js.tmp.bs01rejrw9u'
    at ignore-listed frames {
  errno: -4058,
  code: 'ENOENT',
  syscall: 'open',
  path: 'C:\\Users\\janpa\\cd\\development\\fin\\.next\\dev\\static\\development\\_buildManifest.js.tmp.bs01rejrw9u'
}
Error: ENOENT: no such file or directory, open 'C:\Users\janpa\cd\development\fin\.next\dev\server\next-font-manifest.json'
    at ignore-listed frames {
  errno: -4058,
  code: 'ENOENT',
  syscall: 'open',
  path: 'C:\\Users\\janpa\\cd\\development\\fin\\.next\\dev\\server\\next-font-manifest.json',
  page: '/api/schema-check'
}
⨯ Error: ENOENT: no such file or directory, open 'C:\Users\janpa\cd\development\fin\.next\dev\routes-manifest.json'
    at ignore-listed frames {
  errno: -4058,
  code: 'ENOENT',
  syscall: 'open',
  path: 'C:\\Users\\janpa\\cd\\development\\fin\\.next\\dev\\routes-manifest.json'
}
Error: ENOENT: no such file or directory, open 'C:\Users\janpa\cd\development\fin\.next\dev\routes-manifest.json'
    at ignore-listed frames {
  errno: -4058,
  code: 'ENOENT',
  syscall: 'open',
  path: 'C:\\Users\\janpa\\cd\\development\\fin\\.next\\dev\\routes-manifest.json'
}
 GET /api/schema-check 500 in 2.2s (compile: 1784ms, proxy.ts: 353ms, render: 22ms)
 GET /api/schema-check 500 in 2.2s (compile: 1784ms, proxy.ts: 353ms, render: 23ms)
 GET /api/dev-login 200 in 1026ms (compile: 798ms, proxy.ts: 204ms, render: 25ms)
✓ Compiled in 29ms
 GET /api/health 200 in 492ms (compile: 165ms, proxy.ts: 35ms, render: 291ms)
✓ Compiled in 38ms
 POST /api/test-rec-workflow 200 in 249ms (compile: 213ms, proxy.ts: 9ms, render: 26ms)
 GET /api/health 404 in 2.2s (compile: 2.0s, proxy.ts: 26ms, render: 130ms)
 GET /api/health 200 in 191ms (compile: 3ms, proxy.ts: 6ms, render: 182ms)
 GET /api/health 200 in 86ms (compile: 4ms, proxy.ts: 4ms, render: 78ms)
 GET /api/health 404 in 38ms (compile: 8ms, proxy.ts: 4ms, render: 26ms)
 GET /api/health 404 in 39ms (compile: 9ms, proxy.ts: 5ms, render: 25ms)
 GET /api/health 404 in 35ms (compile: 6ms, proxy.ts: 5ms, render: 23ms)
 GET /api/health 404 in 38ms (compile: 7ms, proxy.ts: 4ms, render: 28ms)
 GET /api/health 404 in 41ms (compile: 6ms, proxy.ts: 5ms, render: 30ms)
 GET /api/health 404 in 46ms (compile: 10ms, proxy.ts: 5ms, render: 32ms)
 GET /api/health 404 in 43ms (compile: 10ms, proxy.ts: 5ms, render: 29ms)
 GET /api/dev-login 404 in 38ms (compile: 9ms, proxy.ts: 6ms, render: 23ms)
[?25h
