▲ Next.js 16.1.6 (Turbopack)
- Local:         http://localhost:3210
- Network:       http://0.0.0.0:3210
- Environments: .env.local
- Experiments (use with caution):
  ⨯ turbopackFileSystemCacheForDev

✓ Starting...
✓ Ready in 986ms
 GET /login 200 in 2.4s (compile: 2.1s, proxy.ts: 158ms, render: 202ms)
 GET /test-bank-import 200 in 535ms (compile: 481ms, proxy.ts: 4ms, render: 50ms)
 GET /test-bank-import 200 in 68ms (compile: 4ms, proxy.ts: 5ms, render: 60ms)
✓ Compiled in 218ms
✓ Compiled in 197ms
✓ Compiled in 212ms
✓ Compiled in 224ms
✓ Compiled in 275ms
⨯ Error: ENOENT: no such file or directory, open 'C:\Users\janpa\cd\development\fin\.next\dev\server\app\test-bank-import\page\build-manifest.json'
    at ignore-listed frames {
  errno: -4058,
  code: 'ENOENT',
  syscall: 'open',
  path: 'C:\\Users\\janpa\\cd\\development\\fin\\.next\\dev\\server\\app\\test-bank-import\\page\\build-manifest.json'
}
⨯ Error: Cannot find module '../chunks/ssr/[turbopack]_runtime.js'
Require stack:
- C:\Users\janpa\cd\development\fin\.next\dev\server\pages\_document.js
- C:\Users\janpa\cd\development\fin\node_modules\next\dist\server\require.js
- C:\Users\janpa\cd\development\fin\node_modules\next\dist\server\load-components.js
- C:\Users\janpa\cd\development\fin\node_modules\next\dist\build\utils.js
- C:\Users\janpa\cd\development\fin\node_modules\next\dist\build\swc\options.js
- C:\Users\janpa\cd\development\fin\node_modules\next\dist\build\swc\index.js
- C:\Users\janpa\cd\development\fin\node_modules\next\dist\build\next-config-ts\transpile-config.js
- C:\Users\janpa\cd\development\fin\node_modules\next\dist\server\config.js
- C:\Users\janpa\cd\development\fin\node_modules\next\dist\server\next.js
- C:\Users\janpa\cd\development\fin\node_modules\next\dist\server\lib\start-server.js
    at Object.<anonymous> (C:\Users\janpa\cd\development\fin\.next\dev\server\pages\_document.js:1:7) {
  code: 'MODULE_NOT_FOUND',
  requireStack: [Array]
}
 GET /test-bank-import 500 in 1363ms (compile: 1170ms, proxy.ts: 10ms, render: 183ms)
✓ Compiled in 351ms
✓ Compiled in 549ms
✓ Compiled in 555ms
✓ Compiled in 693ms
✓ Compiled in 811ms
✓ Compiled in 540ms
/c/Program Files/nodejs/npx: line 65: 26601 Killed                  "$NODE_EXE" "$NPX_CLI_JS" "$@"
✓ Compiled in 1094ms
✓ Compiled in 643ms
✓ Compiled in 778ms
