
> fin@0.2.0 dev
> next dev

▲ Next.js 16.1.6 (Turbopack)
- Local:         http://localhost:3000
- Network:       http://192.168.86.37:3000
- Environments: .env.local
- Experiments (use with caution):
  ⨯ turbopackFileSystemCacheForDev

✓ Starting...
✓ Ready in 1078ms
 GET /login 200 in 2.2s (compile: 1749ms, proxy.ts: 118ms, render: 324ms)
 GET / 200 in 2.2s (compile: 1924ms, proxy.ts: 119ms, render: 161ms)
 GET /api/health 200 in 546ms (compile: 386ms, proxy.ts: 12ms, render: 147ms)
 GET /api/verify-milestone-markers 200 in 658ms (compile: 173ms, proxy.ts: 9ms, render: 477ms)
 GET /test-milestone-markers 200 in 376ms (compile: 340ms, proxy.ts: 5ms, render: 31ms)
 GET /test-milestone-markers 404 in 441ms (compile: 390ms, proxy.ts: 5ms, render: 46ms)
 GET /test-milestone-markers 200 in 51ms (compile: 6ms, proxy.ts: 6ms, render: 39ms)
 GET /api/verify-milestone-markers 200 in 679ms (compile: 4ms, proxy.ts: 6ms, render: 668ms)
 GET /api/health 200 in 402ms (compile: 4ms, proxy.ts: 5ms, render: 393ms)
[?25h
