▲ Next.js 16.1.6 (Turbopack)
- Local:         http://localhost:3060
- Network:       http://192.168.86.37:3060
- Environments: .env.local
- Experiments (use with caution):
  ⨯ turbopackFileSystemCacheForDev

✓ Starting...
✓ Ready in 1049ms
⨯ Error: Cannot find module 'C:\Users\janpa\cd\development\fin\.next\dev\server\middleware-manifest.json'
Require stack:
- C:\Users\janpa\cd\development\fin\node_modules\next\dist\server\next-server.js
- C:\Users\janpa\cd\development\fin\node_modules\next\dist\server\dev\next-dev-server.js
- C:\Users\janpa\cd\development\fin\node_modules\next\dist\server\next.js
- C:\Users\janpa\cd\development\fin\node_modules\next\dist\server\lib\start-server.js
    at ignore-listed frames {
  code: 'MODULE_NOT_FOUND',
  requireStack: [Array]
}
⨯ Error: ENOENT: no such file or directory, open 'C:\Users\janpa\cd\development\fin\.next\dev\static\development\_buildManifest.js.tmp.heknkddbqnq'
    at ignore-listed frames {
  errno: -4058,
  code: 'ENOENT',
  syscall: 'open',
  path: 'C:\\Users\\janpa\\cd\\development\\fin\\.next\\dev\\static\\development\\_buildManifest.js.tmp.heknkddbqnq'
}
Error: Cannot find module 'C:\Users\janpa\cd\development\fin\.next\dev\server\middleware-manifest.json'
Require stack:
- C:\Users\janpa\cd\development\fin\node_modules\next\dist\server\next-server.js
- C:\Users\janpa\cd\development\fin\node_modules\next\dist\server\dev\next-dev-server.js
- C:\Users\janpa\cd\development\fin\node_modules\next\dist\server\next.js
- C:\Users\janpa\cd\development\fin\node_modules\next\dist\server\lib\start-server.js
    at ignore-listed frames {
  code: 'MODULE_NOT_FOUND',
  requireStack: [Array]
}
⨯ Error: ENOENT: no such file or directory, open 'C:\Users\janpa\cd\development\fin\.next\dev\server\pages\_app\build-manifest.json'
    at ignore-listed frames {
  errno: -4058,
  code: 'ENOENT',
  syscall: 'open',
  path: 'C:\\Users\\janpa\\cd\\development\\fin\\.next\\dev\\server\\pages\\_app\\build-manifest.json'
}
Error: ENOENT: no such file or directory, open 'C:\Users\janpa\cd\development\fin\.next\dev\server\pages\_app\build-manifest.json'
    at ignore-listed frames {
  errno: -4058,
  code: 'ENOENT',
  syscall: 'open',
  path: 'C:\\Users\\janpa\\cd\\development\\fin\\.next\\dev\\server\\pages\\_app\\build-manifest.json'
}
 GET /api/health 500 in 3.4s (compile: -2510612µs, proxy.ts: 3.3s, render: 2.6s)
✓ Compiled in 220ms
 GET /api/health 200 in 789ms (compile: 416ms, proxy.ts: 130ms, render: 243ms)
⨯ Error: Cannot find module '../../chunks/ssr/[turbopack]_runtime.js'
Require stack:
- C:\Users\janpa\cd\development\fin\.next\dev\server\app\test-badge-grid\page.js
- C:\Users\janpa\cd\development\fin\node_modules\next\dist\server\require.js
- C:\Users\janpa\cd\development\fin\node_modules\next\dist\server\load-components.js
- C:\Users\janpa\cd\development\fin\node_modules\next\dist\build\utils.js
- C:\Users\janpa\cd\development\fin\node_modules\next\dist\build\swc\options.js
- C:\Users\janpa\cd\development\fin\node_modules\next\dist\build\swc\index.js
- C:\Users\janpa\cd\development\fin\node_modules\next\dist\build\next-config-ts\transpile-config.js
- C:\Users\janpa\cd\development\fin\node_modules\next\dist\server\config.js
- C:\Users\janpa\cd\development\fin\node_modules\next\dist\server\next.js
- C:\Users\janpa\cd\development\fin\node_modules\next\dist\server\lib\start-server.js
    at Object.<anonymous> (C:\Users\janpa\cd\development\fin\.next\dev\server\app\test-badge-grid\page.js:1:7) {
  code: 'MODULE_NOT_FOUND',
  requireStack: [Array],
  page: '/test-badge-grid'
}
⨯ Error: ENOENT: no such file or directory, open 'C:\Users\janpa\cd\development\fin\.next\dev\server\pages\_app\build-manifest.json'
    at ignore-listed frames {
  errno: -4058,
  code: 'ENOENT',
  syscall: 'open',
  path: 'C:\\Users\\janpa\\cd\\development\\fin\\.next\\dev\\server\\pages\\_app\\build-manifest.json'
}
Error: Cannot find module '../../chunks/ssr/[turbopack]_runtime.js'
Require stack:
- C:\Users\janpa\cd\development\fin\.next\dev\server\app\test-badge-grid\page.js
- C:\Users\janpa\cd\development\fin\node_modules\next\dist\server\require.js
- C:\Users\janpa\cd\development\fin\node_modules\next\dist\server\load-components.js
- C:\Users\janpa\cd\development\fin\node_modules\next\dist\build\utils.js
- C:\Users\janpa\cd\development\fin\node_modules\next\dist\build\swc\options.js
- C:\Users\janpa\cd\development\fin\node_modules\next\dist\build\swc\index.js
- C:\Users\janpa\cd\development\fin\node_modules\next\dist\build\next-config-ts\transpile-config.js
- C:\Users\janpa\cd\development\fin\node_modules\next\dist\server\config.js
- C:\Users\janpa\cd\development\fin\node_modules\next\dist\server\next.js
- C:\Users\janpa\cd\development\fin\node_modules\next\dist\server\lib\start-server.js
    at Object.<anonymous> (C:\Users\janpa\cd\development\fin\.next\dev\server\app\test-badge-grid\page.js:1:7) {
  code: 'MODULE_NOT_FOUND',
  requireStack: [Array],
  page: '/test-badge-grid'
}
⨯ Error: ENOENT: no such file or directory, open 'C:\Users\janpa\cd\development\fin\.next\dev\server\pages\_app\build-manifest.json'
    at ignore-listed frames {
  errno: -4058,
  code: 'ENOENT',
  syscall: 'open',
  path: 'C:\\Users\\janpa\\cd\\development\\fin\\.next\\dev\\server\\pages\\_app\\build-manifest.json'
}
Error: ENOENT: no such file or directory, open 'C:\Users\janpa\cd\development\fin\.next\dev\server\pages\_app\build-manifest.json'
    at ignore-listed frames {
  errno: -4058,
  code: 'ENOENT',
  syscall: 'open',
  path: 'C:\\Users\\janpa\\cd\\development\\fin\\.next\\dev\\server\\pages\\_app\\build-manifest.json'
}
 GET /test-badge-grid 500 in 668ms (proxy.ts: 8ms)
 GET /test-badge-grid 500 in 668ms (proxy.ts: 8ms)
⨯ Error [ChunkLoadError]: Failed to load chunk server/chunks/ssr/node_modules_eef41739._.js from module [project]/node_modules/next/dist/esm/build/templates/app-page.js?page=/_not-found/page { METADATA_0 => "[project]/app/favicon.ico.mjs { IMAGE => \"[project]/app/favicon.ico (static in ecmascript, tag client)\" } [app-rsc] (structured image object, ecmascript, Next.js Server Component)", MODULE_1 => "[project]/app/layout.tsx [app-rsc] (ecmascript, Next.js Server Component)", MODULE_2 => "[project]/app/error.tsx [app-rsc] (ecmascript, Next.js Server Component)", MODULE_3 => "[project]/app/not-found.tsx [app-rsc] (ecmascript, Next.js Server Component)", MODULE_4 => "[project]/node_modules/next/dist/client/components/builtin/forbidden.js [app-rsc] (ecmascript, Next.js Server Component)", MODULE_5 => "[project]/node_modules/next/dist/client/components/builtin/unauthorized.js [app-rsc] (ecmascript, Next.js Server Component)", MODULE_6 => "[project]/app/not-found.tsx [app-rsc] (ecmascript, Next.js Server Component)" } [app-rsc] (ecmascript) <locals>
    at ignore-listed frames {
  digest: '1926101059',
  [cause]: Error: Cannot find module 'C:\Users\janpa\cd\development\fin\.next\dev\server\chunks\ssr\node_modules_eef41739._.js'
  Require stack:
  - C:\Users\janpa\cd\development\fin\.next\dev\server\chunks\ssr\[turbopack]_runtime.js
  - C:\Users\janpa\cd\development\fin\.next\dev\server\app\_not-found\page.js
  - C:\Users\janpa\cd\development\fin\node_modules\next\dist\server\require.js
  - C:\Users\janpa\cd\development\fin\node_modules\next\dist\server\load-components.js
  - C:\Users\janpa\cd\development\fin\node_modules\next\dist\build\utils.js
  - C:\Users\janpa\cd\development\fin\node_modules\next\dist\build\swc\options.js
  - C:\Users\janpa\cd\development\fin\node_modules\next\dist\build\swc\index.js
  - C:\Users\janpa\cd\development\fin\node_modules\next\dist\build\next-config-ts\transpile-config.js
  - C:\Users\janpa\cd\development\fin\node_modules\next\dist\server\config.js
  - C:\Users\janpa\cd\development\fin\node_modules\next\dist\server\next.js
  - C:\Users\janpa\cd\development\fin\node_modules\next\dist\server\lib\start-server.js
      at ignore-listed frames {
    code: 'MODULE_NOT_FOUND',
    requireStack: [
      'C:\\Users\\janpa\\cd\\development\\fin\\.next\\dev\\server\\chunks\\ssr\\[turbopack]_runtime.js',
      'C:\\Users\\janpa\\cd\\development\\fin\\.next\\dev\\server\\app\\_not-found\\page.js',
      'C:\\Users\\janpa\\cd\\development\\fin\\node_modules\\next\\dist\\server\\require.js',
      'C:\\Users\\janpa\\cd\\development\\fin\\node_modules\\next\\dist\\server\\load-components.js',
      'C:\\Users\\janpa\\cd\\development\\fin\\node_modules\\next\\dist\\build\\utils.js',
      'C:\\Users\\janpa\\cd\\development\\fin\\node_modules\\next\\dist\\build\\swc\\options.js',
      'C:\\Users\\janpa\\cd\\development\\fin\\node_modules\\next\\dist\\build\\swc\\index.js',
      'C:\\Users\\janpa\\cd\\development\\fin\\node_modules\\next\\dist\\build\\next-config-ts\\transpile-config.js',
      'C:\\Users\\janpa\\cd\\development\\fin\\node_modules\\next\\dist\\server\\config.js',
      'C:\\Users\\janpa\\cd\\development\\fin\\node_modules\\next\\dist\\server\\next.js',
      'C:\\Users\\janpa\\cd\\development\\fin\\node_modules\\next\\dist\\server\\lib\\start-server.js'
    ]
  }
}
Error [ChunkLoadError]: Failed to load chunk server/chunks/ssr/node_modules_eef41739._.js from module [project]/node_modules/next/dist/esm/build/templates/app-page.js?page=/_not-found/page { METADATA_0 => "[project]/app/favicon.ico.mjs { IMAGE => \"[project]/app/favicon.ico (static in ecmascript, tag client)\" } [app-rsc] (structured image object, ecmascript, Next.js Server Component)", MODULE_1 => "[project]/app/layout.tsx [app-rsc] (ecmascript, Next.js Server Component)", MODULE_2 => "[project]/app/error.tsx [app-rsc] (ecmascript, Next.js Server Component)", MODULE_3 => "[project]/app/not-found.tsx [app-rsc] (ecmascript, Next.js Server Component)", MODULE_4 => "[project]/node_modules/next/dist/client/components/builtin/forbidden.js [app-rsc] (ecmascript, Next.js Server Component)", MODULE_5 => "[project]/node_modules/next/dist/client/components/builtin/unauthorized.js [app-rsc] (ecmascript, Next.js Server Component)", MODULE_6 => "[project]/app/not-found.tsx [app-rsc] (ecmascript, Next.js Server Component)" } [app-rsc] (ecmascript) <locals>
    at ignore-listed frames {
  digest: '1926101059',
  [cause]: Error: Cannot find module 'C:\Users\janpa\cd\development\fin\.next\dev\server\chunks\ssr\node_modules_eef41739._.js'
  Require stack:
  - C:\Users\janpa\cd\development\fin\.next\dev\server\chunks\ssr\[turbopack]_runtime.js
  - C:\Users\janpa\cd\development\fin\.next\dev\server\app\_not-found\page.js
  - C:\Users\janpa\cd\development\fin\node_modules\next\dist\server\require.js
  - C:\Users\janpa\cd\development\fin\node_modules\next\dist\server\load-components.js
  - C:\Users\janpa\cd\development\fin\node_modules\next\dist\build\utils.js
  - C:\Users\janpa\cd\development\fin\node_modules\next\dist\build\swc\options.js
  - C:\Users\janpa\cd\development\fin\node_modules\next\dist\build\swc\index.js
  - C:\Users\janpa\cd\development\fin\node_modules\next\dist\build\next-config-ts\transpile-config.js
  - C:\Users\janpa\cd\development\fin\node_modules\next\dist\server\config.js
  - C:\Users\janpa\cd\development\fin\node_modules\next\dist\server\next.js
  - C:\Users\janpa\cd\development\fin\node_modules\next\dist\server\lib\start-server.js
      at ignore-listed frames {
    code: 'MODULE_NOT_FOUND',
    requireStack: [
      'C:\\Users\\janpa\\cd\\development\\fin\\.next\\dev\\server\\chunks\\ssr\\[turbopack]_runtime.js',
      'C:\\Users\\janpa\\cd\\development\\fin\\.next\\dev\\server\\app\\_not-found\\page.js',
      'C:\\Users\\janpa\\cd\\development\\fin\\node_modules\\next\\dist\\server\\require.js',
      'C:\\Users\\janpa\\cd\\development\\fin\\node_modules\\next\\dist\\server\\load-components.js',
      'C:\\Users\\janpa\\cd\\development\\fin\\node_modules\\next\\dist\\build\\utils.js',
      'C:\\Users\\janpa\\cd\\development\\fin\\node_modules\\next\\dist\\build\\swc\\options.js',
      'C:\\Users\\janpa\\cd\\development\\fin\\node_modules\\next\\dist\\build\\swc\\index.js',
      'C:\\Users\\janpa\\cd\\development\\fin\\node_modules\\next\\dist\\build\\next-config-ts\\transpile-config.js',
      'C:\\Users\\janpa\\cd\\development\\fin\\node_modules\\next\\dist\\server\\config.js',
      'C:\\Users\\janpa\\cd\\development\\fin\\node_modules\\next\\dist\\server\\next.js',
      'C:\\Users\\janpa\\cd\\development\\fin\\node_modules\\next\\dist\\server\\lib\\start-server.js'
    ]
  }
}
⨯ unhandledRejection: Error [ChunkLoadError]: Failed to load chunk server/chunks/ssr/node_modules_eef41739._.js from module [project]/node_modules/next/dist/esm/build/templates/app-page.js?page=/_not-found/page { METADATA_0 => "[project]/app/favicon.ico.mjs { IMAGE => \"[project]/app/favicon.ico (static in ecmascript, tag client)\" } [app-rsc] (structured image object, ecmascript, Next.js Server Component)", MODULE_1 => "[project]/app/layout.tsx [app-rsc] (ecmascript, Next.js Server Component)", MODULE_2 => "[project]/app/error.tsx [app-rsc] (ecmascript, Next.js Server Component)", MODULE_3 => "[project]/app/not-found.tsx [app-rsc] (ecmascript, Next.js Server Component)", MODULE_4 => "[project]/node_modules/next/dist/client/components/builtin/forbidden.js [app-rsc] (ecmascript, Next.js Server Component)", MODULE_5 => "[project]/node_modules/next/dist/client/components/builtin/unauthorized.js [app-rsc] (ecmascript, Next.js Server Component)", MODULE_6 => "[project]/app/not-found.tsx [app-rsc] (ecmascript, Next.js Server Component)" } [app-rsc] (ecmascript) <locals>
    at ignore-listed frames {
  digest: '1926101059',
  [cause]: Error: Cannot find module 'C:\Users\janpa\cd\development\fin\.next\dev\server\chunks\ssr\node_modules_eef41739._.js'
  Require stack:
  - C:\Users\janpa\cd\development\fin\.next\dev\server\chunks\ssr\[turbopack]_runtime.js
  - C:\Users\janpa\cd\development\fin\.next\dev\server\app\_not-found\page.js
  - C:\Users\janpa\cd\development\fin\node_modules\next\dist\server\require.js
  - C:\Users\janpa\cd\development\fin\node_modules\next\dist\server\load-components.js
  - C:\Users\janpa\cd\development\fin\node_modules\next\dist\build\utils.js
  - C:\Users\janpa\cd\development\fin\node_modules\next\dist\build\swc\options.js
  - C:\Users\janpa\cd\development\fin\node_modules\next\dist\build\swc\index.js
  - C:\Users\janpa\cd\development\fin\node_modules\next\dist\build\next-config-ts\transpile-config.js
  - C:\Users\janpa\cd\development\fin\node_modules\next\dist\server\config.js
  - C:\Users\janpa\cd\development\fin\node_modules\next\dist\server\next.js
  - C:\Users\janpa\cd\development\fin\node_modules\next\dist\server\lib\start-server.js
      at ignore-listed frames {
    code: 'MODULE_NOT_FOUND',
    requireStack: [
      'C:\\Users\\janpa\\cd\\development\\fin\\.next\\dev\\server\\chunks\\ssr\\[turbopack]_runtime.js',
      'C:\\Users\\janpa\\cd\\development\\fin\\.next\\dev\\server\\app\\_not-found\\page.js',
      'C:\\Users\\janpa\\cd\\development\\fin\\node_modules\\next\\dist\\server\\require.js',
      'C:\\Users\\janpa\\cd\\development\\fin\\node_modules\\next\\dist\\server\\load-components.js',
      'C:\\Users\\janpa\\cd\\development\\fin\\node_modules\\next\\dist\\build\\utils.js',
      'C:\\Users\\janpa\\cd\\development\\fin\\node_modules\\next\\dist\\build\\swc\\options.js',
      'C:\\Users\\janpa\\cd\\development\\fin\\node_modules\\next\\dist\\build\\swc\\index.js',
      'C:\\Users\\janpa\\cd\\development\\fin\\node_modules\\next\\dist\\build\\next-config-ts\\transpile-config.js',
      'C:\\Users\\janpa\\cd\\development\\fin\\node_modules\\next\\dist\\server\\config.js',
      'C:\\Users\\janpa\\cd\\development\\fin\\node_modules\\next\\dist\\server\\next.js',
      'C:\\Users\\janpa\\cd\\development\\fin\\node_modules\\next\\dist\\server\\lib\\start-server.js'
    ]
  }
}
⨯ unhandledRejection:  Error [ChunkLoadError]: Failed to load chunk server/chunks/ssr/node_modules_eef41739._.js from module [project]/node_modules/next/dist/esm/build/templates/app-page.js?page=/_not-found/page { METADATA_0 => "[project]/app/favicon.ico.mjs { IMAGE => \"[project]/app/favicon.ico (static in ecmascript, tag client)\" } [app-rsc] (structured image object, ecmascript, Next.js Server Component)", MODULE_1 => "[project]/app/layout.tsx [app-rsc] (ecmascript, Next.js Server Component)", MODULE_2 => "[project]/app/error.tsx [app-rsc] (ecmascript, Next.js Server Component)", MODULE_3 => "[project]/app/not-found.tsx [app-rsc] (ecmascript, Next.js Server Component)", MODULE_4 => "[project]/node_modules/next/dist/client/components/builtin/forbidden.js [app-rsc] (ecmascript, Next.js Server Component)", MODULE_5 => "[project]/node_modules/next/dist/client/components/builtin/unauthorized.js [app-rsc] (ecmascript, Next.js Server Component)", MODULE_6 => "[project]/app/not-found.tsx [app-rsc] (ecmascript, Next.js Server Component)" } [app-rsc] (ecmascript) <locals>
    at ignore-listed frames {
  digest: '1926101059',
  [cause]: Error: Cannot find module 'C:\Users\janpa\cd\development\fin\.next\dev\server\chunks\ssr\node_modules_eef41739._.js'
  Require stack:
  - C:\Users\janpa\cd\development\fin\.next\dev\server\chunks\ssr\[turbopack]_runtime.js
  - C:\Users\janpa\cd\development\fin\.next\dev\server\app\_not-found\page.js
  - C:\Users\janpa\cd\development\fin\node_modules\next\dist\server\require.js
  - C:\Users\janpa\cd\development\fin\node_modules\next\dist\server\load-components.js
  - C:\Users\janpa\cd\development\fin\node_modules\next\dist\build\utils.js
  - C:\Users\janpa\cd\development\fin\node_modules\next\dist\build\swc\options.js
  - C:\Users\janpa\cd\development\fin\node_modules\next\dist\build\swc\index.js
  - C:\Users\janpa\cd\development\fin\node_modules\next\dist\build\next-config-ts\transpile-config.js
  - C:\Users\janpa\cd\development\fin\node_modules\next\dist\server\config.js
  - C:\Users\janpa\cd\development\fin\node_modules\next\dist\server\next.js
  - C:\Users\janpa\cd\development\fin\node_modules\next\dist\server\lib\start-server.js
      at ignore-listed frames {
    code: 'MODULE_NOT_FOUND',
    requireStack: [
      'C:\\Users\\janpa\\cd\\development\\fin\\.next\\dev\\server\\chunks\\ssr\\[turbopack]_runtime.js',
      'C:\\Users\\janpa\\cd\\development\\fin\\.next\\dev\\server\\app\\_not-found\\page.js',
      'C:\\Users\\janpa\\cd\\development\\fin\\node_modules\\next\\dist\\server\\require.js',
      'C:\\Users\\janpa\\cd\\development\\fin\\node_modules\\next\\dist\\server\\load-components.js',
      'C:\\Users\\janpa\\cd\\development\\fin\\node_modules\\next\\dist\\build\\utils.js',
      'C:\\Users\\janpa\\cd\\development\\fin\\node_modules\\next\\dist\\build\\swc\\options.js',
      'C:\\Users\\janpa\\cd\\development\\fin\\node_modules\\next\\dist\\build\\swc\\index.js',
      'C:\\Users\\janpa\\cd\\development\\fin\\node_modules\\next\\dist\\build\\next-config-ts\\transpile-config.js',
      'C:\\Users\\janpa\\cd\\development\\fin\\node_modules\\next\\dist\\server\\config.js',
      'C:\\Users\\janpa\\cd\\development\\fin\\node_modules\\next\\dist\\server\\next.js',
      'C:\\Users\\janpa\\cd\\development\\fin\\node_modules\\next\\dist\\server\\lib\\start-server.js'
    ]
  }
}
Error [ChunkLoadError]: Failed to load chunk server/chunks/ssr/[externals]_next_dist_compiled_next-server_app-page-turbo_runtime_dev_062c5159.js from module [project]/node_modules/next/dist/esm/build/templates/app-page.js?page=/_not-found/page { METADATA_0 => "[project]/app/favicon.ico.mjs { IMAGE => \"[project]/app/favicon.ico (static in ecmascript, tag client)\" } [app-rsc] (structured image object, ecmascript, Next.js Server Component)", MODULE_1 => "[project]/app/layout.tsx [app-rsc] (ecmascript, Next.js Server Component)", MODULE_2 => "[project]/app/error.tsx [app-rsc] (ecmascript, Next.js Server Component)", MODULE_3 => "[project]/app/not-found.tsx [app-rsc] (ecmascript, Next.js Server Component)", MODULE_4 => "[project]/node_modules/next/dist/client/components/builtin/forbidden.js [app-rsc] (ecmascript, Next.js Server Component)", MODULE_5 => "[project]/node_modules/next/dist/client/components/builtin/unauthorized.js [app-rsc] (ecmascript, Next.js Server Component)", MODULE_6 => "[project]/app/not-found.tsx [app-rsc] (ecmascript, Next.js Server Component)" } [app-rsc] (ecmascript) <locals>
    at ignore-listed frames {
  [cause]: Error: Cannot find module 'C:\Users\janpa\cd\development\fin\.next\dev\server\chunks\ssr\[externals]_next_dist_compiled_next-server_app-page-turbo_runtime_dev_062c5159.js'
  Require stack:
  - C:\Users\janpa\cd\development\fin\.next\dev\server\chunks\ssr\[turbopack]_runtime.js
  - C:\Users\janpa\cd\development\fin\.next\dev\server\app\_not-found\page.js
  - C:\Users\janpa\cd\development\fin\node_modules\next\dist\server\require.js
  - C:\Users\janpa\cd\development\fin\node_modules\next\dist\server\load-components.js
  - C:\Users\janpa\cd\development\fin\node_modules\next\dist\build\utils.js
  - C:\Users\janpa\cd\development\fin\node_modules\next\dist\build\swc\options.js
  - C:\Users\janpa\cd\development\fin\node_modules\next\dist\build\swc\index.js
  - C:\Users\janpa\cd\development\fin\node_modules\next\dist\build\next-config-ts\transpile-config.js
  - C:\Users\janpa\cd\development\fin\node_modules\next\dist\server\config.js
  - C:\Users\janpa\cd\development\fin\node_modules\next\dist\server\next.js
  - C:\Users\janpa\cd\development\fin\node_modules\next\dist\server\lib\start-server.js
      at ignore-listed frames {
    code: 'MODULE_NOT_FOUND',
    requireStack: [
      'C:\\Users\\janpa\\cd\\development\\fin\\.next\\dev\\server\\chunks\\ssr\\[turbopack]_runtime.js',
      'C:\\Users\\janpa\\cd\\development\\fin\\.next\\dev\\server\\app\\_not-found\\page.js',
      'C:\\Users\\janpa\\cd\\development\\fin\\node_modules\\next\\dist\\server\\require.js',
      'C:\\Users\\janpa\\cd\\development\\fin\\node_modules\\next\\dist\\server\\load-components.js',
      'C:\\Users\\janpa\\cd\\development\\fin\\node_modules\\next\\dist\\build\\utils.js',
      'C:\\Users\\janpa\\cd\\development\\fin\\node_modules\\next\\dist\\build\\swc\\options.js',
      'C:\\Users\\janpa\\cd\\development\\fin\\node_modules\\next\\dist\\build\\swc\\index.js',
      'C:\\Users\\janpa\\cd\\development\\fin\\node_modules\\next\\dist\\build\\next-config-ts\\transpile-config.js',
      'C:\\Users\\janpa\\cd\\development\\fin\\node_modules\\next\\dist\\server\\config.js',
      'C:\\Users\\janpa\\cd\\development\\fin\\node_modules\\next\\dist\\server\\next.js',
      'C:\\Users\\janpa\\cd\\development\\fin\\node_modules\\next\\dist\\server\\lib\\start-server.js'
    ]
  }
}
⨯ unhandledRejection: Error [ChunkLoadError]: Failed to load chunk server/chunks/ssr/[externals]_next_dist_compiled_next-server_app-page-turbo_runtime_dev_062c5159.js from module [project]/node_modules/next/dist/esm/build/templates/app-page.js?page=/_not-found/page { METADATA_0 => "[project]/app/favicon.ico.mjs { IMAGE => \"[project]/app/favicon.ico (static in ecmascript, tag client)\" } [app-rsc] (structured image object, ecmascript, Next.js Server Component)", MODULE_1 => "[project]/app/layout.tsx [app-rsc] (ecmascript, Next.js Server Component)", MODULE_2 => "[project]/app/error.tsx [app-rsc] (ecmascript, Next.js Server Component)", MODULE_3 => "[project]/app/not-found.tsx [app-rsc] (ecmascript, Next.js Server Component)", MODULE_4 => "[project]/node_modules/next/dist/client/components/builtin/forbidden.js [app-rsc] (ecmascript, Next.js Server Component)", MODULE_5 => "[project]/node_modules/next/dist/client/components/builtin/unauthorized.js [app-rsc] (ecmascript, Next.js Server Component)", MODULE_6 => "[project]/app/not-found.tsx [app-rsc] (ecmascript, Next.js Server Component)" } [app-rsc] (ecmascript) <locals>
    at ignore-listed frames {
  [cause]: Error: Cannot find module 'C:\Users\janpa\cd\development\fin\.next\dev\server\chunks\ssr\[externals]_next_dist_compiled_next-server_app-page-turbo_runtime_dev_062c5159.js'
  Require stack:
  - C:\Users\janpa\cd\development\fin\.next\dev\server\chunks\ssr\[turbopack]_runtime.js
  - C:\Users\janpa\cd\development\fin\.next\dev\server\app\_not-found\page.js
  - C:\Users\janpa\cd\development\fin\node_modules\next\dist\server\require.js
  - C:\Users\janpa\cd\development\fin\node_modules\next\dist\server\load-components.js
  - C:\Users\janpa\cd\development\fin\node_modules\next\dist\build\utils.js
  - C:\Users\janpa\cd\development\fin\node_modules\next\dist\build\swc\options.js
  - C:\Users\janpa\cd\development\fin\node_modules\next\dist\build\swc\index.js
  - C:\Users\janpa\cd\development\fin\node_modules\next\dist\build\next-config-ts\transpile-config.js
  - C:\Users\janpa\cd\development\fin\node_modules\next\dist\server\config.js
  - C:\Users\janpa\cd\development\fin\node_modules\next\dist\server\next.js
  - C:\Users\janpa\cd\development\fin\node_modules\next\dist\server\lib\start-server.js
      at ignore-listed frames {
    code: 'MODULE_NOT_FOUND',
    requireStack: [
      'C:\\Users\\janpa\\cd\\development\\fin\\.next\\dev\\server\\chunks\\ssr\\[turbopack]_runtime.js',
      'C:\\Users\\janpa\\cd\\development\\fin\\.next\\dev\\server\\app\\_not-found\\page.js',
      'C:\\Users\\janpa\\cd\\development\\fin\\node_modules\\next\\dist\\server\\require.js',
      'C:\\Users\\janpa\\cd\\development\\fin\\node_modules\\next\\dist\\server\\load-components.js',
      'C:\\Users\\janpa\\cd\\development\\fin\\node_modules\\next\\dist\\build\\utils.js',
      'C:\\Users\\janpa\\cd\\development\\fin\\node_modules\\next\\dist\\build\\swc\\options.js',
      'C:\\Users\\janpa\\cd\\development\\fin\\node_modules\\next\\dist\\build\\swc\\index.js',
      'C:\\Users\\janpa\\cd\\development\\fin\\node_modules\\next\\dist\\build\\next-config-ts\\transpile-config.js',
      'C:\\Users\\janpa\\cd\\development\\fin\\node_modules\\next\\dist\\server\\config.js',
      'C:\\Users\\janpa\\cd\\development\\fin\\node_modules\\next\\dist\\server\\next.js',
      'C:\\Users\\janpa\\cd\\development\\fin\\node_modules\\next\\dist\\server\\lib\\start-server.js'
    ]
  }
}
⨯ unhandledRejection:  Error [ChunkLoadError]: Failed to load chunk server/chunks/ssr/[externals]_next_dist_compiled_next-server_app-page-turbo_runtime_dev_062c5159.js from module [project]/node_modules/next/dist/esm/build/templates/app-page.js?page=/_not-found/page { METADATA_0 => "[project]/app/favicon.ico.mjs { IMAGE => \"[project]/app/favicon.ico (static in ecmascript, tag client)\" } [app-rsc] (structured image object, ecmascript, Next.js Server Component)", MODULE_1 => "[project]/app/layout.tsx [app-rsc] (ecmascript, Next.js Server Component)", MODULE_2 => "[project]/app/error.tsx [app-rsc] (ecmascript, Next.js Server Component)", MODULE_3 => "[project]/app/not-found.tsx [app-rsc] (ecmascript, Next.js Server Component)", MODULE_4 => "[project]/node_modules/next/dist/client/components/builtin/forbidden.js [app-rsc] (ecmascript, Next.js Server Component)", MODULE_5 => "[project]/node_modules/next/dist/client/components/builtin/unauthorized.js [app-rsc] (ecmascript, Next.js Server Component)", MODULE_6 => "[project]/app/not-found.tsx [app-rsc] (ecmascript, Next.js Server Component)" } [app-rsc] (ecmascript) <locals>
    at ignore-listed frames {
  [cause]: Error: Cannot find module 'C:\Users\janpa\cd\development\fin\.next\dev\server\chunks\ssr\[externals]_next_dist_compiled_next-server_app-page-turbo_runtime_dev_062c5159.js'
  Require stack:
  - C:\Users\janpa\cd\development\fin\.next\dev\server\chunks\ssr\[turbopack]_runtime.js
  - C:\Users\janpa\cd\development\fin\.next\dev\server\app\_not-found\page.js
  - C:\Users\janpa\cd\development\fin\node_modules\next\dist\server\require.js
  - C:\Users\janpa\cd\development\fin\node_modules\next\dist\server\load-components.js
  - C:\Users\janpa\cd\development\fin\node_modules\next\dist\build\utils.js
  - C:\Users\janpa\cd\development\fin\node_modules\next\dist\build\swc\options.js
  - C:\Users\janpa\cd\development\fin\node_modules\next\dist\build\swc\index.js
  - C:\Users\janpa\cd\development\fin\node_modules\next\dist\build\next-config-ts\transpile-config.js
  - C:\Users\janpa\cd\development\fin\node_modules\next\dist\server\config.js
  - C:\Users\janpa\cd\development\fin\node_modules\next\dist\server\next.js
  - C:\Users\janpa\cd\development\fin\node_modules\next\dist\server\lib\start-server.js
      at ignore-listed frames {
    code: 'MODULE_NOT_FOUND',
    requireStack: [
      'C:\\Users\\janpa\\cd\\development\\fin\\.next\\dev\\server\\chunks\\ssr\\[turbopack]_runtime.js',
      'C:\\Users\\janpa\\cd\\development\\fin\\.next\\dev\\server\\app\\_not-found\\page.js',
      'C:\\Users\\janpa\\cd\\development\\fin\\node_modules\\next\\dist\\server\\require.js',
      'C:\\Users\\janpa\\cd\\development\\fin\\node_modules\\next\\dist\\server\\load-components.js',
      'C:\\Users\\janpa\\cd\\development\\fin\\node_modules\\next\\dist\\build\\utils.js',
      'C:\\Users\\janpa\\cd\\development\\fin\\node_modules\\next\\dist\\build\\swc\\options.js',
      'C:\\Users\\janpa\\cd\\development\\fin\\node_modules\\next\\dist\\build\\swc\\index.js',
      'C:\\Users\\janpa\\cd\\development\\fin\\node_modules\\next\\dist\\build\\next-config-ts\\transpile-config.js',
      'C:\\Users\\janpa\\cd\\development\\fin\\node_modules\\next\\dist\\server\\config.js',
      'C:\\Users\\janpa\\cd\\development\\fin\\node_modules\\next\\dist\\server\\next.js',
      'C:\\Users\\janpa\\cd\\development\\fin\\node_modules\\next\\dist\\server\\lib\\start-server.js'
    ]
  }
}
 GET /test-badge-grid 500 in 2.3s (compile: 53ms, proxy.ts: 7ms, render: 2.2s)
Error [ChunkLoadError]: Failed to load chunk server/chunks/ssr/node_modules_eef41739._.js from module [project]/node_modules/next/dist/esm/build/templates/app-page.js?page=/_not-found/page { METADATA_0 => "[project]/app/favicon.ico.mjs { IMAGE => \"[project]/app/favicon.ico (static in ecmascript, tag client)\" } [app-rsc] (structured image object, ecmascript, Next.js Server Component)", MODULE_1 => "[project]/app/layout.tsx [app-rsc] (ecmascript, Next.js Server Component)", MODULE_2 => "[project]/app/error.tsx [app-rsc] (ecmascript, Next.js Server Component)", MODULE_3 => "[project]/app/not-found.tsx [app-rsc] (ecmascript, Next.js Server Component)", MODULE_4 => "[project]/node_modules/next/dist/client/components/builtin/forbidden.js [app-rsc] (ecmascript, Next.js Server Component)", MODULE_5 => "[project]/node_modules/next/dist/client/components/builtin/unauthorized.js [app-rsc] (ecmascript, Next.js Server Component)", MODULE_6 => "[project]/app/not-found.tsx [app-rsc] (ecmascript, Next.js Server Component)" } [app-rsc] (ecmascript) <locals>
    at ignore-listed frames {
  digest: '1926101059',
  [cause]: Error: Cannot find module 'C:\Users\janpa\cd\development\fin\.next\dev\server\chunks\ssr\node_modules_eef41739._.js'
  Require stack:
  - C:\Users\janpa\cd\development\fin\.next\dev\server\chunks\ssr\[turbopack]_runtime.js
  - C:\Users\janpa\cd\development\fin\.next\dev\server\app\_not-found\page.js
  - C:\Users\janpa\cd\development\fin\node_modules\next\dist\server\require.js
  - C:\Users\janpa\cd\development\fin\node_modules\next\dist\server\load-components.js
  - C:\Users\janpa\cd\development\fin\node_modules\next\dist\build\utils.js
  - C:\Users\janpa\cd\development\fin\node_modules\next\dist\build\swc\options.js
  - C:\Users\janpa\cd\development\fin\node_modules\next\dist\build\swc\index.js
  - C:\Users\janpa\cd\development\fin\node_modules\next\dist\build\next-config-ts\transpile-config.js
  - C:\Users\janpa\cd\development\fin\node_modules\next\dist\server\config.js
  - C:\Users\janpa\cd\development\fin\node_modules\next\dist\server\next.js
  - C:\Users\janpa\cd\development\fin\node_modules\next\dist\server\lib\start-server.js
      at ignore-listed frames {
    code: 'MODULE_NOT_FOUND',
    requireStack: [
      'C:\\Users\\janpa\\cd\\development\\fin\\.next\\dev\\server\\chunks\\ssr\\[turbopack]_runtime.js',
      'C:\\Users\\janpa\\cd\\development\\fin\\.next\\dev\\server\\app\\_not-found\\page.js',
      'C:\\Users\\janpa\\cd\\development\\fin\\node_modules\\next\\dist\\server\\require.js',
      'C:\\Users\\janpa\\cd\\development\\fin\\node_modules\\next\\dist\\server\\load-components.js',
      'C:\\Users\\janpa\\cd\\development\\fin\\node_modules\\next\\dist\\build\\utils.js',
      'C:\\Users\\janpa\\cd\\development\\fin\\node_modules\\next\\dist\\build\\swc\\options.js',
      'C:\\Users\\janpa\\cd\\development\\fin\\node_modules\\next\\dist\\build\\swc\\index.js',
      'C:\\Users\\janpa\\cd\\development\\fin\\node_modules\\next\\dist\\build\\next-config-ts\\transpile-config.js',
      'C:\\Users\\janpa\\cd\\development\\fin\\node_modules\\next\\dist\\server\\config.js',
      'C:\\Users\\janpa\\cd\\development\\fin\\node_modules\\next\\dist\\server\\next.js',
      'C:\\Users\\janpa\\cd\\development\\fin\\node_modules\\next\\dist\\server\\lib\\start-server.js'
    ]
  }
}
⨯ unhandledRejection: Error [ChunkLoadError]: Failed to load chunk server/chunks/ssr/node_modules_eef41739._.js from module [project]/node_modules/next/dist/esm/build/templates/app-page.js?page=/_not-found/page { METADATA_0 => "[project]/app/favicon.ico.mjs { IMAGE => \"[project]/app/favicon.ico (static in ecmascript, tag client)\" } [app-rsc] (structured image object, ecmascript, Next.js Server Component)", MODULE_1 => "[project]/app/layout.tsx [app-rsc] (ecmascript, Next.js Server Component)", MODULE_2 => "[project]/app/error.tsx [app-rsc] (ecmascript, Next.js Server Component)", MODULE_3 => "[project]/app/not-found.tsx [app-rsc] (ecmascript, Next.js Server Component)", MODULE_4 => "[project]/node_modules/next/dist/client/components/builtin/forbidden.js [app-rsc] (ecmascript, Next.js Server Component)", MODULE_5 => "[project]/node_modules/next/dist/client/components/builtin/unauthorized.js [app-rsc] (ecmascript, Next.js Server Component)", MODULE_6 => "[project]/app/not-found.tsx [app-rsc] (ecmascript, Next.js Server Component)" } [app-rsc] (ecmascript) <locals>
    at ignore-listed frames {
  digest: '1926101059',
  [cause]: Error: Cannot find module 'C:\Users\janpa\cd\development\fin\.next\dev\server\chunks\ssr\node_modules_eef41739._.js'
  Require stack:
  - C:\Users\janpa\cd\development\fin\.next\dev\server\chunks\ssr\[turbopack]_runtime.js
  - C:\Users\janpa\cd\development\fin\.next\dev\server\app\_not-found\page.js
  - C:\Users\janpa\cd\development\fin\node_modules\next\dist\server\require.js
  - C:\Users\janpa\cd\development\fin\node_modules\next\dist\server\load-components.js
  - C:\Users\janpa\cd\development\fin\node_modules\next\dist\build\utils.js
  - C:\Users\janpa\cd\development\fin\node_modules\next\dist\build\swc\options.js
  - C:\Users\janpa\cd\development\fin\node_modules\next\dist\build\swc\index.js
  - C:\Users\janpa\cd\development\fin\node_modules\next\dist\build\next-config-ts\transpile-config.js
  - C:\Users\janpa\cd\development\fin\node_modules\next\dist\server\config.js
  - C:\Users\janpa\cd\development\fin\node_modules\next\dist\server\next.js
  - C:\Users\janpa\cd\development\fin\node_modules\next\dist\server\lib\start-server.js
      at ignore-listed frames {
    code: 'MODULE_NOT_FOUND',
    requireStack: [
      'C:\\Users\\janpa\\cd\\development\\fin\\.next\\dev\\server\\chunks\\ssr\\[turbopack]_runtime.js',
      'C:\\Users\\janpa\\cd\\development\\fin\\.next\\dev\\server\\app\\_not-found\\page.js',
      'C:\\Users\\janpa\\cd\\development\\fin\\node_modules\\next\\dist\\server\\require.js',
      'C:\\Users\\janpa\\cd\\development\\fin\\node_modules\\next\\dist\\server\\load-components.js',
      'C:\\Users\\janpa\\cd\\development\\fin\\node_modules\\next\\dist\\build\\utils.js',
      'C:\\Users\\janpa\\cd\\development\\fin\\node_modules\\next\\dist\\build\\swc\\options.js',
      'C:\\Users\\janpa\\cd\\development\\fin\\node_modules\\next\\dist\\build\\swc\\index.js',
      'C:\\Users\\janpa\\cd\\development\\fin\\node_modules\\next\\dist\\build\\next-config-ts\\transpile-config.js',
      'C:\\Users\\janpa\\cd\\development\\fin\\node_modules\\next\\dist\\server\\config.js',
      'C:\\Users\\janpa\\cd\\development\\fin\\node_modules\\next\\dist\\server\\next.js',
      'C:\\Users\\janpa\\cd\\development\\fin\\node_modules\\next\\dist\\server\\lib\\start-server.js'
    ]
  }
}
⨯ unhandledRejection:  Error [ChunkLoadError]: Failed to load chunk server/chunks/ssr/node_modules_eef41739._.js from module [project]/node_modules/next/dist/esm/build/templates/app-page.js?page=/_not-found/page { METADATA_0 => "[project]/app/favicon.ico.mjs { IMAGE => \"[project]/app/favicon.ico (static in ecmascript, tag client)\" } [app-rsc] (structured image object, ecmascript, Next.js Server Component)", MODULE_1 => "[project]/app/layout.tsx [app-rsc] (ecmascript, Next.js Server Component)", MODULE_2 => "[project]/app/error.tsx [app-rsc] (ecmascript, Next.js Server Component)", MODULE_3 => "[project]/app/not-found.tsx [app-rsc] (ecmascript, Next.js Server Component)", MODULE_4 => "[project]/node_modules/next/dist/client/components/builtin/forbidden.js [app-rsc] (ecmascript, Next.js Server Component)", MODULE_5 => "[project]/node_modules/next/dist/client/components/builtin/unauthorized.js [app-rsc] (ecmascript, Next.js Server Component)", MODULE_6 => "[project]/app/not-found.tsx [app-rsc] (ecmascript, Next.js Server Component)" } [app-rsc] (ecmascript) <locals>
    at ignore-listed frames {
  digest: '1926101059',
  [cause]: Error: Cannot find module 'C:\Users\janpa\cd\development\fin\.next\dev\server\chunks\ssr\node_modules_eef41739._.js'
  Require stack:
  - C:\Users\janpa\cd\development\fin\.next\dev\server\chunks\ssr\[turbopack]_runtime.js
  - C:\Users\janpa\cd\development\fin\.next\dev\server\app\_not-found\page.js
  - C:\Users\janpa\cd\development\fin\node_modules\next\dist\server\require.js
  - C:\Users\janpa\cd\development\fin\node_modules\next\dist\server\load-components.js
  - C:\Users\janpa\cd\development\fin\node_modules\next\dist\build\utils.js
  - C:\Users\janpa\cd\development\fin\node_modules\next\dist\build\swc\options.js
  - C:\Users\janpa\cd\development\fin\node_modules\next\dist\build\swc\index.js
  - C:\Users\janpa\cd\development\fin\node_modules\next\dist\build\next-config-ts\transpile-config.js
  - C:\Users\janpa\cd\development\fin\node_modules\next\dist\server\config.js
  - C:\Users\janpa\cd\development\fin\node_modules\next\dist\server\next.js
  - C:\Users\janpa\cd\development\fin\node_modules\next\dist\server\lib\start-server.js
      at ignore-listed frames {
    code: 'MODULE_NOT_FOUND',
    requireStack: [
      'C:\\Users\\janpa\\cd\\development\\fin\\.next\\dev\\server\\chunks\\ssr\\[turbopack]_runtime.js',
      'C:\\Users\\janpa\\cd\\development\\fin\\.next\\dev\\server\\app\\_not-found\\page.js',
      'C:\\Users\\janpa\\cd\\development\\fin\\node_modules\\next\\dist\\server\\require.js',
      'C:\\Users\\janpa\\cd\\development\\fin\\node_modules\\next\\dist\\server\\load-components.js',
      'C:\\Users\\janpa\\cd\\development\\fin\\node_modules\\next\\dist\\build\\utils.js',
      'C:\\Users\\janpa\\cd\\development\\fin\\node_modules\\next\\dist\\build\\swc\\options.js',
      'C:\\Users\\janpa\\cd\\development\\fin\\node_modules\\next\\dist\\build\\swc\\index.js',
      'C:\\Users\\janpa\\cd\\development\\fin\\node_modules\\next\\dist\\build\\next-config-ts\\transpile-config.js',
      'C:\\Users\\janpa\\cd\\development\\fin\\node_modules\\next\\dist\\server\\config.js',
      'C:\\Users\\janpa\\cd\\development\\fin\\node_modules\\next\\dist\\server\\next.js',
      'C:\\Users\\janpa\\cd\\development\\fin\\node_modules\\next\\dist\\server\\lib\\start-server.js'
    ]
  }
}
Error [ChunkLoadError]: Failed to load chunk server/chunks/ssr/[externals]_next_dist_compiled_next-server_app-page-turbo_runtime_dev_062c5159.js from module [project]/node_modules/next/dist/esm/build/templates/app-page.js?page=/_not-found/page { METADATA_0 => "[project]/app/favicon.ico.mjs { IMAGE => \"[project]/app/favicon.ico (static in ecmascript, tag client)\" } [app-rsc] (structured image object, ecmascript, Next.js Server Component)", MODULE_1 => "[project]/app/layout.tsx [app-rsc] (ecmascript, Next.js Server Component)", MODULE_2 => "[project]/app/error.tsx [app-rsc] (ecmascript, Next.js Server Component)", MODULE_3 => "[project]/app/not-found.tsx [app-rsc] (ecmascript, Next.js Server Component)", MODULE_4 => "[project]/node_modules/next/dist/client/components/builtin/forbidden.js [app-rsc] (ecmascript, Next.js Server Component)", MODULE_5 => "[project]/node_modules/next/dist/client/components/builtin/unauthorized.js [app-rsc] (ecmascript, Next.js Server Component)", MODULE_6 => "[project]/app/not-found.tsx [app-rsc] (ecmascript, Next.js Server Component)" } [app-rsc] (ecmascript) <locals>
    at ignore-listed frames {
  [cause]: Error: Cannot find module 'C:\Users\janpa\cd\development\fin\.next\dev\server\chunks\ssr\[externals]_next_dist_compiled_next-server_app-page-turbo_runtime_dev_062c5159.js'
  Require stack:
  - C:\Users\janpa\cd\development\fin\.next\dev\server\chunks\ssr\[turbopack]_runtime.js
  - C:\Users\janpa\cd\development\fin\.next\dev\server\app\_not-found\page.js
  - C:\Users\janpa\cd\development\fin\node_modules\next\dist\server\require.js
  - C:\Users\janpa\cd\development\fin\node_modules\next\dist\server\load-components.js
  - C:\Users\janpa\cd\development\fin\node_modules\next\dist\build\utils.js
  - C:\Users\janpa\cd\development\fin\node_modules\next\dist\build\swc\options.js
  - C:\Users\janpa\cd\development\fin\node_modules\next\dist\build\swc\index.js
  - C:\Users\janpa\cd\development\fin\node_modules\next\dist\build\next-config-ts\transpile-config.js
  - C:\Users\janpa\cd\development\fin\node_modules\next\dist\server\config.js
  - C:\Users\janpa\cd\development\fin\node_modules\next\dist\server\next.js
  - C:\Users\janpa\cd\development\fin\node_modules\next\dist\server\lib\start-server.js
      at ignore-listed frames {
    code: 'MODULE_NOT_FOUND',
    requireStack: [
      'C:\\Users\\janpa\\cd\\development\\fin\\.next\\dev\\server\\chunks\\ssr\\[turbopack]_runtime.js',
      'C:\\Users\\janpa\\cd\\development\\fin\\.next\\dev\\server\\app\\_not-found\\page.js',
      'C:\\Users\\janpa\\cd\\development\\fin\\node_modules\\next\\dist\\server\\require.js',
      'C:\\Users\\janpa\\cd\\development\\fin\\node_modules\\next\\dist\\server\\load-components.js',
      'C:\\Users\\janpa\\cd\\development\\fin\\node_modules\\next\\dist\\build\\utils.js',
      'C:\\Users\\janpa\\cd\\development\\fin\\node_modules\\next\\dist\\build\\swc\\options.js',
      'C:\\Users\\janpa\\cd\\development\\fin\\node_modules\\next\\dist\\build\\swc\\index.js',
      'C:\\Users\\janpa\\cd\\development\\fin\\node_modules\\next\\dist\\build\\next-config-ts\\transpile-config.js',
      'C:\\Users\\janpa\\cd\\development\\fin\\node_modules\\next\\dist\\server\\config.js',
      'C:\\Users\\janpa\\cd\\development\\fin\\node_modules\\next\\dist\\server\\next.js',
      'C:\\Users\\janpa\\cd\\development\\fin\\node_modules\\next\\dist\\server\\lib\\start-server.js'
    ]
  }
}
⨯ unhandledRejection: Error [ChunkLoadError]: Failed to load chunk server/chunks/ssr/[externals]_next_dist_compiled_next-server_app-page-turbo_runtime_dev_062c5159.js from module [project]/node_modules/next/dist/esm/build/templates/app-page.js?page=/_not-found/page { METADATA_0 => "[project]/app/favicon.ico.mjs { IMAGE => \"[project]/app/favicon.ico (static in ecmascript, tag client)\" } [app-rsc] (structured image object, ecmascript, Next.js Server Component)", MODULE_1 => "[project]/app/layout.tsx [app-rsc] (ecmascript, Next.js Server Component)", MODULE_2 => "[project]/app/error.tsx [app-rsc] (ecmascript, Next.js Server Component)", MODULE_3 => "[project]/app/not-found.tsx [app-rsc] (ecmascript, Next.js Server Component)", MODULE_4 => "[project]/node_modules/next/dist/client/components/builtin/forbidden.js [app-rsc] (ecmascript, Next.js Server Component)", MODULE_5 => "[project]/node_modules/next/dist/client/components/builtin/unauthorized.js [app-rsc] (ecmascript, Next.js Server Component)", MODULE_6 => "[project]/app/not-found.tsx [app-rsc] (ecmascript, Next.js Server Component)" } [app-rsc] (ecmascript) <locals>
    at ignore-listed frames {
  [cause]: Error: Cannot find module 'C:\Users\janpa\cd\development\fin\.next\dev\server\chunks\ssr\[externals]_next_dist_compiled_next-server_app-page-turbo_runtime_dev_062c5159.js'
  Require stack:
  - C:\Users\janpa\cd\development\fin\.next\dev\server\chunks\ssr\[turbopack]_runtime.js
  - C:\Users\janpa\cd\development\fin\.next\dev\server\app\_not-found\page.js
  - C:\Users\janpa\cd\development\fin\node_modules\next\dist\server\require.js
  - C:\Users\janpa\cd\development\fin\node_modules\next\dist\server\load-components.js
  - C:\Users\janpa\cd\development\fin\node_modules\next\dist\build\utils.js
  - C:\Users\janpa\cd\development\fin\node_modules\next\dist\build\swc\options.js
  - C:\Users\janpa\cd\development\fin\node_modules\next\dist\build\swc\index.js
  - C:\Users\janpa\cd\development\fin\node_modules\next\dist\build\next-config-ts\transpile-config.js
  - C:\Users\janpa\cd\development\fin\node_modules\next\dist\server\config.js
  - C:\Users\janpa\cd\development\fin\node_modules\next\dist\server\next.js
  - C:\Users\janpa\cd\development\fin\node_modules\next\dist\server\lib\start-server.js
      at ignore-listed frames {
    code: 'MODULE_NOT_FOUND',
    requireStack: [
      'C:\\Users\\janpa\\cd\\development\\fin\\.next\\dev\\server\\chunks\\ssr\\[turbopack]_runtime.js',
      'C:\\Users\\janpa\\cd\\development\\fin\\.next\\dev\\server\\app\\_not-found\\page.js',
      'C:\\Users\\janpa\\cd\\development\\fin\\node_modules\\next\\dist\\server\\require.js',
      'C:\\Users\\janpa\\cd\\development\\fin\\node_modules\\next\\dist\\server\\load-components.js',
      'C:\\Users\\janpa\\cd\\development\\fin\\node_modules\\next\\dist\\build\\utils.js',
      'C:\\Users\\janpa\\cd\\development\\fin\\node_modules\\next\\dist\\build\\swc\\options.js',
      'C:\\Users\\janpa\\cd\\development\\fin\\node_modules\\next\\dist\\build\\swc\\index.js',
      'C:\\Users\\janpa\\cd\\development\\fin\\node_modules\\next\\dist\\build\\next-config-ts\\transpile-config.js',
      'C:\\Users\\janpa\\cd\\development\\fin\\node_modules\\next\\dist\\server\\config.js',
      'C:\\Users\\janpa\\cd\\development\\fin\\node_modules\\next\\dist\\server\\next.js',
      'C:\\Users\\janpa\\cd\\development\\fin\\node_modules\\next\\dist\\server\\lib\\start-server.js'
    ]
  }
}
⨯ unhandledRejection:  Error [ChunkLoadError]: Failed to load chunk server/chunks/ssr/[externals]_next_dist_compiled_next-server_app-page-turbo_runtime_dev_062c5159.js from module [project]/node_modules/next/dist/esm/build/templates/app-page.js?page=/_not-found/page { METADATA_0 => "[project]/app/favicon.ico.mjs { IMAGE => \"[project]/app/favicon.ico (static in ecmascript, tag client)\" } [app-rsc] (structured image object, ecmascript, Next.js Server Component)", MODULE_1 => "[project]/app/layout.tsx [app-rsc] (ecmascript, Next.js Server Component)", MODULE_2 => "[project]/app/error.tsx [app-rsc] (ecmascript, Next.js Server Component)", MODULE_3 => "[project]/app/not-found.tsx [app-rsc] (ecmascript, Next.js Server Component)", MODULE_4 => "[project]/node_modules/next/dist/client/components/builtin/forbidden.js [app-rsc] (ecmascript, Next.js Server Component)", MODULE_5 => "[project]/node_modules/next/dist/client/components/builtin/unauthorized.js [app-rsc] (ecmascript, Next.js Server Component)", MODULE_6 => "[project]/app/not-found.tsx [app-rsc] (ecmascript, Next.js Server Component)" } [app-rsc] (ecmascript) <locals>
    at ignore-listed frames {
  [cause]: Error: Cannot find module 'C:\Users\janpa\cd\development\fin\.next\dev\server\chunks\ssr\[externals]_next_dist_compiled_next-server_app-page-turbo_runtime_dev_062c5159.js'
  Require stack:
  - C:\Users\janpa\cd\development\fin\.next\dev\server\chunks\ssr\[turbopack]_runtime.js
  - C:\Users\janpa\cd\development\fin\.next\dev\server\app\_not-found\page.js
  - C:\Users\janpa\cd\development\fin\node_modules\next\dist\server\require.js
  - C:\Users\janpa\cd\development\fin\node_modules\next\dist\server\load-components.js
  - C:\Users\janpa\cd\development\fin\node_modules\next\dist\build\utils.js
  - C:\Users\janpa\cd\development\fin\node_modules\next\dist\build\swc\options.js
  - C:\Users\janpa\cd\development\fin\node_modules\next\dist\build\swc\index.js
  - C:\Users\janpa\cd\development\fin\node_modules\next\dist\build\next-config-ts\transpile-config.js
  - C:\Users\janpa\cd\development\fin\node_modules\next\dist\server\config.js
  - C:\Users\janpa\cd\development\fin\node_modules\next\dist\server\next.js
  - C:\Users\janpa\cd\development\fin\node_modules\next\dist\server\lib\start-server.js
      at ignore-listed frames {
    code: 'MODULE_NOT_FOUND',
    requireStack: [
      'C:\\Users\\janpa\\cd\\development\\fin\\.next\\dev\\server\\chunks\\ssr\\[turbopack]_runtime.js',
      'C:\\Users\\janpa\\cd\\development\\fin\\.next\\dev\\server\\app\\_not-found\\page.js',
      'C:\\Users\\janpa\\cd\\development\\fin\\node_modules\\next\\dist\\server\\require.js',
      'C:\\Users\\janpa\\cd\\development\\fin\\node_modules\\next\\dist\\server\\load-components.js',
      'C:\\Users\\janpa\\cd\\development\\fin\\node_modules\\next\\dist\\build\\utils.js',
      'C:\\Users\\janpa\\cd\\development\\fin\\node_modules\\next\\dist\\build\\swc\\options.js',
      'C:\\Users\\janpa\\cd\\development\\fin\\node_modules\\next\\dist\\build\\swc\\index.js',
      'C:\\Users\\janpa\\cd\\development\\fin\\node_modules\\next\\dist\\build\\next-config-ts\\transpile-config.js',
      'C:\\Users\\janpa\\cd\\development\\fin\\node_modules\\next\\dist\\server\\config.js',
      'C:\\Users\\janpa\\cd\\development\\fin\\node_modules\\next\\dist\\server\\next.js',
      'C:\\Users\\janpa\\cd\\development\\fin\\node_modules\\next\\dist\\server\\lib\\start-server.js'
    ]
  }
}
 GET /login 200 in 3.9s (compile: 673ms, proxy.ts: 8ms, render: 3.2s)
⨯ Error: ENOENT: no such file or directory, open 'C:\Users\janpa\cd\development\fin\.next\dev\server\app\test-badge-grid\page\build-manifest.json'
    at ignore-listed frames {
  errno: -4058,
  code: 'ENOENT',
  syscall: 'open',
  path: 'C:\\Users\\janpa\\cd\\development\\fin\\.next\\dev\\server\\app\\test-badge-grid\\page\\build-manifest.json'
}
⨯ Error: ENOENT: no such file or directory, open 'C:\Users\janpa\cd\development\fin\.next\dev\routes-manifest.json'
    at ignore-listed frames {
  errno: -4058,
  code: 'ENOENT',
  syscall: 'open',
  path: 'C:\\Users\\janpa\\cd\\development\\fin\\.next\\dev\\routes-manifest.json'
}
Error: ENOENT: no such file or directory, open 'C:\Users\janpa\cd\development\fin\.next\dev\server\app\test-badge-grid\page\build-manifest.json'
    at ignore-listed frames {
  errno: -4058,
  code: 'ENOENT',
  syscall: 'open',
  path: 'C:\\Users\\janpa\\cd\\development\\fin\\.next\\dev\\server\\app\\test-badge-grid\\page\\build-manifest.json'
}
⨯ Error: ENOENT: no such file or directory, open 'C:\Users\janpa\cd\development\fin\.next\dev\routes-manifest.json'
    at ignore-listed frames {
  errno: -4058,
  code: 'ENOENT',
  syscall: 'open',
  path: 'C:\\Users\\janpa\\cd\\development\\fin\\.next\\dev\\routes-manifest.json'
}
Error: ENOENT: no such file or directory, open 'C:\Users\janpa\cd\development\fin\.next\dev\routes-manifest.json'
    at ignore-listed frames {
  errno: -4058,
  code: 'ENOENT',
  syscall: 'open',
  path: 'C:\\Users\\janpa\\cd\\development\\fin\\.next\\dev\\routes-manifest.json'
}
 GET /test-badge-grid 500 in 276ms (compile: 253ms, proxy.ts: 8ms, render: 16ms)
 GET /test-badge-grid 500 in 277ms (compile: 253ms, proxy.ts: 8ms, render: 16ms)
⨯ Error: ENOENT: no such file or directory, open 'C:\Users\janpa\cd\development\fin\.next\dev\server\app\test-badge-grid\page\build-manifest.json'
    at ignore-listed frames {
  errno: -4058,
  code: 'ENOENT',
  syscall: 'open',
  path: 'C:\\Users\\janpa\\cd\\development\\fin\\.next\\dev\\server\\app\\test-badge-grid\\page\\build-manifest.json'
}
⨯ Error: ENOENT: no such file or directory, open 'C:\Users\janpa\cd\development\fin\.next\dev\server\app\test-badge-grid\page\build-manifest.json'
    at ignore-listed frames {
  errno: -4058,
  code: 'ENOENT',
  syscall: 'open',
  path: 'C:\\Users\\janpa\\cd\\development\\fin\\.next\\dev\\server\\app\\test-badge-grid\\page\\build-manifest.json'
}
⨯ Error: ENOENT: no such file or directory, open 'C:\Users\janpa\cd\development\fin\.next\dev\server\app\test-badge-grid\page\build-manifest.json'
    at ignore-listed frames {
  errno: -4058,
  code: 'ENOENT',
  syscall: 'open',
  path: 'C:\\Users\\janpa\\cd\\development\\fin\\.next\\dev\\server\\app\\test-badge-grid\\page\\build-manifest.json'
}
[?25h
