▲ Next.js 16.1.6 (Turbopack)
- Local:         http://localhost:3088
- Network:       http://192.168.86.37:3088
- Environments: .env.local
- Experiments (use with caution):
  ⨯ turbopackFileSystemCacheForDev

✓ Starting...
✓ Ready in 944ms
 GET / 200 in 2.3s (compile: 1950ms, proxy.ts: 144ms, render: 157ms)
 GET /test-feature-gating 200 in 705ms (compile: 568ms, proxy.ts: 8ms, render: 129ms)
 GET /test-feature-gating 404 in 1136ms (compile: 714ms, proxy.ts: 96ms, render: 325ms)
 GET /test-feature-gating 200 in 257ms (compile: 118ms, proxy.ts: 18ms, render: 121ms)
 GET /test-feature-gating 200 in 324ms (compile: 79ms, proxy.ts: 22ms, render: 223ms)
✓ Compiled in 183ms
 GET /test-feature-gating 404 in 1470ms (compile: 1291ms, proxy.ts: 138ms, render: 41ms)
 GET /test-feature-gating 404 in 207ms (compile: 65ms, proxy.ts: 8ms, render: 135ms)
 GET /test-feature-gating 404 in 115ms (compile: 21ms, proxy.ts: 65ms, render: 28ms)
 GET /test-feature-gating 404 in 237ms (compile: 102ms, proxy.ts: 18ms, render: 116ms)
 GET /test-feature-gating 404 in 59ms (compile: 9ms, proxy.ts: 9ms, render: 41ms)
 GET /test-feature-gating 404 in 46ms (compile: 10ms, proxy.ts: 7ms, render: 29ms)
 GET /test-feature-gating 404 in 43ms (compile: 10ms, proxy.ts: 7ms, render: 27ms)
[?25h
