▲ Next.js 16.1.6 (Turbopack)
- Local:         http://localhost:3500
- Network:       http://192.168.86.37:3500
- Environments: .env.local
- Experiments (use with caution):
  ⨯ turbopackFileSystemCacheForDev

✓ Starting...
✓ Ready in 999ms
⨯ Error: Cannot find module 'C:\Users\janpa\cd\development\fin\.next\dev\server\middleware-manifest.json'
Require stack:
- C:\Users\janpa\cd\development\fin\node_modules\next\dist\server\next-server.js
- C:\Users\janpa\cd\development\fin\node_modules\next\dist\server\dev\next-dev-server.js
- C:\Users\janpa\cd\development\fin\node_modules\next\dist\server\next.js
- C:\Users\janpa\cd\development\fin\node_modules\next\dist\server\lib\start-server.js
    at ignore-listed frames {
  code: 'MODULE_NOT_FOUND',
  requireStack: [Array]
}
⨯ Error: ENOENT: no such file or directory, open 'C:\Users\janpa\cd\development\fin\.next\dev\static\development\_buildManifest.js.tmp.9le1xahy6zm'
    at ignore-listed frames {
  errno: -4058,
  code: 'ENOENT',
  syscall: 'open',
  path: 'C:\\Users\\janpa\\cd\\development\\fin\\.next\\dev\\static\\development\\_buildManifest.js.tmp.9le1xahy6zm'
}
 GET /api/verify-holdings-list 200 in 832ms (compile: 385ms, proxy.ts: 56ms, render: 391ms)
 GET /test-holdings-list 200 in 537ms (compile: 482ms, proxy.ts: 7ms, render: 48ms)
 GET /test-holdings-list 404 in 21ms (proxy.ts: 6ms)
 GET /test-holdings-list 404 in 28ms (proxy.ts: 6ms)
 GET /test-holdings-list 404 in 16ms (proxy.ts: 5ms)
 GET /test-holdings-list 404 in 13ms (proxy.ts: 4ms)
 GET /test-holdings-list 404 in 17ms (proxy.ts: 5ms)
 GET /test-holdings-list 404 in 21ms (proxy.ts: 4ms)
 GET /test-holdings-list 404 in 12ms (proxy.ts: 5ms)
 GET /test-holdings-list 404 in 19ms (proxy.ts: 6ms)
 GET /test-holdings-list 404 in 21ms (proxy.ts: 7ms)
 GET /test-holdings-list 404 in 23ms (proxy.ts: 5ms)
 GET /test-holdings-list 404 in 93ms (compile: 58ms, proxy.ts: 3ms, render: 33ms)
 GET /test-holdings-list 404 in 23ms (compile: 10ms, proxy.ts: 5ms, render: 8ms)
 GET /test-holdings-list 404 in 26ms (compile: 11ms, proxy.ts: 6ms, render: 9ms)
 GET /test-holdings-list 404 in 36ms (compile: 17ms, proxy.ts: 7ms, render: 12ms)
 GET /test-holdings-list 404 in 30ms (compile: 13ms, proxy.ts: 6ms, render: 10ms)
 GET /test-holdings-list 404 in 22ms (compile: 9ms, proxy.ts: 3ms, render: 10ms)
 GET /test-holdings-list 404 in 27ms (compile: 15ms, proxy.ts: 4ms, render: 8ms)
 GET /test-holdings-list 404 in 41ms (compile: 8ms, proxy.ts: 4ms, render: 29ms)
 GET /test-holdings-list 404 in 28ms (compile: 14ms, proxy.ts: 5ms, render: 9ms)
 GET /test-holdings-list 404 in 38ms (compile: 11ms, proxy.ts: 8ms, render: 19ms)
 GET /test-holdings-list 404 in 22ms (compile: 8ms, proxy.ts: 5ms, render: 10ms)
 GET /test-holdings-list 404 in 27ms (compile: 12ms, proxy.ts: 5ms, render: 10ms)
 GET /test-holdings-list 404 in 28ms (compile: 12ms, proxy.ts: 5ms, render: 10ms)
 GET /test-holdings-list 404 in 30ms (compile: 12ms, proxy.ts: 5ms, render: 13ms)
 GET /test-holdings-list 404 in 28ms (compile: 14ms, proxy.ts: 3ms, render: 10ms)
 GET /test-holdings-list 404 in 35ms (compile: 14ms, proxy.ts: 11ms, render: 10ms)
 GET /test-holdings-list 404 in 27ms (compile: 14ms, proxy.ts: 4ms, render: 9ms)
 GET /test-holdings-list 404 in 29ms (compile: 11ms, proxy.ts: 10ms, render: 9ms)
 GET /test-holdings-list 404 in 36ms (compile: 16ms, proxy.ts: 7ms, render: 14ms)
 GET /test-holdings-list 404 in 25ms (compile: 14ms, proxy.ts: 3ms, render: 7ms)
 GET /test-holdings-list 404 in 23ms (compile: 11ms, proxy.ts: 4ms, render: 8ms)
⨯ Error: ENOENT: no such file or directory, open 'C:\Users\janpa\cd\development\fin\.next\dev\server\app\test-holdings-list\page\build-manifest.json'
    at ignore-listed frames {
  errno: -4058,
  code: 'ENOENT',
  syscall: 'open',
  path: 'C:\\Users\\janpa\\cd\\development\\fin\\.next\\dev\\server\\app\\test-holdings-list\\page\\build-manifest.json'
}
⨯ Error: ENOENT: no such file or directory, open 'C:\Users\janpa\cd\development\fin\.next\dev\server\pages\_app\build-manifest.json'
    at ignore-listed frames {
  errno: -4058,
  code: 'ENOENT',
  syscall: 'open',
  path: 'C:\\Users\\janpa\\cd\\development\\fin\\.next\\dev\\server\\pages\\_app\\build-manifest.json'
}
Error: ENOENT: no such file or directory, open 'C:\Users\janpa\cd\development\fin\.next\dev\server\app\test-holdings-list\page\build-manifest.json'
    at ignore-listed frames {
  errno: -4058,
  code: 'ENOENT',
  syscall: 'open',
  path: 'C:\\Users\\janpa\\cd\\development\\fin\\.next\\dev\\server\\app\\test-holdings-list\\page\\build-manifest.json'
}
⨯ Error: ENOENT: no such file or directory, open 'C:\Users\janpa\cd\development\fin\.next\dev\server\pages\_app\build-manifest.json'
    at ignore-listed frames {
  errno: -4058,
  code: 'ENOENT',
  syscall: 'open',
  path: 'C:\\Users\\janpa\\cd\\development\\fin\\.next\\dev\\server\\pages\\_app\\build-manifest.json'
}
Error: ENOENT: no such file or directory, open 'C:\Users\janpa\cd\development\fin\.next\dev\server\pages\_app\build-manifest.json'
    at ignore-listed frames {
  errno: -4058,
  code: 'ENOENT',
  syscall: 'open',
  path: 'C:\\Users\\janpa\\cd\\development\\fin\\.next\\dev\\server\\pages\\_app\\build-manifest.json'
}
⨯ Error: ENOENT: no such file or directory, open 'C:\Users\janpa\cd\development\fin\.next\dev\server\app\test-holdings-list\page\build-manifest.json'
    at ignore-listed frames {
  errno: -4058,
  code: 'ENOENT',
  syscall: 'open',
  path: 'C:\\Users\\janpa\\cd\\development\\fin\\.next\\dev\\server\\app\\test-holdings-list\\page\\build-manifest.json'
}
⨯ Error: ENOENT: no such file or directory, open 'C:\Users\janpa\cd\development\fin\.next\dev\server\pages\_app\build-manifest.json'
    at ignore-listed frames {
  errno: -4058,
  code: 'ENOENT',
  syscall: 'open',
  path: 'C:\\Users\\janpa\\cd\\development\\fin\\.next\\dev\\server\\pages\\_app\\build-manifest.json'
}
Error: ENOENT: no such file or directory, open 'C:\Users\janpa\cd\development\fin\.next\dev\server\app\test-holdings-list\page\build-manifest.json'
    at ignore-listed frames {
  errno: -4058,
  code: 'ENOENT',
  syscall: 'open',
  path: 'C:\\Users\\janpa\\cd\\development\\fin\\.next\\dev\\server\\app\\test-holdings-list\\page\\build-manifest.json'
}
⨯ Error: ENOENT: no such file or directory, open 'C:\Users\janpa\cd\development\fin\.next\dev\server\pages\_app\build-manifest.json'
    at ignore-listed frames {
  errno: -4058,
  code: 'ENOENT',
  syscall: 'open',
  path: 'C:\\Users\\janpa\\cd\\development\\fin\\.next\\dev\\server\\pages\\_app\\build-manifest.json'
}
Error: ENOENT: no such file or directory, open 'C:\Users\janpa\cd\development\fin\.next\dev\server\pages\_app\build-manifest.json'
    at ignore-listed frames {
  errno: -4058,
  code: 'ENOENT',
  syscall: 'open',
  path: 'C:\\Users\\janpa\\cd\\development\\fin\\.next\\dev\\server\\pages\\_app\\build-manifest.json'
}
⨯ Error: ENOENT: no such file or directory, open 'C:\Users\janpa\cd\development\fin\.next\dev\server\app\test-holdings-list\page\build-manifest.json'
    at ignore-listed frames {
  errno: -4058,
  code: 'ENOENT',
  syscall: 'open',
  path: 'C:\\Users\\janpa\\cd\\development\\fin\\.next\\dev\\server\\app\\test-holdings-list\\page\\build-manifest.json'
}
⨯ Error: ENOENT: no such file or directory, open 'C:\Users\janpa\cd\development\fin\.next\dev\server\pages\_app\build-manifest.json'
    at ignore-listed frames {
  errno: -4058,
  code: 'ENOENT',
  syscall: 'open',
  path: 'C:\\Users\\janpa\\cd\\development\\fin\\.next\\dev\\server\\pages\\_app\\build-manifest.json'
}
Error: ENOENT: no such file or directory, open 'C:\Users\janpa\cd\development\fin\.next\dev\server\app\test-holdings-list\page\build-manifest.json'
    at ignore-listed frames {
  errno: -4058,
  code: 'ENOENT',
  syscall: 'open',
  path: 'C:\\Users\\janpa\\cd\\development\\fin\\.next\\dev\\server\\app\\test-holdings-list\\page\\build-manifest.json'
}
⨯ Error: ENOENT: no such file or directory, open 'C:\Users\janpa\cd\development\fin\.next\dev\server\pages\_app\build-manifest.json'
    at ignore-listed frames {
  errno: -4058,
  code: 'ENOENT',
  syscall: 'open',
  path: 'C:\\Users\\janpa\\cd\\development\\fin\\.next\\dev\\server\\pages\\_app\\build-manifest.json'
}
Error: ENOENT: no such file or directory, open 'C:\Users\janpa\cd\development\fin\.next\dev\server\pages\_app\build-manifest.json'
    at ignore-listed frames {
  errno: -4058,
  code: 'ENOENT',
  syscall: 'open',
  path: 'C:\\Users\\janpa\\cd\\development\\fin\\.next\\dev\\server\\pages\\_app\\build-manifest.json'
}
[?25h
