▲ Next.js 16.1.6 (Turbopack)
- Local:         http://localhost:3035
- Network:       http://192.168.86.37:3035
- Environments: .env.local
- Experiments (use with caution):
  ⨯ turbopackFileSystemCacheForDev

✓ Starting...
✓ Ready in 1033ms
 GET /test-budget-modes 200 in 2.6s (compile: 2.3s, proxy.ts: 137ms, render: 186ms)
⚠ Cross origin request detected from 192.168.86.37 to /_next/* resource. In a future major version of Next.js, you will need to explicitly configure "allowedDevOrigins" in next.config to allow this.
Read more: https://nextjs.org/docs/app/api-reference/config/next-config-js/allowedDevOrigins
⨯ Error: ENOENT: no such file or directory, open 'C:\Users\janpa\cd\development\fin\.next\dev\server\app\test-budget-modes\page\build-manifest.json'
    at ignore-listed frames {
  errno: -4058,
  code: 'ENOENT',
  syscall: 'open',
  path: 'C:\\Users\\janpa\\cd\\development\\fin\\.next\\dev\\server\\app\\test-budget-modes\\page\\build-manifest.json'
}
 GET /test-budget-modes 500 in 1419ms (compile: 1213ms, proxy.ts: 94ms, render: 112ms)
⨯ Error: ENOENT: no such file or directory, open 'C:\Users\janpa\cd\development\fin\.next\dev\server\app\test-budget-modes\page\build-manifest.json'
    at ignore-listed frames {
  errno: -4058,
  code: 'ENOENT',
  syscall: 'open',
  path: 'C:\\Users\\janpa\\cd\\development\\fin\\.next\\dev\\server\\app\\test-budget-modes\\page\\build-manifest.json'
}
 GET /test-budget-modes 500 in 67ms (compile: 40ms, proxy.ts: 9ms, render: 18ms)
⨯ Error: ENOENT: no such file or directory, open 'C:\Users\janpa\cd\development\fin\.next\dev\server\app\test-budget-modes\page\build-manifest.json'
    at ignore-listed frames {
  errno: -4058,
  code: 'ENOENT',
  syscall: 'open',
  path: 'C:\\Users\\janpa\\cd\\development\\fin\\.next\\dev\\server\\app\\test-budget-modes\\page\\build-manifest.json'
}
 GET /test-budget-modes 500 in 96ms (compile: 52ms, proxy.ts: 35ms, render: 9ms)
⨯ Error: ENOENT: no such file or directory, open 'C:\Users\janpa\cd\development\fin\.next\dev\server\app\test-budget-modes\page\build-manifest.json'
    at ignore-listed frames {
  errno: -4058,
  code: 'ENOENT',
  syscall: 'open',
  path: 'C:\\Users\\janpa\\cd\\development\\fin\\.next\\dev\\server\\app\\test-budget-modes\\page\\build-manifest.json'
}
⨯ Error: ENOENT: no such file or directory, open 'C:\Users\janpa\cd\development\fin\.next\dev\server\app\test-budget-modes\page\build-manifest.json'
    at ignore-listed frames {
  errno: -4058,
  code: 'ENOENT',
  syscall: 'open',
  path: 'C:\\Users\\janpa\\cd\\development\\fin\\.next\\dev\\server\\app\\test-budget-modes\\page\\build-manifest.json'
}
 GET /test-budget-modes 500 in 258ms (compile: 211ms, proxy.ts: 34ms, render: 13ms)
✓ Compiled in 272ms
✓ Compiled in 338ms
✓ Compiled in 379ms
✓ Compiled in 363ms
[?25h
