▲ Next.js 16.1.6 (Turbopack)
- Local:         http://localhost:3002
- Network:       http://0.0.0.0:3002
- Environments: .env.local
- Experiments (use with caution):
  ⨯ turbopackFileSystemCacheForDev

✓ Starting...
✓ Ready in 938ms
 GET /test-chat-timeout 200 in 1984ms (compile: 1745ms, proxy.ts: 123ms, render: 117ms)
⨯ Error: ENOENT: no such file or directory, open 'C:\Users\janpa\cd\development\fin\.next\dev\server\app\test-chat-timeout\page\build-manifest.json'
    at ignore-listed frames {
  errno: -4058,
  code: 'ENOENT',
  syscall: 'open',
  path: 'C:\\Users\\janpa\\cd\\development\\fin\\.next\\dev\\server\\app\\test-chat-timeout\\page\\build-manifest.json'
}
 GET /test-chat-timeout 500 in 798ms (compile: 691ms, proxy.ts: 4ms, render: 103ms)
⨯ Error: ENOENT: no such file or directory, open 'C:\Users\janpa\cd\development\fin\.next\dev\server\app\test-chat-timeout\page\build-manifest.json'
    at ignore-listed frames {
  errno: -4058,
  code: 'ENOENT',
  syscall: 'open',
  path: 'C:\\Users\\janpa\\cd\\development\\fin\\.next\\dev\\server\\app\\test-chat-timeout\\page\\build-manifest.json'
}
 GET /test-chat-timeout 500 in 86ms (compile: 48ms, proxy.ts: 29ms, render: 10ms)
⚠ Cross origin request detected from 127.0.0.1 to /_next/* resource. In a future major version of Next.js, you will need to explicitly configure "allowedDevOrigins" in next.config to allow this.
Read more: https://nextjs.org/docs/app/api-reference/config/next-config-js/allowedDevOrigins
