▲ Next.js 16.1.6 (Turbopack)
- Local:         http://localhost:3225
- Network:       http://0.0.0.0:3225
- Environments: .env.local
- Experiments (use with caution):
  ⨯ turbopackFileSystemCacheForDev

✓ Starting...
✓ Ready in 1141ms
 GET /test-bank-import 200 in 2.5s (compile: 2.1s, proxy.ts: 159ms, render: 236ms)
✓ Compiled in 1342ms
 GET /test-bank-import 200 in 247ms (compile: 35ms, proxy.ts: 18ms, render: 194ms)
 GET /test-bank-import 404 in 1741ms (compile: 1208ms, proxy.ts: 210ms, render: 323ms)
 GET /test-bank-import 200 in 252ms (compile: 53ms, proxy.ts: 17ms, render: 182ms)
✓ Compiled in 349ms
 GET /login?redirectTo=%2Fcore%2Fcash%2Fimport 200 in 579ms (compile: 470ms, proxy.ts: 9ms, render: 99ms)
 GET /login?redirectTo=%2Fcore%2Fcash 200 in 52ms (compile: 5ms, proxy.ts: 5ms, render: 43ms)
 GET /login?redirectTo=%2Fcore%2Fcash%2Fimport 200 in 45ms (compile: 5ms, proxy.ts: 5ms, render: 36ms)
⨯ Error: ENOENT: no such file or directory, open 'C:\Users\janpa\cd\development\fin\.next\dev\server\app\login\page\build-manifest.json'
    at ignore-listed frames {
  errno: -4058,
  code: 'ENOENT',
  syscall: 'open',
  path: 'C:\\Users\\janpa\\cd\\development\\fin\\.next\\dev\\server\\app\\login\\page\\build-manifest.json'
}
⨯ Error: ENOENT: no such file or directory, open 'C:\Users\janpa\cd\development\fin\.next\dev\static\development\_buildManifest.js.tmp.jrbqzvo29t'
    at ignore-listed frames {
  errno: -4058,
  code: 'ENOENT',
  syscall: 'open',
  path: 'C:\\Users\\janpa\\cd\\development\\fin\\.next\\dev\\static\\development\\_buildManifest.js.tmp.jrbqzvo29t'
}
Error: ENOENT: no such file or directory, open 'C:\Users\janpa\cd\development\fin\.next\dev\server\app\login\page\build-manifest.json'
    at ignore-listed frames {
  errno: -4058,
  code: 'ENOENT',
  syscall: 'open',
  path: 'C:\\Users\\janpa\\cd\\development\\fin\\.next\\dev\\server\\app\\login\\page\\build-manifest.json'
}
⨯ Error: Cannot find module '../chunks/ssr/[turbopack]_runtime.js'
Require stack:
- C:\Users\janpa\cd\development\fin\.next\dev\server\pages\_document.js
- C:\Users\janpa\cd\development\fin\node_modules\next\dist\server\require.js
- C:\Users\janpa\cd\development\fin\node_modules\next\dist\server\load-components.js
- C:\Users\janpa\cd\development\fin\node_modules\next\dist\build\utils.js
- C:\Users\janpa\cd\development\fin\node_modules\next\dist\build\swc\options.js
- C:\Users\janpa\cd\development\fin\node_modules\next\dist\build\swc\index.js
- C:\Users\janpa\cd\development\fin\node_modules\next\dist\build\next-config-ts\transpile-config.js
- C:\Users\janpa\cd\development\fin\node_modules\next\dist\server\config.js
- C:\Users\janpa\cd\development\fin\node_modules\next\dist\server\next.js
- C:\Users\janpa\cd\development\fin\node_modules\next\dist\server\lib\start-server.js
    at Object.<anonymous> (C:\Users\janpa\cd\development\fin\.next\dev\server\pages\_document.js:1:7) {
  code: 'MODULE_NOT_FOUND',
  requireStack: [Array]
}
Error: ENOENT: no such file or directory, open 'C:\Users\janpa\cd\development\fin\.next\dev\routes-manifest.json'
    at ignore-listed frames {
  errno: -4058,
  code: 'ENOENT',
  syscall: 'open',
  path: 'C:\\Users\\janpa\\cd\\development\\fin\\.next\\dev\\routes-manifest.json'
}
 GET /login?redirectTo=%2Fcore%2Fbudgets 500 in 1201ms (compile: 1167ms, proxy.ts: 6ms, render: 28ms)
 GET /login?redirectTo=%2Fcore%2Fbudgets 500 in 1202ms (compile: 1167ms, proxy.ts: 6ms, render: 29ms)
✓ Compiled in 534ms
✓ Compiled in 514ms
✓ Compiled in 605ms
✓ Compiled in 828ms
✓ Compiled in 546ms
/c/Program Files/nodejs/npx: line 65: 29278 Killed                  "$NODE_EXE" "$NPX_CLI_JS" "$@"
✓ Compiled in 1003ms
✓ Compiled in 692ms
✓ Compiled in 647ms
