▲ Next.js 16.1.6 (Turbopack)
- Local:         http://localhost:3000
- Network:       http://192.168.86.37:3000
- Environments: .env.local
- Experiments (use with caution):
  ⨯ turbopackFileSystemCacheForDev

✓ Starting...
✓ Ready in 1810ms
○ Compiling /test-portfolio-allocation ...
 GET /test-feature-visit-persistence 200 in 3.6s (compile: 2.9s, proxy.ts: 216ms, render: 553ms)
 GET /login 200 in 3.6s (compile: 3.1s, proxy.ts: 223ms, render: 330ms)
 GET /test-portfolio-allocation 200 in 3.7s (compile: 3.0s, proxy.ts: 225ms, render: 383ms)
 GET /api/health 200 in 555ms (compile: 288ms, proxy.ts: 14ms, render: 252ms)
 GET /api/verify-feature-visit-persistence 200 in 1884ms (compile: 715ms, proxy.ts: 27ms, render: 1142ms)
 GET /test-feature-visits 200 in 706ms (compile: 630ms, proxy.ts: 10ms, render: 66ms)
 GET /api/verify-spotlight-persistence 200 in 249ms (compile: 228ms, proxy.ts: 13ms, render: 8ms)
 GET /login 200 in 85ms (compile: 8ms, proxy.ts: 14ms, render: 62ms)
 GET /test-spotlight-persistence 200 in 598ms (compile: 519ms, proxy.ts: 16ms, render: 64ms)
 GET /api/verify-spotlight-persistence 200 in 21ms (compile: 5ms, proxy.ts: 10ms, render: 7ms)
 GET /login?redirectTo=%2Fcore%2Fassets%2Fholdings 200 in 128ms (compile: 8ms, proxy.ts: 12ms, render: 108ms)
 GET /login?redirectTo=%2Fcore 200 in 105ms (compile: 8ms, proxy.ts: 5ms, render: 91ms)
 GET /test-feature-visit-persistence 200 in 145ms (compile: 11ms, proxy.ts: 16ms, render: 119ms)
 GET /api/verify-feature-visit-persistence 200 in 595ms (compile: 6ms, proxy.ts: 10ms, render: 579ms)
 GET /api/apply-migration 200 in 1736ms (compile: 321ms, proxy.ts: 8ms, render: 1408ms)
 GET / 200 in 843ms (compile: 706ms, proxy.ts: 13ms, render: 124ms)
 GET /api/verify-dashboard-kpis 200 in 910ms (compile: 308ms, proxy.ts: 15ms, render: 587ms)
[?25h
