▲ Next.js 16.1.6 (Turbopack)
- Local:         http://localhost:3290
- Network:       http://192.168.86.37:3290
- Environments: .env.local
- Experiments (use with caution):
  ⨯ turbopackFileSystemCacheForDev

✓ Starting...
✓ Ready in 1131ms
 GET /login 200 in 2.3s (compile: 1989ms, proxy.ts: 156ms, render: 178ms)
 GET /login 200 in 37ms (compile: 5ms, proxy.ts: 5ms, render: 27ms)
 GET /login 200 in 44ms (compile: 6ms, proxy.ts: 6ms, render: 32ms)
 GET /login 200 in 71ms (compile: 6ms, proxy.ts: 6ms, render: 60ms)
 GET /api/dev-login 200 in 452ms (compile: 430ms, proxy.ts: 7ms, render: 14ms)
⨯ Error: ENOENT: no such file or directory, open 'C:\Users\janpa\cd\development\fin\.next\dev\server\app\login\page\build-manifest.json'
    at ignore-listed frames {
  errno: -4058,
  code: 'ENOENT',
  syscall: 'open',
  path: 'C:\\Users\\janpa\\cd\\development\\fin\\.next\\dev\\server\\app\\login\\page\\build-manifest.json'
}
✓ Compiled in 1325ms
 GET /login 500 in 2.0s (compile: 1652ms, proxy.ts: 237ms, render: 131ms)
⨯ Error: ENOENT: no such file or directory, open 'C:\Users\janpa\cd\development\fin\.next\dev\server\app\login\page\build-manifest.json'
    at ignore-listed frames {
  errno: -4058,
  code: 'ENOENT',
  syscall: 'open',
  path: 'C:\\Users\\janpa\\cd\\development\\fin\\.next\\dev\\server\\app\\login\\page\\build-manifest.json'
}
 GET /login 500 in 108ms (compile: 82ms, proxy.ts: 10ms, render: 15ms)
⨯ Error: ENOENT: no such file or directory, open 'C:\Users\janpa\cd\development\fin\.next\dev\server\app\login\page\build-manifest.json'
    at ignore-listed frames {
  errno: -4058,
  code: 'ENOENT',
  syscall: 'open',
  path: 'C:\\Users\\janpa\\cd\\development\\fin\\.next\\dev\\server\\app\\login\\page\\build-manifest.json'
}
 GET /login 500 in 145ms (compile: 60ms, proxy.ts: 73ms, render: 12ms)
⨯ Error: ENOENT: no such file or directory, open 'C:\Users\janpa\cd\development\fin\.next\dev\server\app\login\page\build-manifest.json'
    at ignore-listed frames {
  errno: -4058,
  code: 'ENOENT',
  syscall: 'open',
  path: 'C:\\Users\\janpa\\cd\\development\\fin\\.next\\dev\\server\\app\\login\\page\\build-manifest.json'
}
⨯ Error: ENOENT: no such file or directory, open 'C:\Users\janpa\cd\development\fin\.next\dev\server\app\login\page\build-manifest.json'
    at ignore-listed frames {
  errno: -4058,
  code: 'ENOENT',
  syscall: 'open',
  path: 'C:\\Users\\janpa\\cd\\development\\fin\\.next\\dev\\server\\app\\login\\page\\build-manifest.json'
}
✓ Compiled in 371ms
 GET /login 500 in 314ms (compile: 241ms, proxy.ts: 56ms, render: 17ms)
 GET /test-next-step-dismiss 200 in 976ms (compile: 840ms, proxy.ts: 7ms, render: 130ms)
 GET /test-next-step-dismiss 404 in 513ms (compile: 410ms, proxy.ts: 5ms, render: 98ms)
✓ Compiled in 564ms
✓ Compiled in 573ms
✓ Compiled in 672ms
✓ Compiled in 771ms
✓ Compiled in 647ms
/c/Program Files/nodejs/npx: line 65: 28388 Killed                  "$NODE_EXE" "$NPX_CLI_JS" "$@"
✓ Compiled in 1160ms
✓ Compiled in 687ms
✓ Compiled in 744ms
