▲ Next.js 16.1.6 (Turbopack)
- Local:         http://localhost:3094
- Network:       http://192.168.86.37:3094
- Environments: .env.local
- Experiments (use with caution):
  ⨯ turbopackFileSystemCacheForDev

✓ Starting...
✓ Ready in 1006ms
 GET /api/health 200 in 793ms (compile: 436ms, proxy.ts: 113ms, render: 244ms)
 GET /test-user-isolation 200 in 1995ms (compile: 1866ms, proxy.ts: 6ms, render: 124ms)
 GET /api/verify-csv-export 200 in 655ms (compile: 178ms, proxy.ts: 7ms, render: 471ms)
 GET /api/verify-data-isolation 401 in 169ms (compile: 157ms, proxy.ts: 5ms, render: 6ms)
 GET /test-user-isolation 404 in 731ms (compile: 635ms, proxy.ts: 9ms, render: 88ms)
 GET /test-user-isolation 404 in 56ms (compile: 13ms, proxy.ts: 6ms, render: 37ms)
 GET /test-csv-export 200 in 507ms (compile: 459ms, proxy.ts: 7ms, render: 41ms)
 GET /test-user-isolation 200 in 41ms (compile: 4ms, proxy.ts: 4ms, render: 34ms)
 GET /test-user-isolation 200 in 109ms (compile: 10ms, proxy.ts: 7ms, render: 91ms)
 GET /api/verify-data-isolation 401 in 38ms (compile: 7ms, proxy.ts: 10ms, render: 22ms)
✓ Compiled in 288ms
✓ Compiled in 263ms
 GET /test-user-isolation 404 in 66ms (compile: 26ms, proxy.ts: 8ms, render: 32ms)
 GET /api/verify-data-isolation 404 in 40ms (compile: 7ms, proxy.ts: 5ms, render: 29ms)
 GET /api/goals 401 in 189ms (compile: 176ms, proxy.ts: 4ms, render: 8ms)
 GET /api/health 200 in 186ms (compile: 5ms, proxy.ts: 6ms, render: 175ms)
Terminated
