▲ Next.js 16.1.6 (Turbopack)
- Local:         http://localhost:3160
- Network:       http://192.168.86.37:3160
- Environments: .env.local
- Experiments (use with caution):
  ⨯ turbopackFileSystemCacheForDev

✓ Starting...
✓ Ready in 978ms
 GET /login 200 in 2.5s (compile: 2.1s, proxy.ts: 148ms, render: 211ms)
⨯ Error: ENOENT: no such file or directory, open 'C:\Users\janpa\cd\development\fin\.next\dev\server\app\login\page\build-manifest.json'
    at ignore-listed frames {
  errno: -4058,
  code: 'ENOENT',
  syscall: 'open',
  path: 'C:\\Users\\janpa\\cd\\development\\fin\\.next\\dev\\server\\app\\login\\page\\build-manifest.json'
}
 GET /login 500 in 1579ms (compile: 1265ms, proxy.ts: 185ms, render: 129ms)
 GET /test-box3-verification 200 in 1207ms (compile: 770ms, proxy.ts: 24ms, render: 413ms)
 GET /api/verify-box3?year=2025 200 in 744ms (compile: 533ms, proxy.ts: 18ms, render: 194ms)
⨯ Error: ENOENT: no such file or directory, open 'C:\Users\janpa\cd\development\fin\.next\dev\server\app\login\page\build-manifest.json'
    at ignore-listed frames {
  errno: -4058,
  code: 'ENOENT',
  syscall: 'open',
  path: 'C:\\Users\\janpa\\cd\\development\\fin\\.next\\dev\\server\\app\\login\\page\\build-manifest.json'
}
Could not find files for /_error in .next/build-manifest.json
Could not find files for /_error in .next/build-manifest.json
 GET /login?redirectTo=%2Fcore%2Fbelasting 500 in 58ms (compile: 46ms, proxy.ts: 4ms, render: 8ms)
 GET /login 200 in 118ms (compile: 14ms, proxy.ts: 7ms, render: 97ms)
 GET /test-box3-verification 404 in 490ms (compile: 424ms, proxy.ts: 13ms, render: 53ms)
✓ Compiled in 721ms
