▲ Next.js 16.1.6 (Turbopack)
- Local:         http://localhost:3270
- Network:       http://192.168.86.37:3270
- Environments: .env.local
- Experiments (use with caution):
  ⨯ turbopackFileSystemCacheForDev

✓ Starting...
✓ Ready in 1123ms
 GET /login 200 in 2.7s (compile: 2.4s, proxy.ts: 138ms, render: 229ms)
 GET /login 404 in 521ms (compile: 448ms, proxy.ts: 7ms, render: 65ms)
⨯ Error: ENOENT: no such file or directory, open 'C:\Users\janpa\cd\development\fin\.next\dev\server\app\login\page\build-manifest.json'
    at ignore-listed frames {
  errno: -4058,
  code: 'ENOENT',
  syscall: 'open',
  path: 'C:\\Users\\janpa\\cd\\development\\fin\\.next\\dev\\server\\app\\login\\page\\build-manifest.json'
}
⨯ Error: Cannot find module '../chunks/ssr/[turbopack]_runtime.js'
Require stack:
- C:\Users\janpa\cd\development\fin\.next\dev\server\pages\_document.js
- C:\Users\janpa\cd\development\fin\node_modules\next\dist\server\require.js
- C:\Users\janpa\cd\development\fin\node_modules\next\dist\server\load-components.js
- C:\Users\janpa\cd\development\fin\node_modules\next\dist\build\utils.js
- C:\Users\janpa\cd\development\fin\node_modules\next\dist\build\swc\options.js
- C:\Users\janpa\cd\development\fin\node_modules\next\dist\build\swc\index.js
- C:\Users\janpa\cd\development\fin\node_modules\next\dist\build\next-config-ts\transpile-config.js
- C:\Users\janpa\cd\development\fin\node_modules\next\dist\server\config.js
- C:\Users\janpa\cd\development\fin\node_modules\next\dist\server\next.js
- C:\Users\janpa\cd\development\fin\node_modules\next\dist\server\lib\start-server.js
    at Object.<anonymous> (C:\Users\janpa\cd\development\fin\.next\dev\server\pages\_document.js:1:7) {
  code: 'MODULE_NOT_FOUND',
  requireStack: [Array]
}
 GET /login 500 in 1070ms (compile: 948ms, proxy.ts: 6ms, render: 116ms)
✓ Compiled in 367ms
✓ Compiled in 548ms
✓ Compiled in 537ms
✓ Compiled in 681ms
✓ Compiled in 770ms
✓ Compiled in 608ms
/c/Program Files/nodejs/npx: line 65: 27323 Killed                  "$NODE_EXE" "$NPX_CLI_JS" "$@"
✓ Compiled in 1077ms
✓ Compiled in 682ms
✓ Compiled in 685ms
