▲ Next.js 16.1.6 (Turbopack)
- Local:         http://localhost:3170
- Network:       http://192.168.86.37:3170
- Environments: .env.local
- Experiments (use with caution):
  ⨯ turbopackFileSystemCacheForDev

✓ Starting...
✓ Ready in 979ms
 GET /api/health 200 in 830ms (compile: 406ms, proxy.ts: 145ms, render: 279ms)
 GET /api/health 200 in 226ms (compile: 4ms, proxy.ts: 4ms, render: 218ms)
⨯ Error: Cannot find module '../../../chunks/[turbopack]_runtime.js'
Require stack:
- C:\Users\janpa\cd\development\fin\.next\dev\server\app\api\dev-login\route.js
- C:\Users\janpa\cd\development\fin\node_modules\next\dist\server\require.js
- C:\Users\janpa\cd\development\fin\node_modules\next\dist\server\load-components.js
- C:\Users\janpa\cd\development\fin\node_modules\next\dist\build\utils.js
- C:\Users\janpa\cd\development\fin\node_modules\next\dist\build\swc\options.js
- C:\Users\janpa\cd\development\fin\node_modules\next\dist\build\swc\index.js
- C:\Users\janpa\cd\development\fin\node_modules\next\dist\build\next-config-ts\transpile-config.js
- C:\Users\janpa\cd\development\fin\node_modules\next\dist\server\config.js
- C:\Users\janpa\cd\development\fin\node_modules\next\dist\server\next.js
- C:\Users\janpa\cd\development\fin\node_modules\next\dist\server\lib\start-server.js
    at Object.<anonymous> (C:\Users\janpa\cd\development\fin\.next\dev\server\app\api\dev-login\route.js:1:7) {
  code: 'MODULE_NOT_FOUND',
  requireStack: [Array],
  page: '/api/dev-login'
}
 POST /api/dev-login 500 in 1160ms (compile: 1039ms, proxy.ts: 9ms, render: 112ms)
✓ Compiled in 68ms
Terminated
