
> fin@0.2.0 dev
> next dev --port 3000

▲ Next.js 16.1.6 (Turbopack)
- Local:         http://localhost:3000
- Network:       http://192.168.86.37:3000
- Environments: .env.local
- Experiments (use with caution):
  ⨯ turbopackFileSystemCacheForDev

✓ Starting...
✓ Ready in 948ms
 GET /api/health 200 in 643ms (compile: 308ms, proxy.ts: 109ms, render: 226ms)
 GET /api/health 200 in 93ms (compile: 3ms, proxy.ts: 6ms, render: 83ms)
 GET /api/health 200 in 179ms (compile: 3ms, proxy.ts: 7ms, render: 170ms)
 GET / 200 in 1957ms (compile: 1798ms, proxy.ts: 4ms, render: 156ms)
✓ Compiled in 113ms
 GET /api/dev-login 200 in 181ms (compile: 145ms, proxy.ts: 28ms, render: 8ms)
 GET /login 200 in 776ms (compile: 679ms, proxy.ts: 6ms, render: 91ms)
✓ Compiled in 248ms
 GET /login 200 in 261ms (compile: 155ms, proxy.ts: 36ms, render: 70ms)
 GET /login 200 in 37ms (compile: 5ms, proxy.ts: 6ms, render: 26ms)
 GET /login 200 in 53ms (compile: 4ms, proxy.ts: 4ms, render: 45ms)
 GET /login 200 in 50ms (compile: 3ms, proxy.ts: 4ms, render: 42ms)
 GET /login 200 in 33ms (compile: 3ms, proxy.ts: 8ms, render: 22ms)
 GET /login 200 in 28ms (compile: 3ms, proxy.ts: 5ms, render: 20ms)
 GET /login 200 in 28ms (compile: 6ms, proxy.ts: 4ms, render: 18ms)
 GET /login 200 in 26ms (compile: 5ms, proxy.ts: 5ms, render: 17ms)
 GET /login 200 in 28ms (compile: 4ms, proxy.ts: 5ms, render: 19ms)
 GET /login 200 in 26ms (compile: 3ms, proxy.ts: 4ms, render: 19ms)
 GET /login 200 in 27ms (compile: 3ms, proxy.ts: 4ms, render: 21ms)
 GET /login 200 in 44ms (compile: 5ms, proxy.ts: 5ms, render: 34ms)
 GET /login 200 in 27ms (compile: 3ms, proxy.ts: 5ms, render: 19ms)
 GET /login 200 in 35ms (compile: 3ms, proxy.ts: 3ms, render: 29ms)
 GET /login 200 in 27ms (compile: 3ms, proxy.ts: 5ms, render: 18ms)
 GET /login 200 in 24ms (compile: 3ms, proxy.ts: 4ms, render: 16ms)
 GET /login 200 in 51ms (compile: 5ms, proxy.ts: 4ms, render: 43ms)
 GET /login 200 in 64ms (compile: 4ms, proxy.ts: 5ms, render: 55ms)
 GET /login 200 in 51ms (compile: 5ms, proxy.ts: 5ms, render: 42ms)
 GET /login 200 in 25ms (compile: 4ms, proxy.ts: 3ms, render: 18ms)
 GET /login 200 in 23ms (compile: 3ms, proxy.ts: 6ms, render: 15ms)
 GET /login 200 in 26ms (compile: 3ms, proxy.ts: 5ms, render: 18ms)
 GET /login 200 in 24ms (compile: 3ms, proxy.ts: 4ms, render: 17ms)
 GET /login 200 in 24ms (compile: 3ms, proxy.ts: 4ms, render: 18ms)
 GET /login 200 in 20ms (compile: 3ms, proxy.ts: 3ms, render: 14ms)
 GET /login 200 in 27ms (compile: 4ms, proxy.ts: 4ms, render: 19ms)
 GET /login 200 in 30ms (compile: 5ms, proxy.ts: 4ms, render: 21ms)
 GET /login 200 in 43ms (compile: 3ms, proxy.ts: 4ms, render: 37ms)
 GET /login 200 in 40ms (compile: 3ms, proxy.ts: 8ms, render: 28ms)
 GET /login 200 in 22ms (compile: 2ms, proxy.ts: 4ms, render: 15ms)
 GET /login 200 in 37ms (compile: 2ms, proxy.ts: 5ms, render: 30ms)
 GET /login 200 in 25ms (compile: 2ms, proxy.ts: 3ms, render: 20ms)
 GET /login 200 in 46ms (compile: 4ms, proxy.ts: 4ms, render: 38ms)
 GET /login 200 in 31ms (compile: 4ms, proxy.ts: 5ms, render: 22ms)
 GET /login 200 in 27ms (compile: 3ms, proxy.ts: 4ms, render: 20ms)
 GET /login 200 in 34ms (compile: 6ms, proxy.ts: 5ms, render: 24ms)
 GET /login 200 in 43ms (compile: 3ms, proxy.ts: 4ms, render: 35ms)
 GET /login 200 in 31ms (compile: 4ms, proxy.ts: 4ms, render: 23ms)
 GET /login 200 in 26ms (compile: 3ms, proxy.ts: 5ms, render: 18ms)
 GET /login 200 in 27ms (compile: 3ms, proxy.ts: 5ms, render: 19ms)
 GET /login 200 in 47ms (compile: 5ms, proxy.ts: 4ms, render: 38ms)
 GET /login 200 in 31ms (compile: 3ms, proxy.ts: 4ms, render: 23ms)
 GET /login 200 in 28ms (compile: 4ms, proxy.ts: 6ms, render: 18ms)
 GET /login 200 in 27ms (compile: 3ms, proxy.ts: 5ms, render: 19ms)
 GET /login 200 in 28ms (compile: 2ms, proxy.ts: 4ms, render: 22ms)
 GET /login 200 in 26ms (compile: 4ms, proxy.ts: 5ms, render: 17ms)
 GET /login 200 in 27ms (compile: 3ms, proxy.ts: 3ms, render: 21ms)
 GET /login 200 in 27ms (compile: 5ms, proxy.ts: 5ms, render: 17ms)
 GET /login 200 in 30ms (compile: 5ms, proxy.ts: 4ms, render: 21ms)
 GET /login 200 in 28ms (compile: 4ms, proxy.ts: 6ms, render: 18ms)
 GET /login 200 in 31ms (compile: 4ms, proxy.ts: 3ms, render: 23ms)
 GET /login 200 in 34ms (compile: 4ms, proxy.ts: 7ms, render: 23ms)
 GET /login 200 in 30ms (compile: 3ms, proxy.ts: 3ms, render: 24ms)
 GET /login 200 in 30ms (compile: 4ms, proxy.ts: 6ms, render: 19ms)
 GET /login 200 in 25ms (compile: 3ms, proxy.ts: 3ms, render: 19ms)
 GET /login 200 in 26ms (compile: 5ms, proxy.ts: 4ms, render: 18ms)
 GET /login 200 in 27ms (compile: 3ms, proxy.ts: 6ms, render: 18ms)
 GET /login 200 in 23ms (compile: 3ms, proxy.ts: 4ms, render: 16ms)
 GET /login 200 in 23ms (compile: 3ms, proxy.ts: 3ms, render: 17ms)
 GET /login 200 in 23ms (compile: 3ms, proxy.ts: 4ms, render: 17ms)
 GET /login 200 in 27ms (compile: 4ms, proxy.ts: 6ms, render: 17ms)
 GET /login 200 in 25ms (compile: 2ms, proxy.ts: 5ms, render: 18ms)
 GET /login 200 in 24ms (compile: 3ms, proxy.ts: 4ms, render: 17ms)
 GET /login 200 in 27ms (compile: 3ms, proxy.ts: 4ms, render: 19ms)
 GET /login 200 in 27ms (compile: 3ms, proxy.ts: 4ms, render: 20ms)
 GET /login 200 in 30ms (compile: 4ms, proxy.ts: 3ms, render: 24ms)
 GET /login 200 in 37ms (compile: 4ms, proxy.ts: 6ms, render: 26ms)
 GET /login 200 in 29ms (compile: 5ms, proxy.ts: 5ms, render: 19ms)
 GET /login 200 in 32ms (compile: 3ms, proxy.ts: 5ms, render: 24ms)
 GET /login 200 in 30ms (compile: 3ms, proxy.ts: 5ms, render: 22ms)
 GET /login 200 in 37ms (compile: 4ms, proxy.ts: 4ms, render: 29ms)
 GET /login 200 in 59ms (compile: 4ms, proxy.ts: 10ms, render: 45ms)
 GET /login 200 in 40ms (compile: 3ms, proxy.ts: 6ms, render: 31ms)
 GET /login 200 in 181ms (compile: 154ms, proxy.ts: 7ms, render: 21ms)
 GET /login 200 in 25ms (compile: 3ms, proxy.ts: 5ms, render: 17ms)
 GET /login 200 in 25ms (compile: 2ms, proxy.ts: 4ms, render: 18ms)
 GET /login 200 in 43ms (compile: 3ms, proxy.ts: 3ms, render: 37ms)
 GET /login 200 in 30ms (compile: 3ms, proxy.ts: 9ms, render: 18ms)
 GET /login 200 in 25ms (compile: 3ms, proxy.ts: 4ms, render: 18ms)
 GET /login 200 in 24ms (compile: 3ms, proxy.ts: 4ms, render: 18ms)
 GET /login 200 in 28ms (compile: 9ms, proxy.ts: 3ms, render: 16ms)
 GET /login 200 in 28ms (compile: 4ms, proxy.ts: 6ms, render: 18ms)
 GET /login 200 in 22ms (compile: 3ms, proxy.ts: 4ms, render: 15ms)
 GET /login 200 in 31ms (compile: 3ms, proxy.ts: 4ms, render: 23ms)
 GET /login 200 in 24ms (compile: 3ms, proxy.ts: 4ms, render: 17ms)
 GET /login 200 in 24ms (compile: 3ms, proxy.ts: 4ms, render: 17ms)
 GET /login 200 in 27ms (compile: 4ms, proxy.ts: 3ms, render: 20ms)
 GET /login 200 in 23ms (compile: 4ms, proxy.ts: 5ms, render: 14ms)
 GET /login 200 in 24ms (compile: 3ms, proxy.ts: 6ms, render: 16ms)
 GET /login 200 in 19ms (compile: 2ms, proxy.ts: 3ms, render: 14ms)
 GET /login 200 in 21ms (compile: 2ms, proxy.ts: 3ms, render: 15ms)
 GET /login 200 in 21ms (compile: 3ms, proxy.ts: 3ms, render: 16ms)
 GET /login 200 in 22ms (compile: 3ms, proxy.ts: 3ms, render: 16ms)
 GET /login 200 in 29ms (compile: 3ms, proxy.ts: 3ms, render: 23ms)
 GET /login 200 in 28ms (compile: 3ms, proxy.ts: 6ms, render: 18ms)
 GET /login 200 in 21ms (compile: 3ms, proxy.ts: 4ms, render: 14ms)
 GET /login 200 in 26ms (compile: 2ms, proxy.ts: 3ms, render: 20ms)
 GET /login 200 in 38ms (compile: 7ms, proxy.ts: 6ms, render: 24ms)
 GET /login 200 in 33ms (compile: 4ms, proxy.ts: 4ms, render: 25ms)
 GET /login 200 in 56ms (compile: 4ms, proxy.ts: 7ms, render: 45ms)
 GET /login 200 in 30ms (compile: 4ms, proxy.ts: 5ms, render: 21ms)
 GET /login 200 in 31ms (compile: 4ms, proxy.ts: 3ms, render: 24ms)
 GET /login 200 in 31ms (compile: 4ms, proxy.ts: 6ms, render: 20ms)
 GET /login 200 in 27ms (compile: 3ms, proxy.ts: 4ms, render: 20ms)
 GET /login 200 in 28ms (compile: 5ms, proxy.ts: 4ms, render: 19ms)
 GET /login 200 in 28ms (compile: 3ms, proxy.ts: 5ms, render: 19ms)
 GET /login 200 in 32ms (compile: 4ms, proxy.ts: 4ms, render: 24ms)
 GET /login 200 in 32ms (compile: 6ms, proxy.ts: 5ms, render: 20ms)
 GET /login 200 in 23ms (compile: 3ms, proxy.ts: 4ms, render: 17ms)
 GET /login 200 in 29ms (compile: 4ms, proxy.ts: 5ms, render: 19ms)
 GET /login 200 in 48ms (compile: 3ms, proxy.ts: 6ms, render: 39ms)
 GET /login 200 in 30ms (compile: 3ms, proxy.ts: 4ms, render: 23ms)
 GET /login 200 in 29ms (compile: 4ms, proxy.ts: 5ms, render: 20ms)
 GET /login 200 in 25ms (compile: 3ms, proxy.ts: 4ms, render: 17ms)
 GET /login 200 in 28ms (compile: 4ms, proxy.ts: 3ms, render: 20ms)
 GET /login 200 in 55ms (compile: 10ms, proxy.ts: 6ms, render: 39ms)
 GET /login 200 in 46ms (compile: 4ms, proxy.ts: 4ms, render: 38ms)
 GET /login 200 in 23ms (compile: 3ms, proxy.ts: 4ms, render: 16ms)
 GET /login 200 in 21ms (compile: 3ms, proxy.ts: 3ms, render: 15ms)
 GET /login 200 in 22ms (compile: 3ms, proxy.ts: 3ms, render: 16ms)
 GET /login 200 in 23ms (compile: 3ms, proxy.ts: 3ms, render: 18ms)
 GET /login 200 in 24ms (compile: 5ms, proxy.ts: 4ms, render: 15ms)
 GET /login 200 in 24ms (compile: 4ms, proxy.ts: 3ms, render: 17ms)
 GET /login 200 in 26ms (compile: 5ms, proxy.ts: 5ms, render: 17ms)
 GET /login 200 in 25ms (compile: 4ms, proxy.ts: 4ms, render: 17ms)
 GET /login 200 in 22ms (compile: 2ms, proxy.ts: 4ms, render: 16ms)
 GET /login 200 in 20ms (compile: 2ms, proxy.ts: 3ms, render: 15ms)
 GET /login 200 in 21ms (compile: 3ms, proxy.ts: 3ms, render: 16ms)
 GET /login 200 in 26ms (compile: 3ms, proxy.ts: 5ms, render: 19ms)
 GET /login 200 in 25ms (compile: 5ms, proxy.ts: 4ms, render: 16ms)
 GET /login 200 in 30ms (compile: 3ms, proxy.ts: 5ms, render: 23ms)
 GET /login 200 in 22ms (compile: 3ms, proxy.ts: 3ms, render: 16ms)
 GET /login 200 in 35ms (compile: 3ms, proxy.ts: 3ms, render: 29ms)
 GET /login 200 in 39ms (compile: 3ms, proxy.ts: 3ms, render: 33ms)
 GET /login 200 in 24ms (compile: 2ms, proxy.ts: 4ms, render: 17ms)
 GET /login 200 in 22ms (compile: 2ms, proxy.ts: 4ms, render: 16ms)
 GET /login 200 in 32ms (compile: 2ms, proxy.ts: 3ms, render: 26ms)
 GET /login 200 in 24ms (compile: 4ms, proxy.ts: 4ms, render: 16ms)
 GET /login 200 in 25ms (compile: 3ms, proxy.ts: 5ms, render: 17ms)
 GET /login 200 in 25ms (compile: 3ms, proxy.ts: 5ms, render: 17ms)
 GET /login 200 in 37ms (compile: 4ms, proxy.ts: 4ms, render: 30ms)
 GET /login 200 in 26ms (compile: 2ms, proxy.ts: 3ms, render: 21ms)
 GET /login 200 in 47ms (compile: 7ms, proxy.ts: 4ms, render: 36ms)
 GET /login 200 in 31ms (compile: 3ms, proxy.ts: 6ms, render: 23ms)
 GET /login 200 in 25ms (compile: 5ms, proxy.ts: 5ms, render: 16ms)
 GET /login 200 in 29ms (compile: 3ms, proxy.ts: 6ms, render: 20ms)
 GET /login 200 in 56ms (compile: 4ms, proxy.ts: 4ms, render: 47ms)
 GET /login 200 in 32ms (compile: 3ms, proxy.ts: 5ms, render: 24ms)
 GET /login 200 in 28ms (compile: 4ms, proxy.ts: 6ms, render: 18ms)
 GET /login 200 in 27ms (compile: 3ms, proxy.ts: 3ms, render: 21ms)
 GET /login 200 in 32ms (compile: 4ms, proxy.ts: 4ms, render: 24ms)
 GET /login 200 in 32ms (compile: 4ms, proxy.ts: 8ms, render: 20ms)
 GET /login 200 in 24ms (compile: 4ms, proxy.ts: 4ms, render: 16ms)
 GET /login 200 in 30ms (compile: 3ms, proxy.ts: 7ms, render: 21ms)
 GET /login 200 in 26ms (compile: 3ms, proxy.ts: 5ms, render: 17ms)
 GET /login 200 in 29ms (compile: 6ms, proxy.ts: 3ms, render: 19ms)
 GET /login 200 in 32ms (compile: 4ms, proxy.ts: 7ms, render: 22ms)
 GET /login 200 in 32ms (compile: 4ms, proxy.ts: 4ms, render: 23ms)
 GET /login 200 in 34ms (compile: 4ms, proxy.ts: 6ms, render: 24ms)
 GET /login 200 in 31ms (compile: 7ms, proxy.ts: 5ms, render: 20ms)
 GET /login 200 in 27ms (compile: 3ms, proxy.ts: 5ms, render: 19ms)
 GET /login 200 in 31ms (compile: 5ms, proxy.ts: 5ms, render: 21ms)
 GET /login 200 in 40ms (compile: 3ms, proxy.ts: 6ms, render: 31ms)
 GET /login 200 in 28ms (compile: 6ms, proxy.ts: 5ms, render: 17ms)
 GET /login 200 in 21ms (compile: 3ms, proxy.ts: 4ms, render: 14ms)
 GET /login 200 in 23ms (compile: 2ms, proxy.ts: 3ms, render: 18ms)
 GET /login 200 in 28ms (compile: 4ms, proxy.ts: 3ms, render: 21ms)
 GET /login 200 in 31ms (compile: 5ms, proxy.ts: 6ms, render: 21ms)
 GET /login 200 in 26ms (compile: 3ms, proxy.ts: 4ms, render: 19ms)
 GET /login 200 in 22ms (compile: 5ms, proxy.ts: 4ms, render: 13ms)
 GET /login 200 in 22ms (compile: 2ms, proxy.ts: 5ms, render: 14ms)
 GET /login 200 in 24ms (compile: 2ms, proxy.ts: 4ms, render: 18ms)
 GET /login 200 in 29ms (compile: 3ms, proxy.ts: 3ms, render: 23ms)
 GET /login 200 in 28ms (compile: 4ms, proxy.ts: 5ms, render: 18ms)
 GET /login 200 in 28ms (compile: 3ms, proxy.ts: 5ms, render: 20ms)
 GET /login 200 in 23ms (compile: 3ms, proxy.ts: 3ms, render: 17ms)
 GET /login 200 in 24ms (compile: 3ms, proxy.ts: 4ms, render: 16ms)
 GET /login 200 in 40ms (compile: 3ms, proxy.ts: 5ms, render: 33ms)
 GET /login 200 in 32ms (compile: 2ms, proxy.ts: 3ms, render: 27ms)
 GET /login 200 in 30ms (compile: 5ms, proxy.ts: 4ms, render: 22ms)
 GET /login 200 in 24ms (compile: 3ms, proxy.ts: 3ms, render: 18ms)
 GET /login 200 in 43ms (compile: 4ms, proxy.ts: 3ms, render: 36ms)
 GET /login 200 in 23ms (compile: 3ms, proxy.ts: 4ms, render: 16ms)
 GET /login 200 in 22ms (compile: 2ms, proxy.ts: 4ms, render: 16ms)
 GET /login 200 in 27ms (compile: 4ms, proxy.ts: 4ms, render: 20ms)
 GET /login 200 in 26ms (compile: 5ms, proxy.ts: 5ms, render: 17ms)
 GET /login 200 in 31ms (compile: 2ms, proxy.ts: 4ms, render: 24ms)
 GET /login 200 in 31ms (compile: 6ms, proxy.ts: 4ms, render: 21ms)
 GET /login 200 in 34ms (compile: 3ms, proxy.ts: 5ms, render: 26ms)
 GET /login 200 in 71ms (compile: 7ms, proxy.ts: 6ms, render: 59ms)
 GET /login 200 in 65ms (compile: 5ms, proxy.ts: 8ms, render: 52ms)
 GET /login 200 in 64ms (compile: 4ms, proxy.ts: 9ms, render: 51ms)
 GET /login 200 in 41ms (compile: 4ms, proxy.ts: 7ms, render: 29ms)
 GET /login 200 in 36ms (compile: 6ms, proxy.ts: 6ms, render: 24ms)
 GET /login 200 in 44ms (compile: 6ms, proxy.ts: 4ms, render: 34ms)
 GET /login 200 in 36ms (compile: 5ms, proxy.ts: 6ms, render: 25ms)
 GET /login 200 in 31ms (compile: 6ms, proxy.ts: 5ms, render: 20ms)
 GET /login 200 in 34ms (compile: 4ms, proxy.ts: 5ms, render: 25ms)
 GET /login 200 in 34ms (compile: 4ms, proxy.ts: 6ms, render: 24ms)
 GET /login 200 in 30ms (compile: 5ms, proxy.ts: 4ms, render: 22ms)
 GET /login 200 in 38ms (compile: 3ms, proxy.ts: 5ms, render: 30ms)
 GET /login 200 in 34ms (compile: 4ms, proxy.ts: 6ms, render: 25ms)
 GET /login 200 in 31ms (compile: 5ms, proxy.ts: 5ms, render: 21ms)
 GET /login 200 in 33ms (compile: 3ms, proxy.ts: 4ms, render: 25ms)
 GET /login 200 in 31ms (compile: 4ms, proxy.ts: 6ms, render: 21ms)
 GET /login 200 in 31ms (compile: 3ms, proxy.ts: 4ms, render: 23ms)
 GET /login 200 in 31ms (compile: 5ms, proxy.ts: 5ms, render: 21ms)
 GET /login 200 in 30ms (compile: 3ms, proxy.ts: 4ms, render: 23ms)
 GET /login 200 in 31ms (compile: 6ms, proxy.ts: 5ms, render: 20ms)
 GET /login 200 in 24ms (compile: 3ms, proxy.ts: 4ms, render: 17ms)
 GET /login 200 in 55ms (compile: 3ms, proxy.ts: 4ms, render: 48ms)
 GET /login 200 in 27ms (compile: 4ms, proxy.ts: 4ms, render: 19ms)
 GET /login 200 in 30ms (compile: 3ms, proxy.ts: 7ms, render: 20ms)
 GET /login 200 in 27ms (compile: 3ms, proxy.ts: 5ms, render: 19ms)
 GET /login 200 in 31ms (compile: 5ms, proxy.ts: 4ms, render: 22ms)
 GET /login 200 in 26ms (compile: 3ms, proxy.ts: 7ms, render: 17ms)
 GET /login 200 in 32ms (compile: 3ms, proxy.ts: 5ms, render: 24ms)
 GET /login 200 in 32ms (compile: 3ms, proxy.ts: 7ms, render: 22ms)
 GET /login 200 in 35ms (compile: 5ms, proxy.ts: 5ms, render: 26ms)
 GET /login 200 in 26ms (compile: 4ms, proxy.ts: 6ms, render: 16ms)
 GET /login 200 in 30ms (compile: 4ms, proxy.ts: 5ms, render: 21ms)
 GET /login 200 in 30ms (compile: 3ms, proxy.ts: 5ms, render: 22ms)
 GET /login 200 in 30ms (compile: 6ms, proxy.ts: 4ms, render: 20ms)
 GET /login 200 in 33ms (compile: 3ms, proxy.ts: 7ms, render: 23ms)
 GET /login 200 in 29ms (compile: 4ms, proxy.ts: 5ms, render: 20ms)
 GET /login 200 in 26ms (compile: 4ms, proxy.ts: 5ms, render: 18ms)
 GET /login 200 in 54ms (compile: 4ms, proxy.ts: 5ms, render: 45ms)
 GET /login 200 in 30ms (compile: 3ms, proxy.ts: 4ms, render: 23ms)
 GET /login 200 in 31ms (compile: 4ms, proxy.ts: 5ms, render: 22ms)
 GET /login 200 in 33ms (compile: 5ms, proxy.ts: 5ms, render: 23ms)
 GET /login 200 in 32ms (compile: 4ms, proxy.ts: 6ms, render: 22ms)
 GET /login 200 in 38ms (compile: 5ms, proxy.ts: 6ms, render: 27ms)
 GET /login 200 in 31ms (compile: 4ms, proxy.ts: 6ms, render: 21ms)
 GET /login 200 in 30ms (compile: 5ms, proxy.ts: 5ms, render: 20ms)
 GET /login 200 in 33ms (compile: 4ms, proxy.ts: 5ms, render: 24ms)
 GET /login 200 in 36ms (compile: 6ms, proxy.ts: 6ms, render: 24ms)
 GET /login 200 in 33ms (compile: 5ms, proxy.ts: 6ms, render: 22ms)
 GET /login 200 in 30ms (compile: 4ms, proxy.ts: 5ms, render: 21ms)
 GET /login 200 in 32ms (compile: 6ms, proxy.ts: 5ms, render: 21ms)
 GET /login 200 in 31ms (compile: 5ms, proxy.ts: 4ms, render: 22ms)
 GET /login 200 in 30ms (compile: 3ms, proxy.ts: 8ms, render: 19ms)
 GET /login 200 in 28ms (compile: 3ms, proxy.ts: 4ms, render: 21ms)
 GET /login 200 in 37ms (compile: 5ms, proxy.ts: 5ms, render: 28ms)
 GET /login 200 in 31ms (compile: 5ms, proxy.ts: 4ms, render: 22ms)
 GET /login 200 in 47ms (compile: 3ms, proxy.ts: 7ms, render: 37ms)
 GET /login 200 in 32ms (compile: 4ms, proxy.ts: 6ms, render: 23ms)
 GET /login 200 in 29ms (compile: 4ms, proxy.ts: 6ms, render: 19ms)
 GET /login 200 in 33ms (compile: 3ms, proxy.ts: 4ms, render: 25ms)
 GET /login 200 in 50ms (compile: 3ms, proxy.ts: 8ms, render: 39ms)
 GET /login 200 in 29ms (compile: 4ms, proxy.ts: 5ms, render: 20ms)
 GET /login 200 in 36ms (compile: 9ms, proxy.ts: 6ms, render: 21ms)
 GET /login 200 in 55ms (compile: 3ms, proxy.ts: 8ms, render: 45ms)
 GET /login 200 in 36ms (compile: 5ms, proxy.ts: 5ms, render: 26ms)
 GET /login 200 in 32ms (compile: 4ms, proxy.ts: 5ms, render: 23ms)
 GET /login 200 in 30ms (compile: 4ms, proxy.ts: 6ms, render: 20ms)
 GET /login 200 in 79ms (compile: 4ms, proxy.ts: 4ms, render: 70ms)
 GET /login 200 in 64ms (compile: 5ms, proxy.ts: 33ms, render: 25ms)
 GET /login 200 in 33ms (compile: 4ms, proxy.ts: 7ms, render: 23ms)
 GET /login 200 in 35ms (compile: 3ms, proxy.ts: 6ms, render: 26ms)
 GET /login 200 in 27ms (compile: 4ms, proxy.ts: 4ms, render: 19ms)
 GET /login 200 in 25ms (compile: 2ms, proxy.ts: 5ms, render: 17ms)
 GET /login 200 in 31ms (compile: 3ms, proxy.ts: 5ms, render: 24ms)
 GET /login 200 in 25ms (compile: 4ms, proxy.ts: 6ms, render: 16ms)
 GET /login 200 in 24ms (compile: 2ms, proxy.ts: 4ms, render: 17ms)
 GET /login 200 in 30ms (compile: 4ms, proxy.ts: 5ms, render: 21ms)
 GET /login 200 in 31ms (compile: 4ms, proxy.ts: 5ms, render: 22ms)
 GET /login 200 in 29ms (compile: 5ms, proxy.ts: 5ms, render: 20ms)
 GET /login 200 in 28ms (compile: 2ms, proxy.ts: 5ms, render: 20ms)
 GET /login 200 in 29ms (compile: 3ms, proxy.ts: 7ms, render: 19ms)
 GET /login 200 in 27ms (compile: 2ms, proxy.ts: 5ms, render: 20ms)
 GET /login 200 in 29ms (compile: 5ms, proxy.ts: 4ms, render: 21ms)
 GET /login 200 in 32ms (compile: 4ms, proxy.ts: 6ms, render: 23ms)
 GET /login 200 in 32ms (compile: 4ms, proxy.ts: 5ms, render: 23ms)
 GET /login 200 in 32ms (compile: 4ms, proxy.ts: 7ms, render: 22ms)
 GET /login 200 in 40ms (compile: 4ms, proxy.ts: 5ms, render: 31ms)
 GET /login 200 in 30ms (compile: 4ms, proxy.ts: 4ms, render: 22ms)
 GET /login 200 in 27ms (compile: 3ms, proxy.ts: 5ms, render: 19ms)
 GET /login 200 in 30ms (compile: 3ms, proxy.ts: 4ms, render: 23ms)
 GET /login 200 in 30ms (compile: 4ms, proxy.ts: 5ms, render: 21ms)
 GET /login 200 in 30ms (compile: 4ms, proxy.ts: 4ms, render: 21ms)
 GET /login 200 in 29ms (compile: 4ms, proxy.ts: 5ms, render: 20ms)
 GET /login 200 in 28ms (compile: 4ms, proxy.ts: 4ms, render: 20ms)
 GET /login 200 in 25ms (compile: 4ms, proxy.ts: 3ms, render: 17ms)
 GET /login 200 in 27ms (compile: 3ms, proxy.ts: 6ms, render: 18ms)
 GET /login 200 in 25ms (compile: 3ms, proxy.ts: 3ms, render: 18ms)
 GET /login 200 in 25ms (compile: 3ms, proxy.ts: 3ms, render: 19ms)
 GET /login 200 in 28ms (compile: 6ms, proxy.ts: 4ms, render: 18ms)
 GET /login 200 in 25ms (compile: 3ms, proxy.ts: 4ms, render: 17ms)
 GET /login 200 in 42ms (compile: 4ms, proxy.ts: 4ms, render: 35ms)
 GET /login 200 in 21ms (compile: 4ms, proxy.ts: 4ms, render: 13ms)
⨯ Error: ENOENT: no such file or directory, open 'C:\Users\janpa\cd\development\fin\.next\dev\server\app\api\health\[__metadata_id__]\route\app-paths-manifest.json'
    at ignore-listed frames {
  errno: -4058,
  code: 'ENOENT',
  syscall: 'open',
  path: 'C:\\Users\\janpa\\cd\\development\\fin\\.next\\dev\\server\\app\\api\\health\\[__metadata_id__]\\route\\app-paths-manifest.json'
}
 GET /api/health 500 in 856ms (compile: 751ms, proxy.ts: 4ms, render: 101ms)
 GET /login 200 in 190ms (compile: 112ms, proxy.ts: 33ms, render: 44ms)
 GET /login 200 in 52ms (compile: 7ms, proxy.ts: 6ms, render: 39ms)
 GET /login 200 in 63ms (compile: 3ms, proxy.ts: 5ms, render: 55ms)
 GET /login 200 in 48ms (compile: 4ms, proxy.ts: 6ms, render: 38ms)
 GET /login 200 in 26ms (compile: 3ms, proxy.ts: 4ms, render: 19ms)
 GET /login 200 in 26ms (compile: 5ms, proxy.ts: 5ms, render: 16ms)
 GET /login 200 in 46ms (compile: 3ms, proxy.ts: 7ms, render: 36ms)
 GET /login 200 in 32ms (compile: 3ms, proxy.ts: 5ms, render: 24ms)
 GET /login 200 in 28ms (compile: 5ms, proxy.ts: 6ms, render: 18ms)
 GET /login 200 in 34ms (compile: 2ms, proxy.ts: 4ms, render: 28ms)
 GET /login 200 in 29ms (compile: 5ms, proxy.ts: 7ms, render: 18ms)
 GET /login 200 in 28ms (compile: 4ms, proxy.ts: 4ms, render: 19ms)
 GET /login 200 in 36ms (compile: 7ms, proxy.ts: 6ms, render: 23ms)
 GET /login 200 in 27ms (compile: 3ms, proxy.ts: 4ms, render: 19ms)
 GET /login 200 in 31ms (compile: 6ms, proxy.ts: 5ms, render: 20ms)
 GET /login 200 in 27ms (compile: 4ms, proxy.ts: 5ms, render: 18ms)
 GET /login 200 in 28ms (compile: 4ms, proxy.ts: 4ms, render: 21ms)
 GET /login 200 in 28ms (compile: 4ms, proxy.ts: 8ms, render: 17ms)
 GET /login 200 in 27ms (compile: 3ms, proxy.ts: 3ms, render: 20ms)
 GET /login 200 in 31ms (compile: 5ms, proxy.ts: 4ms, render: 22ms)
 GET /login 200 in 34ms (compile: 4ms, proxy.ts: 6ms, render: 24ms)
 GET /login 200 in 43ms (compile: 5ms, proxy.ts: 5ms, render: 33ms)
 GET /login 200 in 27ms (compile: 3ms, proxy.ts: 5ms, render: 19ms)
 GET /login 200 in 50ms (compile: 4ms, proxy.ts: 5ms, render: 42ms)
 GET /login 200 in 33ms (compile: 4ms, proxy.ts: 6ms, render: 24ms)
 GET /login 200 in 31ms (compile: 5ms, proxy.ts: 5ms, render: 22ms)
 GET /login 200 in 29ms (compile: 4ms, proxy.ts: 6ms, render: 18ms)
 GET /login 200 in 27ms (compile: 3ms, proxy.ts: 4ms, render: 20ms)
 GET /login 200 in 31ms (compile: 5ms, proxy.ts: 6ms, render: 20ms)
 GET /login 200 in 36ms (compile: 3ms, proxy.ts: 5ms, render: 28ms)
 GET /login 200 in 33ms (compile: 6ms, proxy.ts: 5ms, render: 22ms)
 GET /login 200 in 30ms (compile: 4ms, proxy.ts: 4ms, render: 22ms)
 GET /login 200 in 28ms (compile: 4ms, proxy.ts: 6ms, render: 18ms)
 GET /login 200 in 28ms (compile: 4ms, proxy.ts: 4ms, render: 20ms)
 GET /login 200 in 28ms (compile: 4ms, proxy.ts: 4ms, render: 19ms)
 GET /login 200 in 28ms (compile: 3ms, proxy.ts: 5ms, render: 19ms)
 GET /login 200 in 29ms (compile: 3ms, proxy.ts: 5ms, render: 21ms)
 GET /login 200 in 50ms (compile: 6ms, proxy.ts: 5ms, render: 40ms)
 GET /login 200 in 26ms (compile: 2ms, proxy.ts: 4ms, render: 19ms)
 GET /login 200 in 29ms (compile: 6ms, proxy.ts: 4ms, render: 20ms)
 GET /login 200 in 26ms (compile: 3ms, proxy.ts: 4ms, render: 19ms)
 GET /login 200 in 25ms (compile: 4ms, proxy.ts: 4ms, render: 17ms)
 GET /login 200 in 43ms (compile: 3ms, proxy.ts: 5ms, render: 35ms)
 GET /login 200 in 27ms (compile: 3ms, proxy.ts: 5ms, render: 19ms)
 GET /login 200 in 32ms (compile: 4ms, proxy.ts: 5ms, render: 23ms)
 GET /login 200 in 35ms (compile: 5ms, proxy.ts: 6ms, render: 24ms)
 GET /login 200 in 29ms (compile: 5ms, proxy.ts: 5ms, render: 19ms)
 GET /login 200 in 32ms (compile: 4ms, proxy.ts: 6ms, render: 22ms)
 GET /login 200 in 48ms (compile: 5ms, proxy.ts: 5ms, render: 38ms)
 GET /login 200 in 30ms (compile: 4ms, proxy.ts: 6ms, render: 20ms)
 GET /login 200 in 29ms (compile: 5ms, proxy.ts: 5ms, render: 20ms)
 GET /login 200 in 33ms (compile: 4ms, proxy.ts: 7ms, render: 22ms)
 GET /login 200 in 26ms (compile: 3ms, proxy.ts: 4ms, render: 18ms)
 GET /login 200 in 60ms (compile: 6ms, proxy.ts: 5ms, render: 49ms)
 GET /login 200 in 33ms (compile: 4ms, proxy.ts: 7ms, render: 21ms)
 GET /login 200 in 83ms (compile: 3ms, proxy.ts: 4ms, render: 76ms)
 GET /login 200 in 31ms (compile: 4ms, proxy.ts: 5ms, render: 22ms)
 GET /login 200 in 25ms (compile: 3ms, proxy.ts: 3ms, render: 19ms)
 GET /login 200 in 46ms (compile: 5ms, proxy.ts: 4ms, render: 37ms)
 GET /login 200 in 30ms (compile: 4ms, proxy.ts: 5ms, render: 21ms)
 GET /login 200 in 30ms (compile: 4ms, proxy.ts: 4ms, render: 22ms)
 GET /login 200 in 28ms (compile: 3ms, proxy.ts: 6ms, render: 19ms)
 GET /login 200 in 32ms (compile: 4ms, proxy.ts: 4ms, render: 25ms)
 GET /login 200 in 28ms (compile: 4ms, proxy.ts: 6ms, render: 18ms)
 GET /login 200 in 26ms (compile: 4ms, proxy.ts: 5ms, render: 17ms)
 GET /login 200 in 24ms (compile: 4ms, proxy.ts: 4ms, render: 17ms)
 GET /login 200 in 34ms (compile: 3ms, proxy.ts: 6ms, render: 24ms)
 GET /login 200 in 31ms (compile: 5ms, proxy.ts: 7ms, render: 19ms)
 GET /login 200 in 27ms (compile: 5ms, proxy.ts: 4ms, render: 18ms)
 GET /login 200 in 27ms (compile: 2ms, proxy.ts: 5ms, render: 20ms)
 GET /login 200 in 32ms (compile: 4ms, proxy.ts: 4ms, render: 24ms)
 GET /login 200 in 30ms (compile: 4ms, proxy.ts: 6ms, render: 20ms)
 GET /login 200 in 24ms (compile: 3ms, proxy.ts: 4ms, render: 16ms)
 GET /login 200 in 27ms (compile: 4ms, proxy.ts: 5ms, render: 18ms)
 GET /login 200 in 33ms (compile: 3ms, proxy.ts: 5ms, render: 25ms)
 GET /login 200 in 24ms (compile: 4ms, proxy.ts: 4ms, render: 17ms)
 GET /login 200 in 43ms (compile: 4ms, proxy.ts: 4ms, render: 35ms)
 GET /login 200 in 26ms (compile: 3ms, proxy.ts: 5ms, render: 17ms)
 GET /login 200 in 20ms (compile: 3ms, proxy.ts: 3ms, render: 14ms)
 GET /login 200 in 20ms (compile: 3ms, proxy.ts: 3ms, render: 15ms)
 GET /login 200 in 20ms (compile: 3ms, proxy.ts: 2ms, render: 15ms)
 GET /login 200 in 23ms (compile: 3ms, proxy.ts: 4ms, render: 16ms)
 GET /login 200 in 37ms (compile: 3ms, proxy.ts: 3ms, render: 30ms)
 GET /login 200 in 25ms (compile: 5ms, proxy.ts: 3ms, render: 17ms)
 GET /login 200 in 23ms (compile: 3ms, proxy.ts: 4ms, render: 16ms)
 GET /login 200 in 25ms (compile: 4ms, proxy.ts: 4ms, render: 17ms)
 GET /login 200 in 24ms (compile: 3ms, proxy.ts: 4ms, render: 18ms)
 GET /login 200 in 21ms (compile: 2ms, proxy.ts: 4ms, render: 15ms)
 GET /login 200 in 22ms (compile: 3ms, proxy.ts: 4ms, render: 15ms)
 GET /login 200 in 32ms (compile: 3ms, proxy.ts: 4ms, render: 25ms)
 GET /login 200 in 33ms (compile: 2ms, proxy.ts: 4ms, render: 27ms)
 GET /login 200 in 35ms (compile: 2ms, proxy.ts: 3ms, render: 29ms)
 GET /login 200 in 33ms (compile: 1868µs, proxy.ts: 4ms, render: 27ms)
 GET /login 200 in 21ms (compile: 1948µs, proxy.ts: 3ms, render: 16ms)
 GET /login 200 in 21ms (compile: 2ms, proxy.ts: 3ms, render: 15ms)
 GET /login 200 in 21ms (compile: 2ms, proxy.ts: 3ms, render: 15ms)
 GET /login 200 in 20ms (compile: 2ms, proxy.ts: 3ms, render: 15ms)
 GET /login 200 in 21ms (compile: 2ms, proxy.ts: 3ms, render: 15ms)
 GET /login 200 in 27ms (compile: 5ms, proxy.ts: 3ms, render: 19ms)
 GET /login 200 in 22ms (compile: 4ms, proxy.ts: 4ms, render: 14ms)
 GET /login 200 in 22ms (compile: 3ms, proxy.ts: 3ms, render: 17ms)
 GET /login 200 in 20ms (compile: 4ms, proxy.ts: 3ms, render: 13ms)
 GET /login 200 in 32ms (compile: 4ms, proxy.ts: 3ms, render: 25ms)
 GET /login 200 in 20ms (compile: 2ms, proxy.ts: 3ms, render: 15ms)
 GET /login 200 in 20ms (compile: 3ms, proxy.ts: 3ms, render: 14ms)
 GET /login 200 in 48ms (compile: 8ms, proxy.ts: 3ms, render: 37ms)
 GET /login 200 in 24ms (compile: 4ms, proxy.ts: 5ms, render: 15ms)
 GET /login 200 in 26ms (compile: 3ms, proxy.ts: 4ms, render: 19ms)
 GET /login 200 in 30ms (compile: 5ms, proxy.ts: 4ms, render: 21ms)
 GET /login 200 in 31ms (compile: 4ms, proxy.ts: 8ms, render: 19ms)
 GET /login 200 in 29ms (compile: 5ms, proxy.ts: 4ms, render: 20ms)
 GET /login 200 in 27ms (compile: 4ms, proxy.ts: 6ms, render: 17ms)
 GET /login 200 in 23ms (compile: 3ms, proxy.ts: 4ms, render: 16ms)
 GET /login 200 in 23ms (compile: 3ms, proxy.ts: 4ms, render: 16ms)
 GET /login 200 in 35ms (compile: 5ms, proxy.ts: 6ms, render: 24ms)
 GET /login 200 in 32ms (compile: 5ms, proxy.ts: 5ms, render: 21ms)
 GET /login 200 in 27ms (compile: 4ms, proxy.ts: 6ms, render: 17ms)
 GET /login 200 in 48ms (compile: 3ms, proxy.ts: 5ms, render: 40ms)
 GET /login 200 in 47ms (compile: 4ms, proxy.ts: 6ms, render: 37ms)
 GET /login 200 in 44ms (compile: 3ms, proxy.ts: 4ms, render: 37ms)
 GET /login 200 in 44ms (compile: 4ms, proxy.ts: 4ms, render: 35ms)
 GET /login 200 in 36ms (compile: 3ms, proxy.ts: 6ms, render: 27ms)
 GET /login 200 in 40ms (compile: 4ms, proxy.ts: 4ms, render: 33ms)
 GET /login 200 in 26ms (compile: 3ms, proxy.ts: 4ms, render: 19ms)
 GET /login 200 in 27ms (compile: 3ms, proxy.ts: 4ms, render: 20ms)
 GET /login 200 in 27ms (compile: 5ms, proxy.ts: 4ms, render: 18ms)
 GET /login 200 in 27ms (compile: 3ms, proxy.ts: 5ms, render: 19ms)
 GET /login 200 in 26ms (compile: 3ms, proxy.ts: 3ms, render: 19ms)
 GET /login 200 in 29ms (compile: 4ms, proxy.ts: 4ms, render: 21ms)
 GET /login 200 in 28ms (compile: 4ms, proxy.ts: 5ms, render: 19ms)
 GET /login 200 in 28ms (compile: 4ms, proxy.ts: 5ms, render: 20ms)
 GET /login 200 in 25ms (compile: 5ms, proxy.ts: 4ms, render: 16ms)
 GET /login 200 in 27ms (compile: 3ms, proxy.ts: 6ms, render: 18ms)
 GET /login 200 in 25ms (compile: 3ms, proxy.ts: 5ms, render: 17ms)
 GET /login 200 in 26ms (compile: 4ms, proxy.ts: 4ms, render: 19ms)
 GET /login 200 in 28ms (compile: 2ms, proxy.ts: 6ms, render: 19ms)
 GET /login 200 in 25ms (compile: 3ms, proxy.ts: 5ms, render: 17ms)
 GET /login 200 in 54ms (compile: 3ms, proxy.ts: 3ms, render: 47ms)
 GET /login 200 in 102ms (compile: 5ms, proxy.ts: 4ms, render: 93ms)
 GET /login 200 in 85ms (compile: 5ms, proxy.ts: 5ms, render: 75ms)
 GET /login 200 in 30ms (compile: 4ms, proxy.ts: 4ms, render: 23ms)
 GET /login 200 in 28ms (compile: 4ms, proxy.ts: 6ms, render: 18ms)
 GET /login 200 in 25ms (compile: 3ms, proxy.ts: 4ms, render: 18ms)
 GET /login 200 in 25ms (compile: 4ms, proxy.ts: 4ms, render: 17ms)
 GET /login 200 in 29ms (compile: 5ms, proxy.ts: 5ms, render: 19ms)
 GET /login 200 in 27ms (compile: 3ms, proxy.ts: 5ms, render: 19ms)
 GET /login 200 in 29ms (compile: 3ms, proxy.ts: 4ms, render: 22ms)
 GET /login 200 in 24ms (compile: 4ms, proxy.ts: 4ms, render: 16ms)
 GET /login 200 in 28ms (compile: 3ms, proxy.ts: 5ms, render: 19ms)
 GET /login 200 in 23ms (compile: 3ms, proxy.ts: 4ms, render: 16ms)
 GET /login 200 in 24ms (compile: 4ms, proxy.ts: 4ms, render: 15ms)
 GET /login 200 in 30ms (compile: 2ms, proxy.ts: 6ms, render: 21ms)
 GET /login 200 in 29ms (compile: 5ms, proxy.ts: 5ms, render: 19ms)
 GET /login 200 in 26ms (compile: 5ms, proxy.ts: 5ms, render: 16ms)
 GET /login 200 in 29ms (compile: 3ms, proxy.ts: 6ms, render: 20ms)
 GET /login 200 in 25ms (compile: 3ms, proxy.ts: 4ms, render: 18ms)
 GET /login 200 in 28ms (compile: 5ms, proxy.ts: 4ms, render: 20ms)
 GET /login 200 in 29ms (compile: 2ms, proxy.ts: 9ms, render: 18ms)
 GET /login 200 in 51ms (compile: 4ms, proxy.ts: 4ms, render: 43ms)
 GET /login 200 in 28ms (compile: 3ms, proxy.ts: 5ms, render: 19ms)
 GET /login 200 in 28ms (compile: 3ms, proxy.ts: 4ms, render: 21ms)
 GET /login 200 in 30ms (compile: 6ms, proxy.ts: 5ms, render: 19ms)
 GET /login 200 in 23ms (compile: 3ms, proxy.ts: 4ms, render: 17ms)
 GET /login 200 in 30ms (compile: 3ms, proxy.ts: 5ms, render: 22ms)
 GET /login 200 in 29ms (compile: 3ms, proxy.ts: 7ms, render: 19ms)
 GET /login 200 in 25ms (compile: 3ms, proxy.ts: 3ms, render: 19ms)
 GET /login 200 in 30ms (compile: 4ms, proxy.ts: 4ms, render: 22ms)
 GET /login 200 in 28ms (compile: 4ms, proxy.ts: 7ms, render: 17ms)
 GET /login 200 in 51ms (compile: 4ms, proxy.ts: 5ms, render: 42ms)
 GET /login 200 in 30ms (compile: 4ms, proxy.ts: 5ms, render: 21ms)
 GET /login 200 in 25ms (compile: 2ms, proxy.ts: 3ms, render: 20ms)
 GET /login 200 in 30ms (compile: 4ms, proxy.ts: 5ms, render: 21ms)
 GET /login 200 in 26ms (compile: 3ms, proxy.ts: 5ms, render: 18ms)
 GET /login 200 in 55ms (compile: 2ms, proxy.ts: 4ms, render: 49ms)
 GET /login 200 in 26ms (compile: 3ms, proxy.ts: 4ms, render: 20ms)
 GET /login 200 in 26ms (compile: 3ms, proxy.ts: 7ms, render: 16ms)
 GET /login 200 in 25ms (compile: 3ms, proxy.ts: 5ms, render: 17ms)
 GET /login 200 in 37ms (compile: 3ms, proxy.ts: 7ms, render: 27ms)
 GET /login 200 in 27ms (compile: 3ms, proxy.ts: 6ms, render: 18ms)
 GET /login 200 in 23ms (compile: 3ms, proxy.ts: 4ms, render: 16ms)
 GET /login 200 in 26ms (compile: 2ms, proxy.ts: 4ms, render: 20ms)
 GET /login 200 in 28ms (compile: 6ms, proxy.ts: 4ms, render: 18ms)
 GET /login 200 in 26ms (compile: 3ms, proxy.ts: 4ms, render: 19ms)
 GET /login 200 in 20ms (compile: 3ms, proxy.ts: 4ms, render: 14ms)
 GET /login 200 in 27ms (compile: 2ms, proxy.ts: 5ms, render: 20ms)
 GET /login 200 in 25ms (compile: 2ms, proxy.ts: 3ms, render: 19ms)
 GET /login 200 in 26ms (compile: 5ms, proxy.ts: 5ms, render: 17ms)
 GET /login 200 in 25ms (compile: 4ms, proxy.ts: 6ms, render: 16ms)
 GET /login 200 in 31ms (compile: 4ms, proxy.ts: 4ms, render: 22ms)
 GET /login 200 in 36ms (compile: 6ms, proxy.ts: 6ms, render: 24ms)
 GET /login 200 in 22ms (compile: 2ms, proxy.ts: 3ms, render: 17ms)
 GET /login 200 in 28ms (compile: 4ms, proxy.ts: 5ms, render: 19ms)
 GET /login 200 in 43ms (compile: 7ms, proxy.ts: 5ms, render: 31ms)
 GET /login 200 in 53ms (compile: 3ms, proxy.ts: 5ms, render: 45ms)
 GET /login 200 in 79ms (compile: 3ms, proxy.ts: 6ms, render: 70ms)
 GET /login 200 in 177ms (compile: 3ms, proxy.ts: 5ms, render: 169ms)
 GET /login 200 in 260ms (compile: 190ms, proxy.ts: 21ms, render: 48ms)
 GET /login 200 in 32ms (compile: 3ms, proxy.ts: 17ms, render: 12ms)
 GET /login 200 in 22ms (compile: 2ms, proxy.ts: 5ms, render: 15ms)
 GET /login 200 in 23ms (compile: 3ms, proxy.ts: 5ms, render: 15ms)
 GET /login 200 in 35ms (compile: 2ms, proxy.ts: 5ms, render: 28ms)
 GET /login 200 in 21ms (compile: 3ms, proxy.ts: 3ms, render: 15ms)
 GET /login 200 in 20ms (compile: 3ms, proxy.ts: 3ms, render: 15ms)
 GET /login 200 in 22ms (compile: 3ms, proxy.ts: 3ms, render: 17ms)
 GET /login 200 in 34ms (compile: 3ms, proxy.ts: 4ms, render: 27ms)
 GET /login 200 in 21ms (compile: 1979µs, proxy.ts: 3ms, render: 16ms)
 GET /login 200 in 19ms (compile: 2ms, proxy.ts: 3ms, render: 14ms)
 GET /login 200 in 20ms (compile: 2ms, proxy.ts: 3ms, render: 14ms)
 GET /login 200 in 33ms (compile: 2ms, proxy.ts: 3ms, render: 28ms)
 GET /login 200 in 34ms (compile: 2ms, proxy.ts: 3ms, render: 29ms)
 GET /login 200 in 26ms (compile: 1982µs, proxy.ts: 3ms, render: 21ms)
 GET /login 200 in 26ms (compile: 8ms, proxy.ts: 3ms, render: 15ms)
 GET /login 200 in 21ms (compile: 3ms, proxy.ts: 4ms, render: 15ms)
 GET /login 200 in 19ms (compile: 4ms, proxy.ts: 3ms, render: 12ms)
 GET /login 200 in 22ms (compile: 5ms, proxy.ts: 4ms, render: 13ms)
 GET /login 200 in 21ms (compile: 5ms, proxy.ts: 3ms, render: 13ms)
 GET /login 200 in 18ms (compile: 3ms, proxy.ts: 3ms, render: 12ms)
 GET /login 200 in 19ms (compile: 2ms, proxy.ts: 3ms, render: 14ms)
 GET /login 200 in 21ms (compile: 3ms, proxy.ts: 2ms, render: 15ms)
 GET /login 200 in 20ms (compile: 4ms, proxy.ts: 3ms, render: 13ms)
 GET /login 200 in 20ms (compile: 3ms, proxy.ts: 2ms, render: 14ms)
 GET /login 200 in 18ms (compile: 3ms, proxy.ts: 3ms, render: 12ms)
 GET /login 200 in 20ms (compile: 2ms, proxy.ts: 3ms, render: 14ms)
 GET /login 200 in 19ms (compile: 3ms, proxy.ts: 2ms, render: 13ms)
 GET /login 200 in 21ms (compile: 4ms, proxy.ts: 2ms, render: 15ms)
 GET /login 200 in 28ms (compile: 3ms, proxy.ts: 3ms, render: 22ms)
 GET /login 200 in 21ms (compile: 3ms, proxy.ts: 4ms, render: 14ms)
 GET /login 200 in 22ms (compile: 4ms, proxy.ts: 3ms, render: 14ms)
 GET /login 200 in 32ms (compile: 4ms, proxy.ts: 3ms, render: 25ms)
 GET /login 200 in 20ms (compile: 4ms, proxy.ts: 3ms, render: 13ms)
 GET /login 200 in 23ms (compile: 4ms, proxy.ts: 3ms, render: 15ms)
 GET /login 200 in 20ms (compile: 5ms, proxy.ts: 3ms, render: 12ms)
 GET /login 200 in 22ms (compile: 4ms, proxy.ts: 3ms, render: 14ms)
 GET /login 200 in 24ms (compile: 5ms, proxy.ts: 4ms, render: 16ms)
 GET /login 200 in 22ms (compile: 5ms, proxy.ts: 4ms, render: 14ms)
 GET /login 200 in 22ms (compile: 3ms, proxy.ts: 4ms, render: 15ms)
 GET /login 200 in 21ms (compile: 3ms, proxy.ts: 4ms, render: 13ms)
 GET /login 200 in 21ms (compile: 3ms, proxy.ts: 3ms, render: 15ms)
 GET /login 200 in 23ms (compile: 5ms, proxy.ts: 3ms, render: 15ms)
 GET /login 200 in 22ms (compile: 3ms, proxy.ts: 4ms, render: 15ms)
 GET /login 200 in 21ms (compile: 4ms, proxy.ts: 4ms, render: 14ms)
 GET /login 200 in 27ms (compile: 5ms, proxy.ts: 3ms, render: 20ms)
 GET /login 200 in 20ms (compile: 2ms, proxy.ts: 3ms, render: 15ms)
 GET /login 200 in 20ms (compile: 2ms, proxy.ts: 3ms, render: 15ms)
 GET /login 200 in 20ms (compile: 2ms, proxy.ts: 3ms, render: 14ms)
 GET /login 200 in 22ms (compile: 2ms, proxy.ts: 4ms, render: 16ms)
 GET /login 200 in 29ms (compile: 2ms, proxy.ts: 4ms, render: 23ms)
 GET /login 200 in 36ms (compile: 2ms, proxy.ts: 4ms, render: 30ms)
 GET /login 200 in 38ms (compile: 2ms, proxy.ts: 4ms, render: 32ms)
 GET /login 200 in 22ms (compile: 2ms, proxy.ts: 3ms, render: 17ms)
 GET /login 200 in 19ms (compile: 2ms, proxy.ts: 3ms, render: 14ms)
 GET /login 200 in 19ms (compile: 2ms, proxy.ts: 3ms, render: 14ms)
 GET /login 200 in 20ms (compile: 2ms, proxy.ts: 3ms, render: 15ms)
 GET /login 200 in 20ms (compile: 2ms, proxy.ts: 3ms, render: 15ms)
 GET /login 200 in 19ms (compile: 3ms, proxy.ts: 3ms, render: 13ms)
 GET /login 200 in 22ms (compile: 1984µs, proxy.ts: 4ms, render: 16ms)
 GET /login 200 in 21ms (compile: 2ms, proxy.ts: 5ms, render: 15ms)
 GET /login 200 in 27ms (compile: 2ms, proxy.ts: 4ms, render: 21ms)
 GET /login 200 in 17ms (compile: 2000µs, proxy.ts: 3ms, render: 12ms)
 GET /login 200 in 20ms (compile: 1745µs, proxy.ts: 3ms, render: 15ms)
 GET /login 200 in 19ms (compile: 2ms, proxy.ts: 3ms, render: 13ms)
 GET /login 200 in 29ms (compile: 2ms, proxy.ts: 2ms, render: 24ms)
 GET /login 200 in 20ms (compile: 2ms, proxy.ts: 3ms, render: 15ms)
 GET /login 200 in 20ms (compile: 2ms, proxy.ts: 3ms, render: 14ms)
 GET /login 200 in 24ms (compile: 3ms, proxy.ts: 5ms, render: 16ms)
 GET /login 200 in 21ms (compile: 3ms, proxy.ts: 4ms, render: 14ms)
 GET /login 200 in 20ms (compile: 2ms, proxy.ts: 3ms, render: 15ms)
 GET /login 200 in 22ms (compile: 3ms, proxy.ts: 4ms, render: 15ms)
 GET /login 200 in 21ms (compile: 3ms, proxy.ts: 4ms, render: 15ms)
 GET /login 200 in 22ms (compile: 3ms, proxy.ts: 4ms, render: 15ms)
 GET /login 200 in 22ms (compile: 3ms, proxy.ts: 5ms, render: 14ms)
 GET /login 200 in 22ms (compile: 2ms, proxy.ts: 5ms, render: 15ms)
 GET /login 200 in 32ms (compile: 3ms, proxy.ts: 5ms, render: 24ms)
 GET /login 200 in 40ms (compile: 2ms, proxy.ts: 5ms, render: 33ms)
 GET /login 200 in 36ms (compile: 2ms, proxy.ts: 3ms, render: 31ms)
 GET /login 200 in 69ms (compile: 3ms, proxy.ts: 4ms, render: 63ms)
 GET /login 200 in 179ms (compile: 120ms, proxy.ts: 44ms, render: 15ms)
 GET /login 200 in 21ms (compile: 2ms, proxy.ts: 3ms, render: 16ms)
 GET /login 200 in 27ms (compile: 3ms, proxy.ts: 4ms, render: 21ms)
 GET /login 200 in 22ms (compile: 4ms, proxy.ts: 4ms, render: 14ms)
 GET /login 200 in 17ms (compile: 4ms, proxy.ts: 3ms, render: 10ms)
 GET /login 200 in 28ms (compile: 2ms, proxy.ts: 8ms, render: 18ms)
 GET /login 200 in 26ms (compile: 3ms, proxy.ts: 4ms, render: 19ms)
 GET /login 200 in 24ms (compile: 5ms, proxy.ts: 4ms, render: 15ms)
 GET /login 200 in 22ms (compile: 2ms, proxy.ts: 5ms, render: 15ms)
 GET /login 200 in 26ms (compile: 3ms, proxy.ts: 6ms, render: 17ms)
 GET /login 200 in 29ms (compile: 2ms, proxy.ts: 4ms, render: 23ms)
 GET /login 200 in 20ms (compile: 3ms, proxy.ts: 4ms, render: 12ms)
 GET /login 200 in 20ms (compile: 4ms, proxy.ts: 3ms, render: 12ms)
 GET /login 200 in 20ms (compile: 4ms, proxy.ts: 3ms, render: 14ms)
 GET /login 200 in 25ms (compile: 4ms, proxy.ts: 6ms, render: 15ms)
 GET /login 200 in 23ms (compile: 3ms, proxy.ts: 4ms, render: 17ms)
 GET /login 200 in 29ms (compile: 3ms, proxy.ts: 4ms, render: 22ms)
 GET /login 200 in 22ms (compile: 3ms, proxy.ts: 4ms, render: 14ms)
 GET /login 200 in 22ms (compile: 3ms, proxy.ts: 3ms, render: 17ms)
 GET /login 200 in 23ms (compile: 5ms, proxy.ts: 5ms, render: 13ms)
 GET /login 200 in 29ms (compile: 3ms, proxy.ts: 6ms, render: 19ms)
 GET /login 200 in 23ms (compile: 3ms, proxy.ts: 4ms, render: 16ms)
 GET /login 200 in 20ms (compile: 2ms, proxy.ts: 4ms, render: 13ms)
 GET /login 200 in 26ms (compile: 4ms, proxy.ts: 4ms, render: 18ms)
 GET /login 200 in 25ms (compile: 3ms, proxy.ts: 6ms, render: 16ms)
 GET /login 200 in 24ms (compile: 3ms, proxy.ts: 5ms, render: 16ms)
 GET /login 200 in 32ms (compile: 3ms, proxy.ts: 5ms, render: 23ms)
 GET /login 200 in 35ms (compile: 4ms, proxy.ts: 12ms, render: 20ms)
 GET /login 200 in 23ms (compile: 4ms, proxy.ts: 3ms, render: 15ms)
 GET /login 200 in 27ms (compile: 4ms, proxy.ts: 5ms, render: 19ms)
 GET /login 200 in 23ms (compile: 3ms, proxy.ts: 3ms, render: 16ms)
 GET /login 200 in 24ms (compile: 2ms, proxy.ts: 4ms, render: 18ms)
 GET /login 200 in 28ms (compile: 6ms, proxy.ts: 4ms, render: 17ms)
 GET /login 200 in 24ms (compile: 3ms, proxy.ts: 5ms, render: 17ms)
 GET /login 200 in 27ms (compile: 4ms, proxy.ts: 6ms, render: 17ms)
 GET /login 200 in 20ms (compile: 2ms, proxy.ts: 4ms, render: 14ms)
 GET /login 200 in 24ms (compile: 4ms, proxy.ts: 3ms, render: 17ms)
 GET /login 200 in 23ms (compile: 4ms, proxy.ts: 4ms, render: 16ms)
 GET /login 200 in 19ms (compile: 4ms, proxy.ts: 3ms, render: 12ms)
 GET /login 200 in 30ms (compile: 4ms, proxy.ts: 3ms, render: 23ms)
 GET /login 200 in 40ms (compile: 3ms, proxy.ts: 5ms, render: 31ms)
 GET /login 200 in 23ms (compile: 2ms, proxy.ts: 4ms, render: 17ms)
 GET /login 200 in 30ms (compile: 3ms, proxy.ts: 3ms, render: 24ms)
 GET /login 200 in 36ms (compile: 4ms, proxy.ts: 4ms, render: 28ms)
 GET /login 200 in 24ms (compile: 3ms, proxy.ts: 3ms, render: 19ms)
✓ Compiled in 162ms
 GET /login 200 in 58ms (compile: 3ms, proxy.ts: 5ms, render: 50ms)
 GET /login 200 in 149ms (compile: 106ms, proxy.ts: 23ms, render: 20ms)
 GET /login 200 in 27ms (compile: 3ms, proxy.ts: 6ms, render: 18ms)
 GET /login 200 in 22ms (compile: 3ms, proxy.ts: 4ms, render: 15ms)
 GET /login 200 in 23ms (compile: 2ms, proxy.ts: 4ms, render: 16ms)
 GET /login 200 in 28ms (compile: 4ms, proxy.ts: 5ms, render: 20ms)
 GET /login 200 in 31ms (compile: 4ms, proxy.ts: 7ms, render: 20ms)
 GET /login 200 in 33ms (compile: 4ms, proxy.ts: 6ms, render: 23ms)
 GET /login 200 in 27ms (compile: 3ms, proxy.ts: 6ms, render: 18ms)
 GET /login 200 in 25ms (compile: 3ms, proxy.ts: 4ms, render: 18ms)
 GET /login 200 in 28ms (compile: 4ms, proxy.ts: 4ms, render: 20ms)
 GET /login 200 in 40ms (compile: 5ms, proxy.ts: 6ms, render: 30ms)
 GET /login 200 in 27ms (compile: 4ms, proxy.ts: 4ms, render: 19ms)
 GET /login 200 in 26ms (compile: 3ms, proxy.ts: 5ms, render: 19ms)
 GET /login 200 in 26ms (compile: 3ms, proxy.ts: 5ms, render: 18ms)
 GET /login 200 in 45ms (compile: 5ms, proxy.ts: 4ms, render: 37ms)
 GET /login 200 in 27ms (compile: 3ms, proxy.ts: 8ms, render: 16ms)
 GET /login 200 in 25ms (compile: 3ms, proxy.ts: 4ms, render: 18ms)
 GET /login 200 in 29ms (compile: 5ms, proxy.ts: 4ms, render: 20ms)
 GET /login 200 in 24ms (compile: 3ms, proxy.ts: 4ms, render: 17ms)
 GET /login 200 in 25ms (compile: 3ms, proxy.ts: 3ms, render: 19ms)
 GET /login 200 in 32ms (compile: 5ms, proxy.ts: 5ms, render: 22ms)
 GET /login 200 in 30ms (compile: 3ms, proxy.ts: 7ms, render: 21ms)
 GET /login 200 in 24ms (compile: 3ms, proxy.ts: 5ms, render: 17ms)
 GET /login 200 in 44ms (compile: 3ms, proxy.ts: 4ms, render: 37ms)
 GET /login 200 in 28ms (compile: 3ms, proxy.ts: 6ms, render: 19ms)
 GET /login 200 in 33ms (compile: 3ms, proxy.ts: 3ms, render: 27ms)
 GET /login 200 in 26ms (compile: 3ms, proxy.ts: 5ms, render: 18ms)
 GET /login 200 in 25ms (compile: 2ms, proxy.ts: 4ms, render: 18ms)
 GET /login 200 in 29ms (compile: 4ms, proxy.ts: 4ms, render: 20ms)
 GET /login 200 in 27ms (compile: 3ms, proxy.ts: 5ms, render: 18ms)
 GET /login 200 in 26ms (compile: 3ms, proxy.ts: 3ms, render: 19ms)
 GET /login 200 in 29ms (compile: 4ms, proxy.ts: 5ms, render: 20ms)
 GET /login 200 in 27ms (compile: 5ms, proxy.ts: 5ms, render: 18ms)
 GET /login 200 in 24ms (compile: 2ms, proxy.ts: 6ms, render: 16ms)
 GET /login 200 in 24ms (compile: 2ms, proxy.ts: 4ms, render: 17ms)
 GET /login 200 in 42ms (compile: 4ms, proxy.ts: 6ms, render: 32ms)
 GET /login 200 in 27ms (compile: 3ms, proxy.ts: 4ms, render: 19ms)
 GET /login 200 in 24ms (compile: 3ms, proxy.ts: 4ms, render: 17ms)
 GET /login 200 in 26ms (compile: 5ms, proxy.ts: 4ms, render: 17ms)
 GET /login 200 in 28ms (compile: 3ms, proxy.ts: 6ms, render: 19ms)
 GET /login 200 in 26ms (compile: 3ms, proxy.ts: 4ms, render: 18ms)
 GET /login 200 in 36ms (compile: 5ms, proxy.ts: 4ms, render: 28ms)
 GET /login 200 in 56ms (compile: 3ms, proxy.ts: 4ms, render: 49ms)
 GET /login 200 in 60ms (compile: 2ms, proxy.ts: 13ms, render: 44ms)
 GET /login 200 in 45ms (compile: 3ms, proxy.ts: 6ms, render: 36ms)
 GET /login 200 in 29ms (compile: 4ms, proxy.ts: 5ms, render: 20ms)
 GET /login 200 in 30ms (compile: 4ms, proxy.ts: 4ms, render: 22ms)
 GET /login 200 in 25ms (compile: 3ms, proxy.ts: 4ms, render: 18ms)
 GET /login 200 in 28ms (compile: 3ms, proxy.ts: 4ms, render: 21ms)
 GET /login 200 in 32ms (compile: 5ms, proxy.ts: 5ms, render: 22ms)
 GET /login 200 in 22ms (compile: 2ms, proxy.ts: 5ms, render: 15ms)
 GET /login 200 in 25ms (compile: 4ms, proxy.ts: 5ms, render: 15ms)
 GET /login 200 in 31ms (compile: 5ms, proxy.ts: 6ms, render: 20ms)
 GET /login 200 in 23ms (compile: 4ms, proxy.ts: 5ms, render: 15ms)
 GET /login 200 in 28ms (compile: 3ms, proxy.ts: 6ms, render: 19ms)
 GET /login 200 in 30ms (compile: 4ms, proxy.ts: 6ms, render: 21ms)
 GET /login 200 in 22ms (compile: 3ms, proxy.ts: 3ms, render: 15ms)
 GET /login 200 in 36ms (compile: 5ms, proxy.ts: 5ms, render: 26ms)
 GET /login 200 in 27ms (compile: 5ms, proxy.ts: 3ms, render: 19ms)
 GET /login 200 in 29ms (compile: 2ms, proxy.ts: 7ms, render: 19ms)
 GET /login 200 in 26ms (compile: 3ms, proxy.ts: 5ms, render: 18ms)
 GET /login 200 in 48ms (compile: 4ms, proxy.ts: 4ms, render: 40ms)
 GET /login 200 in 33ms (compile: 4ms, proxy.ts: 5ms, render: 24ms)
 GET /login 200 in 30ms (compile: 6ms, proxy.ts: 6ms, render: 18ms)
 GET /login 200 in 32ms (compile: 3ms, proxy.ts: 6ms, render: 23ms)
 GET /login 200 in 41ms (compile: 4ms, proxy.ts: 5ms, render: 32ms)
 GET /login 200 in 25ms (compile: 1953µs, proxy.ts: 4ms, render: 19ms)
 GET /login 200 in 25ms (compile: 3ms, proxy.ts: 4ms, render: 18ms)
 GET /login 200 in 29ms (compile: 4ms, proxy.ts: 4ms, render: 22ms)
 GET /login 200 in 28ms (compile: 4ms, proxy.ts: 6ms, render: 18ms)
 GET /login 200 in 26ms (compile: 3ms, proxy.ts: 3ms, render: 20ms)
 GET /login 200 in 26ms (compile: 5ms, proxy.ts: 4ms, render: 17ms)
 GET /login 200 in 29ms (compile: 3ms, proxy.ts: 7ms, render: 19ms)
 GET /login 200 in 33ms (compile: 3ms, proxy.ts: 4ms, render: 27ms)
 GET /login 200 in 23ms (compile: 3ms, proxy.ts: 5ms, render: 16ms)
 GET /login 200 in 25ms (compile: 2ms, proxy.ts: 4ms, render: 19ms)
 GET /login 200 in 30ms (compile: 4ms, proxy.ts: 3ms, render: 22ms)
 GET /login 200 in 27ms (compile: 4ms, proxy.ts: 5ms, render: 18ms)
 GET /login 200 in 22ms (compile: 2ms, proxy.ts: 4ms, render: 16ms)
 GET /login 200 in 31ms (compile: 2ms, proxy.ts: 6ms, render: 22ms)
 GET /login 200 in 29ms (compile: 6ms, proxy.ts: 5ms, render: 19ms)
 GET /login 200 in 25ms (compile: 3ms, proxy.ts: 4ms, render: 18ms)
 GET /login 200 in 26ms (compile: 3ms, proxy.ts: 3ms, render: 19ms)
 GET /login 200 in 31ms (compile: 5ms, proxy.ts: 4ms, render: 22ms)
 GET /login 200 in 25ms (compile: 3ms, proxy.ts: 4ms, render: 18ms)
 GET /login 200 in 23ms (compile: 3ms, proxy.ts: 3ms, render: 16ms)
 GET /login 200 in 25ms (compile: 4ms, proxy.ts: 5ms, render: 16ms)
 GET /login 200 in 27ms (compile: 4ms, proxy.ts: 4ms, render: 18ms)
 GET /login 200 in 42ms (compile: 4ms, proxy.ts: 4ms, render: 33ms)
 GET /login 200 in 36ms (compile: 3ms, proxy.ts: 4ms, render: 29ms)
 GET /login 200 in 30ms (compile: 3ms, proxy.ts: 4ms, render: 23ms)
 GET /login 200 in 40ms (compile: 4ms, proxy.ts: 5ms, render: 31ms)
 GET /login 200 in 27ms (compile: 2ms, proxy.ts: 4ms, render: 20ms)
 GET /login 200 in 25ms (compile: 3ms, proxy.ts: 4ms, render: 18ms)
 GET /login 200 in 26ms (compile: 5ms, proxy.ts: 4ms, render: 17ms)
 GET /login 200 in 27ms (compile: 2ms, proxy.ts: 6ms, render: 18ms)
 GET /login 200 in 26ms (compile: 3ms, proxy.ts: 4ms, render: 19ms)
 GET /login 200 in 30ms (compile: 3ms, proxy.ts: 4ms, render: 22ms)
 GET /login 200 in 27ms (compile: 3ms, proxy.ts: 7ms, render: 17ms)
 GET /login 200 in 24ms (compile: 3ms, proxy.ts: 4ms, render: 17ms)
 GET /login 200 in 25ms (compile: 3ms, proxy.ts: 4ms, render: 18ms)
 GET /login 200 in 31ms (compile: 5ms, proxy.ts: 5ms, render: 21ms)
 GET /login 200 in 30ms (compile: 3ms, proxy.ts: 6ms, render: 20ms)
 GET /login 200 in 27ms (compile: 3ms, proxy.ts: 4ms, render: 20ms)
 GET /login 200 in 26ms (compile: 4ms, proxy.ts: 5ms, render: 18ms)
 GET /login 200 in 36ms (compile: 3ms, proxy.ts: 5ms, render: 28ms)
 GET /login 200 in 27ms (compile: 3ms, proxy.ts: 4ms, render: 20ms)
 GET /login 200 in 24ms (compile: 3ms, proxy.ts: 4ms, render: 17ms)
 GET /login 200 in 26ms (compile: 3ms, proxy.ts: 4ms, render: 19ms)
 GET /login 200 in 33ms (compile: 5ms, proxy.ts: 5ms, render: 22ms)
 GET /login 200 in 29ms (compile: 4ms, proxy.ts: 5ms, render: 20ms)
 GET /login 200 in 27ms (compile: 3ms, proxy.ts: 6ms, render: 18ms)
 GET /login 200 in 31ms (compile: 4ms, proxy.ts: 6ms, render: 22ms)
 GET /login 200 in 26ms (compile: 5ms, proxy.ts: 6ms, render: 16ms)
 GET /login 200 in 28ms (compile: 3ms, proxy.ts: 6ms, render: 19ms)
 GET /login 200 in 31ms (compile: 3ms, proxy.ts: 4ms, render: 24ms)
 GET /login 200 in 36ms (compile: 6ms, proxy.ts: 7ms, render: 23ms)
 GET /login 200 in 35ms (compile: 4ms, proxy.ts: 6ms, render: 25ms)
 GET /login 200 in 28ms (compile: 3ms, proxy.ts: 5ms, render: 20ms)
 GET /login 200 in 23ms (compile: 3ms, proxy.ts: 4ms, render: 16ms)
 GET /login 200 in 25ms (compile: 3ms, proxy.ts: 5ms, render: 16ms)
 GET /login 200 in 33ms (compile: 4ms, proxy.ts: 5ms, render: 24ms)
 GET /login 200 in 31ms (compile: 4ms, proxy.ts: 7ms, render: 20ms)
 GET /login 200 in 26ms (compile: 4ms, proxy.ts: 6ms, render: 16ms)
 GET /login 200 in 29ms (compile: 6ms, proxy.ts: 5ms, render: 18ms)
 GET /login 200 in 29ms (compile: 2ms, proxy.ts: 7ms, render: 20ms)
 GET /login 200 in 29ms (compile: 4ms, proxy.ts: 4ms, render: 20ms)
 GET /login 200 in 28ms (compile: 4ms, proxy.ts: 7ms, render: 18ms)
 GET /login 200 in 31ms (compile: 2ms, proxy.ts: 4ms, render: 24ms)
 GET /login 200 in 30ms (compile: 6ms, proxy.ts: 6ms, render: 18ms)
 GET /login 200 in 32ms (compile: 3ms, proxy.ts: 5ms, render: 25ms)
 GET /login 200 in 32ms (compile: 4ms, proxy.ts: 6ms, render: 22ms)
 GET /login 200 in 31ms (compile: 4ms, proxy.ts: 6ms, render: 21ms)
 GET /login 200 in 42ms (compile: 4ms, proxy.ts: 4ms, render: 34ms)
 GET /login 200 in 26ms (compile: 2ms, proxy.ts: 5ms, render: 18ms)
 GET /login 200 in 24ms (compile: 3ms, proxy.ts: 4ms, render: 17ms)
 GET /login 200 in 23ms (compile: 3ms, proxy.ts: 3ms, render: 17ms)
 GET /login 200 in 37ms (compile: 5ms, proxy.ts: 4ms, render: 28ms)
 GET /login 200 in 27ms (compile: 3ms, proxy.ts: 4ms, render: 20ms)
 GET /login 200 in 29ms (compile: 4ms, proxy.ts: 5ms, render: 19ms)
 GET /login 200 in 23ms (compile: 3ms, proxy.ts: 4ms, render: 16ms)
 GET /login 200 in 22ms (compile: 2ms, proxy.ts: 4ms, render: 16ms)
 GET /login 200 in 28ms (compile: 5ms, proxy.ts: 5ms, render: 19ms)
 GET /login 200 in 25ms (compile: 2ms, proxy.ts: 4ms, render: 19ms)
 GET /login 200 in 30ms (compile: 4ms, proxy.ts: 4ms, render: 22ms)
 GET /login 200 in 26ms (compile: 3ms, proxy.ts: 6ms, render: 17ms)
 GET /login 200 in 25ms (compile: 3ms, proxy.ts: 4ms, render: 18ms)
 GET /login 200 in 30ms (compile: 3ms, proxy.ts: 5ms, render: 22ms)
 GET /login 200 in 30ms (compile: 4ms, proxy.ts: 6ms, render: 20ms)
 GET /login 200 in 29ms (compile: 5ms, proxy.ts: 5ms, render: 20ms)
 GET /login 200 in 46ms (compile: 5ms, proxy.ts: 5ms, render: 36ms)
 GET /login 200 in 27ms (compile: 3ms, proxy.ts: 6ms, render: 18ms)
 GET /login 200 in 29ms (compile: 4ms, proxy.ts: 3ms, render: 22ms)
 GET /login 200 in 37ms (compile: 4ms, proxy.ts: 6ms, render: 26ms)
 GET /login 200 in 27ms (compile: 3ms, proxy.ts: 3ms, render: 20ms)
 GET /login 200 in 26ms (compile: 4ms, proxy.ts: 6ms, render: 16ms)
 GET /login 200 in 26ms (compile: 3ms, proxy.ts: 3ms, render: 20ms)
 GET /login 200 in 23ms (compile: 4ms, proxy.ts: 5ms, render: 15ms)
 GET /login 200 in 27ms (compile: 6ms, proxy.ts: 3ms, render: 18ms)
 GET /login 200 in 28ms (compile: 3ms, proxy.ts: 5ms, render: 19ms)
 GET /login 200 in 28ms (compile: 4ms, proxy.ts: 3ms, render: 21ms)
 GET /login 200 in 28ms (compile: 6ms, proxy.ts: 4ms, render: 19ms)
 GET /login 200 in 26ms (compile: 3ms, proxy.ts: 4ms, render: 18ms)
 GET /login 200 in 26ms (compile: 3ms, proxy.ts: 4ms, render: 19ms)
 GET /login 200 in 25ms (compile: 4ms, proxy.ts: 4ms, render: 17ms)
 GET /login 200 in 27ms (compile: 3ms, proxy.ts: 7ms, render: 17ms)
 GET /login 200 in 28ms (compile: 3ms, proxy.ts: 5ms, render: 20ms)
 GET /login 200 in 26ms (compile: 4ms, proxy.ts: 5ms, render: 17ms)
 GET /login 200 in 31ms (compile: 3ms, proxy.ts: 7ms, render: 21ms)
 GET /login 200 in 38ms (compile: 4ms, proxy.ts: 5ms, render: 29ms)
 GET /login 200 in 27ms (compile: 3ms, proxy.ts: 4ms, render: 20ms)
 GET /login 200 in 30ms (compile: 5ms, proxy.ts: 4ms, render: 21ms)
 GET /login 200 in 31ms (compile: 4ms, proxy.ts: 6ms, render: 20ms)
 GET /login 200 in 29ms (compile: 4ms, proxy.ts: 4ms, render: 21ms)
 GET /login 200 in 27ms (compile: 3ms, proxy.ts: 6ms, render: 18ms)
 GET /login 200 in 28ms (compile: 3ms, proxy.ts: 5ms, render: 21ms)
 GET /login 200 in 30ms (compile: 6ms, proxy.ts: 4ms, render: 21ms)
 GET /login 200 in 26ms (compile: 3ms, proxy.ts: 5ms, render: 18ms)
 GET /login 200 in 31ms (compile: 4ms, proxy.ts: 5ms, render: 22ms)
 GET /login 200 in 52ms (compile: 4ms, proxy.ts: 6ms, render: 41ms)
 GET /login 200 in 29ms (compile: 4ms, proxy.ts: 5ms, render: 20ms)
 GET /login 200 in 23ms (compile: 2ms, proxy.ts: 5ms, render: 16ms)
 GET /login 200 in 32ms (compile: 4ms, proxy.ts: 4ms, render: 24ms)
 GET /login 200 in 25ms (compile: 4ms, proxy.ts: 4ms, render: 16ms)
 GET /login 200 in 23ms (compile: 3ms, proxy.ts: 3ms, render: 16ms)
 GET /login 200 in 32ms (compile: 4ms, proxy.ts: 5ms, render: 23ms)
 GET /login 200 in 22ms (compile: 3ms, proxy.ts: 4ms, render: 14ms)
 GET /login 200 in 29ms (compile: 3ms, proxy.ts: 7ms, render: 20ms)
 GET /login 200 in 44ms (compile: 6ms, proxy.ts: 5ms, render: 33ms)
 GET /login 200 in 25ms (compile: 2ms, proxy.ts: 4ms, render: 19ms)
 GET /login 200 in 26ms (compile: 3ms, proxy.ts: 4ms, render: 19ms)
 GET /login 200 in 29ms (compile: 5ms, proxy.ts: 4ms, render: 20ms)
 GET /login 200 in 27ms (compile: 3ms, proxy.ts: 6ms, render: 18ms)
 GET /login 200 in 25ms (compile: 3ms, proxy.ts: 3ms, render: 19ms)
 GET /login 200 in 26ms (compile: 5ms, proxy.ts: 5ms, render: 17ms)
 GET /login 200 in 26ms (compile: 2ms, proxy.ts: 6ms, render: 17ms)
 GET /login 200 in 27ms (compile: 3ms, proxy.ts: 6ms, render: 19ms)
 GET /login 200 in 27ms (compile: 5ms, proxy.ts: 4ms, render: 19ms)
 GET /login 200 in 26ms (compile: 3ms, proxy.ts: 6ms, render: 17ms)
 GET /login 200 in 25ms (compile: 3ms, proxy.ts: 4ms, render: 18ms)
 GET /login 200 in 31ms (compile: 3ms, proxy.ts: 5ms, render: 23ms)
 GET /login 200 in 40ms (compile: 4ms, proxy.ts: 7ms, render: 30ms)
 GET /login 200 in 25ms (compile: 3ms, proxy.ts: 4ms, render: 18ms)
 GET /login 200 in 24ms (compile: 3ms, proxy.ts: 3ms, render: 18ms)
 GET /login 200 in 26ms (compile: 4ms, proxy.ts: 4ms, render: 18ms)
 GET /login 200 in 29ms (compile: 2ms, proxy.ts: 7ms, render: 20ms)
 GET /login 200 in 24ms (compile: 3ms, proxy.ts: 4ms, render: 17ms)
 GET /login 200 in 30ms (compile: 4ms, proxy.ts: 4ms, render: 23ms)
 GET /login 200 in 25ms (compile: 3ms, proxy.ts: 4ms, render: 17ms)
 GET /login 200 in 28ms (compile: 3ms, proxy.ts: 4ms, render: 21ms)
 GET /login 200 in 29ms (compile: 5ms, proxy.ts: 4ms, render: 20ms)
 GET /login 200 in 28ms (compile: 3ms, proxy.ts: 6ms, render: 19ms)
 GET /login 200 in 26ms (compile: 3ms, proxy.ts: 3ms, render: 20ms)
 GET /login 200 in 28ms (compile: 5ms, proxy.ts: 5ms, render: 18ms)
 GET /login 200 in 26ms (compile: 3ms, proxy.ts: 5ms, render: 18ms)
 GET /login 200 in 25ms (compile: 3ms, proxy.ts: 3ms, render: 19ms)
 GET /login 200 in 25ms (compile: 4ms, proxy.ts: 6ms, render: 16ms)
 GET /login 200 in 50ms (compile: 3ms, proxy.ts: 6ms, render: 41ms)
 GET /login 200 in 29ms (compile: 4ms, proxy.ts: 5ms, render: 20ms)
 GET /login 200 in 31ms (compile: 4ms, proxy.ts: 6ms, render: 21ms)
 GET /login 200 in 32ms (compile: 4ms, proxy.ts: 4ms, render: 24ms)
 GET /login 200 in 52ms (compile: 4ms, proxy.ts: 7ms, render: 41ms)
 GET /login 200 in 36ms (compile: 3ms, proxy.ts: 6ms, render: 27ms)
 GET /login 200 in 29ms (compile: 3ms, proxy.ts: 7ms, render: 19ms)
 GET /login 200 in 27ms (compile: 3ms, proxy.ts: 4ms, render: 20ms)
 GET /login 200 in 32ms (compile: 3ms, proxy.ts: 7ms, render: 21ms)
 GET /login 200 in 28ms (compile: 5ms, proxy.ts: 5ms, render: 18ms)
 GET /login 200 in 27ms (compile: 3ms, proxy.ts: 5ms, render: 19ms)
 GET /login 200 in 27ms (compile: 4ms, proxy.ts: 4ms, render: 19ms)
 GET /login 200 in 22ms (compile: 5ms, proxy.ts: 4ms, render: 14ms)
 GET /login 200 in 28ms (compile: 3ms, proxy.ts: 8ms, render: 17ms)
 GET /login 200 in 29ms (compile: 3ms, proxy.ts: 6ms, render: 20ms)
 GET /login 200 in 36ms (compile: 5ms, proxy.ts: 5ms, render: 26ms)
 GET /login 200 in 32ms (compile: 4ms, proxy.ts: 4ms, render: 24ms)
 GET /login 200 in 44ms (compile: 2ms, proxy.ts: 5ms, render: 37ms)
 GET /login 200 in 29ms (compile: 3ms, proxy.ts: 3ms, render: 22ms)
 GET /login 200 in 33ms (compile: 5ms, proxy.ts: 7ms, render: 22ms)
 GET /login 200 in 34ms (compile: 6ms, proxy.ts: 4ms, render: 23ms)
 GET /login 200 in 27ms (compile: 3ms, proxy.ts: 4ms, render: 20ms)
 GET /login 200 in 28ms (compile: 5ms, proxy.ts: 4ms, render: 19ms)
 GET /login 200 in 27ms (compile: 3ms, proxy.ts: 5ms, render: 20ms)
 GET /login 200 in 32ms (compile: 5ms, proxy.ts: 4ms, render: 22ms)
 GET /login 200 in 32ms (compile: 4ms, proxy.ts: 8ms, render: 21ms)
 GET /login 200 in 31ms (compile: 5ms, proxy.ts: 5ms, render: 21ms)
 GET /login 200 in 28ms (compile: 3ms, proxy.ts: 6ms, render: 19ms)
 GET /login 200 in 29ms (compile: 3ms, proxy.ts: 4ms, render: 22ms)
 GET /login 200 in 33ms (compile: 5ms, proxy.ts: 6ms, render: 23ms)
 GET /login 200 in 28ms (compile: 5ms, proxy.ts: 6ms, render: 17ms)
 GET /login 200 in 31ms (compile: 3ms, proxy.ts: 7ms, render: 21ms)
⨯ Error: ENOENT: no such file or directory, open 'C:\Users\janpa\cd\development\fin\.next\dev\server\app\login\page\app-paths-manifest.json'
    at ignore-listed frames {
  errno: -4058,
  code: 'ENOENT',
  syscall: 'open',
  path: 'C:\\Users\\janpa\\cd\\development\\fin\\.next\\dev\\server\\app\\login\\page\\app-paths-manifest.json'
}
⨯ Error: ENOENT: no such file or directory, open 'C:\Users\janpa\cd\development\fin\.next\dev\server\pages\_app\build-manifest.json'
    at ignore-listed frames {
  errno: -4058,
  code: 'ENOENT',
  syscall: 'open',
  path: 'C:\\Users\\janpa\\cd\\development\\fin\\.next\\dev\\server\\pages\\_app\\build-manifest.json'
}
Error: ENOENT: no such file or directory, open 'C:\Users\janpa\cd\development\fin\.next\dev\server\app\login\page\app-paths-manifest.json'
    at ignore-listed frames {
  errno: -4058,
  code: 'ENOENT',
  syscall: 'open',
  path: 'C:\\Users\\janpa\\cd\\development\\fin\\.next\\dev\\server\\app\\login\\page\\app-paths-manifest.json'
}
⨯ Error: ENOENT: no such file or directory, open 'C:\Users\janpa\cd\development\fin\.next\dev\server\pages\_app\build-manifest.json'
    at ignore-listed frames {
  errno: -4058,
  code: 'ENOENT',
  syscall: 'open',
  path: 'C:\\Users\\janpa\\cd\\development\\fin\\.next\\dev\\server\\pages\\_app\\build-manifest.json'
}
Error: ENOENT: no such file or directory, open 'C:\Users\janpa\cd\development\fin\.next\dev\server\pages\_app\build-manifest.json'
    at ignore-listed frames {
  errno: -4058,
  code: 'ENOENT',
  syscall: 'open',
  path: 'C:\\Users\\janpa\\cd\\development\\fin\\.next\\dev\\server\\pages\\_app\\build-manifest.json'
}
⨯ Error: ENOENT: no such file or directory, open 'C:\Users\janpa\cd\development\fin\.next\dev\server\app\login\page\build-manifest.json'
    at ignore-listed frames {
  errno: -4058,
  code: 'ENOENT',
  syscall: 'open',
  path: 'C:\\Users\\janpa\\cd\\development\\fin\\.next\\dev\\server\\app\\login\\page\\build-manifest.json'
}
⨯ Error: ENOENT: no such file or directory, open 'C:\Users\janpa\cd\development\fin\.next\dev\server\pages\_app\build-manifest.json'
    at ignore-listed frames {
  errno: -4058,
  code: 'ENOENT',
  syscall: 'open',
  path: 'C:\\Users\\janpa\\cd\\development\\fin\\.next\\dev\\server\\pages\\_app\\build-manifest.json'
}
Error: ENOENT: no such file or directory, open 'C:\Users\janpa\cd\development\fin\.next\dev\server\app\login\page\build-manifest.json'
    at ignore-listed frames {
  errno: -4058,
  code: 'ENOENT',
  syscall: 'open',
  path: 'C:\\Users\\janpa\\cd\\development\\fin\\.next\\dev\\server\\app\\login\\page\\build-manifest.json'
}
⨯ Error: ENOENT: no such file or directory, open 'C:\Users\janpa\cd\development\fin\.next\dev\server\pages\_app\build-manifest.json'
    at ignore-listed frames {
  errno: -4058,
  code: 'ENOENT',
  syscall: 'open',
  path: 'C:\\Users\\janpa\\cd\\development\\fin\\.next\\dev\\server\\pages\\_app\\build-manifest.json'
}
Error: ENOENT: no such file or directory, open 'C:\Users\janpa\cd\development\fin\.next\dev\server\pages\_app\build-manifest.json'
    at ignore-listed frames {
  errno: -4058,
  code: 'ENOENT',
  syscall: 'open',
  path: 'C:\\Users\\janpa\\cd\\development\\fin\\.next\\dev\\server\\pages\\_app\\build-manifest.json'
}
⨯ Error: ENOENT: no such file or directory, open 'C:\Users\janpa\cd\development\fin\.next\dev\server\app\login\page\build-manifest.json'
    at ignore-listed frames {
  errno: -4058,
  code: 'ENOENT',
  syscall: 'open',
  path: 'C:\\Users\\janpa\\cd\\development\\fin\\.next\\dev\\server\\app\\login\\page\\build-manifest.json'
}
⨯ Error: ENOENT: no such file or directory, open 'C:\Users\janpa\cd\development\fin\.next\dev\server\pages\_app\build-manifest.json'
    at ignore-listed frames {
  errno: -4058,
  code: 'ENOENT',
  syscall: 'open',
  path: 'C:\\Users\\janpa\\cd\\development\\fin\\.next\\dev\\server\\pages\\_app\\build-manifest.json'
}
Error: ENOENT: no such file or directory, open 'C:\Users\janpa\cd\development\fin\.next\dev\server\app\login\page\build-manifest.json'
    at ignore-listed frames {
  errno: -4058,
  code: 'ENOENT',
  syscall: 'open',
  path: 'C:\\Users\\janpa\\cd\\development\\fin\\.next\\dev\\server\\app\\login\\page\\build-manifest.json'
}
⨯ Error: ENOENT: no such file or directory, open 'C:\Users\janpa\cd\development\fin\.next\dev\server\pages\_app\build-manifest.json'
    at ignore-listed frames {
  errno: -4058,
  code: 'ENOENT',
  syscall: 'open',
  path: 'C:\\Users\\janpa\\cd\\development\\fin\\.next\\dev\\server\\pages\\_app\\build-manifest.json'
}
Error: ENOENT: no such file or directory, open 'C:\Users\janpa\cd\development\fin\.next\dev\server\pages\_app\build-manifest.json'
    at ignore-listed frames {
  errno: -4058,
  code: 'ENOENT',
  syscall: 'open',
  path: 'C:\\Users\\janpa\\cd\\development\\fin\\.next\\dev\\server\\pages\\_app\\build-manifest.json'
}
⨯ Error: ENOENT: no such file or directory, open 'C:\Users\janpa\cd\development\fin\.next\dev\server\app\login\page\build-manifest.json'
    at ignore-listed frames {
  errno: -4058,
  code: 'ENOENT',
  syscall: 'open',
  path: 'C:\\Users\\janpa\\cd\\development\\fin\\.next\\dev\\server\\app\\login\\page\\build-manifest.json'
}
⨯ Error: ENOENT: no such file or directory, open 'C:\Users\janpa\cd\development\fin\.next\dev\server\pages\_app\build-manifest.json'
    at ignore-listed frames {
  errno: -4058,
  code: 'ENOENT',
  syscall: 'open',
  path: 'C:\\Users\\janpa\\cd\\development\\fin\\.next\\dev\\server\\pages\\_app\\build-manifest.json'
}
Error: ENOENT: no such file or directory, open 'C:\Users\janpa\cd\development\fin\.next\dev\server\app\login\page\build-manifest.json'
    at ignore-listed frames {
  errno: -4058,
  code: 'ENOENT',
  syscall: 'open',
  path: 'C:\\Users\\janpa\\cd\\development\\fin\\.next\\dev\\server\\app\\login\\page\\build-manifest.json'
}
⨯ Error: ENOENT: no such file or directory, open 'C:\Users\janpa\cd\development\fin\.next\dev\server\pages\_app\build-manifest.json'
    at ignore-listed frames {
  errno: -4058,
  code: 'ENOENT',
  syscall: 'open',
  path: 'C:\\Users\\janpa\\cd\\development\\fin\\.next\\dev\\server\\pages\\_app\\build-manifest.json'
}
Error: ENOENT: no such file or directory, open 'C:\Users\janpa\cd\development\fin\.next\dev\server\pages\_app\build-manifest.json'
    at ignore-listed frames {
  errno: -4058,
  code: 'ENOENT',
  syscall: 'open',
  path: 'C:\\Users\\janpa\\cd\\development\\fin\\.next\\dev\\server\\pages\\_app\\build-manifest.json'
}
✓ Compiled in 155ms
⨯ Error: ENOENT: no such file or directory, open 'C:\Users\janpa\cd\development\fin\.next\dev\server\app\login\page\build-manifest.json'
    at ignore-listed frames {
  errno: -4058,
  code: 'ENOENT',
  syscall: 'open',
  path: 'C:\\Users\\janpa\\cd\\development\\fin\\.next\\dev\\server\\app\\login\\page\\build-manifest.json'
}
⨯ Error: ENOENT: no such file or directory, open 'C:\Users\janpa\cd\development\fin\.next\dev\server\app\page\build-manifest.json'
    at ignore-listed frames {
  errno: -4058,
  code: 'ENOENT',
  syscall: 'open',
  path: 'C:\\Users\\janpa\\cd\\development\\fin\\.next\\dev\\server\\app\\page\\build-manifest.json'
}
⨯ Error: Cannot find module '../../chunks/ssr/[turbopack]_runtime.js'
Require stack:
- C:\Users\janpa\cd\development\fin\.next\dev\server\app\test-session-expiry\page.js
- C:\Users\janpa\cd\development\fin\node_modules\next\dist\server\require.js
- C:\Users\janpa\cd\development\fin\node_modules\next\dist\server\load-components.js
- C:\Users\janpa\cd\development\fin\node_modules\next\dist\build\utils.js
- C:\Users\janpa\cd\development\fin\node_modules\next\dist\build\swc\options.js
- C:\Users\janpa\cd\development\fin\node_modules\next\dist\build\swc\index.js
- C:\Users\janpa\cd\development\fin\node_modules\next\dist\build\next-config-ts\transpile-config.js
- C:\Users\janpa\cd\development\fin\node_modules\next\dist\server\config.js
- C:\Users\janpa\cd\development\fin\node_modules\next\dist\server\next.js
- C:\Users\janpa\cd\development\fin\node_modules\next\dist\server\lib\start-server.js
    at Object.<anonymous> (C:\Users\janpa\cd\development\fin\.next\dev\server\app\test-session-expiry\page.js:1:7) {
  code: 'MODULE_NOT_FOUND',
  requireStack: [Array],
  page: '/test-session-expiry'
}
 GET /test-session-expiry 500 in 455ms (proxy.ts: 5ms)
⨯ Error: Cannot find module '../../chunks/ssr/[turbopack]_runtime.js'
Require stack:
- C:\Users\janpa\cd\development\fin\.next\dev\server\app\test-freedom-card\page.js
- C:\Users\janpa\cd\development\fin\node_modules\next\dist\server\require.js
- C:\Users\janpa\cd\development\fin\node_modules\next\dist\server\load-components.js
- C:\Users\janpa\cd\development\fin\node_modules\next\dist\build\utils.js
- C:\Users\janpa\cd\development\fin\node_modules\next\dist\build\swc\options.js
- C:\Users\janpa\cd\development\fin\node_modules\next\dist\build\swc\index.js
- C:\Users\janpa\cd\development\fin\node_modules\next\dist\build\next-config-ts\transpile-config.js
- C:\Users\janpa\cd\development\fin\node_modules\next\dist\server\config.js
- C:\Users\janpa\cd\development\fin\node_modules\next\dist\server\next.js
- C:\Users\janpa\cd\development\fin\node_modules\next\dist\server\lib\start-server.js
    at Object.<anonymous> (C:\Users\janpa\cd\development\fin\.next\dev\server\app\test-freedom-card\page.js:1:7) {
  code: 'MODULE_NOT_FOUND',
  requireStack: [Array],
  page: '/test-freedom-card'
}
 GET /test-freedom-card 500 in 437ms (proxy.ts: 26ms)
✓ Compiled in 166ms
[?25h
