▲ Next.js 16.1.6 (Turbopack)
- Local:         http://localhost:3002
- Network:       http://192.168.86.37:3002
- Environments: .env.local
- Experiments (use with caution):
  ⨯ turbopackFileSystemCacheForDev

✓ Starting...
✓ Ready in 1042ms
 GET / 200 in 2.2s (compile: 1956ms, proxy.ts: 129ms, render: 160ms)
 GET / 404 in 628ms (compile: 518ms, proxy.ts: 7ms, render: 102ms)
⨯ Error: Cannot find module '../../chunks/ssr/[turbopack]_runtime.js'
Require stack:
- C:\Users\janpa\cd\development\fin\.next\dev\server\app\login\page.js
- C:\Users\janpa\cd\development\fin\node_modules\next\dist\server\require.js
- C:\Users\janpa\cd\development\fin\node_modules\next\dist\server\load-components.js
- C:\Users\janpa\cd\development\fin\node_modules\next\dist\build\utils.js
- C:\Users\janpa\cd\development\fin\node_modules\next\dist\build\swc\options.js
- C:\Users\janpa\cd\development\fin\node_modules\next\dist\build\swc\index.js
- C:\Users\janpa\cd\development\fin\node_modules\next\dist\build\next-config-ts\transpile-config.js
- C:\Users\janpa\cd\development\fin\node_modules\next\dist\server\config.js
- C:\Users\janpa\cd\development\fin\node_modules\next\dist\server\next.js
- C:\Users\janpa\cd\development\fin\node_modules\next\dist\server\lib\start-server.js
    at Object.<anonymous> (C:\Users\janpa\cd\development\fin\.next\dev\server\app\login\page.js:1:7) {
  code: 'MODULE_NOT_FOUND',
  requireStack: [Array],
  page: '/login'
}
 GET /login?redirectTo=%2Fcore%2Fassets 500 in 1793ms (compile: 1666ms, proxy.ts: 7ms, render: 120ms)
 GET /api/dev-login 200 in 434ms (compile: 416ms, proxy.ts: 4ms, render: 13ms)
⚠ Fast Refresh had to perform a full reload due to a runtime error.
⚠ Fast Refresh had to perform a full reload when ./node_modules/next/dist/shared/lib/router/router.js changed. Read more: https://nextjs.org/docs/messages/fast-refresh-reload
⚠ Fast Refresh had to perform a full reload due to a runtime error.
✓ Compiled in 464ms
 GET /login?redirectTo=%2Fcore%2Fassets 200 in 351ms (compile: 56ms, proxy.ts: 133ms, render: 162ms)
 GET /login?redirectTo=%2Fcore%2Fassets 200 in 537ms (compile: 203ms, proxy.ts: 234ms, render: 99ms)
 GET /login?redirectTo=%2Fcore%2Fassets 200 in 86ms (compile: 6ms, proxy.ts: 11ms, render: 69ms)
 GET /login?redirectTo=%2Fcore%2Fassets 200 in 68ms (compile: 8ms, proxy.ts: 9ms, render: 51ms)
 GET /login?redirectTo=%2Fcore%2Fassets 200 in 65ms (compile: 6ms, proxy.ts: 6ms, render: 53ms)
 GET /login?redirectTo=%2Fcore%2Fassets 200 in 69ms (compile: 7ms, proxy.ts: 5ms, render: 57ms)
 GET /login?redirectTo=%2Fcore%2Fassets 200 in 51ms (compile: 7ms, proxy.ts: 7ms, render: 38ms)
 GET /login?redirectTo=%2Fcore%2Fassets 200 in 56ms (compile: 7ms, proxy.ts: 10ms, render: 38ms)
 GET /login?redirectTo=%2Fcore%2Fassets 200 in 71ms (compile: 8ms, proxy.ts: 7ms, render: 56ms)
 GET /login?redirectTo=%2Fcore%2Fassets 200 in 42ms (compile: 4ms, proxy.ts: 10ms, render: 28ms)
 GET /login?redirectTo=%2Fcore%2Fassets 200 in 59ms (compile: 6ms, proxy.ts: 7ms, render: 46ms)
 GET /login?redirectTo=%2Fcore%2Fassets 200 in 39ms (compile: 5ms, proxy.ts: 5ms, render: 29ms)
 GET /login?redirectTo=%2Fcore%2Fassets 200 in 61ms (compile: 7ms, proxy.ts: 6ms, render: 48ms)
 GET /login?redirectTo=%2Fcore%2Fassets 200 in 60ms (compile: 6ms, proxy.ts: 5ms, render: 50ms)
 GET /login?redirectTo=%2Fcore%2Fassets 200 in 57ms (compile: 3ms, proxy.ts: 4ms, render: 50ms)
 GET /login?redirectTo=%2Fcore%2Fassets 200 in 60ms (compile: 4ms, proxy.ts: 9ms, render: 47ms)
 GET /login?redirectTo=%2Fcore%2Fassets 200 in 59ms (compile: 5ms, proxy.ts: 4ms, render: 50ms)
 GET /login?redirectTo=%2Fcore%2Fassets 200 in 54ms (compile: 4ms, proxy.ts: 4ms, render: 47ms)
 GET /login?redirectTo=%2Fcore%2Fassets 200 in 58ms (compile: 4ms, proxy.ts: 8ms, render: 46ms)
 GET /login?redirectTo=%2Fcore%2Fassets 200 in 57ms (compile: 3ms, proxy.ts: 7ms, render: 46ms)
 GET /login?redirectTo=%2Fcore%2Fassets 200 in 57ms (compile: 4ms, proxy.ts: 5ms, render: 48ms)
 GET /login?redirectTo=%2Fcore%2Fassets 200 in 59ms (compile: 3ms, proxy.ts: 5ms, render: 52ms)
 GET /login?redirectTo=%2Fcore%2Fassets 200 in 59ms (compile: 3ms, proxy.ts: 6ms, render: 51ms)
 GET /login?redirectTo=%2Fcore%2Fassets 200 in 65ms (compile: 4ms, proxy.ts: 6ms, render: 55ms)
 GET /login?redirectTo=%2Fcore%2Fassets 200 in 59ms (compile: 9ms, proxy.ts: 7ms, render: 43ms)
 GET /login?redirectTo=%2Fcore%2Fassets 200 in 52ms (compile: 3ms, proxy.ts: 4ms, render: 45ms)
 GET /login?redirectTo=%2Fcore%2Fassets 200 in 59ms (compile: 4ms, proxy.ts: 8ms, render: 47ms)
 GET /login?redirectTo=%2Fcore%2Fassets 200 in 62ms (compile: 6ms, proxy.ts: 7ms, render: 49ms)
 GET /login?redirectTo=%2Fcore%2Fassets 200 in 59ms (compile: 6ms, proxy.ts: 7ms, render: 46ms)
 GET /login?redirectTo=%2Fcore%2Fassets 200 in 60ms (compile: 4ms, proxy.ts: 9ms, render: 47ms)
 GET /login?redirectTo=%2Fcore%2Fassets 200 in 61ms (compile: 3ms, proxy.ts: 7ms, render: 50ms)
 GET /login?redirectTo=%2Fcore%2Fassets 200 in 64ms (compile: 4ms, proxy.ts: 9ms, render: 52ms)
 GET /login?redirectTo=%2Fcore%2Fassets 200 in 59ms (compile: 5ms, proxy.ts: 8ms, render: 46ms)
 GET /login?redirectTo=%2Fcore%2Fassets 200 in 38ms (compile: 5ms, proxy.ts: 7ms, render: 26ms)
 GET /login?redirectTo=%2Fcore%2Fassets 200 in 35ms (compile: 4ms, proxy.ts: 6ms, render: 25ms)
 GET /login?redirectTo=%2Fcore%2Fassets 200 in 37ms (compile: 5ms, proxy.ts: 6ms, render: 26ms)
 GET /login?redirectTo=%2Fcore%2Fassets 200 in 52ms (compile: 5ms, proxy.ts: 6ms, render: 41ms)
 GET /login?redirectTo=%2Fcore%2Fassets 200 in 55ms (compile: 3ms, proxy.ts: 5ms, render: 47ms)
 GET /login?redirectTo=%2Fcore%2Fassets 200 in 63ms (compile: 4ms, proxy.ts: 6ms, render: 52ms)
 GET /login?redirectTo=%2Fcore%2Fassets 200 in 68ms (compile: 4ms, proxy.ts: 6ms, render: 58ms)
 GET /login?redirectTo=%2Fcore%2Fassets 200 in 69ms (compile: 4ms, proxy.ts: 7ms, render: 59ms)
 GET /login?redirectTo=%2Fcore%2Fassets 200 in 67ms (compile: 5ms, proxy.ts: 9ms, render: 53ms)
 GET /login?redirectTo=%2Fcore%2Fassets 200 in 66ms (compile: 5ms, proxy.ts: 7ms, render: 54ms)
 GET /login?redirectTo=%2Fcore%2Fassets 200 in 66ms (compile: 4ms, proxy.ts: 9ms, render: 53ms)
 GET /login?redirectTo=%2Fcore%2Fassets 200 in 67ms (compile: 5ms, proxy.ts: 9ms, render: 53ms)
 GET /login?redirectTo=%2Fcore%2Fassets 200 in 68ms (compile: 5ms, proxy.ts: 8ms, render: 55ms)
 GET /login?redirectTo=%2Fcore%2Fassets 200 in 65ms (compile: 6ms, proxy.ts: 7ms, render: 52ms)
 GET /login?redirectTo=%2Fcore%2Fassets 200 in 92ms (compile: 4ms, proxy.ts: 6ms, render: 82ms)
 GET /login?redirectTo=%2Fcore%2Fassets 200 in 197ms (compile: 5ms, proxy.ts: 7ms, render: 185ms)
 GET /login?redirectTo=%2Fcore%2Fassets 200 in 698ms (compile: 447ms, proxy.ts: 113ms, render: 138ms)
 GET /login?redirectTo=%2Fcore%2Fassets 200 in 110ms (compile: 7ms, proxy.ts: 69ms, render: 34ms)
 GET /login?redirectTo=%2Fcore%2Fassets 200 in 67ms (compile: 5ms, proxy.ts: 7ms, render: 55ms)
 GET /login?redirectTo=%2Fcore%2Fassets 200 in 72ms (compile: 5ms, proxy.ts: 8ms, render: 59ms)
 GET /login?redirectTo=%2Fcore%2Fassets 200 in 74ms (compile: 5ms, proxy.ts: 7ms, render: 61ms)
 GET /login?redirectTo=%2Fcore%2Fassets 200 in 78ms (compile: 5ms, proxy.ts: 10ms, render: 62ms)
 GET /login?redirectTo=%2Fcore%2Fassets 200 in 52ms (compile: 4ms, proxy.ts: 15ms, render: 32ms)
 GET /login?redirectTo=%2Fcore%2Fassets 200 in 73ms (compile: 6ms, proxy.ts: 10ms, render: 57ms)
 GET /login?redirectTo=%2Fcore%2Fassets 200 in 84ms (compile: 4ms, proxy.ts: 8ms, render: 72ms)
 GET /login?redirectTo=%2Fcore%2Fassets 200 in 111ms (compile: 8ms, proxy.ts: 14ms, render: 89ms)
 GET /login?redirectTo=%2Fcore%2Fassets 200 in 105ms (compile: 15ms, proxy.ts: 9ms, render: 81ms)
 GET /login?redirectTo=%2Fcore%2Fassets 200 in 78ms (compile: 6ms, proxy.ts: 8ms, render: 64ms)
 GET /login?redirectTo=%2Fcore%2Fassets 200 in 71ms (compile: 7ms, proxy.ts: 8ms, render: 55ms)
 GET /login?redirectTo=%2Fcore%2Fassets 200 in 69ms (compile: 5ms, proxy.ts: 9ms, render: 55ms)
 GET /login?redirectTo=%2Fcore%2Fassets 200 in 44ms (compile: 5ms, proxy.ts: 10ms, render: 29ms)
 GET /login?redirectTo=%2Fcore%2Fassets 200 in 42ms (compile: 6ms, proxy.ts: 6ms, render: 30ms)
 GET /login?redirectTo=%2Fcore%2Fassets 200 in 57ms (compile: 6ms, proxy.ts: 5ms, render: 46ms)
 GET /login?redirectTo=%2Fcore%2Fassets 200 in 36ms (compile: 4ms, proxy.ts: 5ms, render: 26ms)
 GET /login?redirectTo=%2Fcore%2Fassets 200 in 39ms (compile: 5ms, proxy.ts: 6ms, render: 28ms)
 GET /login?redirectTo=%2Fcore%2Fassets 200 in 39ms (compile: 6ms, proxy.ts: 6ms, render: 27ms)
 GET /login?redirectTo=%2Fcore%2Fassets 200 in 41ms (compile: 7ms, proxy.ts: 5ms, render: 29ms)
 GET /login?redirectTo=%2Fcore%2Fassets 200 in 59ms (compile: 7ms, proxy.ts: 6ms, render: 46ms)
 GET /login?redirectTo=%2Fcore%2Fassets 200 in 32ms (compile: 4ms, proxy.ts: 5ms, render: 23ms)
 GET /login?redirectTo=%2Fcore%2Fassets 200 in 52ms (compile: 4ms, proxy.ts: 6ms, render: 43ms)
 GET /login?redirectTo=%2Fcore%2Fassets 200 in 50ms (compile: 4ms, proxy.ts: 6ms, render: 40ms)
 GET /login?redirectTo=%2Fcore%2Fassets 200 in 44ms (compile: 3ms, proxy.ts: 5ms, render: 36ms)
 GET /login?redirectTo=%2Fcore%2Fassets 200 in 36ms (compile: 4ms, proxy.ts: 7ms, render: 24ms)
 GET /login?redirectTo=%2Fcore%2Fassets 200 in 32ms (compile: 5ms, proxy.ts: 8ms, render: 19ms)
 GET /login?redirectTo=%2Fcore%2Fassets 200 in 39ms (compile: 5ms, proxy.ts: 6ms, render: 28ms)
 GET /login?redirectTo=%2Fcore%2Fassets 200 in 33ms (compile: 6ms, proxy.ts: 8ms, render: 19ms)
 GET /login?redirectTo=%2Fcore%2Fassets 200 in 32ms (compile: 4ms, proxy.ts: 4ms, render: 23ms)
 GET /login?redirectTo=%2Fcore%2Fassets 200 in 30ms (compile: 6ms, proxy.ts: 5ms, render: 19ms)
 GET /login?redirectTo=%2Fcore%2Fassets 200 in 34ms (compile: 4ms, proxy.ts: 6ms, render: 25ms)
 GET /login?redirectTo=%2Fcore%2Fassets 200 in 35ms (compile: 4ms, proxy.ts: 7ms, render: 24ms)
 GET /login?redirectTo=%2Fcore%2Fassets 200 in 38ms (compile: 5ms, proxy.ts: 6ms, render: 27ms)
 GET /login?redirectTo=%2Fcore%2Fassets 200 in 40ms (compile: 5ms, proxy.ts: 7ms, render: 27ms)
 GET /login?redirectTo=%2Fcore%2Fassets 200 in 77ms (compile: 5ms, proxy.ts: 5ms, render: 67ms)
 GET /login?redirectTo=%2Fcore%2Fassets 200 in 75ms (compile: 6ms, proxy.ts: 6ms, render: 63ms)
 GET /login?redirectTo=%2Fcore%2Fassets 200 in 43ms (compile: 6ms, proxy.ts: 8ms, render: 29ms)
 GET /login?redirectTo=%2Fcore%2Fassets 200 in 39ms (compile: 5ms, proxy.ts: 7ms, render: 27ms)
 GET /login?redirectTo=%2Fcore%2Fassets 200 in 36ms (compile: 5ms, proxy.ts: 6ms, render: 25ms)
 GET /login?redirectTo=%2Fcore%2Fassets 200 in 40ms (compile: 5ms, proxy.ts: 5ms, render: 30ms)
 GET /login?redirectTo=%2Fcore%2Fassets 200 in 63ms (compile: 4ms, proxy.ts: 5ms, render: 54ms)
 GET /login?redirectTo=%2Fcore%2Fassets 200 in 64ms (compile: 4ms, proxy.ts: 7ms, render: 53ms)
 GET /login?redirectTo=%2Fcore%2Fassets 200 in 42ms (compile: 4ms, proxy.ts: 7ms, render: 31ms)
 GET /login?redirectTo=%2Fcore%2Fassets 200 in 44ms (compile: 6ms, proxy.ts: 6ms, render: 32ms)
 GET /login?redirectTo=%2Fcore%2Fassets 200 in 66ms (compile: 6ms, proxy.ts: 6ms, render: 54ms)
 GET /login?redirectTo=%2Fcore%2Fassets 200 in 67ms (compile: 6ms, proxy.ts: 7ms, render: 54ms)
 GET /login?redirectTo=%2Fcore%2Fassets 200 in 43ms (compile: 5ms, proxy.ts: 8ms, render: 30ms)
 GET /login?redirectTo=%2Fcore%2Fassets 200 in 68ms (compile: 6ms, proxy.ts: 9ms, render: 53ms)
 GET /login?redirectTo=%2Fcore%2Fassets 200 in 66ms (compile: 6ms, proxy.ts: 8ms, render: 52ms)
 GET /login?redirectTo=%2Fcore%2Fassets 200 in 43ms (compile: 5ms, proxy.ts: 7ms, render: 32ms)
 GET /login?redirectTo=%2Fcore%2Fassets 200 in 70ms (compile: 8ms, proxy.ts: 7ms, render: 55ms)
 GET /login?redirectTo=%2Fcore%2Fassets 200 in 56ms (compile: 5ms, proxy.ts: 6ms, render: 45ms)
 GET /login?redirectTo=%2Fcore%2Fassets 200 in 52ms (compile: 5ms, proxy.ts: 6ms, render: 41ms)
 GET /login?redirectTo=%2Fcore%2Fassets 200 in 60ms (compile: 4ms, proxy.ts: 6ms, render: 51ms)
 GET /login?redirectTo=%2Fcore%2Fassets 200 in 63ms (compile: 4ms, proxy.ts: 9ms, render: 50ms)
 GET /login?redirectTo=%2Fcore%2Fassets 200 in 57ms (compile: 5ms, proxy.ts: 8ms, render: 43ms)
 GET /login?redirectTo=%2Fcore%2Fassets 200 in 56ms (compile: 3ms, proxy.ts: 9ms, render: 44ms)
 GET /login?redirectTo=%2Fcore%2Fassets 200 in 56ms (compile: 4ms, proxy.ts: 7ms, render: 46ms)
 GET /login?redirectTo=%2Fcore%2Fassets 200 in 61ms (compile: 5ms, proxy.ts: 7ms, render: 50ms)
 GET /login?redirectTo=%2Fcore%2Fassets 200 in 58ms (compile: 6ms, proxy.ts: 7ms, render: 45ms)
 GET /login?redirectTo=%2Fcore%2Fassets 200 in 48ms (compile: 5ms, proxy.ts: 5ms, render: 38ms)
 GET /login?redirectTo=%2Fcore%2Fassets 200 in 34ms (compile: 3ms, proxy.ts: 4ms, render: 26ms)
 GET /login?redirectTo=%2Fcore%2Fassets 200 in 58ms (compile: 5ms, proxy.ts: 7ms, render: 46ms)
 GET /login?redirectTo=%2Fcore%2Fassets 200 in 43ms (compile: 4ms, proxy.ts: 4ms, render: 35ms)
 GET /login?redirectTo=%2Fcore%2Fassets 200 in 44ms (compile: 8ms, proxy.ts: 10ms, render: 27ms)
 GET /login?redirectTo=%2Fcore%2Fassets 200 in 34ms (compile: 6ms, proxy.ts: 4ms, render: 24ms)
 GET /login?redirectTo=%2Fcore%2Fassets 200 in 37ms (compile: 5ms, proxy.ts: 7ms, render: 25ms)
 GET /login?redirectTo=%2Fcore%2Fassets 200 in 44ms (compile: 5ms, proxy.ts: 5ms, render: 34ms)
 GET /login?redirectTo=%2Fcore%2Fassets 200 in 52ms (compile: 8ms, proxy.ts: 15ms, render: 29ms)
 GET /login?redirectTo=%2Fcore%2Fassets 200 in 63ms (compile: 7ms, proxy.ts: 9ms, render: 47ms)
 GET /login?redirectTo=%2Fcore%2Fassets 200 in 43ms (compile: 4ms, proxy.ts: 7ms, render: 31ms)
 GET /login?redirectTo=%2Fcore%2Fassets 200 in 62ms (compile: 6ms, proxy.ts: 7ms, render: 49ms)
 GET /login?redirectTo=%2Fcore%2Fassets 200 in 38ms (compile: 5ms, proxy.ts: 7ms, render: 27ms)
 GET /login?redirectTo=%2Fcore%2Fassets 200 in 68ms (compile: 6ms, proxy.ts: 7ms, render: 55ms)
 GET /login?redirectTo=%2Fcore%2Fassets 200 in 57ms (compile: 5ms, proxy.ts: 6ms, render: 47ms)
 GET /login?redirectTo=%2Fcore%2Fassets 200 in 61ms (compile: 4ms, proxy.ts: 7ms, render: 50ms)
 GET /login?redirectTo=%2Fcore%2Fassets 200 in 40ms (compile: 3ms, proxy.ts: 10ms, render: 27ms)
 GET /login?redirectTo=%2Fcore%2Fassets 200 in 39ms (compile: 5ms, proxy.ts: 6ms, render: 27ms)
 GET /login?redirectTo=%2Fcore%2Fassets 200 in 40ms (compile: 5ms, proxy.ts: 7ms, render: 28ms)
 GET /login?redirectTo=%2Fcore%2Fassets 200 in 39ms (compile: 6ms, proxy.ts: 6ms, render: 27ms)
 GET /login?redirectTo=%2Fcore%2Fassets 200 in 63ms (compile: 7ms, proxy.ts: 5ms, render: 50ms)
 GET /login?redirectTo=%2Fcore%2Fassets 200 in 40ms (compile: 7ms, proxy.ts: 5ms, render: 28ms)
 GET /login?redirectTo=%2Fcore%2Fassets 200 in 40ms (compile: 6ms, proxy.ts: 7ms, render: 27ms)
 GET /login?redirectTo=%2Fcore%2Fassets 200 in 74ms (compile: 5ms, proxy.ts: 6ms, render: 64ms)
 GET /login?redirectTo=%2Fcore%2Fassets 200 in 76ms (compile: 8ms, proxy.ts: 18ms, render: 50ms)
 GET /login?redirectTo=%2Fcore%2Fassets 200 in 54ms (compile: 4ms, proxy.ts: 8ms, render: 43ms)
 GET /login?redirectTo=%2Fcore%2Fassets 200 in 36ms (compile: 4ms, proxy.ts: 5ms, render: 27ms)
 GET /login?redirectTo=%2Fcore%2Fassets 200 in 35ms (compile: 4ms, proxy.ts: 5ms, render: 25ms)
 GET /login?redirectTo=%2Fcore%2Fassets 200 in 50ms (compile: 7ms, proxy.ts: 5ms, render: 39ms)
 GET /login?redirectTo=%2Fcore%2Fassets 200 in 49ms (compile: 3ms, proxy.ts: 5ms, render: 42ms)
 GET /login?redirectTo=%2Fcore%2Fassets 200 in 49ms (compile: 4ms, proxy.ts: 7ms, render: 38ms)
 GET /login?redirectTo=%2Fcore%2Fassets 200 in 34ms (compile: 3ms, proxy.ts: 5ms, render: 26ms)
 GET /login?redirectTo=%2Fcore%2Fassets 200 in 37ms (compile: 5ms, proxy.ts: 6ms, render: 26ms)
 GET /login?redirectTo=%2Fcore%2Fassets 200 in 31ms (compile: 5ms, proxy.ts: 5ms, render: 21ms)
 GET /login?redirectTo=%2Fcore%2Fassets 200 in 47ms (compile: 4ms, proxy.ts: 4ms, render: 40ms)
 GET /login?redirectTo=%2Fcore%2Fassets 200 in 34ms (compile: 4ms, proxy.ts: 3ms, render: 27ms)
 GET /login?redirectTo=%2Fcore%2Fassets 200 in 36ms (compile: 4ms, proxy.ts: 5ms, render: 27ms)
 GET /login?redirectTo=%2Fcore%2Fassets 200 in 56ms (compile: 5ms, proxy.ts: 7ms, render: 43ms)
 GET /login?redirectTo=%2Fcore%2Fassets 200 in 37ms (compile: 5ms, proxy.ts: 5ms, render: 26ms)
 GET /login?redirectTo=%2Fcore%2Fassets 200 in 43ms (compile: 4ms, proxy.ts: 6ms, render: 34ms)
 GET /login?redirectTo=%2Fcore%2Fassets 200 in 48ms (compile: 16ms, proxy.ts: 6ms, render: 26ms)
 GET /login?redirectTo=%2Fcore%2Fassets 200 in 69ms (compile: 4ms, proxy.ts: 6ms, render: 60ms)
 GET /login?redirectTo=%2Fcore%2Fassets 200 in 63ms (compile: 5ms, proxy.ts: 9ms, render: 49ms)
 GET /login?redirectTo=%2Fcore%2Fassets 200 in 41ms (compile: 8ms, proxy.ts: 6ms, render: 26ms)
 GET /login?redirectTo=%2Fcore%2Fassets 200 in 61ms (compile: 7ms, proxy.ts: 6ms, render: 49ms)
 GET /login?redirectTo=%2Fcore%2Fassets 200 in 57ms (compile: 6ms, proxy.ts: 7ms, render: 44ms)
 GET /login?redirectTo=%2Fcore%2Fassets 200 in 57ms (compile: 4ms, proxy.ts: 6ms, render: 47ms)
 GET /login?redirectTo=%2Fcore%2Fassets 200 in 57ms (compile: 4ms, proxy.ts: 7ms, render: 46ms)
 GET /login?redirectTo=%2Fcore%2Fassets 200 in 62ms (compile: 5ms, proxy.ts: 6ms, render: 51ms)
 GET /login?redirectTo=%2Fcore%2Fassets 200 in 65ms (compile: 6ms, proxy.ts: 6ms, render: 53ms)
 GET /login?redirectTo=%2Fcore%2Fassets 200 in 60ms (compile: 5ms, proxy.ts: 6ms, render: 49ms)
 GET /login?redirectTo=%2Fcore%2Fassets 200 in 40ms (compile: 5ms, proxy.ts: 6ms, render: 29ms)
 GET /login?redirectTo=%2Fcore%2Fassets 200 in 40ms (compile: 8ms, proxy.ts: 6ms, render: 26ms)
 GET /login?redirectTo=%2Fcore%2Fassets 200 in 62ms (compile: 5ms, proxy.ts: 6ms, render: 50ms)
 GET /login?redirectTo=%2Fcore%2Fassets 200 in 60ms (compile: 4ms, proxy.ts: 6ms, render: 50ms)
 GET /login?redirectTo=%2Fcore%2Fassets 200 in 68ms (compile: 4ms, proxy.ts: 7ms, render: 57ms)
 GET /login?redirectTo=%2Fcore%2Fassets 200 in 66ms (compile: 4ms, proxy.ts: 6ms, render: 55ms)
 GET /login?redirectTo=%2Fcore%2Fassets 200 in 53ms (compile: 3ms, proxy.ts: 5ms, render: 44ms)
 GET /login?redirectTo=%2Fcore%2Fassets 200 in 34ms (compile: 3ms, proxy.ts: 7ms, render: 23ms)
 GET /login?redirectTo=%2Fcore%2Fassets 200 in 55ms (compile: 4ms, proxy.ts: 5ms, render: 46ms)
 GET /login?redirectTo=%2Fcore%2Fassets 200 in 52ms (compile: 4ms, proxy.ts: 5ms, render: 43ms)
 GET /login?redirectTo=%2Fcore%2Fassets 200 in 35ms (compile: 4ms, proxy.ts: 5ms, render: 26ms)
 GET /login?redirectTo=%2Fcore%2Fassets 200 in 37ms (compile: 7ms, proxy.ts: 6ms, render: 25ms)
 GET /login?redirectTo=%2Fcore%2Fassets 200 in 36ms (compile: 5ms, proxy.ts: 5ms, render: 25ms)
 GET /login?redirectTo=%2Fcore%2Fassets 200 in 39ms (compile: 5ms, proxy.ts: 6ms, render: 27ms)
 GET /login?redirectTo=%2Fcore%2Fassets 200 in 66ms (compile: 5ms, proxy.ts: 5ms, render: 56ms)
 GET /login?redirectTo=%2Fcore%2Fassets 200 in 65ms (compile: 5ms, proxy.ts: 6ms, render: 53ms)
 GET /login?redirectTo=%2Fcore%2Fassets 200 in 67ms (compile: 5ms, proxy.ts: 5ms, render: 57ms)
 GET /login?redirectTo=%2Fcore%2Fassets 200 in 64ms (compile: 4ms, proxy.ts: 6ms, render: 54ms)
 GET /login?redirectTo=%2Fcore%2Fassets 200 in 63ms (compile: 4ms, proxy.ts: 6ms, render: 53ms)
 GET /login?redirectTo=%2Fcore%2Fassets 200 in 61ms (compile: 5ms, proxy.ts: 7ms, render: 49ms)
 GET /login?redirectTo=%2Fcore%2Fassets 200 in 70ms (compile: 4ms, proxy.ts: 5ms, render: 60ms)
 GET /login?redirectTo=%2Fcore%2Fassets 200 in 70ms (compile: 3ms, proxy.ts: 6ms, render: 60ms)
 GET /login?redirectTo=%2Fcore%2Fassets 200 in 70ms (compile: 3ms, proxy.ts: 5ms, render: 62ms)
 GET /login?redirectTo=%2Fcore%2Fassets 200 in 72ms (compile: 5ms, proxy.ts: 12ms, render: 55ms)
 GET /login?redirectTo=%2Fcore%2Fassets 200 in 42ms (compile: 5ms, proxy.ts: 6ms, render: 31ms)
 GET /login?redirectTo=%2Fcore%2Fassets 200 in 64ms (compile: 5ms, proxy.ts: 5ms, render: 54ms)
 GET /login?redirectTo=%2Fcore%2Fassets 200 in 42ms (compile: 6ms, proxy.ts: 7ms, render: 29ms)
 GET /login?redirectTo=%2Fcore%2Fassets 200 in 40ms (compile: 5ms, proxy.ts: 7ms, render: 27ms)
 GET /login?redirectTo=%2Fcore%2Fassets 200 in 51ms (compile: 8ms, proxy.ts: 6ms, render: 37ms)
 GET /login?redirectTo=%2Fcore%2Fassets 200 in 59ms (compile: 5ms, proxy.ts: 8ms, render: 46ms)
 GET /login?redirectTo=%2Fcore%2Fassets 200 in 40ms (compile: 4ms, proxy.ts: 7ms, render: 29ms)
 GET /login?redirectTo=%2Fcore%2Fassets 200 in 37ms (compile: 7ms, proxy.ts: 6ms, render: 24ms)
 GET /login?redirectTo=%2Fcore%2Fassets 200 in 36ms (compile: 6ms, proxy.ts: 5ms, render: 25ms)
 GET /login?redirectTo=%2Fcore%2Fassets 200 in 40ms (compile: 4ms, proxy.ts: 4ms, render: 31ms)
 GET /login?redirectTo=%2Fcore%2Fassets 200 in 39ms (compile: 5ms, proxy.ts: 7ms, render: 27ms)
 GET /login?redirectTo=%2Fcore%2Fassets 200 in 38ms (compile: 4ms, proxy.ts: 6ms, render: 28ms)
 GET /login?redirectTo=%2Fcore%2Fassets 200 in 38ms (compile: 4ms, proxy.ts: 7ms, render: 27ms)
 GET /login?redirectTo=%2Fcore%2Fassets 200 in 60ms (compile: 3ms, proxy.ts: 5ms, render: 51ms)
 GET /login?redirectTo=%2Fcore%2Fassets 200 in 71ms (compile: 13ms, proxy.ts: 5ms, render: 54ms)
 GET /login?redirectTo=%2Fcore%2Fassets 200 in 58ms (compile: 4ms, proxy.ts: 7ms, render: 47ms)
 GET /login?redirectTo=%2Fcore%2Fassets 200 in 34ms (compile: 3ms, proxy.ts: 5ms, render: 27ms)
 GET /login?redirectTo=%2Fcore%2Fassets 200 in 47ms (compile: 4ms, proxy.ts: 5ms, render: 39ms)
 GET /login?redirectTo=%2Fcore%2Fassets 200 in 30ms (compile: 3ms, proxy.ts: 7ms, render: 20ms)
 GET /login?redirectTo=%2Fcore%2Fassets 200 in 28ms (compile: 3ms, proxy.ts: 4ms, render: 21ms)
 GET /login?redirectTo=%2Fcore%2Fassets 200 in 59ms (compile: 5ms, proxy.ts: 4ms, render: 50ms)
 GET /login?redirectTo=%2Fcore%2Fassets 200 in 59ms (compile: 4ms, proxy.ts: 5ms, render: 50ms)
 GET /login?redirectTo=%2Fcore%2Fassets 200 in 62ms (compile: 5ms, proxy.ts: 6ms, render: 50ms)
 GET /login?redirectTo=%2Fcore%2Fassets 200 in 69ms (compile: 4ms, proxy.ts: 7ms, render: 58ms)
 GET /login?redirectTo=%2Fcore%2Fassets 200 in 44ms (compile: 4ms, proxy.ts: 7ms, render: 33ms)
 GET /login?redirectTo=%2Fcore%2Fassets 200 in 43ms (compile: 5ms, proxy.ts: 7ms, render: 31ms)
 GET /login?redirectTo=%2Fcore%2Fassets 200 in 60ms (compile: 6ms, proxy.ts: 7ms, render: 48ms)
 GET /login?redirectTo=%2Fcore%2Fassets 200 in 63ms (compile: 4ms, proxy.ts: 7ms, render: 52ms)
 GET /login?redirectTo=%2Fcore%2Fassets 200 in 61ms (compile: 5ms, proxy.ts: 8ms, render: 48ms)
 GET /login?redirectTo=%2Fcore%2Fassets 200 in 41ms (compile: 5ms, proxy.ts: 7ms, render: 28ms)
 GET /login?redirectTo=%2Fcore%2Fassets 200 in 48ms (compile: 5ms, proxy.ts: 9ms, render: 34ms)
 GET /login?redirectTo=%2Fcore%2Fassets 200 in 29ms (compile: 5ms, proxy.ts: 5ms, render: 19ms)
 GET /login?redirectTo=%2Fcore%2Fassets 200 in 36ms (compile: 3ms, proxy.ts: 7ms, render: 26ms)
 GET /login?redirectTo=%2Fcore%2Fassets 200 in 60ms (compile: 5ms, proxy.ts: 9ms, render: 46ms)
 GET /login?redirectTo=%2Fcore%2Fassets 200 in 37ms (compile: 3ms, proxy.ts: 6ms, render: 27ms)
 GET /login?redirectTo=%2Fcore%2Fassets 200 in 41ms (compile: 6ms, proxy.ts: 6ms, render: 29ms)
 GET /login?redirectTo=%2Fcore%2Fassets 200 in 61ms (compile: 8ms, proxy.ts: 8ms, render: 46ms)
 GET /login?redirectTo=%2Fcore%2Fassets 200 in 60ms (compile: 5ms, proxy.ts: 6ms, render: 49ms)
 GET /login?redirectTo=%2Fcore%2Fassets 200 in 70ms (compile: 3ms, proxy.ts: 7ms, render: 60ms)
 GET /login?redirectTo=%2Fcore%2Fassets 200 in 71ms (compile: 6ms, proxy.ts: 8ms, render: 58ms)
 GET /login?redirectTo=%2Fcore%2Fassets 200 in 59ms (compile: 6ms, proxy.ts: 7ms, render: 46ms)
 GET /login?redirectTo=%2Fcore%2Fassets 200 in 53ms (compile: 5ms, proxy.ts: 5ms, render: 43ms)
 GET /login?redirectTo=%2Fcore%2Fassets 200 in 54ms (compile: 3ms, proxy.ts: 4ms, render: 46ms)
 GET /login?redirectTo=%2Fcore%2Fassets 200 in 35ms (compile: 3ms, proxy.ts: 6ms, render: 26ms)
 GET /login?redirectTo=%2Fcore%2Fassets 200 in 35ms (compile: 6ms, proxy.ts: 5ms, render: 23ms)
 GET /login?redirectTo=%2Fcore%2Fassets 200 in 33ms (compile: 4ms, proxy.ts: 5ms, render: 25ms)
 GET /login?redirectTo=%2Fcore%2Fassets 200 in 44ms (compile: 4ms, proxy.ts: 6ms, render: 33ms)
 GET /login?redirectTo=%2Fcore%2Fassets 200 in 40ms (compile: 3ms, proxy.ts: 13ms, render: 24ms)
 GET /login?redirectTo=%2Fcore%2Fassets 200 in 55ms (compile: 6ms, proxy.ts: 5ms, render: 44ms)
 GET /login?redirectTo=%2Fcore%2Fassets 200 in 36ms (compile: 4ms, proxy.ts: 6ms, render: 26ms)
 GET /login?redirectTo=%2Fcore%2Fassets 200 in 35ms (compile: 5ms, proxy.ts: 6ms, render: 24ms)
 GET /login?redirectTo=%2Fcore%2Fassets 200 in 34ms (compile: 4ms, proxy.ts: 6ms, render: 24ms)
 GET /login?redirectTo=%2Fcore%2Fassets 200 in 73ms (compile: 5ms, proxy.ts: 5ms, render: 63ms)
 GET /login?redirectTo=%2Fcore%2Fassets 200 in 78ms (compile: 3ms, proxy.ts: 7ms, render: 68ms)
 GET /login?redirectTo=%2Fcore%2Fassets 200 in 78ms (compile: 5ms, proxy.ts: 8ms, render: 65ms)
 GET /login?redirectTo=%2Fcore%2Fassets 200 in 40ms (compile: 6ms, proxy.ts: 7ms, render: 27ms)
 GET /login?redirectTo=%2Fcore%2Fassets 200 in 43ms (compile: 5ms, proxy.ts: 6ms, render: 31ms)
 GET /login?redirectTo=%2Fcore%2Fassets 200 in 38ms (compile: 6ms, proxy.ts: 5ms, render: 26ms)
 GET /login?redirectTo=%2Fcore%2Fassets 200 in 73ms (compile: 36ms, proxy.ts: 5ms, render: 32ms)
 GET /login?redirectTo=%2Fcore%2Fassets 200 in 65ms (compile: 6ms, proxy.ts: 5ms, render: 54ms)
 GET /login?redirectTo=%2Fcore%2Fassets 200 in 74ms (compile: 5ms, proxy.ts: 6ms, render: 63ms)
 GET /login?redirectTo=%2Fcore%2Fassets 200 in 50ms (compile: 7ms, proxy.ts: 6ms, render: 36ms)
 GET /login?redirectTo=%2Fcore%2Fassets 200 in 79ms (compile: 5ms, proxy.ts: 7ms, render: 67ms)
 GET /login?redirectTo=%2Fcore%2Fassets 200 in 77ms (compile: 7ms, proxy.ts: 6ms, render: 64ms)
 GET /login?redirectTo=%2Fcore%2Fassets 200 in 64ms (compile: 3ms, proxy.ts: 6ms, render: 55ms)
 GET /login?redirectTo=%2Fcore%2Fassets 200 in 44ms (compile: 5ms, proxy.ts: 6ms, render: 32ms)
 GET /login?redirectTo=%2Fcore%2Fassets 200 in 40ms (compile: 6ms, proxy.ts: 7ms, render: 28ms)
 GET /login?redirectTo=%2Fcore%2Fassets 200 in 62ms (compile: 6ms, proxy.ts: 5ms, render: 51ms)
 GET /login?redirectTo=%2Fcore%2Fassets 200 in 68ms (compile: 5ms, proxy.ts: 5ms, render: 58ms)
 GET /login?redirectTo=%2Fcore%2Fassets 200 in 72ms (compile: 5ms, proxy.ts: 9ms, render: 58ms)
 GET /login?redirectTo=%2Fcore%2Fassets 200 in 60ms (compile: 4ms, proxy.ts: 5ms, render: 51ms)
 GET /login?redirectTo=%2Fcore%2Fassets 200 in 37ms (compile: 4ms, proxy.ts: 5ms, render: 28ms)
 GET /login?redirectTo=%2Fcore%2Fassets 200 in 42ms (compile: 7ms, proxy.ts: 5ms, render: 31ms)
 GET /login?redirectTo=%2Fcore%2Fassets 200 in 45ms (compile: 6ms, proxy.ts: 6ms, render: 34ms)
 GET /login?redirectTo=%2Fcore%2Fassets 200 in 37ms (compile: 8ms, proxy.ts: 7ms, render: 22ms)
 GET /login?redirectTo=%2Fcore%2Fassets 200 in 55ms (compile: 5ms, proxy.ts: 5ms, render: 45ms)
 GET /login?redirectTo=%2Fcore%2Fassets 200 in 40ms (compile: 5ms, proxy.ts: 7ms, render: 28ms)
 GET /login?redirectTo=%2Fcore%2Fassets 200 in 61ms (compile: 6ms, proxy.ts: 8ms, render: 46ms)
 GET /login?redirectTo=%2Fcore%2Fassets 200 in 68ms (compile: 7ms, proxy.ts: 6ms, render: 55ms)
 GET /login?redirectTo=%2Fcore%2Fassets 200 in 62ms (compile: 4ms, proxy.ts: 6ms, render: 52ms)
 GET /login?redirectTo=%2Fcore%2Fassets 200 in 50ms (compile: 4ms, proxy.ts: 6ms, render: 40ms)
 GET /login?redirectTo=%2Fcore%2Fassets 200 in 48ms (compile: 2ms, proxy.ts: 9ms, render: 37ms)
 GET /login?redirectTo=%2Fcore%2Fassets 200 in 31ms (compile: 3ms, proxy.ts: 3ms, render: 25ms)
 GET /login?redirectTo=%2Fcore%2Fassets 200 in 33ms (compile: 4ms, proxy.ts: 7ms, render: 22ms)
 GET /login?redirectTo=%2Fcore%2Fassets 200 in 51ms (compile: 5ms, proxy.ts: 5ms, render: 41ms)
 GET /login?redirectTo=%2Fcore%2Fassets 200 in 55ms (compile: 4ms, proxy.ts: 4ms, render: 47ms)
 GET /login?redirectTo=%2Fcore%2Fassets 200 in 39ms (compile: 4ms, proxy.ts: 10ms, render: 25ms)
 GET /login?redirectTo=%2Fcore%2Fassets 200 in 56ms (compile: 9ms, proxy.ts: 5ms, render: 42ms)
 GET /login?redirectTo=%2Fcore%2Fassets 200 in 52ms (compile: 4ms, proxy.ts: 5ms, render: 43ms)
 GET /login?redirectTo=%2Fcore%2Fassets 200 in 54ms (compile: 3ms, proxy.ts: 5ms, render: 45ms)
 GET /login?redirectTo=%2Fcore%2Fassets 200 in 52ms (compile: 4ms, proxy.ts: 6ms, render: 41ms)
 GET /login?redirectTo=%2Fcore%2Fassets 200 in 56ms (compile: 4ms, proxy.ts: 6ms, render: 47ms)
 GET /login?redirectTo=%2Fcore%2Fassets 200 in 37ms (compile: 5ms, proxy.ts: 8ms, render: 25ms)
 GET /login?redirectTo=%2Fcore%2Fassets 200 in 52ms (compile: 5ms, proxy.ts: 4ms, render: 44ms)
 GET /login?redirectTo=%2Fcore%2Fassets 200 in 34ms (compile: 3ms, proxy.ts: 6ms, render: 25ms)
 GET /login?redirectTo=%2Fcore%2Fassets 200 in 32ms (compile: 4ms, proxy.ts: 5ms, render: 23ms)
 GET /login?redirectTo=%2Fcore%2Fassets 200 in 44ms (compile: 4ms, proxy.ts: 6ms, render: 34ms)
 GET /login?redirectTo=%2Fcore%2Fassets 200 in 38ms (compile: 5ms, proxy.ts: 6ms, render: 26ms)
 GET /login?redirectTo=%2Fcore%2Fassets 200 in 35ms (compile: 4ms, proxy.ts: 6ms, render: 25ms)
 GET /login?redirectTo=%2Fcore%2Fassets 200 in 41ms (compile: 5ms, proxy.ts: 7ms, render: 29ms)
 GET /login?redirectTo=%2Fcore%2Fassets 200 in 44ms (compile: 6ms, proxy.ts: 9ms, render: 29ms)
 GET /login?redirectTo=%2Fcore%2Fassets 200 in 38ms (compile: 6ms, proxy.ts: 5ms, render: 28ms)
 GET /login?redirectTo=%2Fcore%2Fassets 200 in 34ms (compile: 6ms, proxy.ts: 6ms, render: 23ms)
 GET /login?redirectTo=%2Fcore%2Fassets 200 in 62ms (compile: 5ms, proxy.ts: 5ms, render: 53ms)
 GET /login?redirectTo=%2Fcore%2Fassets 200 in 63ms (compile: 6ms, proxy.ts: 9ms, render: 48ms)
 GET /login?redirectTo=%2Fcore%2Fassets 200 in 39ms (compile: 4ms, proxy.ts: 7ms, render: 28ms)
 GET /login?redirectTo=%2Fcore%2Fassets 200 in 41ms (compile: 4ms, proxy.ts: 9ms, render: 27ms)
 GET /login?redirectTo=%2Fcore%2Fassets 200 in 38ms (compile: 5ms, proxy.ts: 6ms, render: 27ms)
 GET /login?redirectTo=%2Fcore%2Fassets 200 in 45ms (compile: 7ms, proxy.ts: 5ms, render: 33ms)
 GET /login?redirectTo=%2Fcore%2Fassets 200 in 32ms (compile: 3ms, proxy.ts: 5ms, render: 24ms)
 GET /login?redirectTo=%2Fcore%2Fassets 200 in 54ms (compile: 4ms, proxy.ts: 3ms, render: 47ms)
 GET /login?redirectTo=%2Fcore%2Fassets 200 in 32ms (compile: 4ms, proxy.ts: 3ms, render: 25ms)
 GET /login?redirectTo=%2Fcore%2Fassets 200 in 68ms (compile: 5ms, proxy.ts: 3ms, render: 59ms)
 GET /login?redirectTo=%2Fcore%2Fassets 200 in 51ms (compile: 6ms, proxy.ts: 17ms, render: 28ms)
 GET /login?redirectTo=%2Fcore%2Fassets 200 in 37ms (compile: 6ms, proxy.ts: 7ms, render: 24ms)
 GET /login?redirectTo=%2Fcore%2Fassets 200 in 70ms (compile: 6ms, proxy.ts: 4ms, render: 60ms)
 GET /login?redirectTo=%2Fcore%2Fassets 200 in 67ms (compile: 10ms, proxy.ts: 12ms, render: 45ms)
 GET /login?redirectTo=%2Fcore%2Fassets 200 in 55ms (compile: 4ms, proxy.ts: 5ms, render: 46ms)
 GET /login?redirectTo=%2Fcore%2Fassets 200 in 60ms (compile: 3ms, proxy.ts: 5ms, render: 53ms)
 GET /login?redirectTo=%2Fcore%2Fassets 200 in 70ms (compile: 6ms, proxy.ts: 10ms, render: 54ms)
 GET /login?redirectTo=%2Fcore%2Fassets 200 in 73ms (compile: 5ms, proxy.ts: 6ms, render: 62ms)
 GET /login?redirectTo=%2Fcore%2Fassets 200 in 69ms (compile: 9ms, proxy.ts: 11ms, render: 50ms)
 GET /login?redirectTo=%2Fcore%2Fassets 200 in 54ms (compile: 5ms, proxy.ts: 4ms, render: 45ms)
 GET /login?redirectTo=%2Fcore%2Fassets 200 in 35ms (compile: 7ms, proxy.ts: 5ms, render: 23ms)
 GET /login?redirectTo=%2Fcore%2Fassets 200 in 38ms (compile: 5ms, proxy.ts: 4ms, render: 29ms)
 GET /login?redirectTo=%2Fcore%2Fassets 200 in 41ms (compile: 4ms, proxy.ts: 7ms, render: 30ms)
 GET /login?redirectTo=%2Fcore%2Fassets 200 in 60ms (compile: 6ms, proxy.ts: 6ms, render: 48ms)
 GET /login?redirectTo=%2Fcore%2Fassets 200 in 70ms (compile: 5ms, proxy.ts: 6ms, render: 58ms)
✓ Compiled in 0ms
 GET /login?redirectTo=%2Fcore%2Fassets 200 in 118ms (compile: 6ms, proxy.ts: 7ms, render: 105ms)
 GET /login?redirectTo=%2Fcore%2Fassets 200 in 227ms (compile: 94ms, proxy.ts: 76ms, render: 58ms)
 GET /login?redirectTo=%2Fcore%2Fassets 200 in 68ms (compile: 7ms, proxy.ts: 7ms, render: 54ms)
 GET /login?redirectTo=%2Fcore%2Fassets 200 in 40ms (compile: 6ms, proxy.ts: 7ms, render: 27ms)
 GET /login?redirectTo=%2Fcore%2Fassets 200 in 41ms (compile: 7ms, proxy.ts: 6ms, render: 29ms)
 GET /login?redirectTo=%2Fcore%2Fassets 200 in 65ms (compile: 6ms, proxy.ts: 7ms, render: 52ms)
 GET /login?redirectTo=%2Fcore%2Fassets 200 in 58ms (compile: 5ms, proxy.ts: 6ms, render: 47ms)
 GET /login?redirectTo=%2Fcore%2Fassets 200 in 48ms (compile: 3ms, proxy.ts: 5ms, render: 40ms)
 GET /login?redirectTo=%2Fcore%2Fassets 200 in 32ms (compile: 3ms, proxy.ts: 6ms, render: 24ms)
 GET /login?redirectTo=%2Fcore%2Fassets 200 in 61ms (compile: 6ms, proxy.ts: 5ms, render: 50ms)
 GET /login?redirectTo=%2Fcore%2Fassets 200 in 57ms (compile: 3ms, proxy.ts: 6ms, render: 48ms)
 GET /login?redirectTo=%2Fcore%2Fassets 200 in 42ms (compile: 3ms, proxy.ts: 8ms, render: 32ms)
 GET /login?redirectTo=%2Fcore%2Fassets 200 in 75ms (compile: 7ms, proxy.ts: 10ms, render: 58ms)
 GET /login?redirectTo=%2Fcore%2Fassets 200 in 72ms (compile: 5ms, proxy.ts: 11ms, render: 55ms)
 GET /login?redirectTo=%2Fcore%2Fassets 200 in 73ms (compile: 5ms, proxy.ts: 8ms, render: 60ms)
 GET /login?redirectTo=%2Fcore%2Fassets 200 in 72ms (compile: 5ms, proxy.ts: 7ms, render: 60ms)
 GET /login?redirectTo=%2Fcore%2Fassets 200 in 45ms (compile: 5ms, proxy.ts: 7ms, render: 34ms)
 GET /login?redirectTo=%2Fcore%2Fassets 200 in 70ms (compile: 6ms, proxy.ts: 10ms, render: 54ms)
 GET /login?redirectTo=%2Fcore%2Fassets 200 in 68ms (compile: 6ms, proxy.ts: 9ms, render: 54ms)
 GET /login?redirectTo=%2Fcore%2Fassets 200 in 76ms (compile: 5ms, proxy.ts: 7ms, render: 64ms)
 GET /login?redirectTo=%2Fcore%2Fassets 200 in 99ms (compile: 7ms, proxy.ts: 7ms, render: 85ms)
 GET /login?redirectTo=%2Fcore%2Fassets 200 in 89ms (compile: 5ms, proxy.ts: 20ms, render: 64ms)
 GET /login?redirectTo=%2Fcore%2Fassets 200 in 47ms (compile: 4ms, proxy.ts: 8ms, render: 35ms)
 GET /login?redirectTo=%2Fcore%2Fassets 200 in 74ms (compile: 6ms, proxy.ts: 7ms, render: 60ms)
 GET /login?redirectTo=%2Fcore%2Fassets 200 in 71ms (compile: 4ms, proxy.ts: 6ms, render: 62ms)
 GET /login?redirectTo=%2Fcore%2Fassets 200 in 49ms (compile: 6ms, proxy.ts: 6ms, render: 37ms)
 GET /login?redirectTo=%2Fcore%2Fassets 200 in 90ms (compile: 4ms, proxy.ts: 9ms, render: 76ms)
 GET /login?redirectTo=%2Fcore%2Fassets 200 in 88ms (compile: 11ms, proxy.ts: 22ms, render: 55ms)
 GET /login?redirectTo=%2Fcore%2Fassets 200 in 67ms (compile: 5ms, proxy.ts: 6ms, render: 56ms)
 GET /login?redirectTo=%2Fcore%2Fassets 200 in 70ms (compile: 5ms, proxy.ts: 6ms, render: 59ms)
 GET /login?redirectTo=%2Fcore%2Fassets 200 in 49ms (compile: 10ms, proxy.ts: 7ms, render: 32ms)
 GET /login?redirectTo=%2Fcore%2Fassets 200 in 52ms (compile: 7ms, proxy.ts: 7ms, render: 39ms)
 GET /login?redirectTo=%2Fcore%2Fassets 200 in 67ms (compile: 5ms, proxy.ts: 5ms, render: 57ms)
 GET /login?redirectTo=%2Fcore%2Fassets 200 in 69ms (compile: 5ms, proxy.ts: 7ms, render: 57ms)
 GET /login?redirectTo=%2Fcore%2Fassets 200 in 68ms (compile: 3ms, proxy.ts: 6ms, render: 59ms)
 GET /login?redirectTo=%2Fcore%2Fassets 200 in 66ms (compile: 8ms, proxy.ts: 7ms, render: 51ms)
 GET /login?redirectTo=%2Fcore%2Fassets 200 in 40ms (compile: 5ms, proxy.ts: 6ms, render: 29ms)
 GET /login?redirectTo=%2Fcore%2Fassets 200 in 41ms (compile: 8ms, proxy.ts: 5ms, render: 28ms)
 GET /login?redirectTo=%2Fcore%2Fassets 200 in 37ms (compile: 5ms, proxy.ts: 5ms, render: 26ms)
 GET /login?redirectTo=%2Fcore%2Fassets 200 in 39ms (compile: 6ms, proxy.ts: 5ms, render: 28ms)
 GET /login?redirectTo=%2Fcore%2Fassets 200 in 63ms (compile: 4ms, proxy.ts: 5ms, render: 54ms)
 GET /login?redirectTo=%2Fcore%2Fassets 200 in 61ms (compile: 4ms, proxy.ts: 5ms, render: 52ms)
 GET /login?redirectTo=%2Fcore%2Fassets 200 in 38ms (compile: 5ms, proxy.ts: 6ms, render: 27ms)
 GET /login?redirectTo=%2Fcore%2Fassets 200 in 60ms (compile: 5ms, proxy.ts: 5ms, render: 50ms)
 GET /login?redirectTo=%2Fcore%2Fassets 200 in 41ms (compile: 4ms, proxy.ts: 7ms, render: 29ms)
 GET /login?redirectTo=%2Fcore%2Fassets 200 in 40ms (compile: 6ms, proxy.ts: 7ms, render: 27ms)
 GET /login?redirectTo=%2Fcore%2Fassets 200 in 36ms (compile: 5ms, proxy.ts: 7ms, render: 24ms)
 GET /login?redirectTo=%2Fcore%2Fassets 200 in 73ms (compile: 5ms, proxy.ts: 6ms, render: 62ms)
 GET /login?redirectTo=%2Fcore%2Fassets 200 in 77ms (compile: 5ms, proxy.ts: 11ms, render: 61ms)
 GET /login?redirectTo=%2Fcore%2Fassets 200 in 65ms (compile: 6ms, proxy.ts: 5ms, render: 53ms)
 GET /login?redirectTo=%2Fcore%2Fassets 200 in 63ms (compile: 5ms, proxy.ts: 5ms, render: 53ms)
 GET /login?redirectTo=%2Fcore%2Fassets 200 in 62ms (compile: 5ms, proxy.ts: 6ms, render: 51ms)
 GET /login?redirectTo=%2Fcore%2Fassets 200 in 40ms (compile: 4ms, proxy.ts: 5ms, render: 31ms)
 GET /login?redirectTo=%2Fcore%2Fassets 200 in 56ms (compile: 5ms, proxy.ts: 5ms, render: 47ms)
 GET /login?redirectTo=%2Fcore%2Fassets 200 in 60ms (compile: 3ms, proxy.ts: 6ms, render: 51ms)
 GET /login?redirectTo=%2Fcore%2Fassets 200 in 57ms (compile: 4ms, proxy.ts: 6ms, render: 47ms)
 GET /login?redirectTo=%2Fcore%2Fassets 200 in 35ms (compile: 3ms, proxy.ts: 6ms, render: 25ms)
 GET /login?redirectTo=%2Fcore%2Fassets 200 in 36ms (compile: 4ms, proxy.ts: 5ms, render: 27ms)
 GET /login?redirectTo=%2Fcore%2Fassets 200 in 62ms (compile: 6ms, proxy.ts: 6ms, render: 51ms)
 GET /login?redirectTo=%2Fcore%2Fassets 200 in 43ms (compile: 4ms, proxy.ts: 7ms, render: 32ms)
 GET /login?redirectTo=%2Fcore%2Fassets 200 in 69ms (compile: 7ms, proxy.ts: 6ms, render: 57ms)
 GET /login?redirectTo=%2Fcore%2Fassets 200 in 53ms (compile: 5ms, proxy.ts: 7ms, render: 41ms)
 GET /login?redirectTo=%2Fcore%2Fassets 200 in 45ms (compile: 9ms, proxy.ts: 10ms, render: 27ms)
 GET /login?redirectTo=%2Fcore%2Fassets 200 in 39ms (compile: 6ms, proxy.ts: 8ms, render: 25ms)
 GET /login?redirectTo=%2Fcore%2Fassets 200 in 48ms (compile: 5ms, proxy.ts: 6ms, render: 36ms)
 GET /login?redirectTo=%2Fcore%2Fassets 200 in 64ms (compile: 12ms, proxy.ts: 8ms, render: 44ms)
 GET /login?redirectTo=%2Fcore%2Fassets 200 in 32ms (compile: 4ms, proxy.ts: 5ms, render: 23ms)
 GET /login?redirectTo=%2Fcore%2Fassets 200 in 35ms (compile: 5ms, proxy.ts: 4ms, render: 26ms)
 GET /login?redirectTo=%2Fcore%2Fassets 200 in 32ms (compile: 3ms, proxy.ts: 6ms, render: 22ms)
 GET /login?redirectTo=%2Fcore%2Fassets 200 in 34ms (compile: 4ms, proxy.ts: 6ms, render: 24ms)
 GET /login?redirectTo=%2Fcore%2Fassets 200 in 31ms (compile: 4ms, proxy.ts: 6ms, render: 22ms)
 GET /login?redirectTo=%2Fcore%2Fassets 200 in 32ms (compile: 5ms, proxy.ts: 4ms, render: 23ms)
 GET /login?redirectTo=%2Fcore%2Fassets 200 in 34ms (compile: 5ms, proxy.ts: 5ms, render: 24ms)
 GET /login?redirectTo=%2Fcore%2Fassets 200 in 36ms (compile: 7ms, proxy.ts: 6ms, render: 23ms)
 GET /login?redirectTo=%2Fcore%2Fassets 200 in 42ms (compile: 6ms, proxy.ts: 5ms, render: 30ms)
 GET /login?redirectTo=%2Fcore%2Fassets 200 in 66ms (compile: 7ms, proxy.ts: 7ms, render: 52ms)
 GET /login?redirectTo=%2Fcore%2Fassets 200 in 61ms (compile: 5ms, proxy.ts: 9ms, render: 46ms)
 GET /login?redirectTo=%2Fcore%2Fassets 200 in 41ms (compile: 4ms, proxy.ts: 5ms, render: 32ms)
 GET /login?redirectTo=%2Fcore%2Fassets 200 in 47ms (compile: 6ms, proxy.ts: 11ms, render: 29ms)
 GET /login?redirectTo=%2Fcore%2Fassets 200 in 35ms (compile: 4ms, proxy.ts: 6ms, render: 26ms)
 GET /login?redirectTo=%2Fcore%2Fassets 200 in 71ms (compile: 5ms, proxy.ts: 6ms, render: 60ms)
 GET /login?redirectTo=%2Fcore%2Fassets 200 in 70ms (compile: 4ms, proxy.ts: 7ms, render: 59ms)
 GET /login?redirectTo=%2Fcore%2Fassets 200 in 70ms (compile: 4ms, proxy.ts: 7ms, render: 59ms)
 GET /login?redirectTo=%2Fcore%2Fassets 200 in 67ms (compile: 6ms, proxy.ts: 8ms, render: 53ms)
 GET /login?redirectTo=%2Fcore%2Fassets 200 in 66ms (compile: 4ms, proxy.ts: 5ms, render: 56ms)
 GET /login?redirectTo=%2Fcore%2Fassets 200 in 66ms (compile: 4ms, proxy.ts: 10ms, render: 53ms)
 GET /login?redirectTo=%2Fcore%2Fassets 200 in 41ms (compile: 5ms, proxy.ts: 6ms, render: 30ms)
 GET /login?redirectTo=%2Fcore%2Fassets 200 in 51ms (compile: 6ms, proxy.ts: 7ms, render: 38ms)
 GET /login?redirectTo=%2Fcore%2Fassets 200 in 89ms (compile: 10ms, proxy.ts: 12ms, render: 68ms)
 GET /login?redirectTo=%2Fcore%2Fassets 200 in 86ms (compile: 5ms, proxy.ts: 8ms, render: 73ms)
 GET /login?redirectTo=%2Fcore%2Fassets 200 in 87ms (compile: 8ms, proxy.ts: 10ms, render: 68ms)
 GET /login?redirectTo=%2Fcore%2Fassets 200 in 80ms (compile: 8ms, proxy.ts: 6ms, render: 66ms)
 GET /login?redirectTo=%2Fcore%2Fassets 200 in 63ms (compile: 7ms, proxy.ts: 5ms, render: 51ms)
 GET /login?redirectTo=%2Fcore%2Fassets 200 in 57ms (compile: 4ms, proxy.ts: 5ms, render: 48ms)
 GET /login?redirectTo=%2Fcore%2Fassets 200 in 57ms (compile: 3ms, proxy.ts: 6ms, render: 48ms)
 GET /login?redirectTo=%2Fcore%2Fassets 200 in 34ms (compile: 4ms, proxy.ts: 6ms, render: 24ms)
 GET /login?redirectTo=%2Fcore%2Fassets 200 in 29ms (compile: 4ms, proxy.ts: 3ms, render: 22ms)
 GET /login?redirectTo=%2Fcore%2Fassets 200 in 41ms (compile: 4ms, proxy.ts: 6ms, render: 32ms)
 GET /login?redirectTo=%2Fcore%2Fassets 200 in 42ms (compile: 12ms, proxy.ts: 4ms, render: 25ms)
 GET /login?redirectTo=%2Fcore%2Fassets 200 in 33ms (compile: 3ms, proxy.ts: 5ms, render: 24ms)
 GET /login?redirectTo=%2Fcore%2Fassets 200 in 39ms (compile: 5ms, proxy.ts: 5ms, render: 28ms)
 GET /login?redirectTo=%2Fcore%2Fassets 200 in 46ms (compile: 6ms, proxy.ts: 8ms, render: 31ms)
 GET /login?redirectTo=%2Fcore%2Fassets 200 in 67ms (compile: 7ms, proxy.ts: 8ms, render: 53ms)
 GET /login?redirectTo=%2Fcore%2Fassets 200 in 70ms (compile: 5ms, proxy.ts: 8ms, render: 57ms)
 GET /login?redirectTo=%2Fcore%2Fassets 200 in 70ms (compile: 5ms, proxy.ts: 5ms, render: 60ms)
 GET /login?redirectTo=%2Fcore%2Fassets 200 in 72ms (compile: 5ms, proxy.ts: 9ms, render: 58ms)
 GET /login?redirectTo=%2Fcore%2Fassets 200 in 42ms (compile: 8ms, proxy.ts: 5ms, render: 29ms)
 GET /login?redirectTo=%2Fcore%2Fassets 200 in 64ms (compile: 5ms, proxy.ts: 6ms, render: 53ms)
 GET /login?redirectTo=%2Fcore%2Fassets 200 in 43ms (compile: 4ms, proxy.ts: 6ms, render: 33ms)
 GET /login?redirectTo=%2Fcore%2Fassets 200 in 68ms (compile: 6ms, proxy.ts: 6ms, render: 57ms)
 GET /login?redirectTo=%2Fcore%2Fassets 200 in 40ms (compile: 5ms, proxy.ts: 6ms, render: 29ms)
 GET /login?redirectTo=%2Fcore%2Fassets 200 in 32ms (compile: 5ms, proxy.ts: 6ms, render: 22ms)
 GET /login?redirectTo=%2Fcore%2Fassets 200 in 34ms (compile: 3ms, proxy.ts: 5ms, render: 26ms)
 GET /login?redirectTo=%2Fcore%2Fassets 200 in 37ms (compile: 5ms, proxy.ts: 6ms, render: 26ms)
 GET /login?redirectTo=%2Fcore%2Fassets 200 in 77ms (compile: 6ms, proxy.ts: 6ms, render: 66ms)
 GET /login?redirectTo=%2Fcore%2Fassets 200 in 69ms (compile: 5ms, proxy.ts: 7ms, render: 57ms)
 GET /login?redirectTo=%2Fcore%2Fassets 200 in 47ms (compile: 4ms, proxy.ts: 6ms, render: 37ms)
 GET /login?redirectTo=%2Fcore%2Fassets 200 in 80ms (compile: 6ms, proxy.ts: 8ms, render: 66ms)
 GET /login?redirectTo=%2Fcore%2Fassets 200 in 76ms (compile: 4ms, proxy.ts: 7ms, render: 65ms)
 GET /login?redirectTo=%2Fcore%2Fassets 200 in 74ms (compile: 5ms, proxy.ts: 8ms, render: 61ms)
 GET /login?redirectTo=%2Fcore%2Fassets 200 in 48ms (compile: 7ms, proxy.ts: 9ms, render: 32ms)
 GET /login?redirectTo=%2Fcore%2Fassets 200 in 46ms (compile: 4ms, proxy.ts: 9ms, render: 32ms)
 GET /login?redirectTo=%2Fcore%2Fassets 200 in 57ms (compile: 4ms, proxy.ts: 10ms, render: 42ms)
 GET /login?redirectTo=%2Fcore%2Fassets 200 in 64ms (compile: 7ms, proxy.ts: 6ms, render: 52ms)
 GET /login?redirectTo=%2Fcore%2Fassets 200 in 43ms (compile: 5ms, proxy.ts: 7ms, render: 31ms)
 GET /login?redirectTo=%2Fcore%2Fassets 200 in 46ms (compile: 7ms, proxy.ts: 5ms, render: 33ms)
 GET /login?redirectTo=%2Fcore%2Fassets 200 in 81ms (compile: 5ms, proxy.ts: 10ms, render: 66ms)
 GET /login?redirectTo=%2Fcore%2Fassets 200 in 81ms (compile: 4ms, proxy.ts: 8ms, render: 69ms)
 GET /login?redirectTo=%2Fcore%2Fassets 200 in 76ms (compile: 5ms, proxy.ts: 11ms, render: 60ms)
 GET /login?redirectTo=%2Fcore%2Fassets 200 in 43ms (compile: 4ms, proxy.ts: 6ms, render: 33ms)
 GET /login?redirectTo=%2Fcore%2Fassets 200 in 78ms (compile: 6ms, proxy.ts: 5ms, render: 66ms)
 GET /login?redirectTo=%2Fcore%2Fassets 200 in 53ms (compile: 16ms, proxy.ts: 5ms, render: 32ms)
 GET /login?redirectTo=%2Fcore%2Fassets 200 in 51ms (compile: 6ms, proxy.ts: 6ms, render: 39ms)
 GET /login?redirectTo=%2Fcore%2Fassets 200 in 79ms (compile: 9ms, proxy.ts: 6ms, render: 65ms)
 GET /login?redirectTo=%2Fcore%2Fassets 200 in 48ms (compile: 6ms, proxy.ts: 9ms, render: 34ms)
 GET /login?redirectTo=%2Fcore%2Fassets 200 in 41ms (compile: 4ms, proxy.ts: 6ms, render: 31ms)
 GET /login?redirectTo=%2Fcore%2Fassets 200 in 44ms (compile: 7ms, proxy.ts: 6ms, render: 32ms)
 GET /login?redirectTo=%2Fcore%2Fassets 200 in 68ms (compile: 7ms, proxy.ts: 6ms, render: 55ms)
 GET /login?redirectTo=%2Fcore%2Fassets 200 in 69ms (compile: 6ms, proxy.ts: 6ms, render: 57ms)
 GET /login?redirectTo=%2Fcore%2Fassets 200 in 43ms (compile: 6ms, proxy.ts: 7ms, render: 31ms)
 GET /login?redirectTo=%2Fcore%2Fassets 200 in 85ms (compile: 5ms, proxy.ts: 7ms, render: 73ms)
 GET /login?redirectTo=%2Fcore%2Fassets 200 in 60ms (compile: 12ms, proxy.ts: 9ms, render: 39ms)
 GET /login?redirectTo=%2Fcore%2Fassets 200 in 471ms (compile: 8ms, proxy.ts: 10ms, render: 453ms)
 GET /login?redirectTo=%2Fcore%2Fassets 200 in 74ms (compile: 4ms, proxy.ts: 8ms, render: 62ms)
 GET /login?redirectTo=%2Fcore%2Fassets 200 in 67ms (compile: 5ms, proxy.ts: 6ms, render: 57ms)
 GET /login?redirectTo=%2Fcore%2Fassets 200 in 69ms (compile: 4ms, proxy.ts: 7ms, render: 58ms)
 GET /login?redirectTo=%2Fcore%2Fassets 200 in 65ms (compile: 5ms, proxy.ts: 7ms, render: 53ms)
 GET /login?redirectTo=%2Fcore%2Fassets 200 in 64ms (compile: 4ms, proxy.ts: 6ms, render: 54ms)
 GET /login?redirectTo=%2Fcore%2Fassets 200 in 41ms (compile: 5ms, proxy.ts: 6ms, render: 30ms)
 GET /login?redirectTo=%2Fcore%2Fassets 200 in 42ms (compile: 5ms, proxy.ts: 6ms, render: 31ms)
 GET /login?redirectTo=%2Fcore%2Fassets 200 in 79ms (compile: 9ms, proxy.ts: 9ms, render: 61ms)
 GET /login?redirectTo=%2Fcore%2Fassets 200 in 85ms (compile: 9ms, proxy.ts: 9ms, render: 68ms)
 GET /login?redirectTo=%2Fcore%2Fassets 200 in 76ms (compile: 7ms, proxy.ts: 8ms, render: 61ms)
 GET /login?redirectTo=%2Fcore%2Fassets 200 in 47ms (compile: 5ms, proxy.ts: 11ms, render: 31ms)
 GET /login?redirectTo=%2Fcore%2Fassets 200 in 39ms (compile: 5ms, proxy.ts: 7ms, render: 27ms)
 GET /login?redirectTo=%2Fcore%2Fassets 200 in 43ms (compile: 7ms, proxy.ts: 6ms, render: 30ms)
 GET /login?redirectTo=%2Fcore%2Fassets 200 in 39ms (compile: 6ms, proxy.ts: 6ms, render: 26ms)
 GET /login?redirectTo=%2Fcore%2Fassets 200 in 61ms (compile: 8ms, proxy.ts: 5ms, render: 48ms)
 GET /login?redirectTo=%2Fcore%2Fassets 200 in 40ms (compile: 5ms, proxy.ts: 5ms, render: 30ms)
 GET /login?redirectTo=%2Fcore%2Fassets 200 in 67ms (compile: 8ms, proxy.ts: 6ms, render: 53ms)
 GET /login?redirectTo=%2Fcore%2Fassets 200 in 45ms (compile: 4ms, proxy.ts: 7ms, render: 33ms)
 GET /login?redirectTo=%2Fcore%2Fassets 200 in 69ms (compile: 4ms, proxy.ts: 5ms, render: 59ms)
 GET /login?redirectTo=%2Fcore%2Fassets 200 in 45ms (compile: 5ms, proxy.ts: 6ms, render: 35ms)
 GET /login?redirectTo=%2Fcore%2Fassets 200 in 36ms (compile: 5ms, proxy.ts: 4ms, render: 27ms)
 GET /login?redirectTo=%2Fcore%2Fassets 200 in 39ms (compile: 4ms, proxy.ts: 5ms, render: 30ms)
 GET /login?redirectTo=%2Fcore%2Fassets 200 in 176ms (compile: 4ms, proxy.ts: 5ms, render: 167ms)
 GET /test-loading-states 200 in 649ms (compile: 532ms, proxy.ts: 12ms, render: 106ms)
 GET /login?redirectTo=%2Fcore%2Fassets 200 in 206ms (compile: 141ms, proxy.ts: 10ms, render: 55ms)
 GET /login?redirectTo=%2Fcore%2Fassets 200 in 42ms (compile: 7ms, proxy.ts: 7ms, render: 27ms)
 GET /login?redirectTo=%2Fcore%2Fassets 200 in 59ms (compile: 6ms, proxy.ts: 6ms, render: 47ms)
 GET /login?redirectTo=%2Fcore%2Fassets 200 in 33ms (compile: 6ms, proxy.ts: 5ms, render: 21ms)
 GET /login?redirectTo=%2Fcore%2Fassets 200 in 27ms (compile: 3ms, proxy.ts: 4ms, render: 20ms)
 GET /login?redirectTo=%2Fcore%2Fassets 200 in 44ms (compile: 5ms, proxy.ts: 3ms, render: 36ms)
 GET /login?redirectTo=%2Fcore%2Fassets 200 in 29ms (compile: 3ms, proxy.ts: 5ms, render: 21ms)
 GET /login?redirectTo=%2Fcore%2Fassets 200 in 30ms (compile: 4ms, proxy.ts: 4ms, render: 23ms)
 GET /login?redirectTo=%2Fcore%2Fassets 200 in 30ms (compile: 6ms, proxy.ts: 3ms, render: 21ms)
 GET /login?redirectTo=%2Fcore%2Fassets 200 in 57ms (compile: 3ms, proxy.ts: 4ms, render: 50ms)
 GET /login?redirectTo=%2Fcore%2Fassets 200 in 48ms (compile: 4ms, proxy.ts: 4ms, render: 40ms)
 GET /login?redirectTo=%2Fcore%2Fassets 200 in 30ms (compile: 3ms, proxy.ts: 5ms, render: 22ms)
 GET /login?redirectTo=%2Fcore%2Fassets 200 in 53ms (compile: 3ms, proxy.ts: 4ms, render: 46ms)
 GET /login?redirectTo=%2Fcore%2Fassets 200 in 38ms (compile: 9ms, proxy.ts: 8ms, render: 21ms)
 GET /login?redirectTo=%2Fcore%2Fassets 200 in 51ms (compile: 5ms, proxy.ts: 5ms, render: 40ms)
 GET /login?redirectTo=%2Fcore%2Fassets 200 in 49ms (compile: 3ms, proxy.ts: 4ms, render: 41ms)
 GET /login?redirectTo=%2Fcore%2Fassets 200 in 29ms (compile: 4ms, proxy.ts: 6ms, render: 20ms)
 GET /login?redirectTo=%2Fcore%2Fassets 200 in 29ms (compile: 5ms, proxy.ts: 4ms, render: 20ms)
 GET /login?redirectTo=%2Fcore%2Fassets 200 in 34ms (compile: 5ms, proxy.ts: 4ms, render: 26ms)
 GET /login?redirectTo=%2Fcore%2Fassets 200 in 33ms (compile: 4ms, proxy.ts: 5ms, render: 24ms)
 GET /login?redirectTo=%2Fcore%2Fassets 200 in 31ms (compile: 3ms, proxy.ts: 5ms, render: 23ms)
 GET /login?redirectTo=%2Fcore%2Fassets 200 in 33ms (compile: 4ms, proxy.ts: 5ms, render: 24ms)
 GET /login?redirectTo=%2Fcore%2Fassets 200 in 30ms (compile: 4ms, proxy.ts: 5ms, render: 21ms)
 GET /login?redirectTo=%2Fcore%2Fassets 200 in 32ms (compile: 4ms, proxy.ts: 5ms, render: 23ms)
 GET /login?redirectTo=%2Fcore%2Fassets 200 in 32ms (compile: 4ms, proxy.ts: 5ms, render: 23ms)
 GET /login?redirectTo=%2Fcore%2Fassets 200 in 43ms (compile: 5ms, proxy.ts: 5ms, render: 33ms)
 GET /login?redirectTo=%2Fcore%2Fassets 200 in 30ms (compile: 7ms, proxy.ts: 5ms, render: 18ms)
✓ Compiled in 183ms
 GET /test-loading-states 404 in 190ms (compile: 45ms, proxy.ts: 86ms, render: 59ms)
 GET /test-loading-states 404 in 46ms (compile: 11ms, proxy.ts: 6ms, render: 30ms)
 GET /test-loading-states 404 in 725ms (compile: 115ms, proxy.ts: 330ms, render: 280ms)
 GET /test-loading-states 404 in 259ms (compile: 31ms, proxy.ts: 16ms, render: 211ms)
 GET /test-loading-states 404 in 79ms (proxy.ts: 56ms)
 GET /test-loading-states 404 in 361ms (compile: 56ms, proxy.ts: 20ms, render: 285ms)
 GET /test-fire-scenarios 200 in 1010ms (compile: 820ms, proxy.ts: 6ms, render: 184ms)
✓ Compiled in 192ms
 GET /test-loading-states 200 in 70ms (compile: 6ms, proxy.ts: 44ms, render: 21ms)
 GET /test-loading-states 200 in 42ms (compile: 3ms, proxy.ts: 7ms, render: 32ms)
 GET /test-loading-states 404 in 30ms (proxy.ts: 6ms)
 GET /test-loading-states 404 in 28ms (proxy.ts: 13ms)
 GET /test-loading-states 404 in 19ms (proxy.ts: 4ms)
 GET /test-loading-states 404 in 16ms (proxy.ts: 5ms)
 GET /test-loading-states 404 in 27ms (proxy.ts: 5ms)
 GET /test-loading-states 404 in 17ms (proxy.ts: 5ms)
 GET /test-loading-states 404 in 17ms (proxy.ts: 8ms)
 GET /test-loading-states 404 in 16ms (proxy.ts: 4ms)
 GET /test-loading-states 404 in 15ms (proxy.ts: 4ms)
 GET /test-loading-states 404 in 10ms (proxy.ts: 3ms)
 GET /test-loading-states 404 in 19ms (proxy.ts: 5ms)
 GET /test-loading-states 404 in 124ms (proxy.ts: 95ms)
 GET /test-loading-states 404 in 19ms (proxy.ts: 4ms)
 GET /test-loading-states 404 in 19ms (proxy.ts: 4ms)
 GET /test-loading-states 404 in 22ms (proxy.ts: 5ms)
 GET /test-loading-states 404 in 16ms (proxy.ts: 4ms)
 GET /test-loading-states 404 in 29ms (proxy.ts: 7ms)
 GET /test-loading-states 404 in 13ms (proxy.ts: 4ms)
 GET /test-loading-states 404 in 18ms (proxy.ts: 5ms)
 GET /test-loading-states 404 in 17ms (proxy.ts: 7ms)
 GET /test-loading-states 404 in 24ms (proxy.ts: 3ms)
 GET /test-loading-states 404 in 13ms (proxy.ts: 4ms)
 GET /test-loading-states 404 in 10ms (proxy.ts: 3ms)
 GET /test-loading-states 404 in 18ms (proxy.ts: 3ms)
 GET /test-loading-states 404 in 28ms (proxy.ts: 5ms)
 GET /test-loading-states 404 in 51ms (proxy.ts: 15ms)
✓ Compiled in 336ms
 GET /test-loading-states 404 in 69ms (proxy.ts: 55ms)
 GET /test-loading-states 404 in 18ms (proxy.ts: 5ms)
 GET /test-loading-states 404 in 16ms (proxy.ts: 5ms)
 GET /test-loading-states 404 in 26ms (proxy.ts: 5ms)
 GET /test-loading-states 404 in 16ms (proxy.ts: 5ms)
 GET /test-loading-states 404 in 18ms (proxy.ts: 6ms)
 GET /login 200 in 283ms (compile: 83ms, proxy.ts: 7ms, render: 193ms)
 GET /login?redirectTo=%2Fcore%2Fassets 200 in 37ms (compile: 3ms, proxy.ts: 6ms, render: 28ms)
 GET /test-loading-states 404 in 111ms (compile: 43ms, proxy.ts: 5ms, render: 63ms)
✓ Compiled in 183ms
✓ Compiled in 930ms
✓ Compiled in 197ms
✓ Compiled in 231ms
✓ Compiled in 250ms
⨯ Error: ENOENT: no such file or directory, open 'C:\Users\janpa\cd\development\fin\.next\dev\server\pages\_app\build-manifest.json'
    at ignore-listed frames {
  errno: -4058,
  code: 'ENOENT',
  syscall: 'open',
  path: 'C:\\Users\\janpa\\cd\\development\\fin\\.next\\dev\\server\\pages\\_app\\build-manifest.json'
}
⨯ Error: ENOENT: no such file or directory, open 'C:\Users\janpa\cd\development\fin\.next\dev\server\app\_not-found\page\build-manifest.json'
    at ignore-listed frames {
  errno: -4058,
  code: 'ENOENT',
  syscall: 'open',
  path: 'C:\\Users\\janpa\\cd\\development\\fin\\.next\\dev\\server\\app\\_not-found\\page\\build-manifest.json'
}
Error: ENOENT: no such file or directory, open 'C:\Users\janpa\cd\development\fin\.next\dev\server\pages\_app\build-manifest.json'
    at ignore-listed frames {
  errno: -4058,
  code: 'ENOENT',
  syscall: 'open',
  path: 'C:\\Users\\janpa\\cd\\development\\fin\\.next\\dev\\server\\pages\\_app\\build-manifest.json'
}
⨯ Error: ENOENT: no such file or directory, open 'C:\Users\janpa\cd\development\fin\.next\dev\server\pages\_app\build-manifest.json'
    at ignore-listed frames {
  errno: -4058,
  code: 'ENOENT',
  syscall: 'open',
  path: 'C:\\Users\\janpa\\cd\\development\\fin\\.next\\dev\\server\\pages\\_app\\build-manifest.json'
}
Error: ENOENT: no such file or directory, open 'C:\Users\janpa\cd\development\fin\.next\dev\server\pages\_app\build-manifest.json'
    at ignore-listed frames {
  errno: -4058,
  code: 'ENOENT',
  syscall: 'open',
  path: 'C:\\Users\\janpa\\cd\\development\\fin\\.next\\dev\\server\\pages\\_app\\build-manifest.json'
}
✓ Compiled in 354ms
✓ Compiled in 341ms
⨯ Error [ChunkLoadError]: Failed to load chunk server/chunks/ssr/node_modules_next_dist_client_components_builtin_unauthorized_15817684.js from runtime for chunk server/app/test-chat-timeout/page.js
    at Object.<anonymous> (C:\Users\janpa\cd\development\fin\.next\dev\server\app\test-chat-timeout\page.js:14:3) {
  page: '/test-chat-timeout',
  [cause]: Error: ENOENT: no such file or directory, open 'C:\Users\janpa\cd\development\fin\.next\dev\server\chunks\ssr\node_modules_next_dist_client_components_builtin_unauthorized_15817684.js'
      at Object.<anonymous> (C:\Users\janpa\cd\development\fin\.next\dev\server\app\test-chat-timeout\page.js:14:3) {
    errno: -4058,
    code: 'ENOENT',
    syscall: 'open',
    path: 'C:\\Users\\janpa\\cd\\development\\fin\\.next\\dev\\server\\chunks\\ssr\\node_modules_next_dist_client_components_builtin_unauthorized_15817684.js'
  }
}
 GET /test-chat-timeout 500 in 535ms (proxy.ts: 51ms)
[?25h
