▲ Next.js 16.1.6 (Turbopack)
- Local:         http://localhost:3206
- Network:       http://192.168.86.37:3206
- Environments: .env.local
- Experiments (use with caution):
  ⨯ turbopackFileSystemCacheForDev

✓ Starting...
✓ Ready in 1046ms
 GET /api/health 200 in 897ms (compile: 418ms, proxy.ts: 152ms, render: 327ms)
 GET /login 200 in 1943ms (compile: 1806ms, proxy.ts: 6ms, render: 131ms)
 GET /signup 200 in 562ms (compile: 509ms, proxy.ts: 4ms, render: 48ms)
 GET /test-onboarding-workflow 200 in 397ms (compile: 359ms, proxy.ts: 6ms, render: 32ms)
⨯ Error: ENOENT: no such file or directory, open 'C:\Users\janpa\cd\development\fin\.next\dev\server\pages-manifest.json'
    at ignore-listed frames {
  errno: -4058,
  code: 'ENOENT',
  syscall: 'open',
  path: 'C:\\Users\\janpa\\cd\\development\\fin\\.next\\dev\\server\\pages-manifest.json',
  page: '/api/verify-onboarding'
}
⨯ Error: ENOENT: no such file or directory, open 'C:\Users\janpa\cd\development\fin\.next\dev\static\development\_buildManifest.js.tmp.lbeg0p9w8f'
    at ignore-listed frames {
  errno: -4058,
  code: 'ENOENT',
  syscall: 'open',
  path: 'C:\\Users\\janpa\\cd\\development\\fin\\.next\\dev\\static\\development\\_buildManifest.js.tmp.lbeg0p9w8f'
}
Error: ENOENT: no such file or directory, open 'C:\Users\janpa\cd\development\fin\.next\dev\server\pages-manifest.json'
    at ignore-listed frames {
  errno: -4058,
  code: 'ENOENT',
  syscall: 'open',
  path: 'C:\\Users\\janpa\\cd\\development\\fin\\.next\\dev\\server\\pages-manifest.json',
  page: '/api/verify-onboarding'
}
⨯ Error: Cannot find module '../chunks/ssr/[turbopack]_runtime.js'
Require stack:
- C:\Users\janpa\cd\development\fin\.next\dev\server\pages\_document.js
- C:\Users\janpa\cd\development\fin\node_modules\next\dist\server\require.js
- C:\Users\janpa\cd\development\fin\node_modules\next\dist\server\load-components.js
- C:\Users\janpa\cd\development\fin\node_modules\next\dist\build\utils.js
- C:\Users\janpa\cd\development\fin\node_modules\next\dist\build\swc\options.js
- C:\Users\janpa\cd\development\fin\node_modules\next\dist\build\swc\index.js
- C:\Users\janpa\cd\development\fin\node_modules\next\dist\build\next-config-ts\transpile-config.js
- C:\Users\janpa\cd\development\fin\node_modules\next\dist\server\config.js
- C:\Users\janpa\cd\development\fin\node_modules\next\dist\server\next.js
- C:\Users\janpa\cd\development\fin\node_modules\next\dist\server\lib\start-server.js
    at Object.<anonymous> (C:\Users\janpa\cd\development\fin\.next\dev\server\pages\_document.js:1:7) {
  code: 'MODULE_NOT_FOUND',
  requireStack: [Array]
}
Error: ENOENT: no such file or directory, open 'C:\Users\janpa\cd\development\fin\.next\dev\routes-manifest.json'
    at ignore-listed frames {
  errno: -4058,
  code: 'ENOENT',
  syscall: 'open',
  path: 'C:\\Users\\janpa\\cd\\development\\fin\\.next\\dev\\routes-manifest.json'
}
 GET /api/verify-onboarding 500 in 1198ms (compile: 1172ms, proxy.ts: 9ms, render: 16ms)
 GET /api/verify-onboarding 500 in 1198ms (compile: 1172ms, proxy.ts: 9ms, render: 16ms)
 GET /api/verify-onboarding 404 in 368ms (compile: 326ms, proxy.ts: 4ms, render: 38ms)
⨯ Error: ENOENT: no such file or directory, open 'C:\Users\janpa\cd\development\fin\.next\dev\server\app\signup\page\build-manifest.json'
    at ignore-listed frames {
  errno: -4058,
  code: 'ENOENT',
  syscall: 'open',
  path: 'C:\\Users\\janpa\\cd\\development\\fin\\.next\\dev\\server\\app\\signup\\page\\build-manifest.json'
}
 GET /signup 500 in 310ms (compile: 105ms, proxy.ts: 60ms, render: 145ms)
⨯ Error: ENOENT: no such file or directory, open 'C:\Users\janpa\cd\development\fin\.next\dev\server\app\signup\page\build-manifest.json'
    at ignore-listed frames {
  errno: -4058,
  code: 'ENOENT',
  syscall: 'open',
  path: 'C:\\Users\\janpa\\cd\\development\\fin\\.next\\dev\\server\\app\\signup\\page\\build-manifest.json'
}
✓ Compiled in 313ms
 GET /signup 500 in 279ms (compile: 206ms, proxy.ts: 59ms, render: 13ms)
⨯ Error: ENOENT: no such file or directory, open 'C:\Users\janpa\cd\development\fin\.next\dev\server\app\signup\page\build-manifest.json'
    at ignore-listed frames {
  errno: -4058,
  code: 'ENOENT',
  syscall: 'open',
  path: 'C:\\Users\\janpa\\cd\\development\\fin\\.next\\dev\\server\\app\\signup\\page\\build-manifest.json'
}
Could not find files for /_error in .next/build-manifest.json
Could not find files for /_error in .next/build-manifest.json
 GET /signup 500 in 78ms (compile: 59ms, proxy.ts: 9ms, render: 10ms)
⨯ Error: ENOENT: no such file or directory, open 'C:\Users\janpa\cd\development\fin\.next\dev\server\app\signup\page\build-manifest.json'
    at ignore-listed frames {
  errno: -4058,
  code: 'ENOENT',
  syscall: 'open',
  path: 'C:\\Users\\janpa\\cd\\development\\fin\\.next\\dev\\server\\app\\signup\\page\\build-manifest.json'
}
⨯ Error: ENOENT: no such file or directory, open 'C:\Users\janpa\cd\development\fin\.next\dev\server\app\signup\page\build-manifest.json'
    at ignore-listed frames {
  errno: -4058,
  code: 'ENOENT',
  syscall: 'open',
  path: 'C:\\Users\\janpa\\cd\\development\\fin\\.next\\dev\\server\\app\\signup\\page\\build-manifest.json'
}
⨯ Error: ENOENT: no such file or directory, open 'C:\Users\janpa\cd\development\fin\.next\dev\server\app\signup\page\build-manifest.json'
    at ignore-listed frames {
  errno: -4058,
  code: 'ENOENT',
  syscall: 'open',
  path: 'C:\\Users\\janpa\\cd\\development\\fin\\.next\\dev\\server\\app\\signup\\page\\build-manifest.json'
}
⨯ Error: ENOENT: no such file or directory, open 'C:\Users\janpa\cd\development\fin\.next\dev\server\app\signup\page\build-manifest.json'
    at ignore-listed frames {
  errno: -4058,
  code: 'ENOENT',
  syscall: 'open',
  path: 'C:\\Users\\janpa\\cd\\development\\fin\\.next\\dev\\server\\app\\signup\\page\\build-manifest.json'
}
⨯ Error: ENOENT: no such file or directory, open 'C:\Users\janpa\cd\development\fin\.next\dev\server\app\signup\page\build-manifest.json'
    at ignore-listed frames {
  errno: -4058,
  code: 'ENOENT',
  syscall: 'open',
  path: 'C:\\Users\\janpa\\cd\\development\\fin\\.next\\dev\\server\\app\\signup\\page\\build-manifest.json'
}
⨯ Error: ENOENT: no such file or directory, open 'C:\Users\janpa\cd\development\fin\.next\dev\server\app\signup\page\build-manifest.json'
    at ignore-listed frames {
  errno: -4058,
  code: 'ENOENT',
  syscall: 'open',
  path: 'C:\\Users\\janpa\\cd\\development\\fin\\.next\\dev\\server\\app\\signup\\page\\build-manifest.json'
}
⨯ Error: ENOENT: no such file or directory, open 'C:\Users\janpa\cd\development\fin\.next\dev\server\app\signup\page\build-manifest.json'
    at ignore-listed frames {
  errno: -4058,
  code: 'ENOENT',
  syscall: 'open',
  path: 'C:\\Users\\janpa\\cd\\development\\fin\\.next\\dev\\server\\app\\signup\\page\\build-manifest.json'
}
⨯ Error: ENOENT: no such file or directory, open 'C:\Users\janpa\cd\development\fin\.next\dev\server\app\signup\page\build-manifest.json'
    at ignore-listed frames {
  errno: -4058,
  code: 'ENOENT',
  syscall: 'open',
  path: 'C:\\Users\\janpa\\cd\\development\\fin\\.next\\dev\\server\\app\\signup\\page\\build-manifest.json'
}
⨯ Error: ENOENT: no such file or directory, open 'C:\Users\janpa\cd\development\fin\.next\dev\server\app\signup\page\build-manifest.json'
    at ignore-listed frames {
  errno: -4058,
  code: 'ENOENT',
  syscall: 'open',
  path: 'C:\\Users\\janpa\\cd\\development\\fin\\.next\\dev\\server\\app\\signup\\page\\build-manifest.json'
}
⨯ Error: ENOENT: no such file or directory, open 'C:\Users\janpa\cd\development\fin\.next\dev\server\app\signup\page\build-manifest.json'
    at ignore-listed frames {
  errno: -4058,
  code: 'ENOENT',
  syscall: 'open',
  path: 'C:\\Users\\janpa\\cd\\development\\fin\\.next\\dev\\server\\app\\signup\\page\\build-manifest.json'
}
⨯ Error: ENOENT: no such file or directory, open 'C:\Users\janpa\cd\development\fin\.next\dev\server\app\signup\page\build-manifest.json'
    at ignore-listed frames {
  errno: -4058,
  code: 'ENOENT',
  syscall: 'open',
  path: 'C:\\Users\\janpa\\cd\\development\\fin\\.next\\dev\\server\\app\\signup\\page\\build-manifest.json'
}
⨯ Error: ENOENT: no such file or directory, open 'C:\Users\janpa\cd\development\fin\.next\dev\server\app\signup\page\build-manifest.json'
    at ignore-listed frames {
  errno: -4058,
  code: 'ENOENT',
  syscall: 'open',
  path: 'C:\\Users\\janpa\\cd\\development\\fin\\.next\\dev\\server\\app\\signup\\page\\build-manifest.json'
}
⨯ Error: ENOENT: no such file or directory, open 'C:\Users\janpa\cd\development\fin\.next\dev\server\app\signup\page\build-manifest.json'
    at ignore-listed frames {
  errno: -4058,
  code: 'ENOENT',
  syscall: 'open',
  path: 'C:\\Users\\janpa\\cd\\development\\fin\\.next\\dev\\server\\app\\signup\\page\\build-manifest.json'
}
⨯ Error: ENOENT: no such file or directory, open 'C:\Users\janpa\cd\development\fin\.next\dev\server\app\signup\page\build-manifest.json'
    at ignore-listed frames {
  errno: -4058,
  code: 'ENOENT',
  syscall: 'open',
  path: 'C:\\Users\\janpa\\cd\\development\\fin\\.next\\dev\\server\\app\\signup\\page\\build-manifest.json'
}
⨯ Error: ENOENT: no such file or directory, open 'C:\Users\janpa\cd\development\fin\.next\dev\server\app\signup\page\build-manifest.json'
    at ignore-listed frames {
  errno: -4058,
  code: 'ENOENT',
  syscall: 'open',
  path: 'C:\\Users\\janpa\\cd\\development\\fin\\.next\\dev\\server\\app\\signup\\page\\build-manifest.json'
}
⨯ Error: ENOENT: no such file or directory, open 'C:\Users\janpa\cd\development\fin\.next\dev\server\app\signup\page\build-manifest.json'
    at ignore-listed frames {
  errno: -4058,
  code: 'ENOENT',
  syscall: 'open',
  path: 'C:\\Users\\janpa\\cd\\development\\fin\\.next\\dev\\server\\app\\signup\\page\\build-manifest.json'
}
⨯ Error: ENOENT: no such file or directory, open 'C:\Users\janpa\cd\development\fin\.next\dev\server\app\signup\page\build-manifest.json'
    at ignore-listed frames {
  errno: -4058,
  code: 'ENOENT',
  syscall: 'open',
  path: 'C:\\Users\\janpa\\cd\\development\\fin\\.next\\dev\\server\\app\\signup\\page\\build-manifest.json'
}
⨯ Error: ENOENT: no such file or directory, open 'C:\Users\janpa\cd\development\fin\.next\dev\server\app\signup\page\build-manifest.json'
    at ignore-listed frames {
  errno: -4058,
  code: 'ENOENT',
  syscall: 'open',
  path: 'C:\\Users\\janpa\\cd\\development\\fin\\.next\\dev\\server\\app\\signup\\page\\build-manifest.json'
}
⨯ Error: ENOENT: no such file or directory, open 'C:\Users\janpa\cd\development\fin\.next\dev\server\app\signup\page\build-manifest.json'
    at ignore-listed frames {
  errno: -4058,
  code: 'ENOENT',
  syscall: 'open',
  path: 'C:\\Users\\janpa\\cd\\development\\fin\\.next\\dev\\server\\app\\signup\\page\\build-manifest.json'
}
⨯ Error: ENOENT: no such file or directory, open 'C:\Users\janpa\cd\development\fin\.next\dev\server\app\signup\page\build-manifest.json'
    at ignore-listed frames {
  errno: -4058,
  code: 'ENOENT',
  syscall: 'open',
  path: 'C:\\Users\\janpa\\cd\\development\\fin\\.next\\dev\\server\\app\\signup\\page\\build-manifest.json'
}
⨯ Error: ENOENT: no such file or directory, open 'C:\Users\janpa\cd\development\fin\.next\dev\server\app\signup\page\build-manifest.json'
    at ignore-listed frames {
  errno: -4058,
  code: 'ENOENT',
  syscall: 'open',
  path: 'C:\\Users\\janpa\\cd\\development\\fin\\.next\\dev\\server\\app\\signup\\page\\build-manifest.json'
}
⨯ Error: ENOENT: no such file or directory, open 'C:\Users\janpa\cd\development\fin\.next\dev\server\app\signup\page\build-manifest.json'
    at ignore-listed frames {
  errno: -4058,
  code: 'ENOENT',
  syscall: 'open',
  path: 'C:\\Users\\janpa\\cd\\development\\fin\\.next\\dev\\server\\app\\signup\\page\\build-manifest.json'
}
⨯ Error: ENOENT: no such file or directory, open 'C:\Users\janpa\cd\development\fin\.next\dev\server\app\signup\page\build-manifest.json'
    at ignore-listed frames {
  errno: -4058,
  code: 'ENOENT',
  syscall: 'open',
  path: 'C:\\Users\\janpa\\cd\\development\\fin\\.next\\dev\\server\\app\\signup\\page\\build-manifest.json'
}
⨯ Error: ENOENT: no such file or directory, open 'C:\Users\janpa\cd\development\fin\.next\dev\server\pages\_app\build-manifest.json'
    at ignore-listed frames {
  errno: -4058,
  code: 'ENOENT',
  syscall: 'open',
  path: 'C:\\Users\\janpa\\cd\\development\\fin\\.next\\dev\\server\\pages\\_app\\build-manifest.json'
}
Error: ENOENT: no such file or directory, open 'C:\Users\janpa\cd\development\fin\.next\dev\server\app\signup\page\build-manifest.json'
    at ignore-listed frames {
  errno: -4058,
  code: 'ENOENT',
  syscall: 'open',
  path: 'C:\\Users\\janpa\\cd\\development\\fin\\.next\\dev\\server\\app\\signup\\page\\build-manifest.json'
}
⨯ Error: ENOENT: no such file or directory, open 'C:\Users\janpa\cd\development\fin\.next\dev\server\pages\_app\build-manifest.json'
    at ignore-listed frames {
  errno: -4058,
  code: 'ENOENT',
  syscall: 'open',
  path: 'C:\\Users\\janpa\\cd\\development\\fin\\.next\\dev\\server\\pages\\_app\\build-manifest.json'
}
Error: ENOENT: no such file or directory, open 'C:\Users\janpa\cd\development\fin\.next\dev\server\pages\_app\build-manifest.json'
    at ignore-listed frames {
  errno: -4058,
  code: 'ENOENT',
  syscall: 'open',
  path: 'C:\\Users\\janpa\\cd\\development\\fin\\.next\\dev\\server\\pages\\_app\\build-manifest.json'
}
⨯ Error: ENOENT: no such file or directory, open 'C:\Users\janpa\cd\development\fin\.next\dev\server\app\_not-found\page\build-manifest.json'
    at ignore-listed frames {
  errno: -4058,
  code: 'ENOENT',
  syscall: 'open',
  path: 'C:\\Users\\janpa\\cd\\development\\fin\\.next\\dev\\server\\app\\_not-found\\page\\build-manifest.json'
}
⨯ Error: ENOENT: no such file or directory, open 'C:\Users\janpa\cd\development\fin\.next\dev\routes-manifest.json'
    at ignore-listed frames {
  errno: -4058,
  code: 'ENOENT',
  syscall: 'open',
  path: 'C:\\Users\\janpa\\cd\\development\\fin\\.next\\dev\\routes-manifest.json'
}
⨯ Error: ENOENT: no such file or directory, open 'C:\Users\janpa\cd\development\fin\.next\dev\routes-manifest.json'
    at ignore-listed frames {
  errno: -4058,
  code: 'ENOENT',
  syscall: 'open',
  path: 'C:\\Users\\janpa\\cd\\development\\fin\\.next\\dev\\routes-manifest.json'
}
Error: ENOENT: no such file or directory, open 'C:\Users\janpa\cd\development\fin\.next\dev\routes-manifest.json'
    at ignore-listed frames {
  errno: -4058,
  code: 'ENOENT',
  syscall: 'open',
  path: 'C:\\Users\\janpa\\cd\\development\\fin\\.next\\dev\\routes-manifest.json'
}
⨯ Error: ENOENT: no such file or directory, open 'C:\Users\janpa\cd\development\fin\.next\dev\routes-manifest.json'
    at ignore-listed frames {
  errno: -4058,
  code: 'ENOENT',
  syscall: 'open',
  path: 'C:\\Users\\janpa\\cd\\development\\fin\\.next\\dev\\routes-manifest.json'
}
Error: ENOENT: no such file or directory, open 'C:\Users\janpa\cd\development\fin\.next\dev\routes-manifest.json'
    at ignore-listed frames {
  errno: -4058,
  code: 'ENOENT',
  syscall: 'open',
  path: 'C:\\Users\\janpa\\cd\\development\\fin\\.next\\dev\\routes-manifest.json'
}
 GET /signup 500 in 251ms (compile: 232ms, proxy.ts: 5ms, render: 14ms)
 GET /signup 500 in 251ms (compile: 232ms, proxy.ts: 5ms, render: 14ms)
⨯ Error: ENOENT: no such file or directory, open 'C:\Users\janpa\cd\development\fin\.next\dev\server\app\_not-found\page\build-manifest.json'
    at ignore-listed frames {
  errno: -4058,
  code: 'ENOENT',
  syscall: 'open',
  path: 'C:\\Users\\janpa\\cd\\development\\fin\\.next\\dev\\server\\app\\_not-found\\page\\build-manifest.json'
}
⨯ Error: ENOENT: no such file or directory, open 'C:\Users\janpa\cd\development\fin\.next\dev\routes-manifest.json'
    at ignore-listed frames {
  errno: -4058,
  code: 'ENOENT',
  syscall: 'open',
  path: 'C:\\Users\\janpa\\cd\\development\\fin\\.next\\dev\\routes-manifest.json'
}
⨯ Error: ENOENT: no such file or directory, open 'C:\Users\janpa\cd\development\fin\.next\dev\routes-manifest.json'
    at ignore-listed frames {
  errno: -4058,
  code: 'ENOENT',
  syscall: 'open',
  path: 'C:\\Users\\janpa\\cd\\development\\fin\\.next\\dev\\routes-manifest.json'
}
Error: ENOENT: no such file or directory, open 'C:\Users\janpa\cd\development\fin\.next\dev\routes-manifest.json'
    at ignore-listed frames {
  errno: -4058,
  code: 'ENOENT',
  syscall: 'open',
  path: 'C:\\Users\\janpa\\cd\\development\\fin\\.next\\dev\\routes-manifest.json'
}
⨯ Error: ENOENT: no such file or directory, open 'C:\Users\janpa\cd\development\fin\.next\dev\routes-manifest.json'
    at ignore-listed frames {
  errno: -4058,
  code: 'ENOENT',
  syscall: 'open',
  path: 'C:\\Users\\janpa\\cd\\development\\fin\\.next\\dev\\routes-manifest.json'
}
Error: ENOENT: no such file or directory, open 'C:\Users\janpa\cd\development\fin\.next\dev\routes-manifest.json'
    at ignore-listed frames {
  errno: -4058,
  code: 'ENOENT',
  syscall: 'open',
  path: 'C:\\Users\\janpa\\cd\\development\\fin\\.next\\dev\\routes-manifest.json'
}
 GET /signup 500 in 218ms (compile: 194ms, proxy.ts: 8ms, render: 15ms)
 GET /signup 500 in 218ms (compile: 194ms, proxy.ts: 8ms, render: 15ms)
⨯ Error: ENOENT: no such file or directory, open 'C:\Users\janpa\cd\development\fin\.next\dev\server\app\_not-found\page\build-manifest.json'
    at ignore-listed frames {
  errno: -4058,
  code: 'ENOENT',
  syscall: 'open',
  path: 'C:\\Users\\janpa\\cd\\development\\fin\\.next\\dev\\server\\app\\_not-found\\page\\build-manifest.json'
}
⨯ Error: ENOENT: no such file or directory, open 'C:\Users\janpa\cd\development\fin\.next\dev\routes-manifest.json'
    at ignore-listed frames {
  errno: -4058,
  code: 'ENOENT',
  syscall: 'open',
  path: 'C:\\Users\\janpa\\cd\\development\\fin\\.next\\dev\\routes-manifest.json'
}
⨯ Error: ENOENT: no such file or directory, open 'C:\Users\janpa\cd\development\fin\.next\dev\routes-manifest.json'
    at ignore-listed frames {
  errno: -4058,
  code: 'ENOENT',
  syscall: 'open',
  path: 'C:\\Users\\janpa\\cd\\development\\fin\\.next\\dev\\routes-manifest.json'
}
Error: ENOENT: no such file or directory, open 'C:\Users\janpa\cd\development\fin\.next\dev\routes-manifest.json'
    at ignore-listed frames {
  errno: -4058,
  code: 'ENOENT',
  syscall: 'open',
  path: 'C:\\Users\\janpa\\cd\\development\\fin\\.next\\dev\\routes-manifest.json'
}
⨯ Error: ENOENT: no such file or directory, open 'C:\Users\janpa\cd\development\fin\.next\dev\routes-manifest.json'
    at ignore-listed frames {
  errno: -4058,
  code: 'ENOENT',
  syscall: 'open',
  path: 'C:\\Users\\janpa\\cd\\development\\fin\\.next\\dev\\routes-manifest.json'
}
Error: ENOENT: no such file or directory, open 'C:\Users\janpa\cd\development\fin\.next\dev\routes-manifest.json'
    at ignore-listed frames {
  errno: -4058,
  code: 'ENOENT',
  syscall: 'open',
  path: 'C:\\Users\\janpa\\cd\\development\\fin\\.next\\dev\\routes-manifest.json'
}
 GET /signup 500 in 265ms (compile: 234ms, proxy.ts: 6ms, render: 25ms)
 GET /signup 500 in 265ms (compile: 234ms, proxy.ts: 6ms, render: 25ms)
⨯ Error: ENOENT: no such file or directory, open 'C:\Users\janpa\cd\development\fin\.next\dev\server\app\_not-found\page\build-manifest.json'
    at ignore-listed frames {
  errno: -4058,
  code: 'ENOENT',
  syscall: 'open',
  path: 'C:\\Users\\janpa\\cd\\development\\fin\\.next\\dev\\server\\app\\_not-found\\page\\build-manifest.json'
}
⨯ Error: ENOENT: no such file or directory, open 'C:\Users\janpa\cd\development\fin\.next\dev\routes-manifest.json'
    at ignore-listed frames {
  errno: -4058,
  code: 'ENOENT',
  syscall: 'open',
  path: 'C:\\Users\\janpa\\cd\\development\\fin\\.next\\dev\\routes-manifest.json'
}
⨯ Error: ENOENT: no such file or directory, open 'C:\Users\janpa\cd\development\fin\.next\dev\routes-manifest.json'
    at ignore-listed frames {
  errno: -4058,
  code: 'ENOENT',
  syscall: 'open',
  path: 'C:\\Users\\janpa\\cd\\development\\fin\\.next\\dev\\routes-manifest.json'
}
Error: ENOENT: no such file or directory, open 'C:\Users\janpa\cd\development\fin\.next\dev\routes-manifest.json'
    at ignore-listed frames {
  errno: -4058,
  code: 'ENOENT',
  syscall: 'open',
  path: 'C:\\Users\\janpa\\cd\\development\\fin\\.next\\dev\\routes-manifest.json'
}
⨯ Error: ENOENT: no such file or directory, open 'C:\Users\janpa\cd\development\fin\.next\dev\routes-manifest.json'
    at ignore-listed frames {
  errno: -4058,
  code: 'ENOENT',
  syscall: 'open',
  path: 'C:\\Users\\janpa\\cd\\development\\fin\\.next\\dev\\routes-manifest.json'
}
Error: ENOENT: no such file or directory, open 'C:\Users\janpa\cd\development\fin\.next\dev\routes-manifest.json'
    at ignore-listed frames {
  errno: -4058,
  code: 'ENOENT',
  syscall: 'open',
  path: 'C:\\Users\\janpa\\cd\\development\\fin\\.next\\dev\\routes-manifest.json'
}
 GET /signup 500 in 267ms (compile: 241ms, proxy.ts: 9ms, render: 16ms)
 GET /signup 500 in 267ms (compile: 241ms, proxy.ts: 9ms, render: 16ms)
⨯ Error: ENOENT: no such file or directory, open 'C:\Users\janpa\cd\development\fin\.next\dev\server\app\_not-found\page\build-manifest.json'
    at ignore-listed frames {
  errno: -4058,
  code: 'ENOENT',
  syscall: 'open',
  path: 'C:\\Users\\janpa\\cd\\development\\fin\\.next\\dev\\server\\app\\_not-found\\page\\build-manifest.json'
}
Could not find files for /_error in .next/build-manifest.json
Could not find files for /_error in .next/build-manifest.json
 GET /signup 500 in 67ms (compile: 37ms, proxy.ts: 4ms, render: 26ms)
⨯ Error: ENOENT: no such file or directory, open 'C:\Users\janpa\cd\development\fin\.next\dev\server\app\_not-found\page\build-manifest.json'
    at ignore-listed frames {
  errno: -4058,
  code: 'ENOENT',
  syscall: 'open',
  path: 'C:\\Users\\janpa\\cd\\development\\fin\\.next\\dev\\server\\app\\_not-found\\page\\build-manifest.json'
}
Could not find files for /_error in .next/build-manifest.json
Could not find files for /_error in .next/build-manifest.json
 GET /signup 500 in 34ms (compile: 24ms, proxy.ts: 3ms, render: 6ms)
⨯ Error: ENOENT: no such file or directory, open 'C:\Users\janpa\cd\development\fin\.next\dev\server\app\_not-found\page\build-manifest.json'
    at ignore-listed frames {
  errno: -4058,
  code: 'ENOENT',
  syscall: 'open',
  path: 'C:\\Users\\janpa\\cd\\development\\fin\\.next\\dev\\server\\app\\_not-found\\page\\build-manifest.json'
}
Could not find files for /_error in .next/build-manifest.json
Could not find files for /_error in .next/build-manifest.json
 GET /signup 500 in 43ms (compile: 30ms, proxy.ts: 5ms, render: 8ms)
⨯ Error: ENOENT: no such file or directory, open 'C:\Users\janpa\cd\development\fin\.next\dev\server\app\_not-found\page\build-manifest.json'
    at ignore-listed frames {
  errno: -4058,
  code: 'ENOENT',
  syscall: 'open',
  path: 'C:\\Users\\janpa\\cd\\development\\fin\\.next\\dev\\server\\app\\_not-found\\page\\build-manifest.json'
}
Could not find files for /_error in .next/build-manifest.json
Could not find files for /_error in .next/build-manifest.json
 GET /signup 500 in 51ms (compile: 40ms, proxy.ts: 4ms, render: 7ms)
⨯ Error: ENOENT: no such file or directory, open 'C:\Users\janpa\cd\development\fin\.next\dev\server\app\_not-found\page\build-manifest.json'
    at ignore-listed frames {
  errno: -4058,
  code: 'ENOENT',
  syscall: 'open',
  path: 'C:\\Users\\janpa\\cd\\development\\fin\\.next\\dev\\server\\app\\_not-found\\page\\build-manifest.json'
}
Could not find files for /_error in .next/build-manifest.json
Could not find files for /_error in .next/build-manifest.json
 GET /signup 500 in 43ms (compile: 32ms, proxy.ts: 4ms, render: 6ms)
⨯ Error: ENOENT: no such file or directory, open 'C:\Users\janpa\cd\development\fin\.next\dev\server\app\_not-found\page\build-manifest.json'
    at ignore-listed frames {
  errno: -4058,
  code: 'ENOENT',
  syscall: 'open',
  path: 'C:\\Users\\janpa\\cd\\development\\fin\\.next\\dev\\server\\app\\_not-found\\page\\build-manifest.json'
}
Could not find files for /_error in .next/build-manifest.json
Could not find files for /_error in .next/build-manifest.json
 GET /signup 500 in 45ms (compile: 34ms, proxy.ts: 4ms, render: 7ms)
⨯ Error: ENOENT: no such file or directory, open 'C:\Users\janpa\cd\development\fin\.next\dev\server\app\_not-found\page\build-manifest.json'
    at ignore-listed frames {
  errno: -4058,
  code: 'ENOENT',
  syscall: 'open',
  path: 'C:\\Users\\janpa\\cd\\development\\fin\\.next\\dev\\server\\app\\_not-found\\page\\build-manifest.json'
}
Could not find files for /_error in .next/build-manifest.json
Could not find files for /_error in .next/build-manifest.json
 GET /signup 500 in 52ms (compile: 38ms, proxy.ts: 7ms, render: 8ms)
⨯ Error: ENOENT: no such file or directory, open 'C:\Users\janpa\cd\development\fin\.next\dev\server\app\_not-found\page\build-manifest.json'
    at ignore-listed frames {
  errno: -4058,
  code: 'ENOENT',
  syscall: 'open',
  path: 'C:\\Users\\janpa\\cd\\development\\fin\\.next\\dev\\server\\app\\_not-found\\page\\build-manifest.json'
}
Could not find files for /_error in .next/build-manifest.json
Could not find files for /_error in .next/build-manifest.json
 GET /signup 500 in 38ms (compile: 29ms, proxy.ts: 4ms, render: 6ms)
⨯ Error: ENOENT: no such file or directory, open 'C:\Users\janpa\cd\development\fin\.next\dev\server\app\_not-found\page\build-manifest.json'
    at ignore-listed frames {
  errno: -4058,
  code: 'ENOENT',
  syscall: 'open',
  path: 'C:\\Users\\janpa\\cd\\development\\fin\\.next\\dev\\server\\app\\_not-found\\page\\build-manifest.json'
}
Could not find files for /_error in .next/build-manifest.json
Could not find files for /_error in .next/build-manifest.json
 GET /signup 500 in 67ms (compile: 52ms, proxy.ts: 4ms, render: 11ms)
⨯ Error: ENOENT: no such file or directory, open 'C:\Users\janpa\cd\development\fin\.next\dev\server\app\_not-found\page\build-manifest.json'
    at ignore-listed frames {
  errno: -4058,
  code: 'ENOENT',
  syscall: 'open',
  path: 'C:\\Users\\janpa\\cd\\development\\fin\\.next\\dev\\server\\app\\_not-found\\page\\build-manifest.json'
}
Could not find files for /_error in .next/build-manifest.json
Could not find files for /_error in .next/build-manifest.json
 GET /signup 500 in 49ms (compile: 31ms, proxy.ts: 6ms, render: 13ms)
⨯ Error: ENOENT: no such file or directory, open 'C:\Users\janpa\cd\development\fin\.next\dev\server\app\api\health\[__metadata_id__]\route\app-paths-manifest.json'
    at ignore-listed frames {
  errno: -4058,
  code: 'ENOENT',
  syscall: 'open',
  path: 'C:\\Users\\janpa\\cd\\development\\fin\\.next\\dev\\server\\app\\api\\health\\[__metadata_id__]\\route\\app-paths-manifest.json'
}
⨯ Error: ENOENT: no such file or directory, open 'C:\Users\janpa\cd\development\fin\.next\dev\server\app\_not-found\page\build-manifest.json'
    at ignore-listed frames {
  errno: -4058,
  code: 'ENOENT',
  syscall: 'open',
  path: 'C:\\Users\\janpa\\cd\\development\\fin\\.next\\dev\\server\\app\\_not-found\\page\\build-manifest.json'
}
Could not find files for /_error in .next/build-manifest.json
Could not find files for /_error in .next/build-manifest.json
 GET /login 500 in 46ms (compile: 35ms, proxy.ts: 3ms, render: 8ms)
⨯ Error: ENOENT: no such file or directory, open 'C:\Users\janpa\cd\development\fin\.next\dev\server\app\signup\page\build-manifest.json'
    at ignore-listed frames {
  errno: -4058,
  code: 'ENOENT',
  syscall: 'open',
  path: 'C:\\Users\\janpa\\cd\\development\\fin\\.next\\dev\\server\\app\\signup\\page\\build-manifest.json'
}
⨯ Error [ChunkLoadError]: Failed to load chunk server/chunks/ssr/node_modules_453a69b1._.js from module [project]/node_modules/next/dist/esm/build/templates/app-page.js?page=/page { GLOBAL_ERROR_MODULE => "[project]/node_modules/next/dist/client/components/builtin/global-error.js [app-rsc] (ecmascript, Next.js Server Component)", METADATA_0 => "[project]/app/favicon.ico.mjs { IMAGE => \"[project]/app/favicon.ico (static in ecmascript, tag client)\" } [app-rsc] (structured image object, ecmascript, Next.js Server Component)", MODULE_1 => "[project]/app/layout.tsx [app-rsc] (ecmascript, Next.js Server Component)", MODULE_2 => "[project]/app/not-found.tsx [app-rsc] (ecmascript, Next.js Server Component)", MODULE_3 => "[project]/node_modules/next/dist/client/components/builtin/forbidden.js [app-rsc] (ecmascript, Next.js Server Component)", MODULE_4 => "[project]/node_modules/next/dist/client/components/builtin/unauthorized.js [app-rsc] (ecmascript, Next.js Server Component)", MODULE_5 => "[project]/node_modules/next/dist/client/components/builtin/global-error.js [app-rsc] (ecmascript, Next.js Server Component)", MODULE_6 => "[project]/app/page.tsx [app-rsc] (ecmascript, Next.js Server Component)" } [app-rsc] (ecmascript) <locals>
    at ignore-listed frames {
  digest: '1322466805',
  [cause]: Error: ENOENT: no such file or directory, open 'C:\Users\janpa\cd\development\fin\.next\dev\server\chunks\ssr\node_modules_453a69b1._.js'
      at ignore-listed frames {
    errno: -4058,
    code: 'ENOENT',
    syscall: 'open',
    path: 'C:\\Users\\janpa\\cd\\development\\fin\\.next\\dev\\server\\chunks\\ssr\\node_modules_453a69b1._.js'
  }
}
Error [ChunkLoadError]: Failed to load chunk server/chunks/ssr/node_modules_453a69b1._.js from module [project]/node_modules/next/dist/esm/build/templates/app-page.js?page=/page { GLOBAL_ERROR_MODULE => "[project]/node_modules/next/dist/client/components/builtin/global-error.js [app-rsc] (ecmascript, Next.js Server Component)", METADATA_0 => "[project]/app/favicon.ico.mjs { IMAGE => \"[project]/app/favicon.ico (static in ecmascript, tag client)\" } [app-rsc] (structured image object, ecmascript, Next.js Server Component)", MODULE_1 => "[project]/app/layout.tsx [app-rsc] (ecmascript, Next.js Server Component)", MODULE_2 => "[project]/app/not-found.tsx [app-rsc] (ecmascript, Next.js Server Component)", MODULE_3 => "[project]/node_modules/next/dist/client/components/builtin/forbidden.js [app-rsc] (ecmascript, Next.js Server Component)", MODULE_4 => "[project]/node_modules/next/dist/client/components/builtin/unauthorized.js [app-rsc] (ecmascript, Next.js Server Component)", MODULE_5 => "[project]/node_modules/next/dist/client/components/builtin/global-error.js [app-rsc] (ecmascript, Next.js Server Component)", MODULE_6 => "[project]/app/page.tsx [app-rsc] (ecmascript, Next.js Server Component)" } [app-rsc] (ecmascript) <locals>
    at ignore-listed frames {
  digest: '1322466805',
  [cause]: Error: ENOENT: no such file or directory, open 'C:\Users\janpa\cd\development\fin\.next\dev\server\chunks\ssr\node_modules_453a69b1._.js'
      at ignore-listed frames {
    errno: -4058,
    code: 'ENOENT',
    syscall: 'open',
    path: 'C:\\Users\\janpa\\cd\\development\\fin\\.next\\dev\\server\\chunks\\ssr\\node_modules_453a69b1._.js'
  }
}
⨯ unhandledRejection: Error [ChunkLoadError]: Failed to load chunk server/chunks/ssr/node_modules_453a69b1._.js from module [project]/node_modules/next/dist/esm/build/templates/app-page.js?page=/page { GLOBAL_ERROR_MODULE => "[project]/node_modules/next/dist/client/components/builtin/global-error.js [app-rsc] (ecmascript, Next.js Server Component)", METADATA_0 => "[project]/app/favicon.ico.mjs { IMAGE => \"[project]/app/favicon.ico (static in ecmascript, tag client)\" } [app-rsc] (structured image object, ecmascript, Next.js Server Component)", MODULE_1 => "[project]/app/layout.tsx [app-rsc] (ecmascript, Next.js Server Component)", MODULE_2 => "[project]/app/not-found.tsx [app-rsc] (ecmascript, Next.js Server Component)", MODULE_3 => "[project]/node_modules/next/dist/client/components/builtin/forbidden.js [app-rsc] (ecmascript, Next.js Server Component)", MODULE_4 => "[project]/node_modules/next/dist/client/components/builtin/unauthorized.js [app-rsc] (ecmascript, Next.js Server Component)", MODULE_5 => "[project]/node_modules/next/dist/client/components/builtin/global-error.js [app-rsc] (ecmascript, Next.js Server Component)", MODULE_6 => "[project]/app/page.tsx [app-rsc] (ecmascript, Next.js Server Component)" } [app-rsc] (ecmascript) <locals>
    at ignore-listed frames {
  digest: '1322466805',
  [cause]: Error: ENOENT: no such file or directory, open 'C:\Users\janpa\cd\development\fin\.next\dev\server\chunks\ssr\node_modules_453a69b1._.js'
      at ignore-listed frames {
    errno: -4058,
    code: 'ENOENT',
    syscall: 'open',
    path: 'C:\\Users\\janpa\\cd\\development\\fin\\.next\\dev\\server\\chunks\\ssr\\node_modules_453a69b1._.js'
  }
}
⨯ unhandledRejection:  Error [ChunkLoadError]: Failed to load chunk server/chunks/ssr/node_modules_453a69b1._.js from module [project]/node_modules/next/dist/esm/build/templates/app-page.js?page=/page { GLOBAL_ERROR_MODULE => "[project]/node_modules/next/dist/client/components/builtin/global-error.js [app-rsc] (ecmascript, Next.js Server Component)", METADATA_0 => "[project]/app/favicon.ico.mjs { IMAGE => \"[project]/app/favicon.ico (static in ecmascript, tag client)\" } [app-rsc] (structured image object, ecmascript, Next.js Server Component)", MODULE_1 => "[project]/app/layout.tsx [app-rsc] (ecmascript, Next.js Server Component)", MODULE_2 => "[project]/app/not-found.tsx [app-rsc] (ecmascript, Next.js Server Component)", MODULE_3 => "[project]/node_modules/next/dist/client/components/builtin/forbidden.js [app-rsc] (ecmascript, Next.js Server Component)", MODULE_4 => "[project]/node_modules/next/dist/client/components/builtin/unauthorized.js [app-rsc] (ecmascript, Next.js Server Component)", MODULE_5 => "[project]/node_modules/next/dist/client/components/builtin/global-error.js [app-rsc] (ecmascript, Next.js Server Component)", MODULE_6 => "[project]/app/page.tsx [app-rsc] (ecmascript, Next.js Server Component)" } [app-rsc] (ecmascript) <locals>
    at ignore-listed frames {
  digest: '1322466805',
  [cause]: Error: ENOENT: no such file or directory, open 'C:\Users\janpa\cd\development\fin\.next\dev\server\chunks\ssr\node_modules_453a69b1._.js'
      at ignore-listed frames {
    errno: -4058,
    code: 'ENOENT',
    syscall: 'open',
    path: 'C:\\Users\\janpa\\cd\\development\\fin\\.next\\dev\\server\\chunks\\ssr\\node_modules_453a69b1._.js'
  }
}
Error [ChunkLoadError]: Failed to load chunk server/chunks/ssr/node_modules_453a69b1._.js from module [project]/node_modules/next/dist/esm/build/templates/app-page.js?page=/page { GLOBAL_ERROR_MODULE => "[project]/node_modules/next/dist/client/components/builtin/global-error.js [app-rsc] (ecmascript, Next.js Server Component)", METADATA_0 => "[project]/app/favicon.ico.mjs { IMAGE => \"[project]/app/favicon.ico (static in ecmascript, tag client)\" } [app-rsc] (structured image object, ecmascript, Next.js Server Component)", MODULE_1 => "[project]/app/layout.tsx [app-rsc] (ecmascript, Next.js Server Component)", MODULE_2 => "[project]/app/not-found.tsx [app-rsc] (ecmascript, Next.js Server Component)", MODULE_3 => "[project]/node_modules/next/dist/client/components/builtin/forbidden.js [app-rsc] (ecmascript, Next.js Server Component)", MODULE_4 => "[project]/node_modules/next/dist/client/components/builtin/unauthorized.js [app-rsc] (ecmascript, Next.js Server Component)", MODULE_5 => "[project]/node_modules/next/dist/client/components/builtin/global-error.js [app-rsc] (ecmascript, Next.js Server Component)", MODULE_6 => "[project]/app/page.tsx [app-rsc] (ecmascript, Next.js Server Component)" } [app-rsc] (ecmascript) <locals>
    at ignore-listed frames {
  digest: '1322466805',
  [cause]: Error: ENOENT: no such file or directory, open 'C:\Users\janpa\cd\development\fin\.next\dev\server\chunks\ssr\node_modules_453a69b1._.js'
      at ignore-listed frames {
    errno: -4058,
    code: 'ENOENT',
    syscall: 'open',
    path: 'C:\\Users\\janpa\\cd\\development\\fin\\.next\\dev\\server\\chunks\\ssr\\node_modules_453a69b1._.js'
  }
}
⨯ unhandledRejection: Error [ChunkLoadError]: Failed to load chunk server/chunks/ssr/node_modules_453a69b1._.js from module [project]/node_modules/next/dist/esm/build/templates/app-page.js?page=/page { GLOBAL_ERROR_MODULE => "[project]/node_modules/next/dist/client/components/builtin/global-error.js [app-rsc] (ecmascript, Next.js Server Component)", METADATA_0 => "[project]/app/favicon.ico.mjs { IMAGE => \"[project]/app/favicon.ico (static in ecmascript, tag client)\" } [app-rsc] (structured image object, ecmascript, Next.js Server Component)", MODULE_1 => "[project]/app/layout.tsx [app-rsc] (ecmascript, Next.js Server Component)", MODULE_2 => "[project]/app/not-found.tsx [app-rsc] (ecmascript, Next.js Server Component)", MODULE_3 => "[project]/node_modules/next/dist/client/components/builtin/forbidden.js [app-rsc] (ecmascript, Next.js Server Component)", MODULE_4 => "[project]/node_modules/next/dist/client/components/builtin/unauthorized.js [app-rsc] (ecmascript, Next.js Server Component)", MODULE_5 => "[project]/node_modules/next/dist/client/components/builtin/global-error.js [app-rsc] (ecmascript, Next.js Server Component)", MODULE_6 => "[project]/app/page.tsx [app-rsc] (ecmascript, Next.js Server Component)" } [app-rsc] (ecmascript) <locals>
    at ignore-listed frames {
  digest: '1322466805',
  [cause]: Error: ENOENT: no such file or directory, open 'C:\Users\janpa\cd\development\fin\.next\dev\server\chunks\ssr\node_modules_453a69b1._.js'
      at ignore-listed frames {
    errno: -4058,
    code: 'ENOENT',
    syscall: 'open',
    path: 'C:\\Users\\janpa\\cd\\development\\fin\\.next\\dev\\server\\chunks\\ssr\\node_modules_453a69b1._.js'
  }
}
⨯ unhandledRejection:  Error [ChunkLoadError]: Failed to load chunk server/chunks/ssr/node_modules_453a69b1._.js from module [project]/node_modules/next/dist/esm/build/templates/app-page.js?page=/page { GLOBAL_ERROR_MODULE => "[project]/node_modules/next/dist/client/components/builtin/global-error.js [app-rsc] (ecmascript, Next.js Server Component)", METADATA_0 => "[project]/app/favicon.ico.mjs { IMAGE => \"[project]/app/favicon.ico (static in ecmascript, tag client)\" } [app-rsc] (structured image object, ecmascript, Next.js Server Component)", MODULE_1 => "[project]/app/layout.tsx [app-rsc] (ecmascript, Next.js Server Component)", MODULE_2 => "[project]/app/not-found.tsx [app-rsc] (ecmascript, Next.js Server Component)", MODULE_3 => "[project]/node_modules/next/dist/client/components/builtin/forbidden.js [app-rsc] (ecmascript, Next.js Server Component)", MODULE_4 => "[project]/node_modules/next/dist/client/components/builtin/unauthorized.js [app-rsc] (ecmascript, Next.js Server Component)", MODULE_5 => "[project]/node_modules/next/dist/client/components/builtin/global-error.js [app-rsc] (ecmascript, Next.js Server Component)", MODULE_6 => "[project]/app/page.tsx [app-rsc] (ecmascript, Next.js Server Component)" } [app-rsc] (ecmascript) <locals>
    at ignore-listed frames {
  digest: '1322466805',
  [cause]: Error: ENOENT: no such file or directory, open 'C:\Users\janpa\cd\development\fin\.next\dev\server\chunks\ssr\node_modules_453a69b1._.js'
      at ignore-listed frames {
    errno: -4058,
    code: 'ENOENT',
    syscall: 'open',
    path: 'C:\\Users\\janpa\\cd\\development\\fin\\.next\\dev\\server\\chunks\\ssr\\node_modules_453a69b1._.js'
  }
}
Error [ChunkLoadError]: Failed to load chunk server/chunks/ssr/node_modules_453a69b1._.js from module [project]/node_modules/next/dist/esm/build/templates/app-page.js?page=/page { GLOBAL_ERROR_MODULE => "[project]/node_modules/next/dist/client/components/builtin/global-error.js [app-rsc] (ecmascript, Next.js Server Component)", METADATA_0 => "[project]/app/favicon.ico.mjs { IMAGE => \"[project]/app/favicon.ico (static in ecmascript, tag client)\" } [app-rsc] (structured image object, ecmascript, Next.js Server Component)", MODULE_1 => "[project]/app/layout.tsx [app-rsc] (ecmascript, Next.js Server Component)", MODULE_2 => "[project]/app/not-found.tsx [app-rsc] (ecmascript, Next.js Server Component)", MODULE_3 => "[project]/node_modules/next/dist/client/components/builtin/forbidden.js [app-rsc] (ecmascript, Next.js Server Component)", MODULE_4 => "[project]/node_modules/next/dist/client/components/builtin/unauthorized.js [app-rsc] (ecmascript, Next.js Server Component)", MODULE_5 => "[project]/node_modules/next/dist/client/components/builtin/global-error.js [app-rsc] (ecmascript, Next.js Server Component)", MODULE_6 => "[project]/app/page.tsx [app-rsc] (ecmascript, Next.js Server Component)" } [app-rsc] (ecmascript) <locals>
    at ignore-listed frames {
  digest: '1322466805',
  [cause]: Error: ENOENT: no such file or directory, open 'C:\Users\janpa\cd\development\fin\.next\dev\server\chunks\ssr\node_modules_453a69b1._.js'
      at ignore-listed frames {
    errno: -4058,
    code: 'ENOENT',
    syscall: 'open',
    path: 'C:\\Users\\janpa\\cd\\development\\fin\\.next\\dev\\server\\chunks\\ssr\\node_modules_453a69b1._.js'
  }
}
⨯ unhandledRejection: Error [ChunkLoadError]: Failed to load chunk server/chunks/ssr/node_modules_453a69b1._.js from module [project]/node_modules/next/dist/esm/build/templates/app-page.js?page=/page { GLOBAL_ERROR_MODULE => "[project]/node_modules/next/dist/client/components/builtin/global-error.js [app-rsc] (ecmascript, Next.js Server Component)", METADATA_0 => "[project]/app/favicon.ico.mjs { IMAGE => \"[project]/app/favicon.ico (static in ecmascript, tag client)\" } [app-rsc] (structured image object, ecmascript, Next.js Server Component)", MODULE_1 => "[project]/app/layout.tsx [app-rsc] (ecmascript, Next.js Server Component)", MODULE_2 => "[project]/app/not-found.tsx [app-rsc] (ecmascript, Next.js Server Component)", MODULE_3 => "[project]/node_modules/next/dist/client/components/builtin/forbidden.js [app-rsc] (ecmascript, Next.js Server Component)", MODULE_4 => "[project]/node_modules/next/dist/client/components/builtin/unauthorized.js [app-rsc] (ecmascript, Next.js Server Component)", MODULE_5 => "[project]/node_modules/next/dist/client/components/builtin/global-error.js [app-rsc] (ecmascript, Next.js Server Component)", MODULE_6 => "[project]/app/page.tsx [app-rsc] (ecmascript, Next.js Server Component)" } [app-rsc] (ecmascript) <locals>
    at ignore-listed frames {
  digest: '1322466805',
  [cause]: Error: ENOENT: no such file or directory, open 'C:\Users\janpa\cd\development\fin\.next\dev\server\chunks\ssr\node_modules_453a69b1._.js'
      at ignore-listed frames {
    errno: -4058,
    code: 'ENOENT',
    syscall: 'open',
    path: 'C:\\Users\\janpa\\cd\\development\\fin\\.next\\dev\\server\\chunks\\ssr\\node_modules_453a69b1._.js'
  }
}
⨯ unhandledRejection:  Error [ChunkLoadError]: Failed to load chunk server/chunks/ssr/node_modules_453a69b1._.js from module [project]/node_modules/next/dist/esm/build/templates/app-page.js?page=/page { GLOBAL_ERROR_MODULE => "[project]/node_modules/next/dist/client/components/builtin/global-error.js [app-rsc] (ecmascript, Next.js Server Component)", METADATA_0 => "[project]/app/favicon.ico.mjs { IMAGE => \"[project]/app/favicon.ico (static in ecmascript, tag client)\" } [app-rsc] (structured image object, ecmascript, Next.js Server Component)", MODULE_1 => "[project]/app/layout.tsx [app-rsc] (ecmascript, Next.js Server Component)", MODULE_2 => "[project]/app/not-found.tsx [app-rsc] (ecmascript, Next.js Server Component)", MODULE_3 => "[project]/node_modules/next/dist/client/components/builtin/forbidden.js [app-rsc] (ecmascript, Next.js Server Component)", MODULE_4 => "[project]/node_modules/next/dist/client/components/builtin/unauthorized.js [app-rsc] (ecmascript, Next.js Server Component)", MODULE_5 => "[project]/node_modules/next/dist/client/components/builtin/global-error.js [app-rsc] (ecmascript, Next.js Server Component)", MODULE_6 => "[project]/app/page.tsx [app-rsc] (ecmascript, Next.js Server Component)" } [app-rsc] (ecmascript) <locals>
    at ignore-listed frames {
  digest: '1322466805',
  [cause]: Error: ENOENT: no such file or directory, open 'C:\Users\janpa\cd\development\fin\.next\dev\server\chunks\ssr\node_modules_453a69b1._.js'
      at ignore-listed frames {
    errno: -4058,
    code: 'ENOENT',
    syscall: 'open',
    path: 'C:\\Users\\janpa\\cd\\development\\fin\\.next\\dev\\server\\chunks\\ssr\\node_modules_453a69b1._.js'
  }
}
 GET / 500 in 4.4s (compile: 445ms, proxy.ts: 5ms, render: 4.0s)
⨯ Error: ENOENT: no such file or directory, open 'C:\Users\janpa\cd\development\fin\.next\dev\server\app\test-onboarding-workflow\page\build-manifest.json'
    at ignore-listed frames {
  errno: -4058,
  code: 'ENOENT',
  syscall: 'open',
  path: 'C:\\Users\\janpa\\cd\\development\\fin\\.next\\dev\\server\\app\\test-onboarding-workflow\\page\\build-manifest.json'
}
⨯ Error: ENOENT: no such file or directory, open 'C:\Users\janpa\cd\development\fin\.next\dev\server\pages\_app\build-manifest.json'
    at ignore-listed frames {
  errno: -4058,
  code: 'ENOENT',
  syscall: 'open',
  path: 'C:\\Users\\janpa\\cd\\development\\fin\\.next\\dev\\server\\pages\\_app\\build-manifest.json'
}
Error: ENOENT: no such file or directory, open 'C:\Users\janpa\cd\development\fin\.next\dev\server\app\test-onboarding-workflow\page\build-manifest.json'
    at ignore-listed frames {
  errno: -4058,
  code: 'ENOENT',
  syscall: 'open',
  path: 'C:\\Users\\janpa\\cd\\development\\fin\\.next\\dev\\server\\app\\test-onboarding-workflow\\page\\build-manifest.json'
}
⨯ Error: ENOENT: no such file or directory, open 'C:\Users\janpa\cd\development\fin\.next\dev\server\pages\_app\build-manifest.json'
    at ignore-listed frames {
  errno: -4058,
  code: 'ENOENT',
  syscall: 'open',
  path: 'C:\\Users\\janpa\\cd\\development\\fin\\.next\\dev\\server\\pages\\_app\\build-manifest.json'
}
Error: ENOENT: no such file or directory, open 'C:\Users\janpa\cd\development\fin\.next\dev\server\pages\_app\build-manifest.json'
    at ignore-listed frames {
  errno: -4058,
  code: 'ENOENT',
  syscall: 'open',
  path: 'C:\\Users\\janpa\\cd\\development\\fin\\.next\\dev\\server\\pages\\_app\\build-manifest.json'
}
⨯ Error: ENOENT: no such file or directory, open 'C:\Users\janpa\cd\development\fin\.next\dev\server\app\api\verify-onboarding\[__metadata_id__]\route\app-paths-manifest.json'
    at ignore-listed frames {
  errno: -4058,
  code: 'ENOENT',
  syscall: 'open',
  path: 'C:\\Users\\janpa\\cd\\development\\fin\\.next\\dev\\server\\app\\api\\verify-onboarding\\[__metadata_id__]\\route\\app-paths-manifest.json'
}
✓ Compiled in 438ms
✓ Compiled in 414ms
✓ Compiled in 601ms
✓ Compiled in 715ms
✓ Compiled in 473ms
/c/Program Files/nodejs/npx: line 65: 29016 Killed                  "$NODE_EXE" "$NPX_CLI_JS" "$@"
✓ Compiled in 1083ms
✓ Compiled in 627ms
✓ Compiled in 626ms
