▲ Next.js 16.1.6 (Turbopack)
- Local:         http://localhost:3310
- Network:       http://192.168.86.37:3310
- Environments: .env.local
- Experiments (use with caution):
  ⨯ turbopackFileSystemCacheForDev

✓ Starting...
✓ Ready in 1264ms
 GET /test-next-step-dismiss 200 in 2.1s (compile: 1747ms, proxy.ts: 153ms, render: 188ms)
 GET /test-next-step-dismiss 200 in 68ms (compile: 8ms, proxy.ts: 7ms, render: 52ms)
 GET /test-next-step-dismiss 200 in 64ms (compile: 10ms, proxy.ts: 6ms, render: 48ms)
 GET /test-next-step-dismiss 404 in 534ms (compile: 472ms, proxy.ts: 11ms, render: 51ms)
 GET /test-next-step-dismiss 404 in 944ms (compile: 903ms, proxy.ts: 8ms, render: 33ms)
✓ Compiled in 508ms
⨯ Error: ENOENT: no such file or directory, open 'C:\Users\janpa\cd\development\fin\.next\dev\server\pages\_error\client-build-manifest.json'
    at ignore-listed frames {
  errno: -4058,
  code: 'ENOENT',
  syscall: 'open',
  path: 'C:\\Users\\janpa\\cd\\development\\fin\\.next\\dev\\server\\pages\\_error\\client-build-manifest.json'
}
⨯ Error: ENOENT: no such file or directory, open 'C:\Users\janpa\cd\development\fin\.next\dev\server\app\_not-found\page\build-manifest.json'
    at ignore-listed frames {
  errno: -4058,
  code: 'ENOENT',
  syscall: 'open',
  path: 'C:\\Users\\janpa\\cd\\development\\fin\\.next\\dev\\server\\app\\_not-found\\page\\build-manifest.json'
}
Error: ENOENT: no such file or directory, open 'C:\Users\janpa\cd\development\fin\.next\dev\routes-manifest.json'
    at ignore-listed frames {
  errno: -4058,
  code: 'ENOENT',
  syscall: 'open',
  path: 'C:\\Users\\janpa\\cd\\development\\fin\\.next\\dev\\routes-manifest.json'
}
⨯ Error: ENOENT: no such file or directory, open 'C:\Users\janpa\cd\development\fin\.next\dev\server\chunks\ssr\[turbopack]_runtime.js'
    at Object.<anonymous> (C:\Users\janpa\cd\development\fin\.next\dev\server\pages\_document.js:1:7) {
  errno: -4058,
  code: 'ENOENT',
  syscall: 'open',
  path: 'C:\\Users\\janpa\\cd\\development\\fin\\.next\\dev\\server\\chunks\\ssr\\[turbopack]_runtime.js'
}
Could not find files for /_error in .next/build-manifest.json
Could not find files for /_error in .next/build-manifest.json
 GET /api/next-steps 500 in 566ms (compile: 90ms, proxy.ts: 320ms, render: 156ms)
✓ Compiled in 499ms
✓ Compiled in 571ms
✓ Compiled in 758ms
✓ Compiled in 598ms
/c/Program Files/nodejs/npx: line 65: 31719 Killed                  "$NODE_EXE" "$NPX_CLI_JS" "$@"
✓ Compiled in 941ms
✓ Compiled in 622ms
✓ Compiled in 647ms
