▲ Next.js 16.1.6 (Turbopack)
- Local:         http://localhost:9121
- Network:       http://192.168.86.37:9121
- Environments: .env.local
- Experiments (use with caution):
  ⨯ turbopackFileSystemCacheForDev

✓ Starting...
✓ Ready in 995ms
 GET / 200 in 2.1s (compile: 1756ms, proxy.ts: 141ms, render: 179ms)
 GET /test-sparkline 200 in 456ms (compile: 391ms, proxy.ts: 7ms, render: 57ms)
⨯ Error: ENOENT: no such file or directory, open 'C:\Users\janpa\cd\development\fin\.next\dev\server\app\test-sparkline\page\build-manifest.json'
    at ignore-listed frames {
  errno: -4058,
  code: 'ENOENT',
  syscall: 'open',
  path: 'C:\\Users\\janpa\\cd\\development\\fin\\.next\\dev\\server\\app\\test-sparkline\\page\\build-manifest.json'
}
 GET /test-sparkline 500 in 1152ms (compile: 995ms, proxy.ts: 30ms, render: 128ms)
⨯ Error: ENOENT: no such file or directory, open 'C:\Users\janpa\cd\development\fin\.next\dev\server\app\test-sparkline\page\build-manifest.json'
    at ignore-listed frames {
  errno: -4058,
  code: 'ENOENT',
  syscall: 'open',
  path: 'C:\\Users\\janpa\\cd\\development\\fin\\.next\\dev\\server\\app\\test-sparkline\\page\\build-manifest.json'
}
✓ Compiled in 230ms
 GET /test-sparkline 500 in 268ms (compile: 221ms, proxy.ts: 32ms, render: 14ms)
