▲ Next.js 16.1.6 (Turbopack)
- Local:         http://localhost:3000
- Network:       http://0.0.0.0:3000
- Environments: .env.local
- Experiments (use with caution):
  ⨯ turbopackFileSystemCacheForDev

✓ Starting...
✓ Ready in 962ms
 GET /test-chat-timeout 200 in 1849ms (compile: 1576ms, proxy.ts: 126ms, render: 147ms)
 GET / 200 in 687ms (compile: 612ms, proxy.ts: 5ms, render: 70ms)
 GET /login 200 in 494ms (compile: 430ms, proxy.ts: 6ms, render: 58ms)
 GET /test-chat-timeout 200 in 35ms (compile: 4ms, proxy.ts: 7ms, render: 24ms)
 POST /api/ai/chat-test-timeout?mode=error 500 in 219ms (compile: 203ms, proxy.ts: 4ms, render: 13ms)
 GET /test-empty-badge-eval 200 in 410ms (compile: 378ms, proxy.ts: 4ms, render: 28ms)
 GET /api/health 200 in 554ms (compile: 283ms, proxy.ts: 6ms, render: 266ms)
 GET /test-price-feed 200 in 368ms (compile: 316ms, proxy.ts: 9ms, render: 42ms)
 POST /api/ai/chat-test-timeout?mode=error 500 in 18ms (compile: 4ms, proxy.ts: 7ms, render: 7ms)
 POST /api/dev-login 400 in 284ms (compile: 272ms, proxy.ts: 4ms, render: 8ms)
 GET /test-empty-badge-eval 200 in 62ms (compile: 6ms, proxy.ts: 12ms, render: 44ms)
 GET /api/health?persistence_test=RESTART_TEST_12345 200 in 250ms (compile: 10ms, proxy.ts: 9ms, render: 231ms)
 GET /test-chat-timeout 200 in 43ms (compile: 5ms, proxy.ts: 6ms, render: 33ms)
 GET /api/schema-check 200 in 6.6s (compile: 168ms, proxy.ts: 7ms, render: 6.4s)
 GET /test-price-feed 200 in 43ms (compile: 3ms, proxy.ts: 5ms, render: 35ms)
 GET /api/verify-empty-badge-eval 200 in 132ms (compile: 110ms, proxy.ts: 4ms, render: 18ms)
 POST /api/ai/chat-test-timeout?mode=error 500 in 13ms (compile: 4ms, proxy.ts: 5ms, render: 5ms)
 POST /api/ai/chat-test-timeout?mode=error 500 in 21ms (compile: 8ms, proxy.ts: 10ms, render: 4ms)
 GET / 200 in 62ms (compile: 4ms, proxy.ts: 6ms, render: 52ms)
 GET /api/health 200 in 169ms (compile: 4ms, proxy.ts: 6ms, render: 159ms)
 GET /api/schema-check 200 in 6.6s (compile: 3ms, proxy.ts: 6ms, render: 6.6s)
 GET /test-price-feed 200 in 469ms (compile: 86ms, proxy.ts: 195ms, render: 189ms)
 GET /test-chat-timeout 200 in 454ms (compile: 128ms, proxy.ts: 181ms, render: 144ms)
 GET /test-empty-badge-eval 200 in 342ms (compile: 26ms, proxy.ts: 150ms, render: 166ms)
 GET /test-price-feed 200 in 202ms (compile: 13ms, proxy.ts: 47ms, render: 142ms)
 GET /test-chat-timeout 200 in 208ms (compile: 31ms, proxy.ts: 49ms, render: 127ms)
 GET /test-empty-badge-eval 200 in 192ms (compile: 17ms, proxy.ts: 33ms, render: 142ms)
 GET /test-price-feed 200 in 176ms (compile: 33ms, proxy.ts: 14ms, render: 130ms)
 GET /test-chat-timeout 200 in 176ms (compile: 44ms, proxy.ts: 19ms, render: 113ms)
 GET /test-empty-badge-eval 200 in 161ms (compile: 14ms, proxy.ts: 12ms, render: 135ms)
 GET /test-price-feed 200 in 165ms (compile: 24ms, proxy.ts: 15ms, render: 126ms)
 GET /test-chat-timeout 200 in 167ms (compile: 37ms, proxy.ts: 16ms, render: 113ms)
 GET /test-empty-badge-eval 200 in 154ms (compile: 10ms, proxy.ts: 14ms, render: 129ms)
 GET /test-price-feed 200 in 156ms (compile: 25ms, proxy.ts: 15ms, render: 116ms)
 GET /test-chat-timeout 200 in 162ms (compile: 40ms, proxy.ts: 15ms, render: 107ms)
 GET /test-empty-badge-eval 200 in 145ms (compile: 10ms, proxy.ts: 13ms, render: 122ms)
 GET /test-price-feed 200 in 147ms (compile: 23ms, proxy.ts: 15ms, render: 109ms)
 GET /test-chat-timeout 200 in 149ms (compile: 36ms, proxy.ts: 15ms, render: 97ms)
 GET /test-empty-badge-eval 200 in 151ms (compile: 14ms, proxy.ts: 14ms, render: 124ms)
 GET /test-price-feed 200 in 151ms (compile: 29ms, proxy.ts: 13ms, render: 109ms)
 GET /test-chat-timeout 200 in 157ms (compile: 36ms, proxy.ts: 17ms, render: 103ms)
 GET /test-empty-badge-eval 200 in 168ms (compile: 11ms, proxy.ts: 12ms, render: 145ms)
 GET /test-chat-timeout 200 in 172ms (compile: 36ms, proxy.ts: 13ms, render: 123ms)
 GET /test-price-feed 200 in 177ms (compile: 27ms, proxy.ts: 13ms, render: 137ms)
 GET /test-empty-badge-eval 200 in 158ms (compile: 13ms, proxy.ts: 13ms, render: 132ms)
 GET /test-price-feed 200 in 159ms (compile: 25ms, proxy.ts: 15ms, render: 119ms)
 GET /test-chat-timeout 200 in 163ms (compile: 50ms, proxy.ts: 17ms, render: 96ms)
 GET /test-empty-badge-eval 200 in 132ms (compile: 10ms, proxy.ts: 10ms, render: 111ms)
 GET /test-price-feed 200 in 134ms (compile: 23ms, proxy.ts: 13ms, render: 98ms)
 GET /test-chat-timeout 200 in 135ms (compile: 33ms, proxy.ts: 14ms, render: 88ms)
 GET /test-empty-badge-eval 200 in 136ms (compile: 9ms, proxy.ts: 11ms, render: 117ms)
 GET /test-price-feed 200 in 138ms (compile: 20ms, proxy.ts: 13ms, render: 105ms)
 GET /test-chat-timeout 200 in 142ms (compile: 33ms, proxy.ts: 13ms, render: 96ms)
 GET /test-empty-badge-eval 200 in 145ms (compile: 9ms, proxy.ts: 10ms, render: 126ms)
 GET /test-price-feed 200 in 148ms (compile: 24ms, proxy.ts: 9ms, render: 116ms)
 GET /test-chat-timeout 200 in 153ms (compile: 37ms, proxy.ts: 12ms, render: 105ms)
 GET /test-empty-badge-eval 200 in 153ms (compile: 16ms, proxy.ts: 11ms, render: 126ms)
 GET /test-price-feed 200 in 157ms (compile: 29ms, proxy.ts: 12ms, render: 116ms)
 GET /test-chat-timeout 200 in 164ms (compile: 41ms, proxy.ts: 15ms, render: 109ms)
 GET /test-price-feed 200 in 162ms (compile: 23ms, proxy.ts: 13ms, render: 126ms)
 GET /test-empty-badge-eval 200 in 165ms (compile: 10ms, proxy.ts: 13ms, render: 142ms)
 GET /test-chat-timeout 200 in 163ms (compile: 36ms, proxy.ts: 12ms, render: 115ms)
 GET /test-empty-badge-eval 200 in 173ms (compile: 14ms, proxy.ts: 14ms, render: 146ms)
 GET /test-price-feed 200 in 176ms (compile: 25ms, proxy.ts: 14ms, render: 137ms)
 GET /test-chat-timeout 200 in 176ms (compile: 39ms, proxy.ts: 16ms, render: 121ms)
 GET /test-empty-badge-eval 200 in 174ms (compile: 13ms, proxy.ts: 20ms, render: 141ms)
 GET /test-price-feed 200 in 169ms (compile: 27ms, proxy.ts: 15ms, render: 127ms)
 GET /test-chat-timeout 200 in 172ms (compile: 40ms, proxy.ts: 15ms, render: 117ms)
 GET /test-empty-badge-eval 200 in 182ms (compile: 14ms, proxy.ts: 14ms, render: 155ms)
 GET /test-price-feed 200 in 183ms (compile: 29ms, proxy.ts: 13ms, render: 141ms)
 GET /test-chat-timeout 200 in 187ms (compile: 41ms, proxy.ts: 16ms, render: 130ms)
 GET /test-empty-badge-eval 200 in 175ms (compile: 13ms, proxy.ts: 13ms, render: 148ms)
 GET /test-price-feed 200 in 179ms (compile: 31ms, proxy.ts: 14ms, render: 134ms)
 GET /test-chat-timeout 200 in 178ms (compile: 50ms, proxy.ts: 16ms, render: 113ms)
 GET /test-empty-badge-eval 200 in 159ms (compile: 10ms, proxy.ts: 12ms, render: 137ms)
 GET /test-price-feed 200 in 160ms (compile: 25ms, proxy.ts: 12ms, render: 122ms)
 GET /test-chat-timeout 200 in 165ms (compile: 38ms, proxy.ts: 13ms, render: 115ms)
 GET /test-empty-badge-eval 200 in 176ms (compile: 8ms, proxy.ts: 13ms, render: 155ms)
 GET /test-price-feed 200 in 177ms (compile: 29ms, proxy.ts: 13ms, render: 135ms)
 GET /test-chat-timeout 200 in 181ms (compile: 45ms, proxy.ts: 13ms, render: 122ms)
 GET /test-empty-badge-eval 200 in 182ms (compile: 9ms, proxy.ts: 17ms, render: 157ms)
 GET /test-price-feed 200 in 187ms (compile: 26ms, proxy.ts: 17ms, render: 144ms)
 GET /test-chat-timeout 200 in 191ms (compile: 42ms, proxy.ts: 16ms, render: 132ms)
 GET /test-chat-timeout 200 in 189ms (compile: 45ms, proxy.ts: 15ms, render: 129ms)
 GET /test-chat-timeout 200 in 108ms (compile: 55ms, proxy.ts: 18ms, render: 35ms)
 GET /test-empty-badge-eval 200 in 213ms (compile: 9ms, proxy.ts: 24ms, render: 180ms)
 GET /test-price-feed 200 in 210ms (compile: 27ms, proxy.ts: 15ms, render: 167ms)
 GET /test-empty-badge-eval 200 in 201ms (compile: 16ms, proxy.ts: 14ms, render: 171ms)
 GET /test-price-feed 200 in 201ms (compile: 40ms, proxy.ts: 15ms, render: 147ms)
 GET /test-empty-badge-eval 200 in 173ms (compile: 9ms, proxy.ts: 17ms, render: 147ms)
 GET /test-price-feed 200 in 172ms (compile: 41ms, proxy.ts: 16ms, render: 115ms)
 GET /test-empty-badge-eval 200 in 143ms (compile: 9ms, proxy.ts: 14ms, render: 119ms)
 GET /test-price-feed 200 in 144ms (compile: 34ms, proxy.ts: 15ms, render: 96ms)
 GET /test-price-feed 200 in 118ms (compile: 28ms, proxy.ts: 12ms, render: 78ms)
 GET /test-empty-badge-eval 200 in 123ms (compile: 10ms, proxy.ts: 12ms, render: 101ms)
 GET /test-empty-badge-eval 200 in 113ms (compile: 5ms, proxy.ts: 11ms, render: 97ms)
 GET /test-price-feed 200 in 114ms (compile: 22ms, proxy.ts: 12ms, render: 81ms)
 GET /test-empty-badge-eval 200 in 121ms (compile: 5ms, proxy.ts: 12ms, render: 104ms)
 GET /test-price-feed 200 in 122ms (compile: 25ms, proxy.ts: 10ms, render: 86ms)
 GET /test-empty-badge-eval 200 in 141ms (compile: 7ms, proxy.ts: 8ms, render: 125ms)
 GET /test-price-feed 200 in 146ms (compile: 23ms, proxy.ts: 9ms, render: 114ms)
 GET /test-price-feed 200 in 143ms (compile: 30ms, proxy.ts: 11ms, render: 103ms)
 GET /test-empty-badge-eval 200 in 147ms (compile: 9ms, proxy.ts: 10ms, render: 127ms)
 GET /test-empty-badge-eval 200 in 134ms (compile: 7ms, proxy.ts: 16ms, render: 110ms)
 GET /test-price-feed 200 in 135ms (compile: 26ms, proxy.ts: 17ms, render: 92ms)
 GET /test-empty-badge-eval 200 in 135ms (compile: 10ms, proxy.ts: 9ms, render: 116ms)
 GET /test-price-feed 200 in 134ms (compile: 28ms, proxy.ts: 9ms, render: 97ms)
 GET /test-empty-badge-eval 200 in 125ms (compile: 12ms, proxy.ts: 12ms, render: 101ms)
 GET /test-price-feed 200 in 125ms (compile: 31ms, proxy.ts: 13ms, render: 81ms)
 GET /test-empty-badge-eval 200 in 110ms (compile: 5ms, proxy.ts: 11ms, render: 95ms)
 GET /test-price-feed 200 in 110ms (compile: 27ms, proxy.ts: 10ms, render: 73ms)
 GET /test-empty-badge-eval 200 in 104ms (compile: 8ms, proxy.ts: 8ms, render: 88ms)
 GET /test-price-feed 200 in 108ms (compile: 21ms, proxy.ts: 10ms, render: 77ms)
 GET /test-empty-badge-eval 200 in 137ms (compile: 9ms, proxy.ts: 7ms, render: 121ms)
 GET /test-price-feed 200 in 137ms (compile: 24ms, proxy.ts: 8ms, render: 105ms)
 GET /test-empty-badge-eval 200 in 135ms (compile: 8ms, proxy.ts: 8ms, render: 119ms)
 GET /test-price-feed 200 in 135ms (compile: 25ms, proxy.ts: 10ms, render: 100ms)
 GET /test-empty-badge-eval 200 in 106ms (compile: 8ms, proxy.ts: 10ms, render: 88ms)
 GET /test-price-feed 200 in 105ms (compile: 23ms, proxy.ts: 11ms, render: 71ms)
 GET /test-empty-badge-eval 200 in 99ms (compile: 8ms, proxy.ts: 7ms, render: 84ms)
 GET /test-price-feed 200 in 102ms (compile: 24ms, proxy.ts: 7ms, render: 70ms)
 GET /test-empty-badge-eval 200 in 107ms (compile: 6ms, proxy.ts: 9ms, render: 92ms)
 GET /test-price-feed 200 in 107ms (compile: 21ms, proxy.ts: 10ms, render: 76ms)
 GET /test-empty-badge-eval 200 in 120ms (compile: 9ms, proxy.ts: 10ms, render: 101ms)
 GET /test-price-feed 200 in 118ms (compile: 23ms, proxy.ts: 10ms, render: 85ms)
 GET /test-empty-badge-eval 200 in 119ms (compile: 8ms, proxy.ts: 11ms, render: 100ms)
 GET /test-price-feed 200 in 118ms (compile: 25ms, proxy.ts: 12ms, render: 81ms)
 GET /test-empty-badge-eval 200 in 114ms (compile: 9ms, proxy.ts: 11ms, render: 94ms)
 GET /test-price-feed 200 in 113ms (compile: 24ms, proxy.ts: 10ms, render: 79ms)
 GET /test-price-feed 200 in 117ms (compile: 26ms, proxy.ts: 9ms, render: 81ms)
 GET /test-empty-badge-eval 200 in 119ms (compile: 9ms, proxy.ts: 8ms, render: 102ms)
 GET /test-empty-badge-eval 200 in 110ms (compile: 5ms, proxy.ts: 11ms, render: 95ms)
 GET /test-price-feed 200 in 110ms (compile: 22ms, proxy.ts: 11ms, render: 77ms)
 GET /test-empty-badge-eval 200 in 106ms (compile: 9ms, proxy.ts: 8ms, render: 89ms)
 GET /test-price-feed 200 in 107ms (compile: 22ms, proxy.ts: 9ms, render: 76ms)
 GET /test-empty-badge-eval 200 in 115ms (compile: 5ms, proxy.ts: 8ms, render: 103ms)
 GET /test-price-feed 200 in 116ms (compile: 21ms, proxy.ts: 6ms, render: 88ms)
 GET /test-price-feed 200 in 104ms (compile: 6ms, proxy.ts: 10ms, render: 88ms)
 GET /test-empty-badge-eval 200 in 107ms (compile: 28ms, proxy.ts: 8ms, render: 70ms)
 GET /test-price-feed 200 in 97ms (compile: 5ms, proxy.ts: 11ms, render: 82ms)
 GET /test-empty-badge-eval 200 in 97ms (compile: 18ms, proxy.ts: 10ms, render: 68ms)
 GET /test-price-feed 200 in 100ms (compile: 6ms, proxy.ts: 7ms, render: 87ms)
 GET /test-empty-badge-eval 200 in 102ms (compile: 20ms, proxy.ts: 9ms, render: 73ms)
 GET /test-price-feed 200 in 110ms (compile: 8ms, proxy.ts: 8ms, render: 95ms)
 GET /test-empty-badge-eval 200 in 114ms (compile: 25ms, proxy.ts: 8ms, render: 81ms)
 GET /test-price-feed 200 in 119ms (compile: 6ms, proxy.ts: 10ms, render: 103ms)
 GET /test-empty-badge-eval 200 in 121ms (compile: 22ms, proxy.ts: 10ms, render: 89ms)
 GET /test-price-feed 200 in 122ms (compile: 6ms, proxy.ts: 11ms, render: 105ms)
 GET /test-empty-badge-eval 200 in 120ms (compile: 24ms, proxy.ts: 10ms, render: 86ms)
 GET /test-empty-badge-eval 200 in 113ms (compile: 24ms, proxy.ts: 12ms, render: 77ms)
 GET /test-price-feed 200 in 115ms (compile: 7ms, proxy.ts: 12ms, render: 96ms)
 GET /test-price-feed 200 in 113ms (compile: 11ms, proxy.ts: 11ms, render: 92ms)
 GET /test-empty-badge-eval 200 in 111ms (compile: 29ms, proxy.ts: 9ms, render: 73ms)
 GET /test-price-feed 200 in 99ms (compile: 7ms, proxy.ts: 8ms, render: 84ms)
 GET /test-empty-badge-eval 200 in 102ms (compile: 27ms, proxy.ts: 7ms, render: 68ms)
 GET /test-price-feed 200 in 87ms (compile: 6ms, proxy.ts: 9ms, render: 72ms)
 GET /test-empty-badge-eval 200 in 86ms (compile: 16ms, proxy.ts: 10ms, render: 60ms)
 GET /test-price-feed 200 in 93ms (compile: 4ms, proxy.ts: 9ms, render: 79ms)
 GET /test-empty-badge-eval 200 in 94ms (compile: 19ms, proxy.ts: 10ms, render: 66ms)
 GET /test-price-feed 200 in 113ms (compile: 5ms, proxy.ts: 13ms, render: 94ms)
 GET /test-empty-badge-eval 200 in 112ms (compile: 19ms, proxy.ts: 13ms, render: 81ms)
 GET /test-price-feed 200 in 122ms (compile: 5ms, proxy.ts: 16ms, render: 100ms)
 GET /test-empty-badge-eval 200 in 123ms (compile: 29ms, proxy.ts: 15ms, render: 79ms)
 GET /test-empty-badge-eval 200 in 111ms (compile: 22ms, proxy.ts: 10ms, render: 80ms)
 GET /test-price-feed 200 in 114ms (compile: 4ms, proxy.ts: 11ms, render: 100ms)
 GET /test-price-feed 200 in 100ms (compile: 7ms, proxy.ts: 9ms, render: 84ms)
 GET /test-empty-badge-eval 200 in 101ms (compile: 19ms, proxy.ts: 10ms, render: 72ms)
 GET /test-price-feed 200 in 98ms (compile: 7ms, proxy.ts: 7ms, render: 84ms)
 GET /test-empty-badge-eval 200 in 99ms (compile: 24ms, proxy.ts: 8ms, render: 67ms)
 GET /test-price-feed 200 in 90ms (compile: 7ms, proxy.ts: 8ms, render: 76ms)
 GET /test-empty-badge-eval 200 in 93ms (compile: 20ms, proxy.ts: 8ms, render: 65ms)
 GET /test-empty-badge-eval 200 in 91ms (compile: 18ms, proxy.ts: 8ms, render: 65ms)
 GET /test-price-feed 200 in 93ms (compile: 5ms, proxy.ts: 8ms, render: 80ms)
 GET /test-price-feed 200 in 93ms (compile: 4ms, proxy.ts: 10ms, render: 78ms)
 GET /test-empty-badge-eval 200 in 94ms (compile: 20ms, proxy.ts: 9ms, render: 65ms)
 GET /test-price-feed 200 in 98ms (compile: 7ms, proxy.ts: 7ms, render: 84ms)
 GET /test-empty-badge-eval 200 in 100ms (compile: 20ms, proxy.ts: 9ms, render: 72ms)
 GET /test-price-feed 200 in 122ms (compile: 7ms, proxy.ts: 9ms, render: 105ms)
 GET /test-empty-badge-eval 200 in 122ms (compile: 23ms, proxy.ts: 8ms, render: 91ms)
 GET /test-price-feed 200 in 115ms (compile: 8ms, proxy.ts: 8ms, render: 100ms)
 GET /test-empty-badge-eval 200 in 115ms (compile: 22ms, proxy.ts: 8ms, render: 84ms)
 GET /test-price-feed 200 in 104ms (compile: 8ms, proxy.ts: 16ms, render: 80ms)
 GET /test-empty-badge-eval 200 in 105ms (compile: 21ms, proxy.ts: 16ms, render: 68ms)
 GET /test-price-feed 200 in 94ms (compile: 4ms, proxy.ts: 8ms, render: 82ms)
 GET /test-empty-badge-eval 200 in 94ms (compile: 18ms, proxy.ts: 8ms, render: 67ms)
 GET /test-empty-badge-eval 200 in 96ms (compile: 18ms, proxy.ts: 10ms, render: 68ms)
 GET /test-price-feed 200 in 98ms (compile: 4ms, proxy.ts: 9ms, render: 84ms)
 GET /test-price-feed 200 in 97ms (compile: 8ms, proxy.ts: 7ms, render: 82ms)
 GET /test-empty-badge-eval 200 in 96ms (compile: 22ms, proxy.ts: 7ms, render: 67ms)
 GET /test-price-feed 200 in 89ms (compile: 6ms, proxy.ts: 7ms, render: 76ms)
 GET /test-empty-badge-eval 200 in 90ms (compile: 18ms, proxy.ts: 8ms, render: 64ms)
 GET /test-price-feed 200 in 95ms (compile: 4ms, proxy.ts: 9ms, render: 82ms)
 GET /test-empty-badge-eval 200 in 95ms (compile: 19ms, proxy.ts: 8ms, render: 69ms)
 GET /test-price-feed 200 in 109ms (compile: 7ms, proxy.ts: 8ms, render: 94ms)
 GET /test-empty-badge-eval 200 in 109ms (compile: 24ms, proxy.ts: 9ms, render: 76ms)
 GET /test-price-feed 200 in 111ms (compile: 5ms, proxy.ts: 8ms, render: 98ms)
 GET /test-empty-badge-eval 200 in 110ms (compile: 20ms, proxy.ts: 7ms, render: 83ms)
 GET /test-price-feed 200 in 100ms (compile: 5ms, proxy.ts: 9ms, render: 86ms)
 GET /test-empty-badge-eval 200 in 103ms (compile: 22ms, proxy.ts: 9ms, render: 71ms)
 GET /test-price-feed 200 in 103ms (compile: 5ms, proxy.ts: 9ms, render: 89ms)
 GET /test-empty-badge-eval 200 in 105ms (compile: 19ms, proxy.ts: 10ms, render: 76ms)
 GET /test-price-feed 200 in 99ms (compile: 5ms, proxy.ts: 18ms, render: 76ms)
 GET /test-empty-badge-eval 200 in 98ms (compile: 17ms, proxy.ts: 17ms, render: 64ms)
 GET /test-price-feed 200 in 104ms (compile: 3ms, proxy.ts: 10ms, render: 91ms)
 GET /test-empty-badge-eval 200 in 106ms (compile: 18ms, proxy.ts: 9ms, render: 79ms)
 GET /test-price-feed 200 in 114ms (compile: 6ms, proxy.ts: 6ms, render: 102ms)
 GET /test-empty-badge-eval 200 in 114ms (compile: 31ms, proxy.ts: 6ms, render: 77ms)
 GET /test-price-feed 200 in 108ms (compile: 5ms, proxy.ts: 10ms, render: 93ms)
 GET /test-empty-badge-eval 200 in 111ms (compile: 22ms, proxy.ts: 10ms, render: 79ms)
 GET /test-price-feed 200 in 116ms (compile: 7ms, proxy.ts: 13ms, render: 97ms)
 GET /test-empty-badge-eval 200 in 115ms (compile: 21ms, proxy.ts: 13ms, render: 81ms)
 GET /test-empty-badge-eval 200 in 109ms (compile: 23ms, proxy.ts: 10ms, render: 76ms)
 GET /test-price-feed 200 in 112ms (compile: 8ms, proxy.ts: 10ms, render: 94ms)
 GET /test-empty-badge-eval 200 in 98ms (compile: 19ms, proxy.ts: 9ms, render: 71ms)
 GET /test-price-feed 200 in 100ms (compile: 5ms, proxy.ts: 8ms, render: 87ms)
 GET /test-price-feed 200 in 102ms (compile: 6ms, proxy.ts: 9ms, render: 86ms)
 GET /test-empty-badge-eval 200 in 102ms (compile: 20ms, proxy.ts: 10ms, render: 71ms)
 GET /test-price-feed 200 in 104ms (compile: 8ms, proxy.ts: 7ms, render: 88ms)
 GET /test-empty-badge-eval 200 in 108ms (compile: 23ms, proxy.ts: 8ms, render: 76ms)
 GET /test-price-feed 200 in 115ms (compile: 9ms, proxy.ts: 8ms, render: 99ms)
 GET /test-empty-badge-eval 200 in 117ms (compile: 24ms, proxy.ts: 8ms, render: 85ms)
 GET /test-empty-badge-eval 200 in 231ms (compile: 20ms, proxy.ts: 17ms, render: 194ms)
 GET /test-price-feed 200 in 233ms (compile: 8ms, proxy.ts: 15ms, render: 211ms)
 GET /test-price-feed 200 in 227ms (compile: 8ms, proxy.ts: 11ms, render: 208ms)
 GET /test-empty-badge-eval 200 in 227ms (compile: 134ms, proxy.ts: 12ms, render: 81ms)
 GET /test-price-feed 200 in 99ms (compile: 5ms, proxy.ts: 9ms, render: 85ms)
 GET /test-empty-badge-eval 200 in 102ms (compile: 26ms, proxy.ts: 8ms, render: 67ms)
 GET /test-price-feed 200 in 90ms (compile: 7ms, proxy.ts: 7ms, render: 76ms)
 GET /test-empty-badge-eval 200 in 91ms (compile: 20ms, proxy.ts: 7ms, render: 64ms)
 GET /test-price-feed 200 in 92ms (compile: 5ms, proxy.ts: 9ms, render: 78ms)
 GET /test-empty-badge-eval 200 in 92ms (compile: 19ms, proxy.ts: 9ms, render: 64ms)
 GET /test-price-feed 200 in 86ms (compile: 5ms, proxy.ts: 9ms, render: 72ms)
 GET /test-empty-badge-eval 200 in 90ms (compile: 18ms, proxy.ts: 9ms, render: 62ms)
 GET /test-price-feed 200 in 92ms (compile: 5ms, proxy.ts: 6ms, render: 81ms)
 GET /test-empty-badge-eval 200 in 94ms (compile: 19ms, proxy.ts: 6ms, render: 69ms)
 GET /test-price-feed 200 in 96ms (compile: 5ms, proxy.ts: 10ms, render: 81ms)
 GET /test-empty-badge-eval 200 in 94ms (compile: 19ms, proxy.ts: 9ms, render: 66ms)
 GET /test-price-feed 200 in 94ms (compile: 5ms, proxy.ts: 9ms, render: 80ms)
 GET /test-empty-badge-eval 200 in 94ms (compile: 18ms, proxy.ts: 10ms, render: 66ms)
 GET /test-price-feed 200 in 92ms (compile: 7ms, proxy.ts: 7ms, render: 78ms)
 GET /test-empty-badge-eval 200 in 92ms (compile: 20ms, proxy.ts: 8ms, render: 65ms)
 GET /test-price-feed 200 in 100ms (compile: 5ms, proxy.ts: 8ms, render: 87ms)
 GET /test-empty-badge-eval 200 in 104ms (compile: 18ms, proxy.ts: 7ms, render: 78ms)
 GET /test-price-feed 200 in 106ms (compile: 13ms, proxy.ts: 12ms, render: 81ms)
 GET /test-empty-badge-eval 200 in 109ms (compile: 20ms, proxy.ts: 18ms, render: 72ms)
 GET /test-price-feed 200 in 100ms (compile: 5ms, proxy.ts: 11ms, render: 83ms)
 GET /test-empty-badge-eval 200 in 101ms (compile: 20ms, proxy.ts: 9ms, render: 73ms)
 GET /test-empty-badge-eval 200 in 111ms (compile: 19ms, proxy.ts: 12ms, render: 80ms)
 GET /test-price-feed 200 in 113ms (compile: 5ms, proxy.ts: 11ms, render: 96ms)
 GET /test-price-feed 200 in 113ms (compile: 10ms, proxy.ts: 12ms, render: 91ms)
 GET /test-empty-badge-eval 200 in 114ms (compile: 25ms, proxy.ts: 16ms, render: 73ms)
 GET /test-price-feed 200 in 102ms (compile: 7ms, proxy.ts: 13ms, render: 82ms)
 GET /test-empty-badge-eval 200 in 101ms (compile: 22ms, proxy.ts: 10ms, render: 68ms)
 GET /test-price-feed 200 in 100ms (compile: 5ms, proxy.ts: 9ms, render: 86ms)
 GET /test-empty-badge-eval 200 in 100ms (compile: 18ms, proxy.ts: 9ms, render: 72ms)
 GET /test-price-feed 200 in 115ms (compile: 6ms, proxy.ts: 12ms, render: 97ms)
 GET /test-empty-badge-eval 200 in 116ms (compile: 20ms, proxy.ts: 13ms, render: 84ms)
 GET /test-price-feed 200 in 111ms (compile: 10ms, proxy.ts: 11ms, render: 90ms)
 GET /test-empty-badge-eval 200 in 111ms (compile: 24ms, proxy.ts: 11ms, render: 77ms)
 GET /test-price-feed 200 in 95ms (compile: 7ms, proxy.ts: 6ms, render: 82ms)
 GET /test-empty-badge-eval 200 in 95ms (compile: 20ms, proxy.ts: 8ms, render: 68ms)
 GET /test-price-feed 200 in 91ms (compile: 7ms, proxy.ts: 8ms, render: 77ms)
 GET /test-empty-badge-eval 200 in 93ms (compile: 20ms, proxy.ts: 8ms, render: 65ms)
 GET /test-price-feed 200 in 93ms (compile: 7ms, proxy.ts: 9ms, render: 77ms)
 GET /test-empty-badge-eval 200 in 94ms (compile: 19ms, proxy.ts: 9ms, render: 66ms)
 GET /test-price-feed 200 in 90ms (compile: 5ms, proxy.ts: 8ms, render: 77ms)
 GET /test-empty-badge-eval 200 in 92ms (compile: 20ms, proxy.ts: 8ms, render: 64ms)
 GET /test-price-feed 200 in 95ms (compile: 6ms, proxy.ts: 7ms, render: 81ms)
 GET /test-empty-badge-eval 200 in 95ms (compile: 15ms, proxy.ts: 8ms, render: 72ms)
 GET /test-price-feed 200 in 98ms (compile: 5ms, proxy.ts: 9ms, render: 84ms)
 GET /test-empty-badge-eval 200 in 98ms (compile: 25ms, proxy.ts: 9ms, render: 64ms)
 GET /test-price-feed 200 in 112ms (compile: 4ms, proxy.ts: 11ms, render: 97ms)
 GET /test-empty-badge-eval 200 in 111ms (compile: 21ms, proxy.ts: 10ms, render: 80ms)
 GET /test-price-feed 200 in 116ms (compile: 10ms, proxy.ts: 8ms, render: 98ms)
 GET /test-empty-badge-eval 200 in 116ms (compile: 23ms, proxy.ts: 11ms, render: 82ms)
 GET /test-price-feed 200 in 93ms (compile: 8ms, proxy.ts: 8ms, render: 76ms)
 GET /test-empty-badge-eval 200 in 95ms (compile: 20ms, proxy.ts: 12ms, render: 64ms)
 GET /test-price-feed 200 in 87ms (compile: 6ms, proxy.ts: 6ms, render: 74ms)
 GET /test-empty-badge-eval 200 in 87ms (compile: 18ms, proxy.ts: 7ms, render: 63ms)
 GET /test-price-feed 200 in 96ms (compile: 4ms, proxy.ts: 9ms, render: 83ms)
 GET /test-empty-badge-eval 200 in 98ms (compile: 16ms, proxy.ts: 10ms, render: 72ms)
 GET /test-price-feed 200 in 101ms (compile: 7ms, proxy.ts: 9ms, render: 85ms)
 GET /test-empty-badge-eval 200 in 101ms (compile: 20ms, proxy.ts: 10ms, render: 71ms)
 GET /test-price-feed 200 in 92ms (compile: 7ms, proxy.ts: 9ms, render: 76ms)
 GET /test-empty-badge-eval 200 in 91ms (compile: 19ms, proxy.ts: 9ms, render: 63ms)
 GET /test-price-feed 200 in 90ms (compile: 4ms, proxy.ts: 9ms, render: 77ms)
 GET /test-empty-badge-eval 200 in 89ms (compile: 18ms, proxy.ts: 7ms, render: 63ms)
 GET /test-price-feed 200 in 102ms (compile: 6ms, proxy.ts: 8ms, render: 89ms)
 GET /test-empty-badge-eval 200 in 103ms (compile: 17ms, proxy.ts: 9ms, render: 76ms)
 GET /test-price-feed 200 in 104ms (compile: 5ms, proxy.ts: 8ms, render: 91ms)
 GET /test-empty-badge-eval 200 in 105ms (compile: 21ms, proxy.ts: 7ms, render: 77ms)
 GET /test-empty-badge-eval 200 in 94ms (compile: 17ms, proxy.ts: 7ms, render: 69ms)
 GET /test-price-feed 200 in 97ms (compile: 6ms, proxy.ts: 7ms, render: 84ms)
 GET /test-price-feed 200 in 93ms (compile: 5ms, proxy.ts: 9ms, render: 79ms)
 GET /test-empty-badge-eval 200 in 94ms (compile: 18ms, proxy.ts: 10ms, render: 66ms)
 GET /test-price-feed 200 in 96ms (compile: 4ms, proxy.ts: 13ms, render: 79ms)
 GET /test-empty-badge-eval 200 in 98ms (compile: 17ms, proxy.ts: 13ms, render: 68ms)
 GET /test-price-feed 200 in 95ms (compile: 8ms, proxy.ts: 9ms, render: 78ms)
 GET /test-empty-badge-eval 200 in 96ms (compile: 20ms, proxy.ts: 11ms, render: 65ms)
 GET /test-empty-badge-eval 200 in 85ms (compile: 17ms, proxy.ts: 7ms, render: 61ms)
 GET /test-price-feed 200 in 87ms (compile: 6ms, proxy.ts: 8ms, render: 74ms)
 GET /test-price-feed 200 in 87ms (compile: 5ms, proxy.ts: 9ms, render: 72ms)
 GET /test-empty-badge-eval 200 in 89ms (compile: 16ms, proxy.ts: 10ms, render: 63ms)
 GET /test-empty-badge-eval 200 in 91ms (compile: 18ms, proxy.ts: 8ms, render: 65ms)
 GET /test-price-feed 200 in 93ms (compile: 7ms, proxy.ts: 7ms, render: 79ms)
 GET /test-price-feed 200 in 93ms (compile: 4ms, proxy.ts: 9ms, render: 80ms)
 GET /test-empty-badge-eval 200 in 92ms (compile: 17ms, proxy.ts: 9ms, render: 67ms)
 GET /test-price-feed 200 in 94ms (compile: 4ms, proxy.ts: 8ms, render: 82ms)
 GET /test-empty-badge-eval 200 in 96ms (compile: 17ms, proxy.ts: 7ms, render: 71ms)
 GET /test-price-feed 200 in 95ms (compile: 7ms, proxy.ts: 9ms, render: 80ms)
 GET /test-empty-badge-eval 200 in 97ms (compile: 19ms, proxy.ts: 8ms, render: 70ms)
 GET /test-price-feed 200 in 95ms (compile: 4ms, proxy.ts: 14ms, render: 76ms)
 GET /test-empty-badge-eval 200 in 90ms (compile: 19ms, proxy.ts: 10ms, render: 61ms)
 GET /test-price-feed 200 in 87ms (compile: 4ms, proxy.ts: 10ms, render: 73ms)
 GET /test-empty-badge-eval 200 in 90ms (compile: 18ms, proxy.ts: 10ms, render: 62ms)
 GET /test-empty-badge-eval 200 in 84ms (compile: 19ms, proxy.ts: 6ms, render: 59ms)
 GET /test-price-feed 200 in 86ms (compile: 7ms, proxy.ts: 5ms, render: 74ms)
 GET /test-empty-badge-eval 200 in 89ms (compile: 18ms, proxy.ts: 8ms, render: 63ms)
 GET /test-price-feed 200 in 91ms (compile: 4ms, proxy.ts: 8ms, render: 79ms)
 GET /test-price-feed 200 in 104ms (compile: 8ms, proxy.ts: 7ms, render: 89ms)
 GET /test-empty-badge-eval 200 in 105ms (compile: 21ms, proxy.ts: 7ms, render: 77ms)
 GET /test-price-feed 200 in 106ms (compile: 5ms, proxy.ts: 12ms, render: 89ms)
 GET /test-empty-badge-eval 200 in 104ms (compile: 19ms, proxy.ts: 11ms, render: 74ms)
 GET /test-price-feed 200 in 90ms (compile: 6ms, proxy.ts: 6ms, render: 78ms)
 GET /test-empty-badge-eval 200 in 90ms (compile: 20ms, proxy.ts: 6ms, render: 64ms)
 GET /test-price-feed 200 in 89ms (compile: 4ms, proxy.ts: 9ms, render: 75ms)
 GET /test-empty-badge-eval 200 in 88ms (compile: 17ms, proxy.ts: 7ms, render: 63ms)
 GET /test-price-feed 200 in 87ms (compile: 4ms, proxy.ts: 11ms, render: 73ms)
 GET /test-empty-badge-eval 200 in 90ms (compile: 17ms, proxy.ts: 11ms, render: 63ms)
 GET /test-price-feed 200 in 90ms (compile: 5ms, proxy.ts: 7ms, render: 78ms)
 GET /test-empty-badge-eval 200 in 90ms (compile: 18ms, proxy.ts: 6ms, render: 65ms)
 GET /test-price-feed 200 in 93ms (compile: 4ms, proxy.ts: 10ms, render: 78ms)
 GET /test-empty-badge-eval 200 in 94ms (compile: 19ms, proxy.ts: 11ms, render: 64ms)
 GET /test-price-feed 200 in 101ms (compile: 7ms, proxy.ts: 6ms, render: 88ms)
 GET /test-empty-badge-eval 200 in 102ms (compile: 21ms, proxy.ts: 7ms, render: 73ms)
 GET /test-price-feed 200 in 106ms (compile: 5ms, proxy.ts: 7ms, render: 94ms)
 GET /test-empty-badge-eval 200 in 108ms (compile: 19ms, proxy.ts: 7ms, render: 82ms)
 GET /test-price-feed 200 in 99ms (compile: 6ms, proxy.ts: 7ms, render: 87ms)
 GET /test-empty-badge-eval 200 in 100ms (compile: 17ms, proxy.ts: 7ms, render: 76ms)
 GET /test-price-feed 200 in 92ms (compile: 6ms, proxy.ts: 8ms, render: 77ms)
 GET /test-empty-badge-eval 200 in 93ms (compile: 21ms, proxy.ts: 7ms, render: 65ms)
 GET /test-price-feed 200 in 91ms (compile: 5ms, proxy.ts: 7ms, render: 79ms)
 GET /test-empty-badge-eval 200 in 92ms (compile: 20ms, proxy.ts: 7ms, render: 65ms)
 GET /test-empty-badge-eval 200 in 93ms (compile: 17ms, proxy.ts: 10ms, render: 66ms)
 GET /test-price-feed 200 in 95ms (compile: 4ms, proxy.ts: 10ms, render: 81ms)
 GET /test-price-feed 200 in 86ms (compile: 7ms, proxy.ts: 7ms, render: 72ms)
 GET /test-empty-badge-eval 200 in 87ms (compile: 22ms, proxy.ts: 7ms, render: 58ms)
 GET /test-price-feed 200 in 97ms (compile: 4ms, proxy.ts: 7ms, render: 87ms)
 GET /test-empty-badge-eval 200 in 101ms (compile: 17ms, proxy.ts: 7ms, render: 77ms)
 GET /test-price-feed 200 in 116ms (compile: 7ms, proxy.ts: 7ms, render: 102ms)
 GET /test-empty-badge-eval 200 in 116ms (compile: 26ms, proxy.ts: 8ms, render: 81ms)
 GET /test-price-feed 200 in 128ms (compile: 6ms, proxy.ts: 12ms, render: 110ms)
 GET /test-empty-badge-eval 200 in 128ms (compile: 24ms, proxy.ts: 12ms, render: 92ms)
 GET /test-price-feed 200 in 124ms (compile: 8ms, proxy.ts: 8ms, render: 108ms)
 GET /test-empty-badge-eval 200 in 125ms (compile: 24ms, proxy.ts: 9ms, render: 92ms)
 GET /test-price-feed 200 in 113ms (compile: 8ms, proxy.ts: 13ms, render: 93ms)
 GET /test-empty-badge-eval 200 in 113ms (compile: 25ms, proxy.ts: 12ms, render: 76ms)
 GET /test-price-feed 200 in 107ms (compile: 9ms, proxy.ts: 7ms, render: 91ms)
 GET /test-empty-badge-eval 200 in 107ms (compile: 25ms, proxy.ts: 9ms, render: 74ms)
 GET /test-price-feed 200 in 110ms (compile: 7ms, proxy.ts: 8ms, render: 95ms)
 GET /test-empty-badge-eval 200 in 114ms (compile: 23ms, proxy.ts: 9ms, render: 81ms)
 GET /test-price-feed 200 in 113ms (compile: 6ms, proxy.ts: 9ms, render: 98ms)
 GET /test-empty-badge-eval 200 in 112ms (compile: 22ms, proxy.ts: 10ms, render: 80ms)
 GET /test-price-feed 200 in 110ms (compile: 5ms, proxy.ts: 13ms, render: 92ms)
 GET /test-empty-badge-eval 200 in 109ms (compile: 19ms, proxy.ts: 13ms, render: 77ms)
 GET /test-empty-badge-eval 200 in 49ms (compile: 20ms, proxy.ts: 8ms, render: 20ms)
 GET /test-empty-badge-eval 200 in 102ms (compile: 20ms, proxy.ts: 10ms, render: 72ms)
 GET /test-price-feed 200 in 107ms (compile: 5ms, proxy.ts: 11ms, render: 92ms)
 GET /test-price-feed 200 in 76ms (compile: 5ms, proxy.ts: 9ms, render: 63ms)
 GET /test-price-feed 200 in 34ms (compile: 3ms, proxy.ts: 9ms, render: 22ms)
 GET /test-price-feed 200 in 61ms (compile: 5ms, proxy.ts: 5ms, render: 51ms)
 GET /test-price-feed 200 in 33ms (compile: 4ms, proxy.ts: 4ms, render: 26ms)
 GET /test-price-feed 200 in 53ms (compile: 4ms, proxy.ts: 5ms, render: 44ms)
 GET /test-price-feed 200 in 35ms (compile: 4ms, proxy.ts: 6ms, render: 24ms)
 GET /test-price-feed 200 in 32ms (compile: 5ms, proxy.ts: 5ms, render: 22ms)
 GET /test-price-feed 200 in 52ms (compile: 4ms, proxy.ts: 5ms, render: 43ms)
 GET /test-price-feed 200 in 32ms (compile: 3ms, proxy.ts: 6ms, render: 23ms)
 GET /test-price-feed 200 in 29ms (compile: 6ms, proxy.ts: 4ms, render: 20ms)
 GET /test-price-feed 200 in 32ms (compile: 4ms, proxy.ts: 5ms, render: 23ms)
 GET /test-price-feed 200 in 28ms (compile: 5ms, proxy.ts: 5ms, render: 19ms)
 GET /test-price-feed 200 in 27ms (compile: 4ms, proxy.ts: 5ms, render: 19ms)
 GET /test-price-feed 200 in 25ms (compile: 3ms, proxy.ts: 3ms, render: 18ms)
 GET /test-price-feed 200 in 23ms (compile: 3ms, proxy.ts: 3ms, render: 17ms)
 GET /test-price-feed 200 in 31ms (compile: 3ms, proxy.ts: 6ms, render: 22ms)
 GET /test-price-feed 200 in 30ms (compile: 6ms, proxy.ts: 4ms, render: 19ms)
 GET /test-price-feed 200 in 52ms (compile: 5ms, proxy.ts: 4ms, render: 44ms)
 GET /test-price-feed 200 in 59ms (compile: 2ms, proxy.ts: 4ms, render: 53ms)
 GET /test-price-feed 200 in 39ms (compile: 3ms, proxy.ts: 7ms, render: 29ms)
 GET /test-price-feed 200 in 37ms (compile: 6ms, proxy.ts: 5ms, render: 26ms)
 GET /test-price-feed 200 in 32ms (compile: 5ms, proxy.ts: 5ms, render: 22ms)
 GET /test-price-feed 200 in 32ms (compile: 3ms, proxy.ts: 4ms, render: 25ms)
 GET /test-price-feed 200 in 33ms (compile: 5ms, proxy.ts: 6ms, render: 22ms)
 GET /test-price-feed 200 in 33ms (compile: 4ms, proxy.ts: 4ms, render: 25ms)
 GET /test-price-feed 200 in 33ms (compile: 4ms, proxy.ts: 6ms, render: 23ms)
 GET /test-price-feed 200 in 32ms (compile: 6ms, proxy.ts: 4ms, render: 22ms)
 GET /test-price-feed 200 in 45ms (compile: 4ms, proxy.ts: 4ms, render: 37ms)
 GET /test-price-feed 200 in 47ms (compile: 4ms, proxy.ts: 4ms, render: 39ms)
 GET /test-price-feed 200 in 27ms (compile: 3ms, proxy.ts: 4ms, render: 20ms)
 GET /test-price-feed 200 in 31ms (compile: 5ms, proxy.ts: 4ms, render: 22ms)
 GET /test-price-feed 200 in 32ms (compile: 4ms, proxy.ts: 7ms, render: 20ms)
 GET /test-price-feed 200 in 55ms (compile: 3ms, proxy.ts: 4ms, render: 48ms)
 GET /test-price-feed 200 in 63ms (compile: 5ms, proxy.ts: 6ms, render: 53ms)
 GET /test-price-feed 200 in 44ms (compile: 4ms, proxy.ts: 7ms, render: 33ms)
 GET /test-price-feed 200 in 28ms (compile: 4ms, proxy.ts: 5ms, render: 18ms)
 GET /test-price-feed 200 in 28ms (compile: 3ms, proxy.ts: 4ms, render: 22ms)
 GET /test-price-feed 200 in 28ms (compile: 4ms, proxy.ts: 5ms, render: 19ms)
 GET /test-price-feed 200 in 33ms (compile: 3ms, proxy.ts: 4ms, render: 26ms)
 GET /test-price-feed 200 in 29ms (compile: 4ms, proxy.ts: 6ms, render: 19ms)
 GET /test-price-feed 200 in 25ms (compile: 3ms, proxy.ts: 4ms, render: 19ms)
 GET /test-price-feed 200 in 43ms (compile: 4ms, proxy.ts: 4ms, render: 36ms)
 GET /test-price-feed 200 in 29ms (compile: 4ms, proxy.ts: 5ms, render: 19ms)
 GET /test-price-feed 200 in 23ms (compile: 3ms, proxy.ts: 4ms, render: 17ms)
 GET /test-price-feed 200 in 40ms (compile: 3ms, proxy.ts: 3ms, render: 34ms)
 GET /test-price-feed 200 in 41ms (compile: 4ms, proxy.ts: 3ms, render: 34ms)
 GET /test-price-feed 200 in 26ms (compile: 3ms, proxy.ts: 5ms, render: 17ms)
 GET /test-price-feed 200 in 25ms (compile: 2ms, proxy.ts: 5ms, render: 18ms)
 GET /test-price-feed 200 in 29ms (compile: 4ms, proxy.ts: 3ms, render: 21ms)
 GET /test-price-feed 200 in 29ms (compile: 3ms, proxy.ts: 5ms, render: 20ms)
 GET /test-price-feed 200 in 35ms (compile: 3ms, proxy.ts: 3ms, render: 28ms)
 GET /test-price-feed 200 in 37ms (compile: 4ms, proxy.ts: 12ms, render: 21ms)
 GET /test-price-feed 200 in 55ms (compile: 4ms, proxy.ts: 5ms, render: 47ms)
 GET /test-price-feed 200 in 49ms (compile: 3ms, proxy.ts: 9ms, render: 37ms)
 GET /test-price-feed 200 in 27ms (compile: 3ms, proxy.ts: 4ms, render: 19ms)
 GET /test-price-feed 200 in 27ms (compile: 3ms, proxy.ts: 5ms, render: 19ms)
 GET /test-price-feed 200 in 49ms (compile: 3ms, proxy.ts: 4ms, render: 42ms)
 GET /test-price-feed 200 in 47ms (compile: 5ms, proxy.ts: 3ms, render: 39ms)
 GET /test-price-feed 200 in 25ms (compile: 3ms, proxy.ts: 5ms, render: 18ms)
 GET /test-price-feed 200 in 26ms (compile: 3ms, proxy.ts: 3ms, render: 19ms)
 GET /test-price-feed 200 in 27ms (compile: 4ms, proxy.ts: 4ms, render: 19ms)
 GET /test-price-feed 200 in 28ms (compile: 3ms, proxy.ts: 5ms, render: 21ms)
 GET /test-price-feed 200 in 52ms (compile: 3ms, proxy.ts: 4ms, render: 46ms)
 GET /test-price-feed 200 in 38ms (compile: 4ms, proxy.ts: 8ms, render: 26ms)
 GET /test-price-feed 200 in 46ms (compile: 5ms, proxy.ts: 4ms, render: 37ms)
 GET /test-price-feed 200 in 40ms (compile: 2ms, proxy.ts: 4ms, render: 34ms)
 GET /test-price-feed 200 in 48ms (compile: 2ms, proxy.ts: 4ms, render: 42ms)
 GET /test-price-feed 200 in 34ms (compile: 11ms, proxy.ts: 3ms, render: 20ms)
 GET /test-price-feed 200 in 44ms (compile: 4ms, proxy.ts: 3ms, render: 37ms)
 GET /test-price-feed 200 in 45ms (compile: 4ms, proxy.ts: 4ms, render: 38ms)
 GET /test-price-feed 200 in 43ms (compile: 3ms, proxy.ts: 6ms, render: 34ms)
 GET /test-price-feed 200 in 25ms (compile: 3ms, proxy.ts: 4ms, render: 18ms)
 GET /test-price-feed 200 in 47ms (compile: 5ms, proxy.ts: 3ms, render: 39ms)
 GET /test-price-feed 200 in 45ms (compile: 3ms, proxy.ts: 6ms, render: 35ms)
 GET /test-price-feed 200 in 46ms (compile: 2ms, proxy.ts: 4ms, render: 40ms)
 GET /test-price-feed 200 in 43ms (compile: 3ms, proxy.ts: 5ms, render: 35ms)
 GET /test-price-feed 200 in 41ms (compile: 2ms, proxy.ts: 4ms, render: 35ms)
 GET /test-price-feed 200 in 48ms (compile: 2ms, proxy.ts: 4ms, render: 42ms)
 GET /test-price-feed 200 in 30ms (compile: 3ms, proxy.ts: 6ms, render: 21ms)
 GET /test-price-feed 200 in 23ms (compile: 3ms, proxy.ts: 3ms, render: 17ms)
 GET /test-price-feed 200 in 40ms (compile: 4ms, proxy.ts: 3ms, render: 33ms)
 GET /test-price-feed 200 in 41ms (compile: 3ms, proxy.ts: 6ms, render: 33ms)
 GET /test-price-feed 200 in 24ms (compile: 1996µs, proxy.ts: 3ms, render: 19ms)
 GET /test-price-feed 200 in 35ms (compile: 3ms, proxy.ts: 4ms, render: 29ms)
 GET /test-price-feed 200 in 32ms (compile: 3ms, proxy.ts: 3ms, render: 25ms)
 GET /test-price-feed 200 in 30ms (compile: 11ms, proxy.ts: 3ms, render: 17ms)
 GET /test-price-feed 200 in 25ms (compile: 3ms, proxy.ts: 5ms, render: 17ms)
 GET /test-price-feed 200 in 25ms (compile: 2ms, proxy.ts: 5ms, render: 18ms)
 GET /test-price-feed 200 in 27ms (compile: 3ms, proxy.ts: 4ms, render: 20ms)
 GET /test-price-feed 200 in 28ms (compile: 4ms, proxy.ts: 4ms, render: 20ms)
 GET /test-price-feed 200 in 59ms (compile: 3ms, proxy.ts: 3ms, render: 53ms)
 GET /test-price-feed 200 in 62ms (compile: 3ms, proxy.ts: 38ms, render: 22ms)
 GET /test-price-feed 200 in 28ms (compile: 5ms, proxy.ts: 5ms, render: 18ms)
 GET /test-price-feed 200 in 22ms (compile: 3ms, proxy.ts: 3ms, render: 16ms)
 GET /test-price-feed 200 in 40ms (compile: 5ms, proxy.ts: 3ms, render: 32ms)
 GET /test-price-feed 200 in 43ms (compile: 3ms, proxy.ts: 3ms, render: 36ms)
 GET /test-price-feed 200 in 28ms (compile: 4ms, proxy.ts: 4ms, render: 20ms)
 GET /test-price-feed 200 in 40ms (compile: 3ms, proxy.ts: 4ms, render: 34ms)
 GET /test-price-feed 200 in 30ms (compile: 2ms, proxy.ts: 4ms, render: 24ms)
 GET /test-price-feed 200 in 53ms (compile: 4ms, proxy.ts: 6ms, render: 43ms)
 GET /test-price-feed 200 in 29ms (compile: 3ms, proxy.ts: 4ms, render: 22ms)
 GET /test-price-feed 200 in 43ms (compile: 3ms, proxy.ts: 5ms, render: 35ms)
 GET /test-price-feed 200 in 29ms (compile: 2ms, proxy.ts: 4ms, render: 23ms)
 GET /test-price-feed 200 in 51ms (compile: 5ms, proxy.ts: 4ms, render: 41ms)
 GET /test-price-feed 200 in 31ms (compile: 3ms, proxy.ts: 6ms, render: 21ms)
 GET /test-price-feed 200 in 29ms (compile: 3ms, proxy.ts: 5ms, render: 20ms)
 GET /test-price-feed 200 in 26ms (compile: 3ms, proxy.ts: 5ms, render: 18ms)
 GET /test-price-feed 200 in 34ms (compile: 4ms, proxy.ts: 4ms, render: 25ms)
 GET /test-price-feed 200 in 27ms (compile: 4ms, proxy.ts: 4ms, render: 20ms)
 GET /test-price-feed 200 in 27ms (compile: 5ms, proxy.ts: 4ms, render: 17ms)
 GET /test-price-feed 200 in 27ms (compile: 2ms, proxy.ts: 7ms, render: 18ms)
 GET /test-price-feed 200 in 26ms (compile: 3ms, proxy.ts: 3ms, render: 20ms)
 GET /test-price-feed 200 in 29ms (compile: 6ms, proxy.ts: 4ms, render: 19ms)
 GET /test-price-feed 200 in 23ms (compile: 3ms, proxy.ts: 4ms, render: 16ms)
 GET /test-price-feed 200 in 23ms (compile: 2ms, proxy.ts: 4ms, render: 17ms)
 GET /test-price-feed 200 in 37ms (compile: 4ms, proxy.ts: 5ms, render: 27ms)
 GET /test-price-feed 200 in 36ms (compile: 4ms, proxy.ts: 14ms, render: 18ms)
 GET /test-price-feed 200 in 29ms (compile: 3ms, proxy.ts: 7ms, render: 19ms)
 GET /test-price-feed 200 in 24ms (compile: 3ms, proxy.ts: 5ms, render: 16ms)
 GET /test-price-feed 200 in 24ms (compile: 4ms, proxy.ts: 5ms, render: 16ms)
 GET /test-price-feed 200 in 25ms (compile: 2ms, proxy.ts: 6ms, render: 17ms)
 GET /test-price-feed 200 in 28ms (compile: 3ms, proxy.ts: 6ms, render: 20ms)
 GET /test-price-feed 200 in 28ms (compile: 5ms, proxy.ts: 3ms, render: 20ms)
 GET /test-price-feed 200 in 20ms (compile: 3ms, proxy.ts: 4ms, render: 14ms)
✓ Compiled in 210ms
 GET /test-price-feed 200 in 153ms (compile: 85ms, proxy.ts: 47ms, render: 21ms)
 GET /test-price-feed 200 in 21ms (compile: 2ms, proxy.ts: 6ms, render: 13ms)
 GET /test-price-feed 200 in 18ms (compile: 3ms, proxy.ts: 3ms, render: 12ms)
 GET /test-price-feed 200 in 17ms (compile: 1785µs, proxy.ts: 3ms, render: 12ms)
 GET /test-price-feed 200 in 36ms (compile: 6ms, proxy.ts: 11ms, render: 20ms)
 GET /test-price-feed 200 in 26ms (compile: 3ms, proxy.ts: 4ms, render: 19ms)
 GET /test-price-feed 200 in 29ms (compile: 4ms, proxy.ts: 5ms, render: 20ms)
 GET /test-price-feed 200 in 25ms (compile: 3ms, proxy.ts: 4ms, render: 18ms)
 GET /test-price-feed 200 in 24ms (compile: 4ms, proxy.ts: 4ms, render: 16ms)
 GET /test-price-feed 200 in 43ms (compile: 4ms, proxy.ts: 5ms, render: 35ms)
 GET /test-price-feed 200 in 32ms (compile: 3ms, proxy.ts: 6ms, render: 23ms)
 GET /test-price-feed 200 in 27ms (compile: 4ms, proxy.ts: 4ms, render: 19ms)
 GET /test-price-feed 200 in 26ms (compile: 4ms, proxy.ts: 5ms, render: 17ms)
 GET /test-price-feed 200 in 26ms (compile: 3ms, proxy.ts: 6ms, render: 17ms)
 GET /test-price-feed 200 in 27ms (compile: 3ms, proxy.ts: 4ms, render: 20ms)
 GET /test-price-feed 200 in 27ms (compile: 3ms, proxy.ts: 4ms, render: 20ms)
 GET /test-price-feed 200 in 26ms (compile: 3ms, proxy.ts: 6ms, render: 17ms)
 GET /test-price-feed 200 in 25ms (compile: 3ms, proxy.ts: 4ms, render: 18ms)
 GET /test-price-feed 200 in 34ms (compile: 3ms, proxy.ts: 4ms, render: 27ms)
 GET /test-price-feed 200 in 26ms (compile: 3ms, proxy.ts: 5ms, render: 18ms)
 GET /test-price-feed 200 in 30ms (compile: 5ms, proxy.ts: 3ms, render: 21ms)
 GET /test-price-feed 200 in 48ms (compile: 5ms, proxy.ts: 4ms, render: 38ms)
 GET /test-price-feed 200 in 31ms (compile: 4ms, proxy.ts: 4ms, render: 23ms)
 GET /test-price-feed 200 in 29ms (compile: 3ms, proxy.ts: 6ms, render: 20ms)
 GET /test-price-feed 200 in 28ms (compile: 3ms, proxy.ts: 6ms, render: 19ms)
 GET /test-price-feed 200 in 28ms (compile: 4ms, proxy.ts: 4ms, render: 20ms)
 GET /test-price-feed 200 in 28ms (compile: 4ms, proxy.ts: 6ms, render: 18ms)
 GET /test-price-feed 200 in 29ms (compile: 3ms, proxy.ts: 5ms, render: 21ms)
 GET /test-price-feed 200 in 23ms (compile: 3ms, proxy.ts: 3ms, render: 17ms)
 GET /test-price-feed 200 in 29ms (compile: 3ms, proxy.ts: 6ms, render: 20ms)
 GET /test-price-feed 200 in 43ms (compile: 4ms, proxy.ts: 4ms, render: 35ms)
 GET /test-price-feed 200 in 30ms (compile: 3ms, proxy.ts: 4ms, render: 23ms)
 GET /test-price-feed 200 in 29ms (compile: 3ms, proxy.ts: 6ms, render: 20ms)
 GET /test-price-feed 200 in 30ms (compile: 4ms, proxy.ts: 5ms, render: 21ms)
 GET /test-price-feed 200 in 30ms (compile: 5ms, proxy.ts: 6ms, render: 19ms)
 GET /test-price-feed 200 in 34ms (compile: 3ms, proxy.ts: 6ms, render: 24ms)
 GET /test-price-feed 200 in 29ms (compile: 5ms, proxy.ts: 4ms, render: 20ms)
 GET /test-price-feed 200 in 26ms (compile: 3ms, proxy.ts: 4ms, render: 19ms)
 GET /test-price-feed 200 in 28ms (compile: 3ms, proxy.ts: 5ms, render: 19ms)
 GET /test-price-feed 200 in 31ms (compile: 6ms, proxy.ts: 4ms, render: 21ms)
 GET /test-price-feed 200 in 24ms (compile: 3ms, proxy.ts: 4ms, render: 17ms)
 GET /test-price-feed 200 in 26ms (compile: 3ms, proxy.ts: 3ms, render: 20ms)
 GET /test-price-feed 200 in 26ms (compile: 4ms, proxy.ts: 4ms, render: 17ms)
 GET /test-price-feed 200 in 30ms (compile: 3ms, proxy.ts: 5ms, render: 22ms)
 GET /test-price-feed 200 in 23ms (compile: 2ms, proxy.ts: 4ms, render: 17ms)
 GET /test-price-feed 200 in 39ms (compile: 4ms, proxy.ts: 3ms, render: 32ms)
 GET /test-price-feed 200 in 29ms (compile: 5ms, proxy.ts: 4ms, render: 20ms)
 GET /test-price-feed 200 in 26ms (compile: 3ms, proxy.ts: 5ms, render: 18ms)
 GET /test-price-feed 200 in 24ms (compile: 3ms, proxy.ts: 4ms, render: 17ms)
 GET /test-price-feed 200 in 26ms (compile: 5ms, proxy.ts: 4ms, render: 17ms)
 GET /test-price-feed 200 in 27ms (compile: 5ms, proxy.ts: 4ms, render: 18ms)
 GET /test-price-feed 200 in 29ms (compile: 3ms, proxy.ts: 5ms, render: 21ms)
 GET /test-price-feed 200 in 23ms (compile: 3ms, proxy.ts: 4ms, render: 17ms)
 GET /test-price-feed 200 in 26ms (compile: 5ms, proxy.ts: 4ms, render: 17ms)
 GET /test-price-feed 200 in 28ms (compile: 7ms, proxy.ts: 4ms, render: 17ms)
 GET /test-price-feed 200 in 26ms (compile: 3ms, proxy.ts: 5ms, render: 18ms)
 GET /test-price-feed 200 in 24ms (compile: 3ms, proxy.ts: 3ms, render: 18ms)
 GET /test-price-feed 200 in 25ms (compile: 3ms, proxy.ts: 3ms, render: 18ms)
 GET /test-price-feed 200 in 28ms (compile: 6ms, proxy.ts: 3ms, render: 19ms)
 GET /test-price-feed 200 in 26ms (compile: 3ms, proxy.ts: 6ms, render: 17ms)
 GET /test-price-feed 200 in 22ms (compile: 2ms, proxy.ts: 3ms, render: 17ms)
 GET /test-price-feed 200 in 25ms (compile: 2ms, proxy.ts: 3ms, render: 19ms)
 GET /test-price-feed 200 in 28ms (compile: 4ms, proxy.ts: 3ms, render: 21ms)
 GET /test-price-feed 200 in 26ms (compile: 4ms, proxy.ts: 6ms, render: 16ms)
 GET /test-price-feed 200 in 25ms (compile: 2ms, proxy.ts: 4ms, render: 18ms)
 GET /test-price-feed 200 in 26ms (compile: 3ms, proxy.ts: 3ms, render: 20ms)
 GET /test-price-feed 200 in 27ms (compile: 5ms, proxy.ts: 4ms, render: 18ms)
 GET /test-price-feed 200 in 44ms (compile: 3ms, proxy.ts: 5ms, render: 36ms)
 GET /test-price-feed 200 in 26ms (compile: 2ms, proxy.ts: 4ms, render: 20ms)
 GET /test-price-feed 200 in 30ms (compile: 4ms, proxy.ts: 3ms, render: 24ms)
 GET /test-price-feed 200 in 24ms (compile: 3ms, proxy.ts: 3ms, render: 18ms)
 GET /test-price-feed 200 in 26ms (compile: 3ms, proxy.ts: 3ms, render: 20ms)
 GET /test-price-feed 200 in 37ms (compile: 4ms, proxy.ts: 4ms, render: 29ms)
 GET /test-price-feed 200 in 23ms (compile: 3ms, proxy.ts: 5ms, render: 16ms)
 GET /test-price-feed 200 in 27ms (compile: 3ms, proxy.ts: 5ms, render: 19ms)
 GET /test-price-feed 200 in 23ms (compile: 2ms, proxy.ts: 3ms, render: 18ms)
 GET /test-price-feed 200 in 28ms (compile: 5ms, proxy.ts: 4ms, render: 20ms)
 GET /test-price-feed 200 in 33ms (compile: 6ms, proxy.ts: 4ms, render: 23ms)
 GET /test-price-feed 200 in 30ms (compile: 3ms, proxy.ts: 6ms, render: 21ms)
 GET /test-price-feed 200 in 30ms (compile: 8ms, proxy.ts: 4ms, render: 18ms)
 GET /test-price-feed 200 in 24ms (compile: 2ms, proxy.ts: 3ms, render: 19ms)
 GET /test-price-feed 200 in 29ms (compile: 3ms, proxy.ts: 4ms, render: 22ms)
 GET /test-price-feed 200 in 28ms (compile: 3ms, proxy.ts: 6ms, render: 19ms)
 GET /test-price-feed 200 in 27ms (compile: 3ms, proxy.ts: 5ms, render: 19ms)
 GET /test-price-feed 200 in 32ms (compile: 5ms, proxy.ts: 5ms, render: 22ms)
 GET /test-price-feed 200 in 37ms (compile: 3ms, proxy.ts: 5ms, render: 29ms)
 GET /test-price-feed 200 in 27ms (compile: 4ms, proxy.ts: 4ms, render: 19ms)
 GET /test-price-feed 200 in 30ms (compile: 3ms, proxy.ts: 4ms, render: 23ms)
 GET /test-price-feed 200 in 28ms (compile: 3ms, proxy.ts: 6ms, render: 19ms)
 GET /test-price-feed 200 in 41ms (compile: 3ms, proxy.ts: 4ms, render: 34ms)
 GET /test-price-feed 200 in 26ms (compile: 4ms, proxy.ts: 4ms, render: 18ms)
 GET /test-price-feed 200 in 25ms (compile: 3ms, proxy.ts: 5ms, render: 17ms)
 GET /test-price-feed 200 in 40ms (compile: 3ms, proxy.ts: 5ms, render: 32ms)
 GET /test-price-feed 200 in 25ms (compile: 2ms, proxy.ts: 3ms, render: 19ms)
 GET /test-price-feed 200 in 31ms (compile: 3ms, proxy.ts: 4ms, render: 24ms)
 GET /test-price-feed 200 in 32ms (compile: 5ms, proxy.ts: 8ms, render: 19ms)
 GET /test-price-feed 200 in 31ms (compile: 4ms, proxy.ts: 4ms, render: 23ms)
 GET /test-price-feed 200 in 29ms (compile: 4ms, proxy.ts: 6ms, render: 19ms)
 GET /test-price-feed 200 in 40ms (compile: 3ms, proxy.ts: 4ms, render: 34ms)
 GET /test-price-feed 200 in 39ms (compile: 3ms, proxy.ts: 5ms, render: 31ms)
 GET /test-price-feed 200 in 27ms (compile: 3ms, proxy.ts: 4ms, render: 20ms)
 GET /test-price-feed 200 in 33ms (compile: 3ms, proxy.ts: 5ms, render: 25ms)
 GET /test-price-feed 200 in 28ms (compile: 3ms, proxy.ts: 6ms, render: 19ms)
 GET /test-price-feed 200 in 47ms (compile: 4ms, proxy.ts: 5ms, render: 38ms)
 GET /test-price-feed 200 in 35ms (compile: 4ms, proxy.ts: 7ms, render: 24ms)
 GET /test-price-feed 200 in 28ms (compile: 3ms, proxy.ts: 6ms, render: 18ms)
 GET /test-price-feed 200 in 27ms (compile: 3ms, proxy.ts: 4ms, render: 19ms)
 GET /test-price-feed 200 in 28ms (compile: 3ms, proxy.ts: 5ms, render: 20ms)
 GET /test-price-feed 200 in 25ms (compile: 4ms, proxy.ts: 5ms, render: 16ms)
 GET /test-price-feed 200 in 44ms (compile: 2ms, proxy.ts: 5ms, render: 36ms)
 GET /test-price-feed 200 in 29ms (compile: 3ms, proxy.ts: 3ms, render: 22ms)
 GET /test-price-feed 200 in 28ms (compile: 5ms, proxy.ts: 4ms, render: 19ms)
 GET /test-price-feed 200 in 29ms (compile: 3ms, proxy.ts: 7ms, render: 20ms)
 GET /test-price-feed 200 in 22ms (compile: 3ms, proxy.ts: 3ms, render: 15ms)
 GET /test-price-feed 200 in 27ms (compile: 4ms, proxy.ts: 4ms, render: 19ms)
 GET /test-price-feed 200 in 27ms (compile: 4ms, proxy.ts: 7ms, render: 17ms)
 GET /test-price-feed 200 in 32ms (compile: 2ms, proxy.ts: 4ms, render: 25ms)
 GET /test-price-feed 200 in 44ms (compile: 5ms, proxy.ts: 9ms, render: 29ms)
 GET /test-price-feed 200 in 35ms (compile: 3ms, proxy.ts: 12ms, render: 19ms)
 GET /test-price-feed 200 in 24ms (compile: 3ms, proxy.ts: 4ms, render: 17ms)
 GET /test-price-feed 200 in 24ms (compile: 3ms, proxy.ts: 3ms, render: 17ms)
 GET /test-price-feed 200 in 30ms (compile: 4ms, proxy.ts: 4ms, render: 23ms)
 GET /test-price-feed 200 in 31ms (compile: 4ms, proxy.ts: 8ms, render: 20ms)
 GET /test-price-feed 200 in 26ms (compile: 3ms, proxy.ts: 5ms, render: 18ms)
 GET /test-price-feed 200 in 28ms (compile: 4ms, proxy.ts: 4ms, render: 19ms)
 GET /test-price-feed 200 in 28ms (compile: 4ms, proxy.ts: 7ms, render: 18ms)
 GET /test-price-feed 200 in 43ms (compile: 3ms, proxy.ts: 4ms, render: 37ms)
 GET /test-price-feed 200 in 28ms (compile: 3ms, proxy.ts: 6ms, render: 19ms)
 GET /test-price-feed 200 in 25ms (compile: 3ms, proxy.ts: 4ms, render: 18ms)
 GET /test-price-feed 200 in 43ms (compile: 3ms, proxy.ts: 4ms, render: 36ms)
 GET /test-price-feed 200 in 27ms (compile: 5ms, proxy.ts: 5ms, render: 18ms)
 GET /test-price-feed 200 in 28ms (compile: 3ms, proxy.ts: 5ms, render: 20ms)
 GET /test-price-feed 200 in 26ms (compile: 3ms, proxy.ts: 5ms, render: 18ms)
 GET /test-price-feed 200 in 19ms (compile: 4ms, proxy.ts: 4ms, render: 11ms)
 GET /test-price-feed 200 in 33ms (compile: 11ms, proxy.ts: 4ms, render: 18ms)
 GET /test-price-feed 200 in 42ms (compile: 3ms, proxy.ts: 4ms, render: 35ms)
 GET /test-price-feed 200 in 27ms (compile: 5ms, proxy.ts: 4ms, render: 18ms)
 GET /test-price-feed 200 in 25ms (compile: 2ms, proxy.ts: 5ms, render: 17ms)
 GET /test-price-feed 200 in 48ms (compile: 3ms, proxy.ts: 4ms, render: 42ms)
 GET /test-price-feed 200 in 57ms (compile: 3ms, proxy.ts: 3ms, render: 51ms)
 GET /test-price-feed 200 in 33ms (compile: 4ms, proxy.ts: 7ms, render: 22ms)
 GET /test-price-feed 200 in 28ms (compile: 5ms, proxy.ts: 4ms, render: 19ms)
 GET /test-price-feed 200 in 27ms (compile: 3ms, proxy.ts: 5ms, render: 19ms)
 GET /test-price-feed 200 in 28ms (compile: 3ms, proxy.ts: 4ms, render: 21ms)
 GET /test-price-feed 200 in 29ms (compile: 5ms, proxy.ts: 5ms, render: 19ms)
 GET /test-price-feed 200 in 32ms (compile: 3ms, proxy.ts: 5ms, render: 23ms)
 GET /test-price-feed 200 in 25ms (compile: 4ms, proxy.ts: 5ms, render: 16ms)
 GET /test-price-feed 200 in 50ms (compile: 3ms, proxy.ts: 6ms, render: 41ms)
 GET /test-price-feed 200 in 36ms (compile: 4ms, proxy.ts: 5ms, render: 26ms)
 GET /test-price-feed 200 in 31ms (compile: 4ms, proxy.ts: 6ms, render: 21ms)
 GET /test-price-feed 200 in 39ms (compile: 3ms, proxy.ts: 6ms, render: 29ms)
 GET /test-price-feed 200 in 27ms (compile: 3ms, proxy.ts: 4ms, render: 20ms)
 GET /test-price-feed 200 in 27ms (compile: 5ms, proxy.ts: 4ms, render: 18ms)
 GET /test-price-feed 200 in 23ms (compile: 3ms, proxy.ts: 5ms, render: 15ms)
 GET /test-price-feed 200 in 24ms (compile: 2ms, proxy.ts: 4ms, render: 18ms)
 GET /test-price-feed 200 in 26ms (compile: 3ms, proxy.ts: 3ms, render: 20ms)
 GET /test-price-feed 200 in 29ms (compile: 3ms, proxy.ts: 8ms, render: 19ms)
 GET /test-price-feed 200 in 28ms (compile: 4ms, proxy.ts: 4ms, render: 20ms)
 GET /test-price-feed 200 in 32ms (compile: 7ms, proxy.ts: 5ms, render: 21ms)
 GET /test-price-feed 200 in 23ms (compile: 3ms, proxy.ts: 5ms, render: 15ms)
 GET /test-price-feed 200 in 32ms (compile: 2ms, proxy.ts: 4ms, render: 26ms)
 GET /test-price-feed 200 in 29ms (compile: 5ms, proxy.ts: 7ms, render: 18ms)
 GET /test-price-feed 200 in 27ms (compile: 3ms, proxy.ts: 4ms, render: 20ms)
 GET /test-price-feed 200 in 29ms (compile: 4ms, proxy.ts: 4ms, render: 21ms)
 GET /test-price-feed 200 in 27ms (compile: 4ms, proxy.ts: 6ms, render: 17ms)
 GET /test-price-feed 200 in 27ms (compile: 3ms, proxy.ts: 4ms, render: 20ms)
 GET /test-price-feed 200 in 55ms (compile: 4ms, proxy.ts: 4ms, render: 47ms)
 GET /test-price-feed 200 in 30ms (compile: 2ms, proxy.ts: 4ms, render: 24ms)
 GET /test-price-feed 200 in 31ms (compile: 5ms, proxy.ts: 6ms, render: 20ms)
 GET /test-price-feed 200 in 25ms (compile: 3ms, proxy.ts: 3ms, render: 19ms)
 GET /test-price-feed 200 in 23ms (compile: 3ms, proxy.ts: 4ms, render: 16ms)
 GET /test-price-feed 200 in 25ms (compile: 3ms, proxy.ts: 5ms, render: 17ms)
 GET /test-price-feed 200 in 29ms (compile: 3ms, proxy.ts: 4ms, render: 22ms)
 GET /test-price-feed 200 in 35ms (compile: 4ms, proxy.ts: 7ms, render: 24ms)
 GET /test-price-feed 200 in 29ms (compile: 4ms, proxy.ts: 7ms, render: 18ms)
 GET /test-price-feed 200 in 22ms (compile: 2ms, proxy.ts: 3ms, render: 17ms)
 GET /test-price-feed 200 in 22ms (compile: 2ms, proxy.ts: 4ms, render: 16ms)
 GET /test-price-feed 200 in 26ms (compile: 4ms, proxy.ts: 3ms, render: 18ms)
 GET /test-price-feed 200 in 26ms (compile: 3ms, proxy.ts: 6ms, render: 17ms)
 GET /test-price-feed 200 in 23ms (compile: 3ms, proxy.ts: 3ms, render: 18ms)
 GET /test-price-feed 200 in 23ms (compile: 2ms, proxy.ts: 3ms, render: 18ms)
 GET /test-price-feed 200 in 24ms (compile: 2ms, proxy.ts: 4ms, render: 18ms)
 GET /test-price-feed 200 in 62ms (compile: 5ms, proxy.ts: 4ms, render: 53ms)
 GET /test-price-feed 200 in 48ms (compile: 7ms, proxy.ts: 16ms, render: 26ms)
 GET /test-price-feed 200 in 25ms (compile: 3ms, proxy.ts: 5ms, render: 17ms)
 GET /test-price-feed 200 in 31ms (compile: 6ms, proxy.ts: 4ms, render: 22ms)
 GET /test-price-feed 200 in 28ms (compile: 4ms, proxy.ts: 6ms, render: 18ms)
 GET /test-price-feed 200 in 23ms (compile: 4ms, proxy.ts: 4ms, render: 16ms)
 GET /test-price-feed 200 in 31ms (compile: 3ms, proxy.ts: 6ms, render: 22ms)
 GET /test-price-feed 200 in 27ms (compile: 4ms, proxy.ts: 3ms, render: 20ms)
 GET /test-price-feed 200 in 28ms (compile: 5ms, proxy.ts: 5ms, render: 19ms)
 GET /test-price-feed 200 in 27ms (compile: 3ms, proxy.ts: 5ms, render: 18ms)
 GET /test-price-feed 200 in 25ms (compile: 3ms, proxy.ts: 4ms, render: 19ms)
 GET /test-price-feed 200 in 28ms (compile: 4ms, proxy.ts: 4ms, render: 21ms)
 GET /test-price-feed 200 in 29ms (compile: 3ms, proxy.ts: 6ms, render: 20ms)
 GET /test-price-feed 200 in 24ms (compile: 3ms, proxy.ts: 4ms, render: 17ms)
 GET /test-price-feed 200 in 22ms (compile: 3ms, proxy.ts: 4ms, render: 16ms)
 GET /test-price-feed 200 in 46ms (compile: 3ms, proxy.ts: 7ms, render: 36ms)
 GET /test-price-feed 200 in 56ms (compile: 3ms, proxy.ts: 7ms, render: 47ms)
 GET /test-price-feed 200 in 37ms (compile: 14ms, proxy.ts: 4ms, render: 19ms)
 GET /test-price-feed 200 in 28ms (compile: 3ms, proxy.ts: 5ms, render: 20ms)
 GET /test-price-feed 200 in 31ms (compile: 4ms, proxy.ts: 5ms, render: 22ms)
 GET /test-price-feed 200 in 32ms (compile: 5ms, proxy.ts: 6ms, render: 21ms)
 GET /test-price-feed 200 in 30ms (compile: 5ms, proxy.ts: 4ms, render: 21ms)
 GET /test-price-feed 200 in 36ms (compile: 3ms, proxy.ts: 6ms, render: 26ms)
 GET /test-price-feed 200 in 28ms (compile: 5ms, proxy.ts: 5ms, render: 18ms)
 GET /test-price-feed 200 in 40ms (compile: 2ms, proxy.ts: 4ms, render: 34ms)
 GET /test-price-feed 200 in 27ms (compile: 2ms, proxy.ts: 3ms, render: 22ms)
 GET /test-price-feed 200 in 48ms (compile: 6ms, proxy.ts: 4ms, render: 38ms)
 GET /test-price-feed 200 in 41ms (compile: 3ms, proxy.ts: 6ms, render: 33ms)
 GET /test-price-feed 200 in 25ms (compile: 3ms, proxy.ts: 3ms, render: 19ms)
 GET /test-price-feed 200 in 26ms (compile: 4ms, proxy.ts: 5ms, render: 18ms)
 GET /test-price-feed 200 in 25ms (compile: 2ms, proxy.ts: 4ms, render: 19ms)
 GET /test-price-feed 200 in 25ms (compile: 4ms, proxy.ts: 8ms, render: 13ms)
 GET /test-price-feed 200 in 27ms (compile: 4ms, proxy.ts: 5ms, render: 19ms)
 GET /test-price-feed 200 in 32ms (compile: 3ms, proxy.ts: 5ms, render: 25ms)
 GET /test-price-feed 200 in 43ms (compile: 3ms, proxy.ts: 4ms, render: 36ms)
 GET /test-price-feed 200 in 31ms (compile: 4ms, proxy.ts: 6ms, render: 21ms)
 GET /test-price-feed 200 in 30ms (compile: 3ms, proxy.ts: 5ms, render: 23ms)
 GET /test-price-feed 200 in 29ms (compile: 4ms, proxy.ts: 6ms, render: 18ms)
 GET /test-price-feed 200 in 24ms (compile: 3ms, proxy.ts: 4ms, render: 18ms)
 GET /test-price-feed 200 in 28ms (compile: 2ms, proxy.ts: 4ms, render: 22ms)
 GET /test-price-feed 200 in 28ms (compile: 4ms, proxy.ts: 5ms, render: 19ms)
 GET /test-price-feed 200 in 27ms (compile: 3ms, proxy.ts: 6ms, render: 18ms)
 GET /test-price-feed 200 in 29ms (compile: 4ms, proxy.ts: 4ms, render: 22ms)
 GET /test-price-feed 200 in 28ms (compile: 5ms, proxy.ts: 5ms, render: 18ms)
 GET /test-price-feed 200 in 33ms (compile: 4ms, proxy.ts: 5ms, render: 24ms)
 GET /test-price-feed 200 in 46ms (compile: 5ms, proxy.ts: 4ms, render: 37ms)
 GET /test-price-feed 200 in 30ms (compile: 3ms, proxy.ts: 6ms, render: 21ms)
 GET /test-price-feed 200 in 37ms (compile: 3ms, proxy.ts: 4ms, render: 30ms)
 GET /test-price-feed 200 in 28ms (compile: 5ms, proxy.ts: 7ms, render: 17ms)
 GET /test-price-feed 200 in 37ms (compile: 4ms, proxy.ts: 7ms, render: 27ms)
 GET /test-price-feed 200 in 33ms (compile: 3ms, proxy.ts: 4ms, render: 26ms)
 GET /test-price-feed 200 in 34ms (compile: 4ms, proxy.ts: 5ms, render: 25ms)
 GET /test-price-feed 200 in 51ms (compile: 5ms, proxy.ts: 6ms, render: 39ms)
 GET /test-price-feed 200 in 47ms (compile: 2ms, proxy.ts: 4ms, render: 41ms)
 GET /test-price-feed 200 in 30ms (compile: 3ms, proxy.ts: 6ms, render: 22ms)
 GET /test-price-feed 200 in 25ms (compile: 3ms, proxy.ts: 5ms, render: 17ms)
 GET /test-price-feed 200 in 30ms (compile: 4ms, proxy.ts: 4ms, render: 22ms)
 GET /test-price-feed 200 in 26ms (compile: 3ms, proxy.ts: 4ms, render: 18ms)
 GET /test-price-feed 200 in 29ms (compile: 3ms, proxy.ts: 4ms, render: 22ms)
 GET /test-price-feed 200 in 30ms (compile: 4ms, proxy.ts: 6ms, render: 19ms)
 GET /test-price-feed 200 in 26ms (compile: 3ms, proxy.ts: 4ms, render: 18ms)
 GET /test-price-feed 200 in 48ms (compile: 4ms, proxy.ts: 5ms, render: 38ms)
 GET /test-price-feed 200 in 30ms (compile: 3ms, proxy.ts: 4ms, render: 24ms)
 GET /test-price-feed 200 in 28ms (compile: 5ms, proxy.ts: 5ms, render: 18ms)
 GET /test-price-feed 200 in 30ms (compile: 3ms, proxy.ts: 5ms, render: 22ms)
 GET /test-price-feed 200 in 55ms (compile: 4ms, proxy.ts: 4ms, render: 47ms)
 GET /test-price-feed 200 in 56ms (compile: 12ms, proxy.ts: 4ms, render: 40ms)
 GET /test-price-feed 200 in 31ms (compile: 6ms, proxy.ts: 5ms, render: 20ms)
 GET /test-price-feed 200 in 26ms (compile: 3ms, proxy.ts: 4ms, render: 19ms)
 GET /test-price-feed 200 in 27ms (compile: 3ms, proxy.ts: 4ms, render: 20ms)
 GET /test-price-feed 200 in 28ms (compile: 4ms, proxy.ts: 5ms, render: 19ms)
 GET /test-price-feed 200 in 25ms (compile: 3ms, proxy.ts: 4ms, render: 19ms)
 GET /test-price-feed 200 in 29ms (compile: 3ms, proxy.ts: 4ms, render: 22ms)
 GET /test-price-feed 200 in 28ms (compile: 3ms, proxy.ts: 6ms, render: 19ms)
 GET /test-price-feed 200 in 27ms (compile: 3ms, proxy.ts: 4ms, render: 21ms)
 GET /test-price-feed 200 in 27ms (compile: 4ms, proxy.ts: 3ms, render: 20ms)
 GET /test-price-feed 200 in 26ms (compile: 3ms, proxy.ts: 6ms, render: 18ms)
 GET /test-price-feed 200 in 25ms (compile: 3ms, proxy.ts: 3ms, render: 19ms)
 GET /test-price-feed 200 in 25ms (compile: 3ms, proxy.ts: 3ms, render: 20ms)
 GET /test-price-feed 200 in 45ms (compile: 5ms, proxy.ts: 3ms, render: 36ms)
 GET /test-price-feed 200 in 27ms (compile: 2ms, proxy.ts: 5ms, render: 20ms)
 GET /test-price-feed 200 in 32ms (compile: 4ms, proxy.ts: 3ms, render: 25ms)
 GET /test-price-feed 200 in 36ms (compile: 4ms, proxy.ts: 5ms, render: 27ms)
 GET /test-price-feed 200 in 26ms (compile: 3ms, proxy.ts: 4ms, render: 19ms)
 GET /test-price-feed 200 in 26ms (compile: 3ms, proxy.ts: 5ms, render: 17ms)
 GET /test-price-feed 200 in 24ms (compile: 3ms, proxy.ts: 3ms, render: 17ms)
 GET /test-price-feed 200 in 43ms (compile: 3ms, proxy.ts: 3ms, render: 37ms)
 GET /test-price-feed 200 in 28ms (compile: 4ms, proxy.ts: 6ms, render: 18ms)
 GET /test-price-feed 200 in 25ms (compile: 3ms, proxy.ts: 4ms, render: 19ms)
 GET /test-price-feed 200 in 46ms (compile: 4ms, proxy.ts: 4ms, render: 38ms)
 GET /test-price-feed 200 in 31ms (compile: 3ms, proxy.ts: 6ms, render: 22ms)
 GET /test-price-feed 200 in 27ms (compile: 3ms, proxy.ts: 4ms, render: 20ms)
 GET /test-price-feed 200 in 30ms (compile: 5ms, proxy.ts: 5ms, render: 20ms)
 GET /test-price-feed 200 in 26ms (compile: 4ms, proxy.ts: 5ms, render: 17ms)
 GET /test-price-feed 200 in 36ms (compile: 3ms, proxy.ts: 4ms, render: 28ms)
 GET /test-price-feed 200 in 33ms (compile: 4ms, proxy.ts: 9ms, render: 21ms)
 GET /test-price-feed 200 in 33ms (compile: 5ms, proxy.ts: 5ms, render: 23ms)
 GET /test-price-feed 200 in 24ms (compile: 3ms, proxy.ts: 6ms, render: 15ms)
 GET /test-price-feed 200 in 54ms (compile: 3ms, proxy.ts: 4ms, render: 47ms)
 GET /test-price-feed 200 in 30ms (compile: 2ms, proxy.ts: 4ms, render: 24ms)
 GET /test-price-feed 200 in 24ms (compile: 3ms, proxy.ts: 4ms, render: 16ms)
 GET /test-price-feed 200 in 32ms (compile: 2ms, proxy.ts: 4ms, render: 26ms)
 GET /test-price-feed 200 in 33ms (compile: 6ms, proxy.ts: 6ms, render: 20ms)
 GET /test-price-feed 200 in 28ms (compile: 3ms, proxy.ts: 6ms, render: 19ms)
 GET /test-price-feed 200 in 29ms (compile: 3ms, proxy.ts: 8ms, render: 19ms)
 GET /test-price-feed 200 in 21ms (compile: 3ms, proxy.ts: 4ms, render: 15ms)
✓ Compiled in 2ms
 GET /test-price-feed 200 in 152ms (compile: 7ms, proxy.ts: 61ms, render: 84ms)
 GET /api/verify-duplicate-holding 200 in 177ms (compile: 131ms, proxy.ts: 5ms, render: 41ms)
 GET /test-duplicate-holding 200 in 397ms (compile: 356ms, proxy.ts: 9ms, render: 31ms)
 GET /api/verify-duplicate-holding 200 in 41ms (compile: 4ms, proxy.ts: 8ms, render: 29ms)
 GET /api/health 200 in 254ms (compile: 40ms, proxy.ts: 5ms, render: 209ms)
 GET /api/health 200 in 201ms (compile: 5ms, proxy.ts: 6ms, render: 191ms)
 GET / 200 in 106ms (compile: 14ms, proxy.ts: 6ms, render: 85ms)
 GET /login 200 in 86ms (compile: 17ms, proxy.ts: 7ms, render: 62ms)
✓ Compiled in 205ms
⨯ Error: ENOENT: no such file or directory, open 'C:\Users\janpa\cd\development\fin\.next\dev\server\app\login\page\build-manifest.json'
    at ignore-listed frames {
  errno: -4058,
  code: 'ENOENT',
  syscall: 'open',
  path: 'C:\\Users\\janpa\\cd\\development\\fin\\.next\\dev\\server\\app\\login\\page\\build-manifest.json'
}
⨯ Error: ENOENT: no such file or directory, open 'C:\Users\janpa\cd\development\fin\.next\dev\static\development\_buildManifest.js.tmp.fhn0ckq8vi'
    at ignore-listed frames {
  errno: -4058,
  code: 'ENOENT',
  syscall: 'open',
  path: 'C:\\Users\\janpa\\cd\\development\\fin\\.next\\dev\\static\\development\\_buildManifest.js.tmp.fhn0ckq8vi'
}
Error: ENOENT: no such file or directory, open 'C:\Users\janpa\cd\development\fin\.next\dev\server\app\login\page\build-manifest.json'
    at ignore-listed frames {
  errno: -4058,
  code: 'ENOENT',
  syscall: 'open',
  path: 'C:\\Users\\janpa\\cd\\development\\fin\\.next\\dev\\server\\app\\login\\page\\build-manifest.json'
}
⨯ Error: Cannot find module '../chunks/ssr/[turbopack]_runtime.js'
Require stack:
- C:\Users\janpa\cd\development\fin\.next\dev\server\pages\_document.js
- C:\Users\janpa\cd\development\fin\node_modules\next\dist\server\require.js
- C:\Users\janpa\cd\development\fin\node_modules\next\dist\server\load-components.js
- C:\Users\janpa\cd\development\fin\node_modules\next\dist\build\utils.js
- C:\Users\janpa\cd\development\fin\node_modules\next\dist\build\swc\options.js
- C:\Users\janpa\cd\development\fin\node_modules\next\dist\build\swc\index.js
- C:\Users\janpa\cd\development\fin\node_modules\next\dist\build\next-config-ts\transpile-config.js
- C:\Users\janpa\cd\development\fin\node_modules\next\dist\server\config.js
- C:\Users\janpa\cd\development\fin\node_modules\next\dist\server\next.js
- C:\Users\janpa\cd\development\fin\node_modules\next\dist\server\lib\start-server.js
    at Object.<anonymous> (C:\Users\janpa\cd\development\fin\.next\dev\server\pages\_document.js:1:7) {
  code: 'MODULE_NOT_FOUND',
  requireStack: [Array]
}
Error: ENOENT: no such file or directory, open 'C:\Users\janpa\cd\development\fin\.next\dev\routes-manifest.json'
    at ignore-listed frames {
  errno: -4058,
  code: 'ENOENT',
  syscall: 'open',
  path: 'C:\\Users\\janpa\\cd\\development\\fin\\.next\\dev\\routes-manifest.json'
}
 GET /login 500 in 884ms (compile: 858ms, proxy.ts: 8ms, render: 18ms)
 GET /login 500 in 884ms (compile: 858ms, proxy.ts: 8ms, render: 18ms)
⨯ Error: ENOENT: no such file or directory, open 'C:\Users\janpa\cd\development\fin\.next\dev\server\app\page\build-manifest.json'
    at ignore-listed frames {
  errno: -4058,
  code: 'ENOENT',
  syscall: 'open',
  path: 'C:\\Users\\janpa\\cd\\development\\fin\\.next\\dev\\server\\app\\page\\build-manifest.json'
}
⨯ Error: Cannot find module '../chunks/ssr/[turbopack]_runtime.js'
Require stack:
- C:\Users\janpa\cd\development\fin\.next\dev\server\pages\_document.js
- C:\Users\janpa\cd\development\fin\node_modules\next\dist\server\require.js
- C:\Users\janpa\cd\development\fin\node_modules\next\dist\server\load-components.js
- C:\Users\janpa\cd\development\fin\node_modules\next\dist\build\utils.js
- C:\Users\janpa\cd\development\fin\node_modules\next\dist\build\swc\options.js
- C:\Users\janpa\cd\development\fin\node_modules\next\dist\build\swc\index.js
- C:\Users\janpa\cd\development\fin\node_modules\next\dist\build\next-config-ts\transpile-config.js
- C:\Users\janpa\cd\development\fin\node_modules\next\dist\server\config.js
- C:\Users\janpa\cd\development\fin\node_modules\next\dist\server\next.js
- C:\Users\janpa\cd\development\fin\node_modules\next\dist\server\lib\start-server.js
    at Object.<anonymous> (C:\Users\janpa\cd\development\fin\.next\dev\server\pages\_document.js:1:7) {
  code: 'MODULE_NOT_FOUND',
  requireStack: [Array]
}
Error: ENOENT: no such file or directory, open 'C:\Users\janpa\cd\development\fin\.next\dev\server\app\page\build-manifest.json'
    at ignore-listed frames {
  errno: -4058,
  code: 'ENOENT',
  syscall: 'open',
  path: 'C:\\Users\\janpa\\cd\\development\\fin\\.next\\dev\\server\\app\\page\\build-manifest.json'
}
⨯ Error: Cannot find module '../chunks/ssr/[turbopack]_runtime.js'
Require stack:
- C:\Users\janpa\cd\development\fin\.next\dev\server\pages\_document.js
- C:\Users\janpa\cd\development\fin\node_modules\next\dist\server\require.js
- C:\Users\janpa\cd\development\fin\node_modules\next\dist\server\load-components.js
- C:\Users\janpa\cd\development\fin\node_modules\next\dist\build\utils.js
- C:\Users\janpa\cd\development\fin\node_modules\next\dist\build\swc\options.js
- C:\Users\janpa\cd\development\fin\node_modules\next\dist\build\swc\index.js
- C:\Users\janpa\cd\development\fin\node_modules\next\dist\build\next-config-ts\transpile-config.js
- C:\Users\janpa\cd\development\fin\node_modules\next\dist\server\config.js
- C:\Users\janpa\cd\development\fin\node_modules\next\dist\server\next.js
- C:\Users\janpa\cd\development\fin\node_modules\next\dist\server\lib\start-server.js
    at Object.<anonymous> (C:\Users\janpa\cd\development\fin\.next\dev\server\pages\_document.js:1:7) {
  code: 'MODULE_NOT_FOUND',
  requireStack: [Array]
}
Error: ENOENT: no such file or directory, open 'C:\Users\janpa\cd\development\fin\.next\dev\routes-manifest.json'
    at ignore-listed frames {
  errno: -4058,
  code: 'ENOENT',
  syscall: 'open',
  path: 'C:\\Users\\janpa\\cd\\development\\fin\\.next\\dev\\routes-manifest.json'
}
 GET / 500 in 125ms (compile: 106ms, proxy.ts: 8ms, render: 11ms)
 GET / 500 in 125ms (compile: 106ms, proxy.ts: 8ms, render: 11ms)
[?25h
