▲ Next.js 16.1.6 (Turbopack)
- Local:         http://localhost:3130
- Network:       http://192.168.86.37:3130
- Environments: .env.local
- Experiments (use with caution):
  ⨯ turbopackFileSystemCacheForDev

✓ Starting...
✓ Ready in 1089ms
 GET /api/health 200 in 947ms (compile: 417ms, proxy.ts: 133ms, render: 398ms)
 GET / 200 in 2.1s (compile: 1943ms, proxy.ts: 6ms, render: 174ms)
 GET /login 200 in 510ms (compile: 414ms, proxy.ts: 8ms, render: 88ms)
 GET /login 200 in 54ms (compile: 5ms, proxy.ts: 7ms, render: 42ms)
 GET /login 200 in 228ms (compile: 83ms, proxy.ts: 76ms, render: 69ms)
 GET /login 200 in 72ms (compile: 5ms, proxy.ts: 11ms, render: 56ms)
 GET /login 200 in 42ms (compile: 7ms, proxy.ts: 10ms, render: 26ms)
 GET /login 200 in 57ms (compile: 7ms, proxy.ts: 7ms, render: 43ms)
 GET /login 200 in 39ms (compile: 4ms, proxy.ts: 6ms, render: 29ms)
 GET /login 200 in 60ms (compile: 7ms, proxy.ts: 7ms, render: 46ms)
 GET /login 200 in 54ms (compile: 4ms, proxy.ts: 5ms, render: 45ms)
 GET /login 200 in 56ms (compile: 5ms, proxy.ts: 6ms, render: 44ms)
 GET /login 200 in 57ms (compile: 4ms, proxy.ts: 6ms, render: 47ms)
 GET /login 200 in 66ms (compile: 4ms, proxy.ts: 7ms, render: 55ms)
 GET /login 200 in 66ms (compile: 6ms, proxy.ts: 7ms, render: 53ms)
 GET /login 200 in 58ms (compile: 4ms, proxy.ts: 7ms, render: 46ms)
 GET /login 200 in 55ms (compile: 4ms, proxy.ts: 7ms, render: 44ms)
 GET /login 200 in 57ms (compile: 5ms, proxy.ts: 6ms, render: 46ms)
 GET /login 200 in 59ms (compile: 5ms, proxy.ts: 5ms, render: 49ms)
 GET /login 200 in 55ms (compile: 4ms, proxy.ts: 6ms, render: 45ms)
 GET /login 200 in 57ms (compile: 5ms, proxy.ts: 6ms, render: 46ms)
 GET /login 200 in 37ms (compile: 4ms, proxy.ts: 7ms, render: 26ms)
 GET /login 200 in 43ms (compile: 7ms, proxy.ts: 8ms, render: 29ms)
 GET /login 200 in 37ms (compile: 5ms, proxy.ts: 7ms, render: 25ms)
 GET /login 200 in 59ms (compile: 5ms, proxy.ts: 5ms, render: 48ms)
 GET /login 200 in 69ms (compile: 4ms, proxy.ts: 6ms, render: 59ms)
 GET /login 200 in 83ms (compile: 6ms, proxy.ts: 7ms, render: 70ms)
 GET /login 200 in 69ms (compile: 5ms, proxy.ts: 10ms, render: 54ms)
 GET /login 200 in 30ms (compile: 4ms, proxy.ts: 5ms, render: 21ms)
 GET /login 200 in 31ms (compile: 5ms, proxy.ts: 4ms, render: 22ms)
 GET /login 200 in 32ms (compile: 5ms, proxy.ts: 6ms, render: 21ms)
 GET /login 200 in 32ms (compile: 5ms, proxy.ts: 5ms, render: 22ms)
 GET /login 200 in 33ms (compile: 5ms, proxy.ts: 5ms, render: 24ms)
 GET /login 200 in 56ms (compile: 6ms, proxy.ts: 6ms, render: 43ms)
 GET /login 200 in 56ms (compile: 4ms, proxy.ts: 5ms, render: 48ms)
 GET /login 200 in 67ms (compile: 4ms, proxy.ts: 8ms, render: 55ms)
 GET /login 200 in 65ms (compile: 6ms, proxy.ts: 7ms, render: 52ms)
 GET /login 200 in 38ms (compile: 4ms, proxy.ts: 6ms, render: 28ms)
 GET /login 200 in 31ms (compile: 4ms, proxy.ts: 6ms, render: 21ms)
 GET /login 200 in 28ms (compile: 4ms, proxy.ts: 5ms, render: 19ms)
 GET /login 200 in 62ms (compile: 4ms, proxy.ts: 5ms, render: 53ms)
 GET /login 200 in 41ms (compile: 5ms, proxy.ts: 7ms, render: 29ms)
 GET /login 200 in 39ms (compile: 8ms, proxy.ts: 8ms, render: 23ms)
 GET /login 200 in 58ms (compile: 6ms, proxy.ts: 6ms, render: 47ms)
 GET /login 200 in 60ms (compile: 4ms, proxy.ts: 6ms, render: 51ms)
 GET /login 200 in 59ms (compile: 4ms, proxy.ts: 6ms, render: 49ms)
 GET /login 200 in 34ms (compile: 4ms, proxy.ts: 5ms, render: 25ms)
 GET /login 200 in 57ms (compile: 6ms, proxy.ts: 6ms, render: 45ms)
 GET /login 200 in 36ms (compile: 5ms, proxy.ts: 6ms, render: 24ms)
 GET /login 200 in 57ms (compile: 6ms, proxy.ts: 5ms, render: 46ms)
 GET /login 200 in 58ms (compile: 5ms, proxy.ts: 5ms, render: 48ms)
 GET /login 200 in 57ms (compile: 5ms, proxy.ts: 6ms, render: 46ms)
 GET /login 200 in 37ms (compile: 5ms, proxy.ts: 6ms, render: 26ms)
 GET /login 200 in 68ms (compile: 6ms, proxy.ts: 7ms, render: 56ms)
 GET /login 200 in 64ms (compile: 5ms, proxy.ts: 12ms, render: 46ms)
 GET /login 200 in 62ms (compile: 4ms, proxy.ts: 6ms, render: 52ms)
 GET /login 200 in 76ms (compile: 8ms, proxy.ts: 5ms, render: 63ms)
 GET /login 200 in 71ms (compile: 8ms, proxy.ts: 11ms, render: 52ms)
 GET /login 200 in 39ms (compile: 5ms, proxy.ts: 8ms, render: 26ms)
 GET /login 200 in 59ms (compile: 5ms, proxy.ts: 7ms, render: 47ms)
 GET /login 200 in 58ms (compile: 5ms, proxy.ts: 6ms, render: 47ms)
 GET /login 200 in 62ms (compile: 4ms, proxy.ts: 5ms, render: 53ms)
 GET /login 200 in 38ms (compile: 3ms, proxy.ts: 12ms, render: 23ms)
 GET /login 200 in 52ms (compile: 5ms, proxy.ts: 6ms, render: 42ms)
 GET /login 200 in 36ms (compile: 5ms, proxy.ts: 6ms, render: 25ms)
 GET /login 200 in 35ms (compile: 6ms, proxy.ts: 5ms, render: 24ms)
 GET /login 200 in 34ms (compile: 4ms, proxy.ts: 6ms, render: 24ms)
 GET /login 200 in 32ms (compile: 5ms, proxy.ts: 6ms, render: 21ms)
 GET /login 200 in 31ms (compile: 5ms, proxy.ts: 5ms, render: 21ms)
 GET /login 200 in 33ms (compile: 5ms, proxy.ts: 5ms, render: 23ms)
 GET /login 200 in 32ms (compile: 4ms, proxy.ts: 5ms, render: 22ms)
 GET /login 200 in 62ms (compile: 4ms, proxy.ts: 5ms, render: 53ms)
 GET /login 200 in 62ms (compile: 4ms, proxy.ts: 6ms, render: 51ms)
 GET /login 200 in 41ms (compile: 6ms, proxy.ts: 8ms, render: 27ms)
 GET /login 200 in 37ms (compile: 5ms, proxy.ts: 5ms, render: 26ms)
 GET /login 200 in 36ms (compile: 5ms, proxy.ts: 6ms, render: 26ms)
 GET /login 200 in 37ms (compile: 5ms, proxy.ts: 6ms, render: 26ms)
 GET /login 200 in 55ms (compile: 5ms, proxy.ts: 5ms, render: 44ms)
 GET /login 200 in 36ms (compile: 4ms, proxy.ts: 5ms, render: 27ms)
 GET /login 200 in 61ms (compile: 5ms, proxy.ts: 5ms, render: 51ms)
 GET /login 200 in 36ms (compile: 4ms, proxy.ts: 5ms, render: 26ms)
 GET /login 200 in 35ms (compile: 5ms, proxy.ts: 5ms, render: 25ms)
 GET /login 200 in 51ms (compile: 4ms, proxy.ts: 5ms, render: 41ms)
 GET /login 200 in 33ms (compile: 5ms, proxy.ts: 5ms, render: 23ms)
 GET /login 200 in 61ms (compile: 4ms, proxy.ts: 5ms, render: 52ms)
 GET /login 200 in 73ms (compile: 5ms, proxy.ts: 8ms, render: 60ms)
 GET /login 200 in 69ms (compile: 15ms, proxy.ts: 8ms, render: 47ms)
 GET /login 200 in 41ms (compile: 4ms, proxy.ts: 6ms, render: 31ms)
 GET /login 200 in 60ms (compile: 7ms, proxy.ts: 7ms, render: 47ms)
 GET /login 200 in 59ms (compile: 4ms, proxy.ts: 6ms, render: 49ms)
 GET /login 200 in 37ms (compile: 4ms, proxy.ts: 6ms, render: 27ms)
 GET /login 200 in 34ms (compile: 5ms, proxy.ts: 5ms, render: 24ms)
 GET /login 200 in 36ms (compile: 6ms, proxy.ts: 5ms, render: 25ms)
 GET /login 200 in 53ms (compile: 5ms, proxy.ts: 5ms, render: 43ms)
 GET /login 200 in 36ms (compile: 4ms, proxy.ts: 5ms, render: 27ms)
 GET /login 200 in 64ms (compile: 5ms, proxy.ts: 6ms, render: 53ms)
 GET /login 200 in 33ms (compile: 5ms, proxy.ts: 4ms, render: 24ms)
 GET /login 200 in 34ms (compile: 4ms, proxy.ts: 5ms, render: 25ms)
 GET /login 200 in 53ms (compile: 4ms, proxy.ts: 5ms, render: 44ms)
 GET /login 200 in 52ms (compile: 4ms, proxy.ts: 5ms, render: 42ms)
 GET /login 200 in 55ms (compile: 4ms, proxy.ts: 5ms, render: 46ms)
 GET /login 200 in 57ms (compile: 4ms, proxy.ts: 5ms, render: 47ms)
 GET /login 200 in 35ms (compile: 4ms, proxy.ts: 6ms, render: 25ms)
 GET /login 200 in 35ms (compile: 5ms, proxy.ts: 5ms, render: 24ms)
 GET /login 200 in 39ms (compile: 5ms, proxy.ts: 5ms, render: 30ms)
 GET /login 200 in 39ms (compile: 9ms, proxy.ts: 6ms, render: 24ms)
 GET /login 200 in 34ms (compile: 6ms, proxy.ts: 4ms, render: 24ms)
 GET /login 200 in 33ms (compile: 4ms, proxy.ts: 5ms, render: 24ms)
 GET /login 200 in 35ms (compile: 4ms, proxy.ts: 5ms, render: 25ms)
 GET /login 200 in 52ms (compile: 7ms, proxy.ts: 6ms, render: 40ms)
 GET /login 200 in 53ms (compile: 4ms, proxy.ts: 5ms, render: 44ms)
 GET /login 200 in 65ms (compile: 4ms, proxy.ts: 5ms, render: 57ms)
 GET /login 200 in 67ms (compile: 12ms, proxy.ts: 5ms, render: 49ms)
 GET /login 200 in 36ms (compile: 4ms, proxy.ts: 5ms, render: 27ms)
 GET /login 200 in 32ms (compile: 4ms, proxy.ts: 5ms, render: 23ms)
 GET /login 200 in 54ms (compile: 6ms, proxy.ts: 6ms, render: 42ms)
 GET /login 200 in 33ms (compile: 5ms, proxy.ts: 5ms, render: 23ms)
 GET /login 200 in 35ms (compile: 4ms, proxy.ts: 5ms, render: 25ms)
 GET /login 200 in 38ms (compile: 4ms, proxy.ts: 6ms, render: 28ms)
 GET /login 200 in 36ms (compile: 5ms, proxy.ts: 7ms, render: 23ms)
 GET /login 200 in 39ms (compile: 5ms, proxy.ts: 6ms, render: 28ms)
 GET /login 200 in 38ms (compile: 6ms, proxy.ts: 7ms, render: 26ms)
 GET /login 200 in 35ms (compile: 5ms, proxy.ts: 6ms, render: 24ms)
 GET /login 200 in 36ms (compile: 6ms, proxy.ts: 5ms, render: 26ms)
 GET /login 200 in 52ms (compile: 5ms, proxy.ts: 5ms, render: 41ms)
 GET /login 200 in 35ms (compile: 3ms, proxy.ts: 4ms, render: 28ms)
 GET /login 200 in 63ms (compile: 7ms, proxy.ts: 6ms, render: 50ms)
 GET /login 200 in 59ms (compile: 6ms, proxy.ts: 5ms, render: 48ms)
 GET /login 200 in 72ms (compile: 6ms, proxy.ts: 6ms, render: 60ms)
 GET /login 200 in 38ms (compile: 5ms, proxy.ts: 6ms, render: 26ms)
 GET /login 200 in 32ms (compile: 5ms, proxy.ts: 5ms, render: 22ms)
 GET /login 200 in 32ms (compile: 4ms, proxy.ts: 4ms, render: 24ms)
 GET /login 200 in 55ms (compile: 6ms, proxy.ts: 6ms, render: 44ms)
 GET /login 200 in 53ms (compile: 4ms, proxy.ts: 5ms, render: 43ms)
 GET /login 200 in 50ms (compile: 4ms, proxy.ts: 5ms, render: 42ms)
 GET /login 200 in 34ms (compile: 4ms, proxy.ts: 5ms, render: 25ms)
 GET /login 200 in 62ms (compile: 5ms, proxy.ts: 6ms, render: 52ms)
 GET /login 200 in 40ms (compile: 5ms, proxy.ts: 6ms, render: 29ms)
 GET /login 200 in 41ms (compile: 6ms, proxy.ts: 7ms, render: 28ms)
 GET /login 200 in 40ms (compile: 6ms, proxy.ts: 5ms, render: 28ms)
 GET /login 200 in 38ms (compile: 7ms, proxy.ts: 6ms, render: 25ms)
 GET /login 200 in 37ms (compile: 6ms, proxy.ts: 6ms, render: 25ms)
 GET /login 200 in 37ms (compile: 5ms, proxy.ts: 6ms, render: 26ms)
 GET /login 200 in 62ms (compile: 4ms, proxy.ts: 6ms, render: 51ms)
 GET /login 200 in 66ms (compile: 5ms, proxy.ts: 6ms, render: 56ms)
 GET /login 200 in 83ms (compile: 14ms, proxy.ts: 7ms, render: 63ms)
 GET /login 200 in 59ms (compile: 22ms, proxy.ts: 8ms, render: 30ms)
 GET /login 200 in 38ms (compile: 6ms, proxy.ts: 6ms, render: 27ms)
 GET /login 200 in 33ms (compile: 5ms, proxy.ts: 6ms, render: 22ms)
 GET /login 200 in 50ms (compile: 4ms, proxy.ts: 5ms, render: 42ms)
 GET /login 200 in 32ms (compile: 5ms, proxy.ts: 5ms, render: 22ms)
 GET /login 200 in 33ms (compile: 5ms, proxy.ts: 4ms, render: 24ms)
 GET /login 200 in 53ms (compile: 5ms, proxy.ts: 6ms, render: 42ms)
 GET /login 200 in 35ms (compile: 5ms, proxy.ts: 5ms, render: 26ms)
 GET /login 200 in 31ms (compile: 5ms, proxy.ts: 5ms, render: 21ms)
 GET /login 200 in 56ms (compile: 4ms, proxy.ts: 5ms, render: 47ms)
 GET /login 200 in 37ms (compile: 4ms, proxy.ts: 5ms, render: 28ms)
 GET /login 200 in 36ms (compile: 5ms, proxy.ts: 5ms, render: 26ms)
 GET /login 200 in 36ms (compile: 6ms, proxy.ts: 6ms, render: 24ms)
 GET /login 200 in 33ms (compile: 5ms, proxy.ts: 5ms, render: 23ms)
 GET /login 200 in 38ms (compile: 5ms, proxy.ts: 6ms, render: 27ms)
 GET /login 200 in 71ms (compile: 7ms, proxy.ts: 8ms, render: 55ms)
 GET /login 200 in 35ms (compile: 5ms, proxy.ts: 5ms, render: 25ms)
 GET /login 200 in 33ms (compile: 4ms, proxy.ts: 5ms, render: 24ms)
 GET /login 200 in 51ms (compile: 5ms, proxy.ts: 6ms, render: 41ms)
 GET /login 200 in 55ms (compile: 4ms, proxy.ts: 4ms, render: 47ms)
 GET /login 200 in 52ms (compile: 4ms, proxy.ts: 5ms, render: 43ms)
 GET /login 200 in 35ms (compile: 3ms, proxy.ts: 5ms, render: 27ms)
 GET /login 200 in 52ms (compile: 6ms, proxy.ts: 5ms, render: 40ms)
 GET /login 200 in 53ms (compile: 3ms, proxy.ts: 4ms, render: 46ms)
 GET /login 200 in 55ms (compile: 3ms, proxy.ts: 6ms, render: 46ms)
 GET /login 200 in 57ms (compile: 5ms, proxy.ts: 6ms, render: 45ms)
 GET /login 200 in 59ms (compile: 4ms, proxy.ts: 6ms, render: 48ms)
 GET /login 200 in 63ms (compile: 4ms, proxy.ts: 7ms, render: 52ms)
 GET /login 200 in 61ms (compile: 4ms, proxy.ts: 8ms, render: 48ms)
 GET /login 200 in 37ms (compile: 4ms, proxy.ts: 7ms, render: 25ms)
 GET /login 200 in 39ms (compile: 5ms, proxy.ts: 4ms, render: 30ms)
 GET /login 200 in 43ms (compile: 5ms, proxy.ts: 7ms, render: 30ms)
 GET /login 200 in 60ms (compile: 12ms, proxy.ts: 5ms, render: 44ms)
 GET /login 200 in 51ms (compile: 4ms, proxy.ts: 5ms, render: 42ms)
 GET /login 200 in 33ms (compile: 3ms, proxy.ts: 5ms, render: 25ms)
 GET /login 200 in 39ms (compile: 5ms, proxy.ts: 6ms, render: 28ms)
 GET /login 200 in 60ms (compile: 6ms, proxy.ts: 7ms, render: 47ms)
 GET /login 200 in 53ms (compile: 6ms, proxy.ts: 6ms, render: 42ms)
 GET /login 200 in 33ms (compile: 4ms, proxy.ts: 5ms, render: 24ms)
 GET /login 200 in 55ms (compile: 4ms, proxy.ts: 5ms, render: 45ms)
 GET /login 200 in 56ms (compile: 4ms, proxy.ts: 4ms, render: 47ms)
 GET /login 200 in 37ms (compile: 4ms, proxy.ts: 7ms, render: 26ms)
 GET /login 200 in 37ms (compile: 5ms, proxy.ts: 7ms, render: 26ms)
 GET /login 200 in 36ms (compile: 6ms, proxy.ts: 6ms, render: 24ms)
 GET /login 200 in 61ms (compile: 5ms, proxy.ts: 7ms, render: 49ms)
 GET /login 200 in 60ms (compile: 5ms, proxy.ts: 6ms, render: 49ms)
 GET /login 200 in 62ms (compile: 4ms, proxy.ts: 6ms, render: 52ms)
 GET /login 200 in 35ms (compile: 5ms, proxy.ts: 6ms, render: 25ms)
✓ Compiled in 196ms
 GET /login 404 in 768ms (compile: 499ms, proxy.ts: 61ms, render: 207ms)
 GET /login 200 in 196ms (compile: 28ms, proxy.ts: 9ms, render: 159ms)
 GET /login 200 in 139ms (compile: 13ms, proxy.ts: 87ms, render: 38ms)
 GET /login 200 in 255ms (compile: 63ms, proxy.ts: 12ms, render: 180ms)
✓ Compiled in 181ms
⨯ Error: Cannot find module '../../chunks/ssr/[turbopack]_runtime.js'
Require stack:
- C:\Users\janpa\cd\development\fin\.next\dev\server\app\test-goal-progress\page.js
- C:\Users\janpa\cd\development\fin\node_modules\next\dist\server\require.js
- C:\Users\janpa\cd\development\fin\node_modules\next\dist\server\load-components.js
- C:\Users\janpa\cd\development\fin\node_modules\next\dist\build\utils.js
- C:\Users\janpa\cd\development\fin\node_modules\next\dist\build\swc\options.js
- C:\Users\janpa\cd\development\fin\node_modules\next\dist\build\swc\index.js
- C:\Users\janpa\cd\development\fin\node_modules\next\dist\build\next-config-ts\transpile-config.js
- C:\Users\janpa\cd\development\fin\node_modules\next\dist\server\config.js
- C:\Users\janpa\cd\development\fin\node_modules\next\dist\server\next.js
- C:\Users\janpa\cd\development\fin\node_modules\next\dist\server\lib\start-server.js
    at Object.<anonymous> (C:\Users\janpa\cd\development\fin\.next\dev\server\app\test-goal-progress\page.js:1:7) {
  code: 'MODULE_NOT_FOUND',
  requireStack: [Array],
  page: '/test-goal-progress'
}
⨯ Error: Cannot find module '../chunks/ssr/[turbopack]_runtime.js'
Require stack:
- C:\Users\janpa\cd\development\fin\.next\dev\server\pages\_document.js
- C:\Users\janpa\cd\development\fin\node_modules\next\dist\server\require.js
- C:\Users\janpa\cd\development\fin\node_modules\next\dist\server\load-components.js
- C:\Users\janpa\cd\development\fin\node_modules\next\dist\build\utils.js
- C:\Users\janpa\cd\development\fin\node_modules\next\dist\build\swc\options.js
- C:\Users\janpa\cd\development\fin\node_modules\next\dist\build\swc\index.js
- C:\Users\janpa\cd\development\fin\node_modules\next\dist\build\next-config-ts\transpile-config.js
- C:\Users\janpa\cd\development\fin\node_modules\next\dist\server\config.js
- C:\Users\janpa\cd\development\fin\node_modules\next\dist\server\next.js
- C:\Users\janpa\cd\development\fin\node_modules\next\dist\server\lib\start-server.js
    at Object.<anonymous> (C:\Users\janpa\cd\development\fin\.next\dev\server\pages\_document.js:1:7) {
  code: 'MODULE_NOT_FOUND',
  requireStack: [Array]
}
 GET /test-goal-progress 500 in 1600ms (compile: 1457ms, proxy.ts: 25ms, render: 118ms)
 GET /test-goal-progress 404 in 56ms (compile: 10ms, proxy.ts: 5ms, render: 40ms)
 GET /test-goal-progress 404 in 30ms (compile: 6ms, proxy.ts: 3ms, render: 21ms)
 GET /test-goal-progress 404 in 33ms (compile: 8ms, proxy.ts: 4ms, render: 21ms)
Terminated
