▲ Next.js 16.1.6 (webpack)
- Local:         http://localhost:3000
- Network:       http://192.168.86.37:3000
- Environments: .env.local

✓ Starting...
✓ Ready in 1337ms
⨯ Error: Cannot find module 'C:\Users\janpa\cd\development\fin\.next\dev\server\middleware-manifest.json'
Require stack:
- C:\Users\janpa\cd\development\fin\node_modules\next\dist\server\next-server.js
- C:\Users\janpa\cd\development\fin\node_modules\next\dist\server\dev\next-dev-server.js
- C:\Users\janpa\cd\development\fin\node_modules\next\dist\server\next.js
- C:\Users\janpa\cd\development\fin\node_modules\next\dist\server\lib\start-server.js
    at ignore-listed frames {
  code: 'MODULE_NOT_FOUND',
  requireStack: [Array]
}
⨯ Error: Cannot find module 'C:\Users\janpa\cd\development\fin\.next\dev\server\middleware-manifest.json'
Require stack:
- C:\Users\janpa\cd\development\fin\node_modules\next\dist\server\next-server.js
- C:\Users\janpa\cd\development\fin\node_modules\next\dist\server\dev\next-dev-server.js
- C:\Users\janpa\cd\development\fin\node_modules\next\dist\server\next.js
- C:\Users\janpa\cd\development\fin\node_modules\next\dist\server\lib\start-server.js
    at ignore-listed frames {
  code: 'MODULE_NOT_FOUND',
  requireStack: [Array]
}
⨯ Error: Cannot find module 'C:\Users\janpa\cd\development\fin\.next\dev\server\middleware-manifest.json'
Require stack:
- C:\Users\janpa\cd\development\fin\node_modules\next\dist\server\next-server.js
- C:\Users\janpa\cd\development\fin\node_modules\next\dist\server\dev\next-dev-server.js
- C:\Users\janpa\cd\development\fin\node_modules\next\dist\server\next.js
- C:\Users\janpa\cd\development\fin\node_modules\next\dist\server\lib\start-server.js
    at ignore-listed frames {
  code: 'MODULE_NOT_FOUND',
  requireStack: [Array]
}
⨯ Error: ENOENT: no such file or directory, open 'C:\Users\janpa\cd\development\fin\.next\dev\routes-manifest.json'
    at ignore-listed frames {
  errno: -4058,
  code: 'ENOENT',
  syscall: 'open',
  path: 'C:\\Users\\janpa\\cd\\development\\fin\\.next\\dev\\routes-manifest.json'
}
⨯ Error: ENOENT: no such file or directory, open 'C:\Users\janpa\cd\development\fin\.next\dev\routes-manifest.json'
    at ignore-listed frames {
  errno: -4058,
  code: 'ENOENT',
  syscall: 'open',
  path: 'C:\\Users\\janpa\\cd\\development\\fin\\.next\\dev\\routes-manifest.json'
}
⨯ Error: ENOENT: no such file or directory, open 'C:\Users\janpa\cd\development\fin\.next\dev\routes-manifest.json'
    at ignore-listed frames {
  errno: -4058,
  code: 'ENOENT',
  syscall: 'open',
  path: 'C:\\Users\\janpa\\cd\\development\\fin\\.next\\dev\\routes-manifest.json'
}
⨯ Error: Cannot find module 'C:\Users\janpa\cd\development\fin\.next\dev\server\middleware-manifest.json'
Require stack:
- C:\Users\janpa\cd\development\fin\node_modules\next\dist\server\next-server.js
- C:\Users\janpa\cd\development\fin\node_modules\next\dist\server\dev\next-dev-server.js
- C:\Users\janpa\cd\development\fin\node_modules\next\dist\server\next.js
- C:\Users\janpa\cd\development\fin\node_modules\next\dist\server\lib\start-server.js
    at ignore-listed frames {
  code: 'MODULE_NOT_FOUND',
  requireStack: [Array]
}
⨯ Error: Cannot find module 'C:\Users\janpa\cd\development\fin\.next\dev\server\middleware-manifest.json'
Require stack:
- C:\Users\janpa\cd\development\fin\node_modules\next\dist\server\next-server.js
- C:\Users\janpa\cd\development\fin\node_modules\next\dist\server\dev\next-dev-server.js
- C:\Users\janpa\cd\development\fin\node_modules\next\dist\server\next.js
- C:\Users\janpa\cd\development\fin\node_modules\next\dist\server\lib\start-server.js
    at ignore-listed frames {
  code: 'MODULE_NOT_FOUND',
  requireStack: [Array]
}
⨯ Error: ENOENT: no such file or directory, open 'C:\Users\janpa\cd\development\fin\.next\dev\routes-manifest.json'
    at ignore-listed frames {
  errno: -4058,
  code: 'ENOENT',
  syscall: 'open',
  path: 'C:\\Users\\janpa\\cd\\development\\fin\\.next\\dev\\routes-manifest.json'
}
⨯ Error: ENOENT: no such file or directory, open 'C:\Users\janpa\cd\development\fin\.next\dev\routes-manifest.json'
    at ignore-listed frames {
  errno: -4058,
  code: 'ENOENT',
  syscall: 'open',
  path: 'C:\\Users\\janpa\\cd\\development\\fin\\.next\\dev\\routes-manifest.json'
}
 GET / 404 in 8.4s (compile: -102938µs, proxy.ts: 8.1s, render: 396ms)
 GET /test-portfolio-donut 404 in 8.4s (compile: -98789µs, proxy.ts: 8.1s, render: 393ms)
⚠ Fast Refresh had to perform a full reload due to a runtime error.
○ Compiling /_not-found ...
⚠ Fast Refresh had to perform a full reload due to a runtime error.
⚠ Fast Refresh had to perform a full reload due to a runtime error.
 GET /test-collapsible-persistence 404 in 12.6s (compile: -20322µs, proxy.ts: 12.6s, render: 27ms)
⚠ Fast Refresh had to perform a full reload due to a runtime error.
⚠ Fast Refresh had to perform a full reload due to a runtime error.
⚠ Fast Refresh had to perform a full reload due to a runtime error.
⚠ Fast Refresh had to perform a full reload due to a runtime error.
⚠ Fast Refresh had to perform a full reload due to a runtime error.
⚠ Fast Refresh had to perform a full reload due to a runtime error.
 GET /test-collapsible-persistence 200 in 7.3s (compile: 1753ms, proxy.ts: 5.3s, render: 224ms)
⚠ Fast Refresh had to perform a full reload due to a runtime error.
⚠ Fast Refresh had to perform a full reload due to a runtime error.
 GET /test-collapsible-persistence 200 in 2.0s (compile: 1486ms, proxy.ts: 279ms, render: 277ms)
 GET /test-portfolio-donut 200 in 135ms (compile: 10ms, proxy.ts: 19ms, render: 106ms)
 GET / 200 in 138ms (compile: 30ms, proxy.ts: 19ms, render: 89ms)
<w> [webpack.cache.PackFileCacheStrategy] Caching failed for pack: Error: ENOENT: no such file or directory, rename 'C:\Users\janpa\cd\development\fin\.next\dev\cache\webpack\client-development-fallback\0.pack.gz_' -> 'C:\Users\janpa\cd\development\fin\.next\dev\cache\webpack\client-development-fallback\0.pack.gz'
<w> [webpack.cache.PackFileCacheStrategy] Caching failed for pack: Error: ENOENT: no such file or directory, rename 'C:\Users\janpa\cd\development\fin\.next\dev\cache\webpack\client-development-fallback\0.pack.gz_' -> 'C:\Users\janpa\cd\development\fin\.next\dev\cache\webpack\client-development-fallback\0.pack.gz'
<w> [webpack.cache.PackFileCacheStrategy] Caching failed for pack: Error: ENOENT: no such file or directory, rename 'C:\Users\janpa\cd\development\fin\.next\dev\cache\webpack\client-development-fallback\0.pack.gz_' -> 'C:\Users\janpa\cd\development\fin\.next\dev\cache\webpack\client-development-fallback\0.pack.gz'
<w> [webpack.cache.PackFileCacheStrategy] Caching failed for pack: Error: ENOENT: no such file or directory, rename 'C:\Users\janpa\cd\development\fin\.next\dev\cache\webpack\client-development-fallback\0.pack.gz_' -> 'C:\Users\janpa\cd\development\fin\.next\dev\cache\webpack\client-development-fallback\0.pack.gz'
 GET /api/verify-portfolio-donut 200 in 905ms (compile: 704ms, proxy.ts: 14ms, render: 188ms)
 GET /test-collapsible-persistence 200 in 129ms (compile: 29ms, proxy.ts: 8ms, render: 92ms)
 GET / 200 in 277ms (compile: 33ms, proxy.ts: 78ms, render: 165ms)
 GET /test-portfolio-donut 200 in 278ms (compile: 135ms, proxy.ts: 78ms, render: 65ms)
 GET /api/health?persistence_test=RESTART_TEST_12345 200 in 1046ms (compile: 632ms, proxy.ts: 7ms, render: 407ms)
 GET /test-collapsible-persistence 200 in 81ms (compile: 8ms, proxy.ts: 7ms, render: 67ms)
 GET /api/verify-portfolio-donut 200 in 99ms (compile: 9ms, proxy.ts: 18ms, render: 72ms)
 GET /test-collapsible-persistence 404 in 1435ms (compile: 1004ms, proxy.ts: 393ms, render: 38ms)
 GET /test-portfolio-donut 404 in 1440ms (compile: 1004ms, proxy.ts: 393ms, render: 43ms)
 GET / 404 in 1440ms (compile: 1004ms, proxy.ts: 393ms, render: 43ms)
 GET /test-collapsible-persistence 200 in 313ms (compile: 36ms, proxy.ts: 24ms, render: 252ms)
 GET / 200 in 329ms (compile: 151ms, proxy.ts: 25ms, render: 153ms)
 GET /test-portfolio-donut 200 in 331ms (compile: 114ms, proxy.ts: 25ms, render: 193ms)
 GET /test-collapsible-persistence 200 in 415ms (compile: 36ms, proxy.ts: 25ms, render: 355ms)
 GET /test-portfolio-donut 200 in 420ms (compile: 114ms, proxy.ts: 25ms, render: 281ms)
 GET / 200 in 424ms (compile: 151ms, proxy.ts: 25ms, render: 248ms)
 GET /api/verify-portfolio-donut 200 in 287ms (compile: 130ms, proxy.ts: 7ms, render: 150ms)
 GET /api/health 200 in 200ms (compile: 24ms, proxy.ts: 7ms, render: 169ms)
 GET /test-collapsible-persistence 200 in 357ms (compile: 36ms, proxy.ts: 261ms, render: 60ms)
 GET /test-portfolio-donut 200 in 358ms (compile: 53ms, proxy.ts: 261ms, render: 44ms)
[?25h
