▲ Next.js 16.1.6 (Turbopack)
- Local:         http://localhost:3000
- Network:       http://192.168.86.37:3000
- Environments: .env.local
- Experiments (use with caution):
  ⨯ turbopackFileSystemCacheForDev

✓ Starting...
✓ Ready in 1048ms
 GET /api/health 200 in 763ms (compile: 451ms, proxy.ts: 109ms, render: 202ms)
 GET /api/health 200 in 771ms (compile: 464ms, proxy.ts: 111ms, render: 196ms)
 GET /api/health 200 in 130ms (compile: 3ms, proxy.ts: 7ms, render: 121ms)
 GET /login 200 in 1927ms (compile: 1666ms, proxy.ts: 111ms, render: 151ms)
 GET /api/health 200 in 196ms (compile: 3ms, proxy.ts: 8ms, render: 185ms)
 GET /login 200 in 67ms (compile: 7ms, proxy.ts: 11ms, render: 49ms)
 GET /api/health 200 in 201ms (compile: 5ms, proxy.ts: 7ms, render: 189ms)
 GET /api/verify-portfolio-donut 200 in 367ms (compile: 161ms, proxy.ts: 8ms, render: 198ms)
 GET /test-portfolio-donut 200 in 442ms (compile: 402ms, proxy.ts: 6ms, render: 34ms)
 GET /test-portfolio-donut 200 in 39ms (compile: 5ms, proxy.ts: 5ms, render: 30ms)
 GET /api/verify-portfolio-donut 200 in 206ms (compile: 3ms, proxy.ts: 8ms, render: 195ms)
Terminated
